Running tests with coverage...
[GIN-debug] [WARNING] Running in "debug" mode. Switch to "release" mode in production.
 - using env:	export GIN_MODE=release
 - using code:	gin.SetMode(gin.ReleaseMode)

[GIN-debug] GET    /livez                    --> github.com/mark3748/helpdesk-go/cmd/api.(*App).mountAPI.func1 (5 handlers)
[GIN-debug] GET    /readyz                   --> github.com/mark3748/helpdesk-go/cmd/api.(*App).readyz-fm (5 handlers)
[GIN-debug] GET    /healthz                  --> github.com/mark3748/helpdesk-go/cmd/api.(*App).mountAPI.func2 (5 handlers)
[GIN-debug] GET    /csat/:token              --> github.com/mark3748/helpdesk-go/cmd/api.(*App).csatForm-fm (5 handlers)
[GIN-debug] POST   /csat/:token              --> github.com/mark3748/helpdesk-go/cmd/api.(*App).submitCSAT-fm (5 handlers)
[GIN-debug] GET    /metrics                  --> github.com/mark3748/helpdesk-go/cmd/api.(*App).mountAPI.WrapH.func9 (5 handlers)
[GIN-debug] GET    /swagger/*filepath        --> github.com/gin-gonic/gin.(*RouterGroup).createStaticHandler.func1 (5 handlers)
[GIN-debug] HEAD   /swagger/*filepath        --> github.com/gin-gonic/gin.(*RouterGroup).createStaticHandler.func1 (5 handlers)
[GIN-debug] GET    /docs                     --> github.com/mark3748/helpdesk-go/cmd/api.(*App).docsUI-fm (5 handlers)
[GIN-debug] GET    /openapi.yaml             --> github.com/mark3748/helpdesk-go/cmd/api.(*App).openapiSpec-fm (5 handlers)
[GIN-debug] POST   /webhooks/email-inbound   --> github.com/mark3748/helpdesk-go/cmd/api.(*App).mountAPI.EmailInbound.func18 (5 handlers)
[GIN-debug] GET    /me                       --> github.com/mark3748/helpdesk-go/cmd/api/auth.Me (6 handlers)
[GIN-debug] GET    /me/profile               --> github.com/mark3748/helpdesk-go/cmd/api.(*App).getMyProfile-fm (6 handlers)
[GIN-debug] PATCH  /me/profile               --> github.com/mark3748/helpdesk-go/cmd/api.(*App).updateMyProfile-fm (6 handlers)
[GIN-debug] POST   /me/password              --> github.com/mark3748/helpdesk-go/cmd/api.(*App).changeMyPassword-fm (6 handlers)
[GIN-debug] GET    /events                   --> github.com/mark3748/helpdesk-go/cmd/api.(*App).mountAPI.Events.func20 (6 handlers)
[GIN-debug] GET    /settings                 --> github.com/mark3748/helpdesk-go/cmd/api/handlers.GetSettings (7 handlers)
[GIN-debug] GET    /features                 --> github.com/mark3748/helpdesk-go/cmd/api.(*App).mountAPI.Features.func22 (6 handlers)
[GIN-debug] POST   /test-connection          --> github.com/mark3748/helpdesk-go/cmd/api/handlers.TestConnection (7 handlers)
[GIN-debug] POST   /settings/storage         --> github.com/mark3748/helpdesk-go/cmd/api/handlers.SaveStorageSettings (7 handlers)
[GIN-debug] POST   /settings/oidc            --> github.com/mark3748/helpdesk-go/cmd/api/handlers.SaveOIDCSettings (7 handlers)
[GIN-debug] POST   /settings/mail            --> github.com/mark3748/helpdesk-go/cmd/api/handlers.SaveMailSettings (7 handlers)
[GIN-debug] POST   /settings/mail/send-test  --> github.com/mark3748/helpdesk-go/cmd/api/handlers.SendTestMail (7 handlers)
[GIN-debug] GET    /users/:id/roles          --> github.com/mark3748/helpdesk-go/cmd/api.(*App).mountAPI.ListUserRoles.func29 (7 handlers)
[GIN-debug] POST   /users/:id/roles          --> github.com/mark3748/helpdesk-go/cmd/api.(*App).mountAPI.AddUserRole.func31 (7 handlers)
[GIN-debug] DELETE /users/:id/roles/:role    --> github.com/mark3748/helpdesk-go/cmd/api.(*App).mountAPI.RemoveUserRole.func33 (7 handlers)
[GIN-debug] GET    /users                    --> github.com/mark3748/helpdesk-go/cmd/api.(*App).mountAPI.List.func35 (7 handlers)
[GIN-debug] GET    /users/:id                --> github.com/mark3748/helpdesk-go/cmd/api.(*App).mountAPI.Get.func37 (7 handlers)
[GIN-debug] POST   /users                    --> github.com/mark3748/helpdesk-go/cmd/api.(*App).mountAPI.CreateLocal.func39 (7 handlers)
[GIN-debug] GET    /roles                    --> github.com/mark3748/helpdesk-go/cmd/api.(*App).mountAPI.List.func41 (7 handlers)
[GIN-debug] GET    /requesters               --> github.com/mark3748/helpdesk-go/cmd/api.(*App).mountAPI.Search.func42 (6 handlers)
[GIN-debug] GET    /requesters/:id           --> github.com/mark3748/helpdesk-go/cmd/api.(*App).getRequester-fm (6 handlers)
[GIN-debug] POST   /requesters               --> github.com/mark3748/helpdesk-go/cmd/api.(*App).createRequester-fm (7 handlers)
[GIN-debug] PATCH  /requesters/:id           --> github.com/mark3748/helpdesk-go/cmd/api.(*App).updateRequester-fm (7 handlers)
[GIN-debug] GET    /teams                    --> github.com/mark3748/helpdesk-go/cmd/api.(*App).mountAPI.List.func45 (6 handlers)
[GIN-debug] GET    /slas                     --> github.com/mark3748/helpdesk-go/cmd/api.(*App).mountAPI.List.func46 (6 handlers)
[GIN-debug] GET    /kb                       --> github.com/mark3748/helpdesk-go/cmd/api.(*App).mountAPI.Search.func47 (6 handlers)
[GIN-debug] GET    /kb/:slug                 --> github.com/mark3748/helpdesk-go/cmd/api.(*App).mountAPI.Get.func48 (6 handlers)
[GIN-debug] POST   /kb                       --> github.com/mark3748/helpdesk-go/cmd/api.(*App).mountAPI.Create.func50 (7 handlers)
[GIN-debug] PUT    /kb/:slug                 --> github.com/mark3748/helpdesk-go/cmd/api.(*App).mountAPI.Update.func52 (7 handlers)
[GIN-debug] DELETE /kb/:slug                 --> github.com/mark3748/helpdesk-go/cmd/api.(*App).mountAPI.Delete.func54 (7 handlers)
[GIN-debug] GET    /tickets                  --> github.com/mark3748/helpdesk-go/cmd/api.(*App).mountAPI.List.func55 (6 handlers)
[GIN-debug] POST   /tickets                  --> github.com/mark3748/helpdesk-go/cmd/api.(*App).mountAPI.Create.func59 (6 handlers)
[GIN-debug] GET    /tickets/:id              --> github.com/mark3748/helpdesk-go/cmd/api.(*App).mountAPI.Get.func60 (6 handlers)
[GIN-debug] PATCH  /tickets/:id              --> github.com/mark3748/helpdesk-go/cmd/api.(*App).mountAPI.Update.func62 (7 handlers)
[GIN-debug] GET    /tickets/:id/comments     --> github.com/mark3748/helpdesk-go/cmd/api.(*App).mountAPI.List.func63 (6 handlers)
[GIN-debug] POST   /tickets/:id/comments     --> github.com/mark3748/helpdesk-go/cmd/api.(*App).mountAPI.Add.func64 (6 handlers)
[GIN-debug] GET    /tickets/:id/attachments  --> github.com/mark3748/helpdesk-go/cmd/api.(*App).mountAPI.List.func65 (6 handlers)
[GIN-debug] POST   /tickets/:id/attachments/presign --> github.com/mark3748/helpdesk-go/cmd/api.(*App).mountAPI.Presign.func75 (6 handlers)
[GIN-debug] POST   /tickets/:id/attachments  --> github.com/mark3748/helpdesk-go/cmd/api.(*App).mountAPI.Finalize.func76 (6 handlers)
[GIN-debug] GET    /tickets/:id/attachments/:attID --> github.com/mark3748/helpdesk-go/cmd/api.(*App).mountAPI.Get.func77 (6 handlers)
[GIN-debug] PUT    /attachments/upload/:objectKey --> github.com/mark3748/helpdesk-go/cmd/api.(*App).mountAPI.UploadObject.func78 (6 handlers)
[GIN-debug] DELETE /tickets/:id/attachments/:attID --> github.com/mark3748/helpdesk-go/cmd/api.(*App).mountAPI.Delete.func79 (6 handlers)
[GIN-debug] GET    /tickets/:id/watchers     --> github.com/mark3748/helpdesk-go/cmd/api.(*App).mountAPI.List.func80 (6 handlers)
[GIN-debug] POST   /tickets/:id/watchers     --> github.com/mark3748/helpdesk-go/cmd/api.(*App).mountAPI.Add.func81 (6 handlers)
[GIN-debug] DELETE /tickets/:id/watchers/:uid --> github.com/mark3748/helpdesk-go/cmd/api.(*App).mountAPI.Remove.func82 (6 handlers)
[GIN-debug] GET    /emails/outbound          --> github.com/mark3748/helpdesk-go/cmd/api.(*App).mountAPI.ListOutbound.func84 (7 handlers)
[GIN-debug] GET    /metrics/sla              --> github.com/mark3748/helpdesk-go/cmd/api.(*App).mountAPI.SLA.func86 (7 handlers)
[GIN-debug] GET    /metrics/resolution       --> github.com/mark3748/helpdesk-go/cmd/api.(*App).mountAPI.Resolution.func88 (7 handlers)
[GIN-debug] GET    /metrics/tickets          --> github.com/mark3748/helpdesk-go/cmd/api.(*App).mountAPI.TicketVolume.func90 (7 handlers)
[GIN-debug] GET    /metrics/dashboard        --> github.com/mark3748/helpdesk-go/cmd/api.(*App).mountAPI.Dashboard.func92 (7 handlers)
[GIN-debug] GET    /metrics/agent            --> github.com/mark3748/helpdesk-go/cmd/api.(*App).mountAPI.Agent.func94 (7 handlers)
[GIN-debug] GET    /metrics/manager          --> github.com/mark3748/helpdesk-go/cmd/api.(*App).mountAPI.Manager.func96 (7 handlers)
[GIN-debug] POST   /exports/tickets          --> github.com/mark3748/helpdesk-go/cmd/api.(*App).exportTicketsBridge-fm (7 handlers)
[GIN-debug] GET    /exports/tickets/:job_id  --> github.com/mark3748/helpdesk-go/cmd/api.(*App).exportTicketsStatus-fm (7 handlers)
[GIN-debug] GET    /webhooks                 --> github.com/mark3748/helpdesk-go/cmd/api.(*App).mountAPI.List.func100 (7 handlers)
[GIN-debug] POST   /webhooks                 --> github.com/mark3748/helpdesk-go/cmd/api.(*App).mountAPI.Create.func102 (7 handlers)
[GIN-debug] DELETE /webhooks/:id             --> github.com/mark3748/helpdesk-go/cmd/api.(*App).mountAPI.Delete.func104 (7 handlers)
[GIN-debug] GET    /asset-categories         --> github.com/mark3748/helpdesk-go/cmd/api.(*App).mountAPI.ListCategories.func105 (6 handlers)
[GIN-debug] POST   /asset-categories         --> github.com/mark3748/helpdesk-go/cmd/api.(*App).mountAPI.CreateCategory.func107 (7 handlers)
[GIN-debug] GET    /asset-categories/:id     --> github.com/mark3748/helpdesk-go/cmd/api.(*App).mountAPI.GetCategory.func108 (6 handlers)
[GIN-debug] GET    /assets                   --> github.com/mark3748/helpdesk-go/cmd/api.(*App).mountAPI.ListAssets.func109 (6 handlers)
[GIN-debug] POST   /assets                   --> github.com/mark3748/helpdesk-go/cmd/api.(*App).mountAPI.CreateAsset.func111 (7 handlers)
[GIN-debug] GET    /assets/:id               --> github.com/mark3748/helpdesk-go/cmd/api.(*App).mountAPI.GetAsset.func112 (6 handlers)
[GIN-debug] PATCH  /assets/:id               --> github.com/mark3748/helpdesk-go/cmd/api.(*App).mountAPI.UpdateAsset.func114 (7 handlers)
[GIN-debug] DELETE /assets/:id               --> github.com/mark3748/helpdesk-go/cmd/api.(*App).mountAPI.DeleteAsset.func116 (7 handlers)
[GIN-debug] POST   /assets/:id/assign        --> github.com/mark3748/helpdesk-go/cmd/api.(*App).mountAPI.AssignAsset.func118 (7 handlers)
[GIN-debug] GET    /assets/:id/history       --> github.com/mark3748/helpdesk-go/cmd/api.(*App).mountAPI.GetAssetHistory.func119 (6 handlers)
[GIN-debug] GET    /assets/:id/assignments   --> github.com/mark3748/helpdesk-go/cmd/api.(*App).mountAPI.GetAssetAssignments.func120 (6 handlers)
[GIN-debug] GET    /assets/:id/attachments   --> github.com/mark3748/helpdesk-go/cmd/api.(*App).mountAPI.ListAttachments.func121 (6 handlers)
[GIN-debug] POST   /assets/:id/attachments/presign --> github.com/mark3748/helpdesk-go/cmd/api.(*App).mountAPI.PresignAssetUpload.func123 (7 handlers)
[GIN-debug] POST   /assets/:id/attachments   --> github.com/mark3748/helpdesk-go/cmd/api.(*App).mountAPI.FinalizeAssetAttachment.func125 (7 handlers)
[GIN-debug] GET    /assets/:id/attachments/:attachmentID --> github.com/mark3748/helpdesk-go/cmd/api.(*App).mountAPI.GetAssetAttachment.func126 (6 handlers)
[GIN-debug] DELETE /assets/:id/attachments/:attachmentID --> github.com/mark3748/helpdesk-go/cmd/api.(*App).mountAPI.DeleteAssetAttachment.func128 (7 handlers)
[GIN-debug] PUT    /assets/attachments/upload/:objectKey --> github.com/mark3748/helpdesk-go/cmd/api.(*App).mountAPI.UploadAssetObject.func129 (6 handlers)
[GIN-debug] POST   /assets/:id/status-change --> github.com/mark3748/helpdesk-go/cmd/api.(*App).mountAPI.RequestStatusChange.func131 (7 handlers)
[GIN-debug] POST   /workflows/:id/approve    --> github.com/mark3748/helpdesk-go/cmd/api.(*App).mountAPI.ApproveWorkflow.func133 (7 handlers)
[GIN-debug] POST   /workflows/:id/reject     --> github.com/mark3748/helpdesk-go/cmd/api.(*App).mountAPI.RejectWorkflow.func135 (7 handlers)
[GIN-debug] POST   /assets/:id/checkout      --> github.com/mark3748/helpdesk-go/cmd/api.(*App).mountAPI.CheckoutAsset.func137 (7 handlers)
[GIN-debug] POST   /assets/checkin           --> github.com/mark3748/helpdesk-go/cmd/api.(*App).mountAPI.CheckinAsset.func139 (7 handlers)
[GIN-debug] GET    /assets/checkouts/active  --> github.com/mark3748/helpdesk-go/cmd/api.(*App).mountAPI.GetActiveCheckouts.func140 (6 handlers)
[GIN-debug] GET    /assets/checkouts/overdue --> github.com/mark3748/helpdesk-go/cmd/api.(*App).mountAPI.GetOverdueCheckouts.func141 (6 handlers)
[GIN-debug] POST   /assets/:id/relationships --> github.com/mark3748/helpdesk-go/cmd/api.(*App).mountAPI.CreateRelationship.func143 (7 handlers)
[GIN-debug] GET    /assets/:id/relationships/graph --> github.com/mark3748/helpdesk-go/cmd/api.(*App).mountAPI.GetRelationshipGraph.func144 (6 handlers)
[GIN-debug] GET    /assets/:id/impact-analysis --> github.com/mark3748/helpdesk-go/cmd/api.(*App).mountAPI.GetAssetImpactAnalysis.func145 (6 handlers)
[GIN-debug] POST   /assets/bulk/update       --> github.com/mark3748/helpdesk-go/cmd/api.(*App).mountAPI.BulkUpdateAssets.func147 (7 handlers)
[GIN-debug] POST   /assets/bulk/assign       --> github.com/mark3748/helpdesk-go/cmd/api.(*App).mountAPI.BulkAssignAssets.func149 (7 handlers)
[GIN-debug] GET    /assets/bulk/operations/:id --> github.com/mark3748/helpdesk-go/cmd/api.(*App).mountAPI.GetBulkOperation.func150 (6 handlers)
[GIN-debug] POST   /assets/import/preview    --> github.com/mark3748/helpdesk-go/cmd/api.(*App).mountAPI.ImportAssetsPreview.func152 (7 handlers)
[GIN-debug] POST   /assets/import            --> github.com/mark3748/helpdesk-go/cmd/api.(*App).mountAPI.ImportAssets.func154 (7 handlers)
[GIN-debug] POST   /assets/export            --> github.com/mark3748/helpdesk-go/cmd/api.(*App).mountAPI.ExportAssets.func156 (7 handlers)
[GIN-debug] GET    /assets/:id/audit         --> github.com/mark3748/helpdesk-go/cmd/api.(*App).mountAPI.GetAuditHistory.func157 (6 handlers)
[GIN-debug] GET    /assets/audit/summary     --> github.com/mark3748/helpdesk-go/cmd/api.(*App).mountAPI.GetAuditSummary.func159 (7 handlers)
[GIN-debug] GET    /assets/analytics         --> github.com/mark3748/helpdesk-go/cmd/api.(*App).mountAPI.GetAssetAnalytics.func161 (7 handlers)
[GIN-debug] GET    /problems                 --> github.com/mark3748/helpdesk-go/cmd/api.(*App).mountAPI.List.func162 (6 handlers)
[GIN-debug] POST   /problems                 --> github.com/mark3748/helpdesk-go/cmd/api.(*App).mountAPI.Create.func163 (6 handlers)
[GIN-debug] GET    /problems/:id             --> github.com/mark3748/helpdesk-go/cmd/api.(*App).mountAPI.Get.func164 (6 handlers)
[GIN-debug] PUT    /problems/:id             --> github.com/mark3748/helpdesk-go/cmd/api.(*App).mountAPI.Update.func165 (6 handlers)
[GIN-debug] DELETE /problems/:id             --> github.com/mark3748/helpdesk-go/cmd/api.(*App).mountAPI.Delete.func166 (6 handlers)
[GIN-debug] GET    /changes                  --> github.com/mark3748/helpdesk-go/cmd/api.(*App).mountAPI.List.func167 (6 handlers)
[GIN-debug] POST   /changes                  --> github.com/mark3748/helpdesk-go/cmd/api.(*App).mountAPI.Create.func168 (6 handlers)
[GIN-debug] GET    /changes/:id              --> github.com/mark3748/helpdesk-go/cmd/api.(*App).mountAPI.Get.func169 (6 handlers)
[GIN-debug] PUT    /changes/:id              --> github.com/mark3748/helpdesk-go/cmd/api.(*App).mountAPI.Update.func170 (6 handlers)
[GIN-debug] DELETE /changes/:id              --> github.com/mark3748/helpdesk-go/cmd/api.(*App).mountAPI.Delete.func171 (6 handlers)
[GIN-debug] GET    /releases                 --> github.com/mark3748/helpdesk-go/cmd/api.(*App).mountAPI.List.func172 (6 handlers)
[GIN-debug] POST   /releases                 --> github.com/mark3748/helpdesk-go/cmd/api.(*App).mountAPI.Create.func173 (6 handlers)
[GIN-debug] GET    /releases/:id             --> github.com/mark3748/helpdesk-go/cmd/api.(*App).mountAPI.Get.func174 (6 handlers)
[GIN-debug] PUT    /releases/:id             --> github.com/mark3748/helpdesk-go/cmd/api.(*App).mountAPI.Update.func175 (6 handlers)
[GIN-debug] DELETE /releases/:id             --> github.com/mark3748/helpdesk-go/cmd/api.(*App).mountAPI.Delete.func176 (6 handlers)
[GIN-debug] GET    /api/livez                --> github.com/mark3748/helpdesk-go/cmd/api.(*App).mountAPI.func1 (5 handlers)
[GIN-debug] GET    /api/readyz               --> github.com/mark3748/helpdesk-go/cmd/api.(*App).readyz-fm (5 handlers)
[GIN-debug] GET    /api/healthz              --> github.com/mark3748/helpdesk-go/cmd/api.(*App).mountAPI.func2 (5 handlers)
[GIN-debug] GET    /api/csat/:token          --> github.com/mark3748/helpdesk-go/cmd/api.(*App).csatForm-fm (5 handlers)
[GIN-debug] POST   /api/csat/:token          --> github.com/mark3748/helpdesk-go/cmd/api.(*App).submitCSAT-fm (5 handlers)
[GIN-debug] GET    /api/metrics              --> github.com/mark3748/helpdesk-go/cmd/api.(*App).mountAPI.WrapH.func9 (5 handlers)
[GIN-debug] GET    /api/swagger/*filepath    --> github.com/gin-gonic/gin.(*RouterGroup).createStaticHandler.func1 (5 handlers)
[GIN-debug] HEAD   /api/swagger/*filepath    --> github.com/gin-gonic/gin.(*RouterGroup).createStaticHandler.func1 (5 handlers)
[GIN-debug] GET    /api/docs                 --> github.com/mark3748/helpdesk-go/cmd/api.(*App).docsUI-fm (5 handlers)
[GIN-debug] GET    /api/openapi.yaml         --> github.com/mark3748/helpdesk-go/cmd/api.(*App).openapiSpec-fm (5 handlers)
[GIN-debug] POST   /api/webhooks/email-inbound --> github.com/mark3748/helpdesk-go/cmd/api.(*App).mountAPI.EmailInbound.func18 (5 handlers)
[GIN-debug] GET    /api/me                   --> github.com/mark3748/helpdesk-go/cmd/api/auth.Me (6 handlers)
[GIN-debug] GET    /api/me/profile           --> github.com/mark3748/helpdesk-go/cmd/api.(*App).getMyProfile-fm (6 handlers)
[GIN-debug] PATCH  /api/me/profile           --> github.com/mark3748/helpdesk-go/cmd/api.(*App).updateMyProfile-fm (6 handlers)
[GIN-debug] POST   /api/me/password          --> github.com/mark3748/helpdesk-go/cmd/api.(*App).changeMyPassword-fm (6 handlers)
[GIN-debug] GET    /api/events               --> github.com/mark3748/helpdesk-go/cmd/api.(*App).mountAPI.Events.func20 (6 handlers)
[GIN-debug] GET    /api/settings             --> github.com/mark3748/helpdesk-go/cmd/api/handlers.GetSettings (7 handlers)
[GIN-debug] GET    /api/features             --> github.com/mark3748/helpdesk-go/cmd/api.(*App).mountAPI.Features.func22 (6 handlers)
[GIN-debug] POST   /api/test-connection      --> github.com/mark3748/helpdesk-go/cmd/api/handlers.TestConnection (7 handlers)
[GIN-debug] POST   /api/settings/storage     --> github.com/mark3748/helpdesk-go/cmd/api/handlers.SaveStorageSettings (7 handlers)
[GIN-debug] POST   /api/settings/oidc        --> github.com/mark3748/helpdesk-go/cmd/api/handlers.SaveOIDCSettings (7 handlers)
[GIN-debug] POST   /api/settings/mail        --> github.com/mark3748/helpdesk-go/cmd/api/handlers.SaveMailSettings (7 handlers)
[GIN-debug] POST   /api/settings/mail/send-test --> github.com/mark3748/helpdesk-go/cmd/api/handlers.SendTestMail (7 handlers)
[GIN-debug] GET    /api/users/:id/roles      --> github.com/mark3748/helpdesk-go/cmd/api.(*App).mountAPI.ListUserRoles.func29 (7 handlers)
[GIN-debug] POST   /api/users/:id/roles      --> github.com/mark3748/helpdesk-go/cmd/api.(*App).mountAPI.AddUserRole.func31 (7 handlers)
[GIN-debug] DELETE /api/users/:id/roles/:role --> github.com/mark3748/helpdesk-go/cmd/api.(*App).mountAPI.RemoveUserRole.func33 (7 handlers)
[GIN-debug] GET    /api/users                --> github.com/mark3748/helpdesk-go/cmd/api.(*App).mountAPI.List.func35 (7 handlers)
[GIN-debug] GET    /api/users/:id            --> github.com/mark3748/helpdesk-go/cmd/api.(*App).mountAPI.Get.func37 (7 handlers)
[GIN-debug] POST   /api/users                --> github.com/mark3748/helpdesk-go/cmd/api.(*App).mountAPI.CreateLocal.func39 (7 handlers)
[GIN-debug] GET    /api/roles                --> github.com/mark3748/helpdesk-go/cmd/api.(*App).mountAPI.List.func41 (7 handlers)
[GIN-debug] GET    /api/requesters           --> github.com/mark3748/helpdesk-go/cmd/api.(*App).mountAPI.Search.func42 (6 handlers)
[GIN-debug] GET    /api/requesters/:id       --> github.com/mark3748/helpdesk-go/cmd/api.(*App).getRequester-fm (6 handlers)
[GIN-debug] POST   /api/requesters           --> github.com/mark3748/helpdesk-go/cmd/api.(*App).createRequester-fm (7 handlers)
[GIN-debug] PATCH  /api/requesters/:id       --> github.com/mark3748/helpdesk-go/cmd/api.(*App).updateRequester-fm (7 handlers)
[GIN-debug] GET    /api/teams                --> github.com/mark3748/helpdesk-go/cmd/api.(*App).mountAPI.List.func45 (6 handlers)
[GIN-debug] GET    /api/slas                 --> github.com/mark3748/helpdesk-go/cmd/api.(*App).mountAPI.List.func46 (6 handlers)
[GIN-debug] GET    /api/kb                   --> github.com/mark3748/helpdesk-go/cmd/api.(*App).mountAPI.Search.func47 (6 handlers)
[GIN-debug] GET    /api/kb/:slug             --> github.com/mark3748/helpdesk-go/cmd/api.(*App).mountAPI.Get.func48 (6 handlers)
[GIN-debug] POST   /api/kb                   --> github.com/mark3748/helpdesk-go/cmd/api.(*App).mountAPI.Create.func50 (7 handlers)
[GIN-debug] PUT    /api/kb/:slug             --> github.com/mark3748/helpdesk-go/cmd/api.(*App).mountAPI.Update.func52 (7 handlers)
[GIN-debug] DELETE /api/kb/:slug             --> github.com/mark3748/helpdesk-go/cmd/api.(*App).mountAPI.Delete.func54 (7 handlers)
[GIN-debug] GET    /api/tickets              --> github.com/mark3748/helpdesk-go/cmd/api.(*App).mountAPI.List.func55 (6 handlers)
[GIN-debug] POST   /api/tickets              --> github.com/mark3748/helpdesk-go/cmd/api.(*App).mountAPI.Create.func59 (6 handlers)
[GIN-debug] GET    /api/tickets/:id          --> github.com/mark3748/helpdesk-go/cmd/api.(*App).mountAPI.Get.func60 (6 handlers)
[GIN-debug] PATCH  /api/tickets/:id          --> github.com/mark3748/helpdesk-go/cmd/api.(*App).mountAPI.Update.func62 (7 handlers)
[GIN-debug] GET    /api/tickets/:id/comments --> github.com/mark3748/helpdesk-go/cmd/api.(*App).mountAPI.List.func63 (6 handlers)
[GIN-debug] POST   /api/tickets/:id/comments --> github.com/mark3748/helpdesk-go/cmd/api.(*App).mountAPI.Add.func64 (6 handlers)
[GIN-debug] GET    /api/tickets/:id/attachments --> github.com/mark3748/helpdesk-go/cmd/api.(*App).mountAPI.List.func65 (6 handlers)
[GIN-debug] POST   /api/tickets/:id/attachments/presign --> github.com/mark3748/helpdesk-go/cmd/api.(*App).mountAPI.Presign.func75 (6 handlers)
[GIN-debug] POST   /api/tickets/:id/attachments --> github.com/mark3748/helpdesk-go/cmd/api.(*App).mountAPI.Finalize.func76 (6 handlers)
[GIN-debug] GET    /api/tickets/:id/attachments/:attID --> github.com/mark3748/helpdesk-go/cmd/api.(*App).mountAPI.Get.func77 (6 handlers)
[GIN-debug] PUT    /api/attachments/upload/:objectKey --> github.com/mark3748/helpdesk-go/cmd/api.(*App).mountAPI.UploadObject.func78 (6 handlers)
[GIN-debug] DELETE /api/tickets/:id/attachments/:attID --> github.com/mark3748/helpdesk-go/cmd/api.(*App).mountAPI.Delete.func79 (6 handlers)
[GIN-debug] GET    /api/tickets/:id/watchers --> github.com/mark3748/helpdesk-go/cmd/api.(*App).mountAPI.List.func80 (6 handlers)
[GIN-debug] POST   /api/tickets/:id/watchers --> github.com/mark3748/helpdesk-go/cmd/api.(*App).mountAPI.Add.func81 (6 handlers)
[GIN-debug] DELETE /api/tickets/:id/watchers/:uid --> github.com/mark3748/helpdesk-go/cmd/api.(*App).mountAPI.Remove.func82 (6 handlers)
[GIN-debug] GET    /api/emails/outbound      --> github.com/mark3748/helpdesk-go/cmd/api.(*App).mountAPI.ListOutbound.func84 (7 handlers)
[GIN-debug] GET    /api/metrics/sla          --> github.com/mark3748/helpdesk-go/cmd/api.(*App).mountAPI.SLA.func86 (7 handlers)
[GIN-debug] GET    /api/metrics/resolution   --> github.com/mark3748/helpdesk-go/cmd/api.(*App).mountAPI.Resolution.func88 (7 handlers)
[GIN-debug] GET    /api/metrics/tickets      --> github.com/mark3748/helpdesk-go/cmd/api.(*App).mountAPI.TicketVolume.func90 (7 handlers)
[GIN-debug] GET    /api/metrics/dashboard    --> github.com/mark3748/helpdesk-go/cmd/api.(*App).mountAPI.Dashboard.func92 (7 handlers)
[GIN-debug] GET    /api/metrics/agent        --> github.com/mark3748/helpdesk-go/cmd/api.(*App).mountAPI.Agent.func94 (7 handlers)
[GIN-debug] GET    /api/metrics/manager      --> github.com/mark3748/helpdesk-go/cmd/api.(*App).mountAPI.Manager.func96 (7 handlers)
[GIN-debug] POST   /api/exports/tickets      --> github.com/mark3748/helpdesk-go/cmd/api.(*App).exportTicketsBridge-fm (7 handlers)
[GIN-debug] GET    /api/exports/tickets/:job_id --> github.com/mark3748/helpdesk-go/cmd/api.(*App).exportTicketsStatus-fm (7 handlers)
[GIN-debug] GET    /api/webhooks             --> github.com/mark3748/helpdesk-go/cmd/api.(*App).mountAPI.List.func100 (7 handlers)
[GIN-debug] POST   /api/webhooks             --> github.com/mark3748/helpdesk-go/cmd/api.(*App).mountAPI.Create.func102 (7 handlers)
[GIN-debug] DELETE /api/webhooks/:id         --> github.com/mark3748/helpdesk-go/cmd/api.(*App).mountAPI.Delete.func104 (7 handlers)
[GIN-debug] GET    /api/asset-categories     --> github.com/mark3748/helpdesk-go/cmd/api.(*App).mountAPI.ListCategories.func105 (6 handlers)
[GIN-debug] POST   /api/asset-categories     --> github.com/mark3748/helpdesk-go/cmd/api.(*App).mountAPI.CreateCategory.func107 (7 handlers)
[GIN-debug] GET    /api/asset-categories/:id --> github.com/mark3748/helpdesk-go/cmd/api.(*App).mountAPI.GetCategory.func108 (6 handlers)
[GIN-debug] GET    /api/assets               --> github.com/mark3748/helpdesk-go/cmd/api.(*App).mountAPI.ListAssets.func109 (6 handlers)
[GIN-debug] POST   /api/assets               --> github.com/mark3748/helpdesk-go/cmd/api.(*App).mountAPI.CreateAsset.func111 (7 handlers)
[GIN-debug] GET    /api/assets/:id           --> github.com/mark3748/helpdesk-go/cmd/api.(*App).mountAPI.GetAsset.func112 (6 handlers)
[GIN-debug] PATCH  /api/assets/:id           --> github.com/mark3748/helpdesk-go/cmd/api.(*App).mountAPI.UpdateAsset.func114 (7 handlers)
[GIN-debug] DELETE /api/assets/:id           --> github.com/mark3748/helpdesk-go/cmd/api.(*App).mountAPI.DeleteAsset.func116 (7 handlers)
[GIN-debug] POST   /api/assets/:id/assign    --> github.com/mark3748/helpdesk-go/cmd/api.(*App).mountAPI.AssignAsset.func118 (7 handlers)
[GIN-debug] GET    /api/assets/:id/history   --> github.com/mark3748/helpdesk-go/cmd/api.(*App).mountAPI.GetAssetHistory.func119 (6 handlers)
[GIN-debug] GET    /api/assets/:id/assignments --> github.com/mark3748/helpdesk-go/cmd/api.(*App).mountAPI.GetAssetAssignments.func120 (6 handlers)
[GIN-debug] GET    /api/assets/:id/attachments --> github.com/mark3748/helpdesk-go/cmd/api.(*App).mountAPI.ListAttachments.func121 (6 handlers)
[GIN-debug] POST   /api/assets/:id/attachments/presign --> github.com/mark3748/helpdesk-go/cmd/api.(*App).mountAPI.PresignAssetUpload.func123 (7 handlers)
[GIN-debug] POST   /api/assets/:id/attachments --> github.com/mark3748/helpdesk-go/cmd/api.(*App).mountAPI.FinalizeAssetAttachment.func125 (7 handlers)
[GIN-debug] GET    /api/assets/:id/attachments/:attachmentID --> github.com/mark3748/helpdesk-go/cmd/api.(*App).mountAPI.GetAssetAttachment.func126 (6 handlers)
[GIN-debug] DELETE /api/assets/:id/attachments/:attachmentID --> github.com/mark3748/helpdesk-go/cmd/api.(*App).mountAPI.DeleteAssetAttachment.func128 (7 handlers)
[GIN-debug] PUT    /api/assets/attachments/upload/:objectKey --> github.com/mark3748/helpdesk-go/cmd/api.(*App).mountAPI.UploadAssetObject.func129 (6 handlers)
[GIN-debug] POST   /api/assets/:id/status-change --> github.com/mark3748/helpdesk-go/cmd/api.(*App).mountAPI.RequestStatusChange.func131 (7 handlers)
[GIN-debug] POST   /api/workflows/:id/approve --> github.com/mark3748/helpdesk-go/cmd/api.(*App).mountAPI.ApproveWorkflow.func133 (7 handlers)
[GIN-debug] POST   /api/workflows/:id/reject --> github.com/mark3748/helpdesk-go/cmd/api.(*App).mountAPI.RejectWorkflow.func135 (7 handlers)
[GIN-debug] POST   /api/assets/:id/checkout  --> github.com/mark3748/helpdesk-go/cmd/api.(*App).mountAPI.CheckoutAsset.func137 (7 handlers)
[GIN-debug] POST   /api/assets/checkin       --> github.com/mark3748/helpdesk-go/cmd/api.(*App).mountAPI.CheckinAsset.func139 (7 handlers)
[GIN-debug] GET    /api/assets/checkouts/active --> github.com/mark3748/helpdesk-go/cmd/api.(*App).mountAPI.GetActiveCheckouts.func140 (6 handlers)
[GIN-debug] GET    /api/assets/checkouts/overdue --> github.com/mark3748/helpdesk-go/cmd/api.(*App).mountAPI.GetOverdueCheckouts.func141 (6 handlers)
[GIN-debug] POST   /api/assets/:id/relationships --> github.com/mark3748/helpdesk-go/cmd/api.(*App).mountAPI.CreateRelationship.func143 (7 handlers)
[GIN-debug] GET    /api/assets/:id/relationships/graph --> github.com/mark3748/helpdesk-go/cmd/api.(*App).mountAPI.GetRelationshipGraph.func144 (6 handlers)
[GIN-debug] GET    /api/assets/:id/impact-analysis --> github.com/mark3748/helpdesk-go/cmd/api.(*App).mountAPI.GetAssetImpactAnalysis.func145 (6 handlers)
[GIN-debug] POST   /api/assets/bulk/update   --> github.com/mark3748/helpdesk-go/cmd/api.(*App).mountAPI.BulkUpdateAssets.func147 (7 handlers)
[GIN-debug] POST   /api/assets/bulk/assign   --> github.com/mark3748/helpdesk-go/cmd/api.(*App).mountAPI.BulkAssignAssets.func149 (7 handlers)
[GIN-debug] GET    /api/assets/bulk/operations/:id --> github.com/mark3748/helpdesk-go/cmd/api.(*App).mountAPI.GetBulkOperation.func150 (6 handlers)
[GIN-debug] POST   /api/assets/import/preview --> github.com/mark3748/helpdesk-go/cmd/api.(*App).mountAPI.ImportAssetsPreview.func152 (7 handlers)
[GIN-debug] POST   /api/assets/import        --> github.com/mark3748/helpdesk-go/cmd/api.(*App).mountAPI.ImportAssets.func154 (7 handlers)
[GIN-debug] POST   /api/assets/export        --> github.com/mark3748/helpdesk-go/cmd/api.(*App).mountAPI.ExportAssets.func156 (7 handlers)
[GIN-debug] GET    /api/assets/:id/audit     --> github.com/mark3748/helpdesk-go/cmd/api.(*App).mountAPI.GetAuditHistory.func157 (6 handlers)
[GIN-debug] GET    /api/assets/audit/summary --> github.com/mark3748/helpdesk-go/cmd/api.(*App).mountAPI.GetAuditSummary.func159 (7 handlers)
[GIN-debug] GET    /api/assets/analytics     --> github.com/mark3748/helpdesk-go/cmd/api.(*App).mountAPI.GetAssetAnalytics.func161 (7 handlers)
[GIN-debug] GET    /api/problems             --> github.com/mark3748/helpdesk-go/cmd/api.(*App).mountAPI.List.func162 (6 handlers)
[GIN-debug] POST   /api/problems             --> github.com/mark3748/helpdesk-go/cmd/api.(*App).mountAPI.Create.func163 (6 handlers)
[GIN-debug] GET    /api/problems/:id         --> github.com/mark3748/helpdesk-go/cmd/api.(*App).mountAPI.Get.func164 (6 handlers)
[GIN-debug] PUT    /api/problems/:id         --> github.com/mark3748/helpdesk-go/cmd/api.(*App).mountAPI.Update.func165 (6 handlers)
[GIN-debug] DELETE /api/problems/:id         --> github.com/mark3748/helpdesk-go/cmd/api.(*App).mountAPI.Delete.func166 (6 handlers)
[GIN-debug] GET    /api/changes              --> github.com/mark3748/helpdesk-go/cmd/api.(*App).mountAPI.List.func167 (6 handlers)
[GIN-debug] POST   /api/changes              --> github.com/mark3748/helpdesk-go/cmd/api.(*App).mountAPI.Create.func168 (6 handlers)
[GIN-debug] GET    /api/changes/:id          --> github.com/mark3748/helpdesk-go/cmd/api.(*App).mountAPI.Get.func169 (6 handlers)
[GIN-debug] PUT    /api/changes/:id          --> github.com/mark3748/helpdesk-go/cmd/api.(*App).mountAPI.Update.func170 (6 handlers)
[GIN-debug] DELETE /api/changes/:id          --> github.com/mark3748/helpdesk-go/cmd/api.(*App).mountAPI.Delete.func171 (6 handlers)
[GIN-debug] GET    /api/releases             --> github.com/mark3748/helpdesk-go/cmd/api.(*App).mountAPI.List.func172 (6 handlers)
[GIN-debug] POST   /api/releases             --> github.com/mark3748/helpdesk-go/cmd/api.(*App).mountAPI.Create.func173 (6 handlers)
[GIN-debug] GET    /api/releases/:id         --> github.com/mark3748/helpdesk-go/cmd/api.(*App).mountAPI.Get.func174 (6 handlers)
[GIN-debug] PUT    /api/releases/:id         --> github.com/mark3748/helpdesk-go/cmd/api.(*App).mountAPI.Update.func175 (6 handlers)
[GIN-debug] DELETE /api/releases/:id         --> github.com/mark3748/helpdesk-go/cmd/api.(*App).mountAPI.Delete.func176 (6 handlers)
{"level":"info","request_id":"2f6f32b5-8df3-4c80-aa23-eb2df0fd9483","method":"POST","path":"/exports/tickets","status":200,"duration":0.207497,"time":"2025-12-20T00:53:51-07:00","message":"request"}
[GIN-debug] [WARNING] Running in "debug" mode. Switch to "release" mode in production.
 - using env:	export GIN_MODE=release
 - using code:	gin.SetMode(gin.ReleaseMode)

[GIN-debug] GET    /livez                    --> github.com/mark3748/helpdesk-go/cmd/api.(*App).mountAPI.func1 (5 handlers)
[GIN-debug] GET    /readyz                   --> github.com/mark3748/helpdesk-go/cmd/api.(*App).readyz-fm (5 handlers)
[GIN-debug] GET    /healthz                  --> github.com/mark3748/helpdesk-go/cmd/api.(*App).mountAPI.func2 (5 handlers)
[GIN-debug] GET    /csat/:token              --> github.com/mark3748/helpdesk-go/cmd/api.(*App).csatForm-fm (5 handlers)
[GIN-debug] POST   /csat/:token              --> github.com/mark3748/helpdesk-go/cmd/api.(*App).submitCSAT-fm (5 handlers)
[GIN-debug] GET    /metrics                  --> github.com/mark3748/helpdesk-go/cmd/api.(*App).mountAPI.WrapH.func9 (5 handlers)
[GIN-debug] GET    /swagger/*filepath        --> github.com/gin-gonic/gin.(*RouterGroup).createStaticHandler.func1 (5 handlers)
[GIN-debug] HEAD   /swagger/*filepath        --> github.com/gin-gonic/gin.(*RouterGroup).createStaticHandler.func1 (5 handlers)
[GIN-debug] GET    /docs                     --> github.com/mark3748/helpdesk-go/cmd/api.(*App).docsUI-fm (5 handlers)
[GIN-debug] GET    /openapi.yaml             --> github.com/mark3748/helpdesk-go/cmd/api.(*App).openapiSpec-fm (5 handlers)
[GIN-debug] POST   /webhooks/email-inbound   --> github.com/mark3748/helpdesk-go/cmd/api.(*App).mountAPI.EmailInbound.func18 (5 handlers)
[GIN-debug] GET    /me                       --> github.com/mark3748/helpdesk-go/cmd/api/auth.Me (6 handlers)
[GIN-debug] GET    /me/profile               --> github.com/mark3748/helpdesk-go/cmd/api.(*App).getMyProfile-fm (6 handlers)
[GIN-debug] PATCH  /me/profile               --> github.com/mark3748/helpdesk-go/cmd/api.(*App).updateMyProfile-fm (6 handlers)
[GIN-debug] POST   /me/password              --> github.com/mark3748/helpdesk-go/cmd/api.(*App).changeMyPassword-fm (6 handlers)
[GIN-debug] GET    /events                   --> github.com/mark3748/helpdesk-go/cmd/api.(*App).mountAPI.Events.func20 (6 handlers)
[GIN-debug] GET    /settings                 --> github.com/mark3748/helpdesk-go/cmd/api/handlers.GetSettings (7 handlers)
[GIN-debug] GET    /features                 --> github.com/mark3748/helpdesk-go/cmd/api.(*App).mountAPI.Features.func22 (6 handlers)
[GIN-debug] POST   /test-connection          --> github.com/mark3748/helpdesk-go/cmd/api/handlers.TestConnection (7 handlers)
[GIN-debug] POST   /settings/storage         --> github.com/mark3748/helpdesk-go/cmd/api/handlers.SaveStorageSettings (7 handlers)
[GIN-debug] POST   /settings/oidc            --> github.com/mark3748/helpdesk-go/cmd/api/handlers.SaveOIDCSettings (7 handlers)
[GIN-debug] POST   /settings/mail            --> github.com/mark3748/helpdesk-go/cmd/api/handlers.SaveMailSettings (7 handlers)
[GIN-debug] POST   /settings/mail/send-test  --> github.com/mark3748/helpdesk-go/cmd/api/handlers.SendTestMail (7 handlers)
[GIN-debug] GET    /users/:id/roles          --> github.com/mark3748/helpdesk-go/cmd/api.(*App).mountAPI.ListUserRoles.func29 (7 handlers)
[GIN-debug] POST   /users/:id/roles          --> github.com/mark3748/helpdesk-go/cmd/api.(*App).mountAPI.AddUserRole.func31 (7 handlers)
[GIN-debug] DELETE /users/:id/roles/:role    --> github.com/mark3748/helpdesk-go/cmd/api.(*App).mountAPI.RemoveUserRole.func33 (7 handlers)
[GIN-debug] GET    /users                    --> github.com/mark3748/helpdesk-go/cmd/api.(*App).mountAPI.List.func35 (7 handlers)
[GIN-debug] GET    /users/:id                --> github.com/mark3748/helpdesk-go/cmd/api.(*App).mountAPI.Get.func37 (7 handlers)
[GIN-debug] POST   /users                    --> github.com/mark3748/helpdesk-go/cmd/api.(*App).mountAPI.CreateLocal.func39 (7 handlers)
[GIN-debug] GET    /roles                    --> github.com/mark3748/helpdesk-go/cmd/api.(*App).mountAPI.List.func41 (7 handlers)
[GIN-debug] GET    /requesters               --> github.com/mark3748/helpdesk-go/cmd/api.(*App).mountAPI.Search.func42 (6 handlers)
[GIN-debug] GET    /requesters/:id           --> github.com/mark3748/helpdesk-go/cmd/api.(*App).getRequester-fm (6 handlers)
[GIN-debug] POST   /requesters               --> github.com/mark3748/helpdesk-go/cmd/api.(*App).createRequester-fm (7 handlers)
[GIN-debug] PATCH  /requesters/:id           --> github.com/mark3748/helpdesk-go/cmd/api.(*App).updateRequester-fm (7 handlers)
[GIN-debug] GET    /teams                    --> github.com/mark3748/helpdesk-go/cmd/api.(*App).mountAPI.List.func45 (6 handlers)
[GIN-debug] GET    /slas                     --> github.com/mark3748/helpdesk-go/cmd/api.(*App).mountAPI.List.func46 (6 handlers)
[GIN-debug] GET    /kb                       --> github.com/mark3748/helpdesk-go/cmd/api.(*App).mountAPI.Search.func47 (6 handlers)
[GIN-debug] GET    /kb/:slug                 --> github.com/mark3748/helpdesk-go/cmd/api.(*App).mountAPI.Get.func48 (6 handlers)
[GIN-debug] POST   /kb                       --> github.com/mark3748/helpdesk-go/cmd/api.(*App).mountAPI.Create.func50 (7 handlers)
[GIN-debug] PUT    /kb/:slug                 --> github.com/mark3748/helpdesk-go/cmd/api.(*App).mountAPI.Update.func52 (7 handlers)
[GIN-debug] DELETE /kb/:slug                 --> github.com/mark3748/helpdesk-go/cmd/api.(*App).mountAPI.Delete.func54 (7 handlers)
[GIN-debug] GET    /tickets                  --> github.com/mark3748/helpdesk-go/cmd/api.(*App).mountAPI.List.func55 (6 handlers)
[GIN-debug] POST   /tickets                  --> github.com/mark3748/helpdesk-go/cmd/api.(*App).mountAPI.Create.func59 (6 handlers)
[GIN-debug] GET    /tickets/:id              --> github.com/mark3748/helpdesk-go/cmd/api.(*App).mountAPI.Get.func60 (6 handlers)
[GIN-debug] PATCH  /tickets/:id              --> github.com/mark3748/helpdesk-go/cmd/api.(*App).mountAPI.Update.func62 (7 handlers)
[GIN-debug] GET    /tickets/:id/comments     --> github.com/mark3748/helpdesk-go/cmd/api.(*App).mountAPI.List.func63 (6 handlers)
[GIN-debug] POST   /tickets/:id/comments     --> github.com/mark3748/helpdesk-go/cmd/api.(*App).mountAPI.Add.func64 (6 handlers)
[GIN-debug] GET    /tickets/:id/attachments  --> github.com/mark3748/helpdesk-go/cmd/api.(*App).mountAPI.List.func65 (6 handlers)
[GIN-debug] POST   /tickets/:id/attachments/presign --> github.com/mark3748/helpdesk-go/cmd/api.(*App).mountAPI.Presign.func75 (6 handlers)
[GIN-debug] POST   /tickets/:id/attachments  --> github.com/mark3748/helpdesk-go/cmd/api.(*App).mountAPI.Finalize.func76 (6 handlers)
[GIN-debug] GET    /tickets/:id/attachments/:attID --> github.com/mark3748/helpdesk-go/cmd/api.(*App).mountAPI.Get.func77 (6 handlers)
[GIN-debug] PUT    /attachments/upload/:objectKey --> github.com/mark3748/helpdesk-go/cmd/api.(*App).mountAPI.UploadObject.func78 (6 handlers)
[GIN-debug] DELETE /tickets/:id/attachments/:attID --> github.com/mark3748/helpdesk-go/cmd/api.(*App).mountAPI.Delete.func79 (6 handlers)
[GIN-debug] GET    /tickets/:id/watchers     --> github.com/mark3748/helpdesk-go/cmd/api.(*App).mountAPI.List.func80 (6 handlers)
[GIN-debug] POST   /tickets/:id/watchers     --> github.com/mark3748/helpdesk-go/cmd/api.(*App).mountAPI.Add.func81 (6 handlers)
[GIN-debug] DELETE /tickets/:id/watchers/:uid --> github.com/mark3748/helpdesk-go/cmd/api.(*App).mountAPI.Remove.func82 (6 handlers)
[GIN-debug] GET    /emails/outbound          --> github.com/mark3748/helpdesk-go/cmd/api.(*App).mountAPI.ListOutbound.func84 (7 handlers)
[GIN-debug] GET    /metrics/sla              --> github.com/mark3748/helpdesk-go/cmd/api.(*App).mountAPI.SLA.func86 (7 handlers)
[GIN-debug] GET    /metrics/resolution       --> github.com/mark3748/helpdesk-go/cmd/api.(*App).mountAPI.Resolution.func88 (7 handlers)
[GIN-debug] GET    /metrics/tickets          --> github.com/mark3748/helpdesk-go/cmd/api.(*App).mountAPI.TicketVolume.func90 (7 handlers)
[GIN-debug] GET    /metrics/dashboard        --> github.com/mark3748/helpdesk-go/cmd/api.(*App).mountAPI.Dashboard.func92 (7 handlers)
[GIN-debug] GET    /metrics/agent            --> github.com/mark3748/helpdesk-go/cmd/api.(*App).mountAPI.Agent.func94 (7 handlers)
[GIN-debug] GET    /metrics/manager          --> github.com/mark3748/helpdesk-go/cmd/api.(*App).mountAPI.Manager.func96 (7 handlers)
[GIN-debug] POST   /exports/tickets          --> github.com/mark3748/helpdesk-go/cmd/api.(*App).exportTicketsBridge-fm (7 handlers)
[GIN-debug] GET    /exports/tickets/:job_id  --> github.com/mark3748/helpdesk-go/cmd/api.(*App).exportTicketsStatus-fm (7 handlers)
[GIN-debug] GET    /webhooks                 --> github.com/mark3748/helpdesk-go/cmd/api.(*App).mountAPI.List.func100 (7 handlers)
[GIN-debug] POST   /webhooks                 --> github.com/mark3748/helpdesk-go/cmd/api.(*App).mountAPI.Create.func102 (7 handlers)
[GIN-debug] DELETE /webhooks/:id             --> github.com/mark3748/helpdesk-go/cmd/api.(*App).mountAPI.Delete.func104 (7 handlers)
[GIN-debug] GET    /asset-categories         --> github.com/mark3748/helpdesk-go/cmd/api.(*App).mountAPI.ListCategories.func105 (6 handlers)
[GIN-debug] POST   /asset-categories         --> github.com/mark3748/helpdesk-go/cmd/api.(*App).mountAPI.CreateCategory.func107 (7 handlers)
[GIN-debug] GET    /asset-categories/:id     --> github.com/mark3748/helpdesk-go/cmd/api.(*App).mountAPI.GetCategory.func108 (6 handlers)
[GIN-debug] GET    /assets                   --> github.com/mark3748/helpdesk-go/cmd/api.(*App).mountAPI.ListAssets.func109 (6 handlers)
[GIN-debug] POST   /assets                   --> github.com/mark3748/helpdesk-go/cmd/api.(*App).mountAPI.CreateAsset.func111 (7 handlers)
[GIN-debug] GET    /assets/:id               --> github.com/mark3748/helpdesk-go/cmd/api.(*App).mountAPI.GetAsset.func112 (6 handlers)
[GIN-debug] PATCH  /assets/:id               --> github.com/mark3748/helpdesk-go/cmd/api.(*App).mountAPI.UpdateAsset.func114 (7 handlers)
[GIN-debug] DELETE /assets/:id               --> github.com/mark3748/helpdesk-go/cmd/api.(*App).mountAPI.DeleteAsset.func116 (7 handlers)
[GIN-debug] POST   /assets/:id/assign        --> github.com/mark3748/helpdesk-go/cmd/api.(*App).mountAPI.AssignAsset.func118 (7 handlers)
[GIN-debug] GET    /assets/:id/history       --> github.com/mark3748/helpdesk-go/cmd/api.(*App).mountAPI.GetAssetHistory.func119 (6 handlers)
[GIN-debug] GET    /assets/:id/assignments   --> github.com/mark3748/helpdesk-go/cmd/api.(*App).mountAPI.GetAssetAssignments.func120 (6 handlers)
[GIN-debug] GET    /assets/:id/attachments   --> github.com/mark3748/helpdesk-go/cmd/api.(*App).mountAPI.ListAttachments.func121 (6 handlers)
[GIN-debug] POST   /assets/:id/attachments/presign --> github.com/mark3748/helpdesk-go/cmd/api.(*App).mountAPI.PresignAssetUpload.func123 (7 handlers)
[GIN-debug] POST   /assets/:id/attachments   --> github.com/mark3748/helpdesk-go/cmd/api.(*App).mountAPI.FinalizeAssetAttachment.func125 (7 handlers)
[GIN-debug] GET    /assets/:id/attachments/:attachmentID --> github.com/mark3748/helpdesk-go/cmd/api.(*App).mountAPI.GetAssetAttachment.func126 (6 handlers)
[GIN-debug] DELETE /assets/:id/attachments/:attachmentID --> github.com/mark3748/helpdesk-go/cmd/api.(*App).mountAPI.DeleteAssetAttachment.func128 (7 handlers)
[GIN-debug] PUT    /assets/attachments/upload/:objectKey --> github.com/mark3748/helpdesk-go/cmd/api.(*App).mountAPI.UploadAssetObject.func129 (6 handlers)
[GIN-debug] POST   /assets/:id/status-change --> github.com/mark3748/helpdesk-go/cmd/api.(*App).mountAPI.RequestStatusChange.func131 (7 handlers)
[GIN-debug] POST   /workflows/:id/approve    --> github.com/mark3748/helpdesk-go/cmd/api.(*App).mountAPI.ApproveWorkflow.func133 (7 handlers)
[GIN-debug] POST   /workflows/:id/reject     --> github.com/mark3748/helpdesk-go/cmd/api.(*App).mountAPI.RejectWorkflow.func135 (7 handlers)
[GIN-debug] POST   /assets/:id/checkout      --> github.com/mark3748/helpdesk-go/cmd/api.(*App).mountAPI.CheckoutAsset.func137 (7 handlers)
[GIN-debug] POST   /assets/checkin           --> github.com/mark3748/helpdesk-go/cmd/api.(*App).mountAPI.CheckinAsset.func139 (7 handlers)
[GIN-debug] GET    /assets/checkouts/active  --> github.com/mark3748/helpdesk-go/cmd/api.(*App).mountAPI.GetActiveCheckouts.func140 (6 handlers)
[GIN-debug] GET    /assets/checkouts/overdue --> github.com/mark3748/helpdesk-go/cmd/api.(*App).mountAPI.GetOverdueCheckouts.func141 (6 handlers)
[GIN-debug] POST   /assets/:id/relationships --> github.com/mark3748/helpdesk-go/cmd/api.(*App).mountAPI.CreateRelationship.func143 (7 handlers)
[GIN-debug] GET    /assets/:id/relationships/graph --> github.com/mark3748/helpdesk-go/cmd/api.(*App).mountAPI.GetRelationshipGraph.func144 (6 handlers)
[GIN-debug] GET    /assets/:id/impact-analysis --> github.com/mark3748/helpdesk-go/cmd/api.(*App).mountAPI.GetAssetImpactAnalysis.func145 (6 handlers)
[GIN-debug] POST   /assets/bulk/update       --> github.com/mark3748/helpdesk-go/cmd/api.(*App).mountAPI.BulkUpdateAssets.func147 (7 handlers)
[GIN-debug] POST   /assets/bulk/assign       --> github.com/mark3748/helpdesk-go/cmd/api.(*App).mountAPI.BulkAssignAssets.func149 (7 handlers)
[GIN-debug] GET    /assets/bulk/operations/:id --> github.com/mark3748/helpdesk-go/cmd/api.(*App).mountAPI.GetBulkOperation.func150 (6 handlers)
[GIN-debug] POST   /assets/import/preview    --> github.com/mark3748/helpdesk-go/cmd/api.(*App).mountAPI.ImportAssetsPreview.func152 (7 handlers)
[GIN-debug] POST   /assets/import            --> github.com/mark3748/helpdesk-go/cmd/api.(*App).mountAPI.ImportAssets.func154 (7 handlers)
[GIN-debug] POST   /assets/export            --> github.com/mark3748/helpdesk-go/cmd/api.(*App).mountAPI.ExportAssets.func156 (7 handlers)
[GIN-debug] GET    /assets/:id/audit         --> github.com/mark3748/helpdesk-go/cmd/api.(*App).mountAPI.GetAuditHistory.func157 (6 handlers)
[GIN-debug] GET    /assets/audit/summary     --> github.com/mark3748/helpdesk-go/cmd/api.(*App).mountAPI.GetAuditSummary.func159 (7 handlers)
[GIN-debug] GET    /assets/analytics         --> github.com/mark3748/helpdesk-go/cmd/api.(*App).mountAPI.GetAssetAnalytics.func161 (7 handlers)
[GIN-debug] GET    /problems                 --> github.com/mark3748/helpdesk-go/cmd/api.(*App).mountAPI.List.func162 (6 handlers)
[GIN-debug] POST   /problems                 --> github.com/mark3748/helpdesk-go/cmd/api.(*App).mountAPI.Create.func163 (6 handlers)
[GIN-debug] GET    /problems/:id             --> github.com/mark3748/helpdesk-go/cmd/api.(*App).mountAPI.Get.func164 (6 handlers)
[GIN-debug] PUT    /problems/:id             --> github.com/mark3748/helpdesk-go/cmd/api.(*App).mountAPI.Update.func165 (6 handlers)
[GIN-debug] DELETE /problems/:id             --> github.com/mark3748/helpdesk-go/cmd/api.(*App).mountAPI.Delete.func166 (6 handlers)
[GIN-debug] GET    /changes                  --> github.com/mark3748/helpdesk-go/cmd/api.(*App).mountAPI.List.func167 (6 handlers)
[GIN-debug] POST   /changes                  --> github.com/mark3748/helpdesk-go/cmd/api.(*App).mountAPI.Create.func168 (6 handlers)
[GIN-debug] GET    /changes/:id              --> github.com/mark3748/helpdesk-go/cmd/api.(*App).mountAPI.Get.func169 (6 handlers)
[GIN-debug] PUT    /changes/:id              --> github.com/mark3748/helpdesk-go/cmd/api.(*App).mountAPI.Update.func170 (6 handlers)
[GIN-debug] DELETE /changes/:id              --> github.com/mark3748/helpdesk-go/cmd/api.(*App).mountAPI.Delete.func171 (6 handlers)
[GIN-debug] GET    /releases                 --> github.com/mark3748/helpdesk-go/cmd/api.(*App).mountAPI.List.func172 (6 handlers)
[GIN-debug] POST   /releases                 --> github.com/mark3748/helpdesk-go/cmd/api.(*App).mountAPI.Create.func173 (6 handlers)
[GIN-debug] GET    /releases/:id             --> github.com/mark3748/helpdesk-go/cmd/api.(*App).mountAPI.Get.func174 (6 handlers)
[GIN-debug] PUT    /releases/:id             --> github.com/mark3748/helpdesk-go/cmd/api.(*App).mountAPI.Update.func175 (6 handlers)
[GIN-debug] DELETE /releases/:id             --> github.com/mark3748/helpdesk-go/cmd/api.(*App).mountAPI.Delete.func176 (6 handlers)
[GIN-debug] GET    /api/livez                --> github.com/mark3748/helpdesk-go/cmd/api.(*App).mountAPI.func1 (5 handlers)
[GIN-debug] GET    /api/readyz               --> github.com/mark3748/helpdesk-go/cmd/api.(*App).readyz-fm (5 handlers)
[GIN-debug] GET    /api/healthz              --> github.com/mark3748/helpdesk-go/cmd/api.(*App).mountAPI.func2 (5 handlers)
[GIN-debug] GET    /api/csat/:token          --> github.com/mark3748/helpdesk-go/cmd/api.(*App).csatForm-fm (5 handlers)
[GIN-debug] POST   /api/csat/:token          --> github.com/mark3748/helpdesk-go/cmd/api.(*App).submitCSAT-fm (5 handlers)
[GIN-debug] GET    /api/metrics              --> github.com/mark3748/helpdesk-go/cmd/api.(*App).mountAPI.WrapH.func9 (5 handlers)
[GIN-debug] GET    /api/swagger/*filepath    --> github.com/gin-gonic/gin.(*RouterGroup).createStaticHandler.func1 (5 handlers)
[GIN-debug] HEAD   /api/swagger/*filepath    --> github.com/gin-gonic/gin.(*RouterGroup).createStaticHandler.func1 (5 handlers)
[GIN-debug] GET    /api/docs                 --> github.com/mark3748/helpdesk-go/cmd/api.(*App).docsUI-fm (5 handlers)
[GIN-debug] GET    /api/openapi.yaml         --> github.com/mark3748/helpdesk-go/cmd/api.(*App).openapiSpec-fm (5 handlers)
[GIN-debug] POST   /api/webhooks/email-inbound --> github.com/mark3748/helpdesk-go/cmd/api.(*App).mountAPI.EmailInbound.func18 (5 handlers)
[GIN-debug] GET    /api/me                   --> github.com/mark3748/helpdesk-go/cmd/api/auth.Me (6 handlers)
[GIN-debug] GET    /api/me/profile           --> github.com/mark3748/helpdesk-go/cmd/api.(*App).getMyProfile-fm (6 handlers)
[GIN-debug] PATCH  /api/me/profile           --> github.com/mark3748/helpdesk-go/cmd/api.(*App).updateMyProfile-fm (6 handlers)
[GIN-debug] POST   /api/me/password          --> github.com/mark3748/helpdesk-go/cmd/api.(*App).changeMyPassword-fm (6 handlers)
[GIN-debug] GET    /api/events               --> github.com/mark3748/helpdesk-go/cmd/api.(*App).mountAPI.Events.func20 (6 handlers)
[GIN-debug] GET    /api/settings             --> github.com/mark3748/helpdesk-go/cmd/api/handlers.GetSettings (7 handlers)
[GIN-debug] GET    /api/features             --> github.com/mark3748/helpdesk-go/cmd/api.(*App).mountAPI.Features.func22 (6 handlers)
[GIN-debug] POST   /api/test-connection      --> github.com/mark3748/helpdesk-go/cmd/api/handlers.TestConnection (7 handlers)
[GIN-debug] POST   /api/settings/storage     --> github.com/mark3748/helpdesk-go/cmd/api/handlers.SaveStorageSettings (7 handlers)
[GIN-debug] POST   /api/settings/oidc        --> github.com/mark3748/helpdesk-go/cmd/api/handlers.SaveOIDCSettings (7 handlers)
[GIN-debug] POST   /api/settings/mail        --> github.com/mark3748/helpdesk-go/cmd/api/handlers.SaveMailSettings (7 handlers)
[GIN-debug] POST   /api/settings/mail/send-test --> github.com/mark3748/helpdesk-go/cmd/api/handlers.SendTestMail (7 handlers)
[GIN-debug] GET    /api/users/:id/roles      --> github.com/mark3748/helpdesk-go/cmd/api.(*App).mountAPI.ListUserRoles.func29 (7 handlers)
[GIN-debug] POST   /api/users/:id/roles      --> github.com/mark3748/helpdesk-go/cmd/api.(*App).mountAPI.AddUserRole.func31 (7 handlers)
[GIN-debug] DELETE /api/users/:id/roles/:role --> github.com/mark3748/helpdesk-go/cmd/api.(*App).mountAPI.RemoveUserRole.func33 (7 handlers)
[GIN-debug] GET    /api/users                --> github.com/mark3748/helpdesk-go/cmd/api.(*App).mountAPI.List.func35 (7 handlers)
[GIN-debug] GET    /api/users/:id            --> github.com/mark3748/helpdesk-go/cmd/api.(*App).mountAPI.Get.func37 (7 handlers)
[GIN-debug] POST   /api/users                --> github.com/mark3748/helpdesk-go/cmd/api.(*App).mountAPI.CreateLocal.func39 (7 handlers)
[GIN-debug] GET    /api/roles                --> github.com/mark3748/helpdesk-go/cmd/api.(*App).mountAPI.List.func41 (7 handlers)
[GIN-debug] GET    /api/requesters           --> github.com/mark3748/helpdesk-go/cmd/api.(*App).mountAPI.Search.func42 (6 handlers)
[GIN-debug] GET    /api/requesters/:id       --> github.com/mark3748/helpdesk-go/cmd/api.(*App).getRequester-fm (6 handlers)
[GIN-debug] POST   /api/requesters           --> github.com/mark3748/helpdesk-go/cmd/api.(*App).createRequester-fm (7 handlers)
[GIN-debug] PATCH  /api/requesters/:id       --> github.com/mark3748/helpdesk-go/cmd/api.(*App).updateRequester-fm (7 handlers)
[GIN-debug] GET    /api/teams                --> github.com/mark3748/helpdesk-go/cmd/api.(*App).mountAPI.List.func45 (6 handlers)
[GIN-debug] GET    /api/slas                 --> github.com/mark3748/helpdesk-go/cmd/api.(*App).mountAPI.List.func46 (6 handlers)
[GIN-debug] GET    /api/kb                   --> github.com/mark3748/helpdesk-go/cmd/api.(*App).mountAPI.Search.func47 (6 handlers)
[GIN-debug] GET    /api/kb/:slug             --> github.com/mark3748/helpdesk-go/cmd/api.(*App).mountAPI.Get.func48 (6 handlers)
[GIN-debug] POST   /api/kb                   --> github.com/mark3748/helpdesk-go/cmd/api.(*App).mountAPI.Create.func50 (7 handlers)
[GIN-debug] PUT    /api/kb/:slug             --> github.com/mark3748/helpdesk-go/cmd/api.(*App).mountAPI.Update.func52 (7 handlers)
[GIN-debug] DELETE /api/kb/:slug             --> github.com/mark3748/helpdesk-go/cmd/api.(*App).mountAPI.Delete.func54 (7 handlers)
[GIN-debug] GET    /api/tickets              --> github.com/mark3748/helpdesk-go/cmd/api.(*App).mountAPI.List.func55 (6 handlers)
[GIN-debug] POST   /api/tickets              --> github.com/mark3748/helpdesk-go/cmd/api.(*App).mountAPI.Create.func59 (6 handlers)
[GIN-debug] GET    /api/tickets/:id          --> github.com/mark3748/helpdesk-go/cmd/api.(*App).mountAPI.Get.func60 (6 handlers)
[GIN-debug] PATCH  /api/tickets/:id          --> github.com/mark3748/helpdesk-go/cmd/api.(*App).mountAPI.Update.func62 (7 handlers)
[GIN-debug] GET    /api/tickets/:id/comments --> github.com/mark3748/helpdesk-go/cmd/api.(*App).mountAPI.List.func63 (6 handlers)
[GIN-debug] POST   /api/tickets/:id/comments --> github.com/mark3748/helpdesk-go/cmd/api.(*App).mountAPI.Add.func64 (6 handlers)
[GIN-debug] GET    /api/tickets/:id/attachments --> github.com/mark3748/helpdesk-go/cmd/api.(*App).mountAPI.List.func65 (6 handlers)
[GIN-debug] POST   /api/tickets/:id/attachments/presign --> github.com/mark3748/helpdesk-go/cmd/api.(*App).mountAPI.Presign.func75 (6 handlers)
[GIN-debug] POST   /api/tickets/:id/attachments --> github.com/mark3748/helpdesk-go/cmd/api.(*App).mountAPI.Finalize.func76 (6 handlers)
[GIN-debug] GET    /api/tickets/:id/attachments/:attID --> github.com/mark3748/helpdesk-go/cmd/api.(*App).mountAPI.Get.func77 (6 handlers)
[GIN-debug] PUT    /api/attachments/upload/:objectKey --> github.com/mark3748/helpdesk-go/cmd/api.(*App).mountAPI.UploadObject.func78 (6 handlers)
[GIN-debug] DELETE /api/tickets/:id/attachments/:attID --> github.com/mark3748/helpdesk-go/cmd/api.(*App).mountAPI.Delete.func79 (6 handlers)
[GIN-debug] GET    /api/tickets/:id/watchers --> github.com/mark3748/helpdesk-go/cmd/api.(*App).mountAPI.List.func80 (6 handlers)
[GIN-debug] POST   /api/tickets/:id/watchers --> github.com/mark3748/helpdesk-go/cmd/api.(*App).mountAPI.Add.func81 (6 handlers)
[GIN-debug] DELETE /api/tickets/:id/watchers/:uid --> github.com/mark3748/helpdesk-go/cmd/api.(*App).mountAPI.Remove.func82 (6 handlers)
[GIN-debug] GET    /api/emails/outbound      --> github.com/mark3748/helpdesk-go/cmd/api.(*App).mountAPI.ListOutbound.func84 (7 handlers)
[GIN-debug] GET    /api/metrics/sla          --> github.com/mark3748/helpdesk-go/cmd/api.(*App).mountAPI.SLA.func86 (7 handlers)
[GIN-debug] GET    /api/metrics/resolution   --> github.com/mark3748/helpdesk-go/cmd/api.(*App).mountAPI.Resolution.func88 (7 handlers)
[GIN-debug] GET    /api/metrics/tickets      --> github.com/mark3748/helpdesk-go/cmd/api.(*App).mountAPI.TicketVolume.func90 (7 handlers)
[GIN-debug] GET    /api/metrics/dashboard    --> github.com/mark3748/helpdesk-go/cmd/api.(*App).mountAPI.Dashboard.func92 (7 handlers)
[GIN-debug] GET    /api/metrics/agent        --> github.com/mark3748/helpdesk-go/cmd/api.(*App).mountAPI.Agent.func94 (7 handlers)
[GIN-debug] GET    /api/metrics/manager      --> github.com/mark3748/helpdesk-go/cmd/api.(*App).mountAPI.Manager.func96 (7 handlers)
[GIN-debug] POST   /api/exports/tickets      --> github.com/mark3748/helpdesk-go/cmd/api.(*App).exportTicketsBridge-fm (7 handlers)
[GIN-debug] GET    /api/exports/tickets/:job_id --> github.com/mark3748/helpdesk-go/cmd/api.(*App).exportTicketsStatus-fm (7 handlers)
[GIN-debug] GET    /api/webhooks             --> github.com/mark3748/helpdesk-go/cmd/api.(*App).mountAPI.List.func100 (7 handlers)
[GIN-debug] POST   /api/webhooks             --> github.com/mark3748/helpdesk-go/cmd/api.(*App).mountAPI.Create.func102 (7 handlers)
[GIN-debug] DELETE /api/webhooks/:id         --> github.com/mark3748/helpdesk-go/cmd/api.(*App).mountAPI.Delete.func104 (7 handlers)
[GIN-debug] GET    /api/asset-categories     --> github.com/mark3748/helpdesk-go/cmd/api.(*App).mountAPI.ListCategories.func105 (6 handlers)
[GIN-debug] POST   /api/asset-categories     --> github.com/mark3748/helpdesk-go/cmd/api.(*App).mountAPI.CreateCategory.func107 (7 handlers)
[GIN-debug] GET    /api/asset-categories/:id --> github.com/mark3748/helpdesk-go/cmd/api.(*App).mountAPI.GetCategory.func108 (6 handlers)
[GIN-debug] GET    /api/assets               --> github.com/mark3748/helpdesk-go/cmd/api.(*App).mountAPI.ListAssets.func109 (6 handlers)
[GIN-debug] POST   /api/assets               --> github.com/mark3748/helpdesk-go/cmd/api.(*App).mountAPI.CreateAsset.func111 (7 handlers)
[GIN-debug] GET    /api/assets/:id           --> github.com/mark3748/helpdesk-go/cmd/api.(*App).mountAPI.GetAsset.func112 (6 handlers)
[GIN-debug] PATCH  /api/assets/:id           --> github.com/mark3748/helpdesk-go/cmd/api.(*App).mountAPI.UpdateAsset.func114 (7 handlers)
[GIN-debug] DELETE /api/assets/:id           --> github.com/mark3748/helpdesk-go/cmd/api.(*App).mountAPI.DeleteAsset.func116 (7 handlers)
[GIN-debug] POST   /api/assets/:id/assign    --> github.com/mark3748/helpdesk-go/cmd/api.(*App).mountAPI.AssignAsset.func118 (7 handlers)
[GIN-debug] GET    /api/assets/:id/history   --> github.com/mark3748/helpdesk-go/cmd/api.(*App).mountAPI.GetAssetHistory.func119 (6 handlers)
[GIN-debug] GET    /api/assets/:id/assignments --> github.com/mark3748/helpdesk-go/cmd/api.(*App).mountAPI.GetAssetAssignments.func120 (6 handlers)
[GIN-debug] GET    /api/assets/:id/attachments --> github.com/mark3748/helpdesk-go/cmd/api.(*App).mountAPI.ListAttachments.func121 (6 handlers)
[GIN-debug] POST   /api/assets/:id/attachments/presign --> github.com/mark3748/helpdesk-go/cmd/api.(*App).mountAPI.PresignAssetUpload.func123 (7 handlers)
[GIN-debug] POST   /api/assets/:id/attachments --> github.com/mark3748/helpdesk-go/cmd/api.(*App).mountAPI.FinalizeAssetAttachment.func125 (7 handlers)
[GIN-debug] GET    /api/assets/:id/attachments/:attachmentID --> github.com/mark3748/helpdesk-go/cmd/api.(*App).mountAPI.GetAssetAttachment.func126 (6 handlers)
[GIN-debug] DELETE /api/assets/:id/attachments/:attachmentID --> github.com/mark3748/helpdesk-go/cmd/api.(*App).mountAPI.DeleteAssetAttachment.func128 (7 handlers)
[GIN-debug] PUT    /api/assets/attachments/upload/:objectKey --> github.com/mark3748/helpdesk-go/cmd/api.(*App).mountAPI.UploadAssetObject.func129 (6 handlers)
[GIN-debug] POST   /api/assets/:id/status-change --> github.com/mark3748/helpdesk-go/cmd/api.(*App).mountAPI.RequestStatusChange.func131 (7 handlers)
[GIN-debug] POST   /api/workflows/:id/approve --> github.com/mark3748/helpdesk-go/cmd/api.(*App).mountAPI.ApproveWorkflow.func133 (7 handlers)
[GIN-debug] POST   /api/workflows/:id/reject --> github.com/mark3748/helpdesk-go/cmd/api.(*App).mountAPI.RejectWorkflow.func135 (7 handlers)
[GIN-debug] POST   /api/assets/:id/checkout  --> github.com/mark3748/helpdesk-go/cmd/api.(*App).mountAPI.CheckoutAsset.func137 (7 handlers)
[GIN-debug] POST   /api/assets/checkin       --> github.com/mark3748/helpdesk-go/cmd/api.(*App).mountAPI.CheckinAsset.func139 (7 handlers)
[GIN-debug] GET    /api/assets/checkouts/active --> github.com/mark3748/helpdesk-go/cmd/api.(*App).mountAPI.GetActiveCheckouts.func140 (6 handlers)
[GIN-debug] GET    /api/assets/checkouts/overdue --> github.com/mark3748/helpdesk-go/cmd/api.(*App).mountAPI.GetOverdueCheckouts.func141 (6 handlers)
[GIN-debug] POST   /api/assets/:id/relationships --> github.com/mark3748/helpdesk-go/cmd/api.(*App).mountAPI.CreateRelationship.func143 (7 handlers)
[GIN-debug] GET    /api/assets/:id/relationships/graph --> github.com/mark3748/helpdesk-go/cmd/api.(*App).mountAPI.GetRelationshipGraph.func144 (6 handlers)
[GIN-debug] GET    /api/assets/:id/impact-analysis --> github.com/mark3748/helpdesk-go/cmd/api.(*App).mountAPI.GetAssetImpactAnalysis.func145 (6 handlers)
[GIN-debug] POST   /api/assets/bulk/update   --> github.com/mark3748/helpdesk-go/cmd/api.(*App).mountAPI.BulkUpdateAssets.func147 (7 handlers)
[GIN-debug] POST   /api/assets/bulk/assign   --> github.com/mark3748/helpdesk-go/cmd/api.(*App).mountAPI.BulkAssignAssets.func149 (7 handlers)
[GIN-debug] GET    /api/assets/bulk/operations/:id --> github.com/mark3748/helpdesk-go/cmd/api.(*App).mountAPI.GetBulkOperation.func150 (6 handlers)
[GIN-debug] POST   /api/assets/import/preview --> github.com/mark3748/helpdesk-go/cmd/api.(*App).mountAPI.ImportAssetsPreview.func152 (7 handlers)
[GIN-debug] POST   /api/assets/import        --> github.com/mark3748/helpdesk-go/cmd/api.(*App).mountAPI.ImportAssets.func154 (7 handlers)
[GIN-debug] POST   /api/assets/export        --> github.com/mark3748/helpdesk-go/cmd/api.(*App).mountAPI.ExportAssets.func156 (7 handlers)
[GIN-debug] GET    /api/assets/:id/audit     --> github.com/mark3748/helpdesk-go/cmd/api.(*App).mountAPI.GetAuditHistory.func157 (6 handlers)
[GIN-debug] GET    /api/assets/audit/summary --> github.com/mark3748/helpdesk-go/cmd/api.(*App).mountAPI.GetAuditSummary.func159 (7 handlers)
[GIN-debug] GET    /api/assets/analytics     --> github.com/mark3748/helpdesk-go/cmd/api.(*App).mountAPI.GetAssetAnalytics.func161 (7 handlers)
[GIN-debug] GET    /api/problems             --> github.com/mark3748/helpdesk-go/cmd/api.(*App).mountAPI.List.func162 (6 handlers)
[GIN-debug] POST   /api/problems             --> github.com/mark3748/helpdesk-go/cmd/api.(*App).mountAPI.Create.func163 (6 handlers)
[GIN-debug] GET    /api/problems/:id         --> github.com/mark3748/helpdesk-go/cmd/api.(*App).mountAPI.Get.func164 (6 handlers)
[GIN-debug] PUT    /api/problems/:id         --> github.com/mark3748/helpdesk-go/cmd/api.(*App).mountAPI.Update.func165 (6 handlers)
[GIN-debug] DELETE /api/problems/:id         --> github.com/mark3748/helpdesk-go/cmd/api.(*App).mountAPI.Delete.func166 (6 handlers)
[GIN-debug] GET    /api/changes              --> github.com/mark3748/helpdesk-go/cmd/api.(*App).mountAPI.List.func167 (6 handlers)
[GIN-debug] POST   /api/changes              --> github.com/mark3748/helpdesk-go/cmd/api.(*App).mountAPI.Create.func168 (6 handlers)
[GIN-debug] GET    /api/changes/:id          --> github.com/mark3748/helpdesk-go/cmd/api.(*App).mountAPI.Get.func169 (6 handlers)
[GIN-debug] PUT    /api/changes/:id          --> github.com/mark3748/helpdesk-go/cmd/api.(*App).mountAPI.Update.func170 (6 handlers)
[GIN-debug] DELETE /api/changes/:id          --> github.com/mark3748/helpdesk-go/cmd/api.(*App).mountAPI.Delete.func171 (6 handlers)
[GIN-debug] GET    /api/releases             --> github.com/mark3748/helpdesk-go/cmd/api.(*App).mountAPI.List.func172 (6 handlers)
[GIN-debug] POST   /api/releases             --> github.com/mark3748/helpdesk-go/cmd/api.(*App).mountAPI.Create.func173 (6 handlers)
[GIN-debug] GET    /api/releases/:id         --> github.com/mark3748/helpdesk-go/cmd/api.(*App).mountAPI.Get.func174 (6 handlers)
[GIN-debug] PUT    /api/releases/:id         --> github.com/mark3748/helpdesk-go/cmd/api.(*App).mountAPI.Update.func175 (6 handlers)
[GIN-debug] DELETE /api/releases/:id         --> github.com/mark3748/helpdesk-go/cmd/api.(*App).mountAPI.Delete.func176 (6 handlers)
{"level":"info","request_id":"88bd68bb-5c3c-4fca-8fab-12e1529b27a9","method":"POST","path":"/exports/tickets","status":202,"duration":1.148608,"time":"2025-12-20T00:53:51-07:00","message":"request"}
{"level":"info","request_id":"ac8db9fe-69e5-40f9-a78d-94d8b81c067a","method":"GET","path":"/exports/tickets/b1199b7e-2dc3-476d-bee0-d682e17f4df7","status":200,"duration":0.131439,"time":"2025-12-20T00:53:51-07:00","message":"request"}
redis: 2025/12/20 00:53:51 pubsub.go:171: redis: discarding bad PubSub connection: EOF
[GIN-debug] [WARNING] Running in "debug" mode. Switch to "release" mode in production.
 - using env:	export GIN_MODE=release
 - using code:	gin.SetMode(gin.ReleaseMode)

[GIN-debug] GET    /livez                    --> github.com/mark3748/helpdesk-go/cmd/api.(*App).mountAPI.func1 (5 handlers)
[GIN-debug] GET    /readyz                   --> github.com/mark3748/helpdesk-go/cmd/api.(*App).readyz-fm (5 handlers)
[GIN-debug] GET    /healthz                  --> github.com/mark3748/helpdesk-go/cmd/api.(*App).mountAPI.func2 (5 handlers)
[GIN-debug] GET    /csat/:token              --> github.com/mark3748/helpdesk-go/cmd/api.(*App).csatForm-fm (5 handlers)
[GIN-debug] POST   /csat/:token              --> github.com/mark3748/helpdesk-go/cmd/api.(*App).submitCSAT-fm (5 handlers)
[GIN-debug] GET    /metrics                  --> github.com/mark3748/helpdesk-go/cmd/api.(*App).mountAPI.WrapH.func9 (5 handlers)
[GIN-debug] GET    /swagger/*filepath        --> github.com/gin-gonic/gin.(*RouterGroup).createStaticHandler.func1 (5 handlers)
[GIN-debug] HEAD   /swagger/*filepath        --> github.com/gin-gonic/gin.(*RouterGroup).createStaticHandler.func1 (5 handlers)
[GIN-debug] GET    /docs                     --> github.com/mark3748/helpdesk-go/cmd/api.(*App).docsUI-fm (5 handlers)
[GIN-debug] GET    /openapi.yaml             --> github.com/mark3748/helpdesk-go/cmd/api.(*App).openapiSpec-fm (5 handlers)
[GIN-debug] POST   /webhooks/email-inbound   --> github.com/mark3748/helpdesk-go/cmd/api.(*App).mountAPI.EmailInbound.func18 (5 handlers)
[GIN-debug] GET    /me                       --> github.com/mark3748/helpdesk-go/cmd/api/auth.Me (6 handlers)
[GIN-debug] GET    /me/profile               --> github.com/mark3748/helpdesk-go/cmd/api.(*App).getMyProfile-fm (6 handlers)
[GIN-debug] PATCH  /me/profile               --> github.com/mark3748/helpdesk-go/cmd/api.(*App).updateMyProfile-fm (6 handlers)
[GIN-debug] POST   /me/password              --> github.com/mark3748/helpdesk-go/cmd/api.(*App).changeMyPassword-fm (6 handlers)
[GIN-debug] GET    /events                   --> github.com/mark3748/helpdesk-go/cmd/api.(*App).mountAPI.Events.func20 (6 handlers)
[GIN-debug] GET    /settings                 --> github.com/mark3748/helpdesk-go/cmd/api/handlers.GetSettings (7 handlers)
[GIN-debug] GET    /features                 --> github.com/mark3748/helpdesk-go/cmd/api.(*App).mountAPI.Features.func22 (6 handlers)
[GIN-debug] POST   /test-connection          --> github.com/mark3748/helpdesk-go/cmd/api/handlers.TestConnection (7 handlers)
[GIN-debug] POST   /settings/storage         --> github.com/mark3748/helpdesk-go/cmd/api/handlers.SaveStorageSettings (7 handlers)
[GIN-debug] POST   /settings/oidc            --> github.com/mark3748/helpdesk-go/cmd/api/handlers.SaveOIDCSettings (7 handlers)
[GIN-debug] POST   /settings/mail            --> github.com/mark3748/helpdesk-go/cmd/api/handlers.SaveMailSettings (7 handlers)
[GIN-debug] POST   /settings/mail/send-test  --> github.com/mark3748/helpdesk-go/cmd/api/handlers.SendTestMail (7 handlers)
[GIN-debug] GET    /users/:id/roles          --> github.com/mark3748/helpdesk-go/cmd/api.(*App).mountAPI.ListUserRoles.func29 (7 handlers)
[GIN-debug] POST   /users/:id/roles          --> github.com/mark3748/helpdesk-go/cmd/api.(*App).mountAPI.AddUserRole.func31 (7 handlers)
[GIN-debug] DELETE /users/:id/roles/:role    --> github.com/mark3748/helpdesk-go/cmd/api.(*App).mountAPI.RemoveUserRole.func33 (7 handlers)
[GIN-debug] GET    /users                    --> github.com/mark3748/helpdesk-go/cmd/api.(*App).mountAPI.List.func35 (7 handlers)
[GIN-debug] GET    /users/:id                --> github.com/mark3748/helpdesk-go/cmd/api.(*App).mountAPI.Get.func37 (7 handlers)
[GIN-debug] POST   /users                    --> github.com/mark3748/helpdesk-go/cmd/api.(*App).mountAPI.CreateLocal.func39 (7 handlers)
[GIN-debug] GET    /roles                    --> github.com/mark3748/helpdesk-go/cmd/api.(*App).mountAPI.List.func41 (7 handlers)
[GIN-debug] GET    /requesters               --> github.com/mark3748/helpdesk-go/cmd/api.(*App).mountAPI.Search.func42 (6 handlers)
[GIN-debug] GET    /requesters/:id           --> github.com/mark3748/helpdesk-go/cmd/api.(*App).getRequester-fm (6 handlers)
[GIN-debug] POST   /requesters               --> github.com/mark3748/helpdesk-go/cmd/api.(*App).createRequester-fm (7 handlers)
[GIN-debug] PATCH  /requesters/:id           --> github.com/mark3748/helpdesk-go/cmd/api.(*App).updateRequester-fm (7 handlers)
[GIN-debug] GET    /teams                    --> github.com/mark3748/helpdesk-go/cmd/api.(*App).mountAPI.List.func45 (6 handlers)
[GIN-debug] GET    /slas                     --> github.com/mark3748/helpdesk-go/cmd/api.(*App).mountAPI.List.func46 (6 handlers)
[GIN-debug] GET    /kb                       --> github.com/mark3748/helpdesk-go/cmd/api.(*App).mountAPI.Search.func47 (6 handlers)
[GIN-debug] GET    /kb/:slug                 --> github.com/mark3748/helpdesk-go/cmd/api.(*App).mountAPI.Get.func48 (6 handlers)
[GIN-debug] POST   /kb                       --> github.com/mark3748/helpdesk-go/cmd/api.(*App).mountAPI.Create.func50 (7 handlers)
[GIN-debug] PUT    /kb/:slug                 --> github.com/mark3748/helpdesk-go/cmd/api.(*App).mountAPI.Update.func52 (7 handlers)
[GIN-debug] DELETE /kb/:slug                 --> github.com/mark3748/helpdesk-go/cmd/api.(*App).mountAPI.Delete.func54 (7 handlers)
[GIN-debug] GET    /tickets                  --> github.com/mark3748/helpdesk-go/cmd/api.(*App).mountAPI.List.func55 (6 handlers)
[GIN-debug] POST   /tickets                  --> github.com/mark3748/helpdesk-go/cmd/api.(*App).mountAPI.Create.func59 (6 handlers)
[GIN-debug] GET    /tickets/:id              --> github.com/mark3748/helpdesk-go/cmd/api.(*App).mountAPI.Get.func60 (6 handlers)
[GIN-debug] PATCH  /tickets/:id              --> github.com/mark3748/helpdesk-go/cmd/api.(*App).mountAPI.Update.func62 (7 handlers)
[GIN-debug] GET    /tickets/:id/comments     --> github.com/mark3748/helpdesk-go/cmd/api.(*App).mountAPI.List.func63 (6 handlers)
[GIN-debug] POST   /tickets/:id/comments     --> github.com/mark3748/helpdesk-go/cmd/api.(*App).mountAPI.Add.func64 (6 handlers)
[GIN-debug] GET    /tickets/:id/attachments  --> github.com/mark3748/helpdesk-go/cmd/api.(*App).mountAPI.List.func65 (6 handlers)
[GIN-debug] POST   /tickets/:id/attachments/presign --> github.com/mark3748/helpdesk-go/cmd/api.(*App).mountAPI.Presign.func75 (6 handlers)
[GIN-debug] POST   /tickets/:id/attachments  --> github.com/mark3748/helpdesk-go/cmd/api.(*App).mountAPI.Finalize.func76 (6 handlers)
[GIN-debug] GET    /tickets/:id/attachments/:attID --> github.com/mark3748/helpdesk-go/cmd/api.(*App).mountAPI.Get.func77 (6 handlers)
[GIN-debug] PUT    /attachments/upload/:objectKey --> github.com/mark3748/helpdesk-go/cmd/api.(*App).mountAPI.UploadObject.func78 (6 handlers)
[GIN-debug] DELETE /tickets/:id/attachments/:attID --> github.com/mark3748/helpdesk-go/cmd/api.(*App).mountAPI.Delete.func79 (6 handlers)
[GIN-debug] GET    /tickets/:id/watchers     --> github.com/mark3748/helpdesk-go/cmd/api.(*App).mountAPI.List.func80 (6 handlers)
[GIN-debug] POST   /tickets/:id/watchers     --> github.com/mark3748/helpdesk-go/cmd/api.(*App).mountAPI.Add.func81 (6 handlers)
[GIN-debug] DELETE /tickets/:id/watchers/:uid --> github.com/mark3748/helpdesk-go/cmd/api.(*App).mountAPI.Remove.func82 (6 handlers)
[GIN-debug] GET    /emails/outbound          --> github.com/mark3748/helpdesk-go/cmd/api.(*App).mountAPI.ListOutbound.func84 (7 handlers)
[GIN-debug] GET    /metrics/sla              --> github.com/mark3748/helpdesk-go/cmd/api.(*App).mountAPI.SLA.func86 (7 handlers)
[GIN-debug] GET    /metrics/resolution       --> github.com/mark3748/helpdesk-go/cmd/api.(*App).mountAPI.Resolution.func88 (7 handlers)
[GIN-debug] GET    /metrics/tickets          --> github.com/mark3748/helpdesk-go/cmd/api.(*App).mountAPI.TicketVolume.func90 (7 handlers)
[GIN-debug] GET    /metrics/dashboard        --> github.com/mark3748/helpdesk-go/cmd/api.(*App).mountAPI.Dashboard.func92 (7 handlers)
[GIN-debug] GET    /metrics/agent            --> github.com/mark3748/helpdesk-go/cmd/api.(*App).mountAPI.Agent.func94 (7 handlers)
[GIN-debug] GET    /metrics/manager          --> github.com/mark3748/helpdesk-go/cmd/api.(*App).mountAPI.Manager.func96 (7 handlers)
[GIN-debug] POST   /exports/tickets          --> github.com/mark3748/helpdesk-go/cmd/api.(*App).exportTicketsBridge-fm (7 handlers)
[GIN-debug] GET    /exports/tickets/:job_id  --> github.com/mark3748/helpdesk-go/cmd/api.(*App).exportTicketsStatus-fm (7 handlers)
[GIN-debug] GET    /webhooks                 --> github.com/mark3748/helpdesk-go/cmd/api.(*App).mountAPI.List.func100 (7 handlers)
[GIN-debug] POST   /webhooks                 --> github.com/mark3748/helpdesk-go/cmd/api.(*App).mountAPI.Create.func102 (7 handlers)
[GIN-debug] DELETE /webhooks/:id             --> github.com/mark3748/helpdesk-go/cmd/api.(*App).mountAPI.Delete.func104 (7 handlers)
[GIN-debug] GET    /asset-categories         --> github.com/mark3748/helpdesk-go/cmd/api.(*App).mountAPI.ListCategories.func105 (6 handlers)
[GIN-debug] POST   /asset-categories         --> github.com/mark3748/helpdesk-go/cmd/api.(*App).mountAPI.CreateCategory.func107 (7 handlers)
[GIN-debug] GET    /asset-categories/:id     --> github.com/mark3748/helpdesk-go/cmd/api.(*App).mountAPI.GetCategory.func108 (6 handlers)
[GIN-debug] GET    /assets                   --> github.com/mark3748/helpdesk-go/cmd/api.(*App).mountAPI.ListAssets.func109 (6 handlers)
[GIN-debug] POST   /assets                   --> github.com/mark3748/helpdesk-go/cmd/api.(*App).mountAPI.CreateAsset.func111 (7 handlers)
[GIN-debug] GET    /assets/:id               --> github.com/mark3748/helpdesk-go/cmd/api.(*App).mountAPI.GetAsset.func112 (6 handlers)
[GIN-debug] PATCH  /assets/:id               --> github.com/mark3748/helpdesk-go/cmd/api.(*App).mountAPI.UpdateAsset.func114 (7 handlers)
[GIN-debug] DELETE /assets/:id               --> github.com/mark3748/helpdesk-go/cmd/api.(*App).mountAPI.DeleteAsset.func116 (7 handlers)
[GIN-debug] POST   /assets/:id/assign        --> github.com/mark3748/helpdesk-go/cmd/api.(*App).mountAPI.AssignAsset.func118 (7 handlers)
[GIN-debug] GET    /assets/:id/history       --> github.com/mark3748/helpdesk-go/cmd/api.(*App).mountAPI.GetAssetHistory.func119 (6 handlers)
[GIN-debug] GET    /assets/:id/assignments   --> github.com/mark3748/helpdesk-go/cmd/api.(*App).mountAPI.GetAssetAssignments.func120 (6 handlers)
[GIN-debug] GET    /assets/:id/attachments   --> github.com/mark3748/helpdesk-go/cmd/api.(*App).mountAPI.ListAttachments.func121 (6 handlers)
[GIN-debug] POST   /assets/:id/attachments/presign --> github.com/mark3748/helpdesk-go/cmd/api.(*App).mountAPI.PresignAssetUpload.func123 (7 handlers)
[GIN-debug] POST   /assets/:id/attachments   --> github.com/mark3748/helpdesk-go/cmd/api.(*App).mountAPI.FinalizeAssetAttachment.func125 (7 handlers)
[GIN-debug] GET    /assets/:id/attachments/:attachmentID --> github.com/mark3748/helpdesk-go/cmd/api.(*App).mountAPI.GetAssetAttachment.func126 (6 handlers)
[GIN-debug] DELETE /assets/:id/attachments/:attachmentID --> github.com/mark3748/helpdesk-go/cmd/api.(*App).mountAPI.DeleteAssetAttachment.func128 (7 handlers)
[GIN-debug] PUT    /assets/attachments/upload/:objectKey --> github.com/mark3748/helpdesk-go/cmd/api.(*App).mountAPI.UploadAssetObject.func129 (6 handlers)
[GIN-debug] POST   /assets/:id/status-change --> github.com/mark3748/helpdesk-go/cmd/api.(*App).mountAPI.RequestStatusChange.func131 (7 handlers)
[GIN-debug] POST   /workflows/:id/approve    --> github.com/mark3748/helpdesk-go/cmd/api.(*App).mountAPI.ApproveWorkflow.func133 (7 handlers)
[GIN-debug] POST   /workflows/:id/reject     --> github.com/mark3748/helpdesk-go/cmd/api.(*App).mountAPI.RejectWorkflow.func135 (7 handlers)
[GIN-debug] POST   /assets/:id/checkout      --> github.com/mark3748/helpdesk-go/cmd/api.(*App).mountAPI.CheckoutAsset.func137 (7 handlers)
[GIN-debug] POST   /assets/checkin           --> github.com/mark3748/helpdesk-go/cmd/api.(*App).mountAPI.CheckinAsset.func139 (7 handlers)
[GIN-debug] GET    /assets/checkouts/active  --> github.com/mark3748/helpdesk-go/cmd/api.(*App).mountAPI.GetActiveCheckouts.func140 (6 handlers)
[GIN-debug] GET    /assets/checkouts/overdue --> github.com/mark3748/helpdesk-go/cmd/api.(*App).mountAPI.GetOverdueCheckouts.func141 (6 handlers)
[GIN-debug] POST   /assets/:id/relationships --> github.com/mark3748/helpdesk-go/cmd/api.(*App).mountAPI.CreateRelationship.func143 (7 handlers)
[GIN-debug] GET    /assets/:id/relationships/graph --> github.com/mark3748/helpdesk-go/cmd/api.(*App).mountAPI.GetRelationshipGraph.func144 (6 handlers)
[GIN-debug] GET    /assets/:id/impact-analysis --> github.com/mark3748/helpdesk-go/cmd/api.(*App).mountAPI.GetAssetImpactAnalysis.func145 (6 handlers)
[GIN-debug] POST   /assets/bulk/update       --> github.com/mark3748/helpdesk-go/cmd/api.(*App).mountAPI.BulkUpdateAssets.func147 (7 handlers)
[GIN-debug] POST   /assets/bulk/assign       --> github.com/mark3748/helpdesk-go/cmd/api.(*App).mountAPI.BulkAssignAssets.func149 (7 handlers)
[GIN-debug] GET    /assets/bulk/operations/:id --> github.com/mark3748/helpdesk-go/cmd/api.(*App).mountAPI.GetBulkOperation.func150 (6 handlers)
[GIN-debug] POST   /assets/import/preview    --> github.com/mark3748/helpdesk-go/cmd/api.(*App).mountAPI.ImportAssetsPreview.func152 (7 handlers)
[GIN-debug] POST   /assets/import            --> github.com/mark3748/helpdesk-go/cmd/api.(*App).mountAPI.ImportAssets.func154 (7 handlers)
[GIN-debug] POST   /assets/export            --> github.com/mark3748/helpdesk-go/cmd/api.(*App).mountAPI.ExportAssets.func156 (7 handlers)
[GIN-debug] GET    /assets/:id/audit         --> github.com/mark3748/helpdesk-go/cmd/api.(*App).mountAPI.GetAuditHistory.func157 (6 handlers)
[GIN-debug] GET    /assets/audit/summary     --> github.com/mark3748/helpdesk-go/cmd/api.(*App).mountAPI.GetAuditSummary.func159 (7 handlers)
[GIN-debug] GET    /assets/analytics         --> github.com/mark3748/helpdesk-go/cmd/api.(*App).mountAPI.GetAssetAnalytics.func161 (7 handlers)
[GIN-debug] GET    /problems                 --> github.com/mark3748/helpdesk-go/cmd/api.(*App).mountAPI.List.func162 (6 handlers)
[GIN-debug] POST   /problems                 --> github.com/mark3748/helpdesk-go/cmd/api.(*App).mountAPI.Create.func163 (6 handlers)
[GIN-debug] GET    /problems/:id             --> github.com/mark3748/helpdesk-go/cmd/api.(*App).mountAPI.Get.func164 (6 handlers)
[GIN-debug] PUT    /problems/:id             --> github.com/mark3748/helpdesk-go/cmd/api.(*App).mountAPI.Update.func165 (6 handlers)
[GIN-debug] DELETE /problems/:id             --> github.com/mark3748/helpdesk-go/cmd/api.(*App).mountAPI.Delete.func166 (6 handlers)
[GIN-debug] GET    /changes                  --> github.com/mark3748/helpdesk-go/cmd/api.(*App).mountAPI.List.func167 (6 handlers)
[GIN-debug] POST   /changes                  --> github.com/mark3748/helpdesk-go/cmd/api.(*App).mountAPI.Create.func168 (6 handlers)
[GIN-debug] GET    /changes/:id              --> github.com/mark3748/helpdesk-go/cmd/api.(*App).mountAPI.Get.func169 (6 handlers)
[GIN-debug] PUT    /changes/:id              --> github.com/mark3748/helpdesk-go/cmd/api.(*App).mountAPI.Update.func170 (6 handlers)
[GIN-debug] DELETE /changes/:id              --> github.com/mark3748/helpdesk-go/cmd/api.(*App).mountAPI.Delete.func171 (6 handlers)
[GIN-debug] GET    /releases                 --> github.com/mark3748/helpdesk-go/cmd/api.(*App).mountAPI.List.func172 (6 handlers)
[GIN-debug] POST   /releases                 --> github.com/mark3748/helpdesk-go/cmd/api.(*App).mountAPI.Create.func173 (6 handlers)
[GIN-debug] GET    /releases/:id             --> github.com/mark3748/helpdesk-go/cmd/api.(*App).mountAPI.Get.func174 (6 handlers)
[GIN-debug] PUT    /releases/:id             --> github.com/mark3748/helpdesk-go/cmd/api.(*App).mountAPI.Update.func175 (6 handlers)
[GIN-debug] DELETE /releases/:id             --> github.com/mark3748/helpdesk-go/cmd/api.(*App).mountAPI.Delete.func176 (6 handlers)
[GIN-debug] GET    /api/livez                --> github.com/mark3748/helpdesk-go/cmd/api.(*App).mountAPI.func1 (5 handlers)
[GIN-debug] GET    /api/readyz               --> github.com/mark3748/helpdesk-go/cmd/api.(*App).readyz-fm (5 handlers)
[GIN-debug] GET    /api/healthz              --> github.com/mark3748/helpdesk-go/cmd/api.(*App).mountAPI.func2 (5 handlers)
[GIN-debug] GET    /api/csat/:token          --> github.com/mark3748/helpdesk-go/cmd/api.(*App).csatForm-fm (5 handlers)
[GIN-debug] POST   /api/csat/:token          --> github.com/mark3748/helpdesk-go/cmd/api.(*App).submitCSAT-fm (5 handlers)
[GIN-debug] GET    /api/metrics              --> github.com/mark3748/helpdesk-go/cmd/api.(*App).mountAPI.WrapH.func9 (5 handlers)
[GIN-debug] GET    /api/swagger/*filepath    --> github.com/gin-gonic/gin.(*RouterGroup).createStaticHandler.func1 (5 handlers)
[GIN-debug] HEAD   /api/swagger/*filepath    --> github.com/gin-gonic/gin.(*RouterGroup).createStaticHandler.func1 (5 handlers)
[GIN-debug] GET    /api/docs                 --> github.com/mark3748/helpdesk-go/cmd/api.(*App).docsUI-fm (5 handlers)
[GIN-debug] GET    /api/openapi.yaml         --> github.com/mark3748/helpdesk-go/cmd/api.(*App).openapiSpec-fm (5 handlers)
[GIN-debug] POST   /api/webhooks/email-inbound --> github.com/mark3748/helpdesk-go/cmd/api.(*App).mountAPI.EmailInbound.func18 (5 handlers)
[GIN-debug] GET    /api/me                   --> github.com/mark3748/helpdesk-go/cmd/api/auth.Me (6 handlers)
[GIN-debug] GET    /api/me/profile           --> github.com/mark3748/helpdesk-go/cmd/api.(*App).getMyProfile-fm (6 handlers)
[GIN-debug] PATCH  /api/me/profile           --> github.com/mark3748/helpdesk-go/cmd/api.(*App).updateMyProfile-fm (6 handlers)
[GIN-debug] POST   /api/me/password          --> github.com/mark3748/helpdesk-go/cmd/api.(*App).changeMyPassword-fm (6 handlers)
[GIN-debug] GET    /api/events               --> github.com/mark3748/helpdesk-go/cmd/api.(*App).mountAPI.Events.func20 (6 handlers)
[GIN-debug] GET    /api/settings             --> github.com/mark3748/helpdesk-go/cmd/api/handlers.GetSettings (7 handlers)
[GIN-debug] GET    /api/features             --> github.com/mark3748/helpdesk-go/cmd/api.(*App).mountAPI.Features.func22 (6 handlers)
[GIN-debug] POST   /api/test-connection      --> github.com/mark3748/helpdesk-go/cmd/api/handlers.TestConnection (7 handlers)
[GIN-debug] POST   /api/settings/storage     --> github.com/mark3748/helpdesk-go/cmd/api/handlers.SaveStorageSettings (7 handlers)
[GIN-debug] POST   /api/settings/oidc        --> github.com/mark3748/helpdesk-go/cmd/api/handlers.SaveOIDCSettings (7 handlers)
[GIN-debug] POST   /api/settings/mail        --> github.com/mark3748/helpdesk-go/cmd/api/handlers.SaveMailSettings (7 handlers)
[GIN-debug] POST   /api/settings/mail/send-test --> github.com/mark3748/helpdesk-go/cmd/api/handlers.SendTestMail (7 handlers)
[GIN-debug] GET    /api/users/:id/roles      --> github.com/mark3748/helpdesk-go/cmd/api.(*App).mountAPI.ListUserRoles.func29 (7 handlers)
[GIN-debug] POST   /api/users/:id/roles      --> github.com/mark3748/helpdesk-go/cmd/api.(*App).mountAPI.AddUserRole.func31 (7 handlers)
[GIN-debug] DELETE /api/users/:id/roles/:role --> github.com/mark3748/helpdesk-go/cmd/api.(*App).mountAPI.RemoveUserRole.func33 (7 handlers)
[GIN-debug] GET    /api/users                --> github.com/mark3748/helpdesk-go/cmd/api.(*App).mountAPI.List.func35 (7 handlers)
[GIN-debug] GET    /api/users/:id            --> github.com/mark3748/helpdesk-go/cmd/api.(*App).mountAPI.Get.func37 (7 handlers)
[GIN-debug] POST   /api/users                --> github.com/mark3748/helpdesk-go/cmd/api.(*App).mountAPI.CreateLocal.func39 (7 handlers)
[GIN-debug] GET    /api/roles                --> github.com/mark3748/helpdesk-go/cmd/api.(*App).mountAPI.List.func41 (7 handlers)
[GIN-debug] GET    /api/requesters           --> github.com/mark3748/helpdesk-go/cmd/api.(*App).mountAPI.Search.func42 (6 handlers)
[GIN-debug] GET    /api/requesters/:id       --> github.com/mark3748/helpdesk-go/cmd/api.(*App).getRequester-fm (6 handlers)
[GIN-debug] POST   /api/requesters           --> github.com/mark3748/helpdesk-go/cmd/api.(*App).createRequester-fm (7 handlers)
[GIN-debug] PATCH  /api/requesters/:id       --> github.com/mark3748/helpdesk-go/cmd/api.(*App).updateRequester-fm (7 handlers)
[GIN-debug] GET    /api/teams                --> github.com/mark3748/helpdesk-go/cmd/api.(*App).mountAPI.List.func45 (6 handlers)
[GIN-debug] GET    /api/slas                 --> github.com/mark3748/helpdesk-go/cmd/api.(*App).mountAPI.List.func46 (6 handlers)
[GIN-debug] GET    /api/kb                   --> github.com/mark3748/helpdesk-go/cmd/api.(*App).mountAPI.Search.func47 (6 handlers)
[GIN-debug] GET    /api/kb/:slug             --> github.com/mark3748/helpdesk-go/cmd/api.(*App).mountAPI.Get.func48 (6 handlers)
[GIN-debug] POST   /api/kb                   --> github.com/mark3748/helpdesk-go/cmd/api.(*App).mountAPI.Create.func50 (7 handlers)
[GIN-debug] PUT    /api/kb/:slug             --> github.com/mark3748/helpdesk-go/cmd/api.(*App).mountAPI.Update.func52 (7 handlers)
[GIN-debug] DELETE /api/kb/:slug             --> github.com/mark3748/helpdesk-go/cmd/api.(*App).mountAPI.Delete.func54 (7 handlers)
[GIN-debug] GET    /api/tickets              --> github.com/mark3748/helpdesk-go/cmd/api.(*App).mountAPI.List.func55 (6 handlers)
[GIN-debug] POST   /api/tickets              --> github.com/mark3748/helpdesk-go/cmd/api.(*App).mountAPI.Create.func59 (6 handlers)
[GIN-debug] GET    /api/tickets/:id          --> github.com/mark3748/helpdesk-go/cmd/api.(*App).mountAPI.Get.func60 (6 handlers)
[GIN-debug] PATCH  /api/tickets/:id          --> github.com/mark3748/helpdesk-go/cmd/api.(*App).mountAPI.Update.func62 (7 handlers)
[GIN-debug] GET    /api/tickets/:id/comments --> github.com/mark3748/helpdesk-go/cmd/api.(*App).mountAPI.List.func63 (6 handlers)
[GIN-debug] POST   /api/tickets/:id/comments --> github.com/mark3748/helpdesk-go/cmd/api.(*App).mountAPI.Add.func64 (6 handlers)
[GIN-debug] GET    /api/tickets/:id/attachments --> github.com/mark3748/helpdesk-go/cmd/api.(*App).mountAPI.List.func65 (6 handlers)
[GIN-debug] POST   /api/tickets/:id/attachments/presign --> github.com/mark3748/helpdesk-go/cmd/api.(*App).mountAPI.Presign.func75 (6 handlers)
[GIN-debug] POST   /api/tickets/:id/attachments --> github.com/mark3748/helpdesk-go/cmd/api.(*App).mountAPI.Finalize.func76 (6 handlers)
[GIN-debug] GET    /api/tickets/:id/attachments/:attID --> github.com/mark3748/helpdesk-go/cmd/api.(*App).mountAPI.Get.func77 (6 handlers)
[GIN-debug] PUT    /api/attachments/upload/:objectKey --> github.com/mark3748/helpdesk-go/cmd/api.(*App).mountAPI.UploadObject.func78 (6 handlers)
[GIN-debug] DELETE /api/tickets/:id/attachments/:attID --> github.com/mark3748/helpdesk-go/cmd/api.(*App).mountAPI.Delete.func79 (6 handlers)
[GIN-debug] GET    /api/tickets/:id/watchers --> github.com/mark3748/helpdesk-go/cmd/api.(*App).mountAPI.List.func80 (6 handlers)
[GIN-debug] POST   /api/tickets/:id/watchers --> github.com/mark3748/helpdesk-go/cmd/api.(*App).mountAPI.Add.func81 (6 handlers)
[GIN-debug] DELETE /api/tickets/:id/watchers/:uid --> github.com/mark3748/helpdesk-go/cmd/api.(*App).mountAPI.Remove.func82 (6 handlers)
[GIN-debug] GET    /api/emails/outbound      --> github.com/mark3748/helpdesk-go/cmd/api.(*App).mountAPI.ListOutbound.func84 (7 handlers)
[GIN-debug] GET    /api/metrics/sla          --> github.com/mark3748/helpdesk-go/cmd/api.(*App).mountAPI.SLA.func86 (7 handlers)
[GIN-debug] GET    /api/metrics/resolution   --> github.com/mark3748/helpdesk-go/cmd/api.(*App).mountAPI.Resolution.func88 (7 handlers)
[GIN-debug] GET    /api/metrics/tickets      --> github.com/mark3748/helpdesk-go/cmd/api.(*App).mountAPI.TicketVolume.func90 (7 handlers)
[GIN-debug] GET    /api/metrics/dashboard    --> github.com/mark3748/helpdesk-go/cmd/api.(*App).mountAPI.Dashboard.func92 (7 handlers)
[GIN-debug] GET    /api/metrics/agent        --> github.com/mark3748/helpdesk-go/cmd/api.(*App).mountAPI.Agent.func94 (7 handlers)
[GIN-debug] GET    /api/metrics/manager      --> github.com/mark3748/helpdesk-go/cmd/api.(*App).mountAPI.Manager.func96 (7 handlers)
[GIN-debug] POST   /api/exports/tickets      --> github.com/mark3748/helpdesk-go/cmd/api.(*App).exportTicketsBridge-fm (7 handlers)
[GIN-debug] GET    /api/exports/tickets/:job_id --> github.com/mark3748/helpdesk-go/cmd/api.(*App).exportTicketsStatus-fm (7 handlers)
[GIN-debug] GET    /api/webhooks             --> github.com/mark3748/helpdesk-go/cmd/api.(*App).mountAPI.List.func100 (7 handlers)
[GIN-debug] POST   /api/webhooks             --> github.com/mark3748/helpdesk-go/cmd/api.(*App).mountAPI.Create.func102 (7 handlers)
[GIN-debug] DELETE /api/webhooks/:id         --> github.com/mark3748/helpdesk-go/cmd/api.(*App).mountAPI.Delete.func104 (7 handlers)
[GIN-debug] GET    /api/asset-categories     --> github.com/mark3748/helpdesk-go/cmd/api.(*App).mountAPI.ListCategories.func105 (6 handlers)
[GIN-debug] POST   /api/asset-categories     --> github.com/mark3748/helpdesk-go/cmd/api.(*App).mountAPI.CreateCategory.func107 (7 handlers)
[GIN-debug] GET    /api/asset-categories/:id --> github.com/mark3748/helpdesk-go/cmd/api.(*App).mountAPI.GetCategory.func108 (6 handlers)
[GIN-debug] GET    /api/assets               --> github.com/mark3748/helpdesk-go/cmd/api.(*App).mountAPI.ListAssets.func109 (6 handlers)
[GIN-debug] POST   /api/assets               --> github.com/mark3748/helpdesk-go/cmd/api.(*App).mountAPI.CreateAsset.func111 (7 handlers)
[GIN-debug] GET    /api/assets/:id           --> github.com/mark3748/helpdesk-go/cmd/api.(*App).mountAPI.GetAsset.func112 (6 handlers)
[GIN-debug] PATCH  /api/assets/:id           --> github.com/mark3748/helpdesk-go/cmd/api.(*App).mountAPI.UpdateAsset.func114 (7 handlers)
[GIN-debug] DELETE /api/assets/:id           --> github.com/mark3748/helpdesk-go/cmd/api.(*App).mountAPI.DeleteAsset.func116 (7 handlers)
[GIN-debug] POST   /api/assets/:id/assign    --> github.com/mark3748/helpdesk-go/cmd/api.(*App).mountAPI.AssignAsset.func118 (7 handlers)
[GIN-debug] GET    /api/assets/:id/history   --> github.com/mark3748/helpdesk-go/cmd/api.(*App).mountAPI.GetAssetHistory.func119 (6 handlers)
[GIN-debug] GET    /api/assets/:id/assignments --> github.com/mark3748/helpdesk-go/cmd/api.(*App).mountAPI.GetAssetAssignments.func120 (6 handlers)
[GIN-debug] GET    /api/assets/:id/attachments --> github.com/mark3748/helpdesk-go/cmd/api.(*App).mountAPI.ListAttachments.func121 (6 handlers)
[GIN-debug] POST   /api/assets/:id/attachments/presign --> github.com/mark3748/helpdesk-go/cmd/api.(*App).mountAPI.PresignAssetUpload.func123 (7 handlers)
[GIN-debug] POST   /api/assets/:id/attachments --> github.com/mark3748/helpdesk-go/cmd/api.(*App).mountAPI.FinalizeAssetAttachment.func125 (7 handlers)
[GIN-debug] GET    /api/assets/:id/attachments/:attachmentID --> github.com/mark3748/helpdesk-go/cmd/api.(*App).mountAPI.GetAssetAttachment.func126 (6 handlers)
[GIN-debug] DELETE /api/assets/:id/attachments/:attachmentID --> github.com/mark3748/helpdesk-go/cmd/api.(*App).mountAPI.DeleteAssetAttachment.func128 (7 handlers)
[GIN-debug] PUT    /api/assets/attachments/upload/:objectKey --> github.com/mark3748/helpdesk-go/cmd/api.(*App).mountAPI.UploadAssetObject.func129 (6 handlers)
[GIN-debug] POST   /api/assets/:id/status-change --> github.com/mark3748/helpdesk-go/cmd/api.(*App).mountAPI.RequestStatusChange.func131 (7 handlers)
[GIN-debug] POST   /api/workflows/:id/approve --> github.com/mark3748/helpdesk-go/cmd/api.(*App).mountAPI.ApproveWorkflow.func133 (7 handlers)
[GIN-debug] POST   /api/workflows/:id/reject --> github.com/mark3748/helpdesk-go/cmd/api.(*App).mountAPI.RejectWorkflow.func135 (7 handlers)
[GIN-debug] POST   /api/assets/:id/checkout  --> github.com/mark3748/helpdesk-go/cmd/api.(*App).mountAPI.CheckoutAsset.func137 (7 handlers)
[GIN-debug] POST   /api/assets/checkin       --> github.com/mark3748/helpdesk-go/cmd/api.(*App).mountAPI.CheckinAsset.func139 (7 handlers)
[GIN-debug] GET    /api/assets/checkouts/active --> github.com/mark3748/helpdesk-go/cmd/api.(*App).mountAPI.GetActiveCheckouts.func140 (6 handlers)
[GIN-debug] GET    /api/assets/checkouts/overdue --> github.com/mark3748/helpdesk-go/cmd/api.(*App).mountAPI.GetOverdueCheckouts.func141 (6 handlers)
[GIN-debug] POST   /api/assets/:id/relationships --> github.com/mark3748/helpdesk-go/cmd/api.(*App).mountAPI.CreateRelationship.func143 (7 handlers)
[GIN-debug] GET    /api/assets/:id/relationships/graph --> github.com/mark3748/helpdesk-go/cmd/api.(*App).mountAPI.GetRelationshipGraph.func144 (6 handlers)
[GIN-debug] GET    /api/assets/:id/impact-analysis --> github.com/mark3748/helpdesk-go/cmd/api.(*App).mountAPI.GetAssetImpactAnalysis.func145 (6 handlers)
[GIN-debug] POST   /api/assets/bulk/update   --> github.com/mark3748/helpdesk-go/cmd/api.(*App).mountAPI.BulkUpdateAssets.func147 (7 handlers)
[GIN-debug] POST   /api/assets/bulk/assign   --> github.com/mark3748/helpdesk-go/cmd/api.(*App).mountAPI.BulkAssignAssets.func149 (7 handlers)
[GIN-debug] GET    /api/assets/bulk/operations/:id --> github.com/mark3748/helpdesk-go/cmd/api.(*App).mountAPI.GetBulkOperation.func150 (6 handlers)
[GIN-debug] POST   /api/assets/import/preview --> github.com/mark3748/helpdesk-go/cmd/api.(*App).mountAPI.ImportAssetsPreview.func152 (7 handlers)
[GIN-debug] POST   /api/assets/import        --> github.com/mark3748/helpdesk-go/cmd/api.(*App).mountAPI.ImportAssets.func154 (7 handlers)
[GIN-debug] POST   /api/assets/export        --> github.com/mark3748/helpdesk-go/cmd/api.(*App).mountAPI.ExportAssets.func156 (7 handlers)
[GIN-debug] GET    /api/assets/:id/audit     --> github.com/mark3748/helpdesk-go/cmd/api.(*App).mountAPI.GetAuditHistory.func157 (6 handlers)
[GIN-debug] GET    /api/assets/audit/summary --> github.com/mark3748/helpdesk-go/cmd/api.(*App).mountAPI.GetAuditSummary.func159 (7 handlers)
[GIN-debug] GET    /api/assets/analytics     --> github.com/mark3748/helpdesk-go/cmd/api.(*App).mountAPI.GetAssetAnalytics.func161 (7 handlers)
[GIN-debug] GET    /api/problems             --> github.com/mark3748/helpdesk-go/cmd/api.(*App).mountAPI.List.func162 (6 handlers)
[GIN-debug] POST   /api/problems             --> github.com/mark3748/helpdesk-go/cmd/api.(*App).mountAPI.Create.func163 (6 handlers)
[GIN-debug] GET    /api/problems/:id         --> github.com/mark3748/helpdesk-go/cmd/api.(*App).mountAPI.Get.func164 (6 handlers)
[GIN-debug] PUT    /api/problems/:id         --> github.com/mark3748/helpdesk-go/cmd/api.(*App).mountAPI.Update.func165 (6 handlers)
[GIN-debug] DELETE /api/problems/:id         --> github.com/mark3748/helpdesk-go/cmd/api.(*App).mountAPI.Delete.func166 (6 handlers)
[GIN-debug] GET    /api/changes              --> github.com/mark3748/helpdesk-go/cmd/api.(*App).mountAPI.List.func167 (6 handlers)
[GIN-debug] POST   /api/changes              --> github.com/mark3748/helpdesk-go/cmd/api.(*App).mountAPI.Create.func168 (6 handlers)
[GIN-debug] GET    /api/changes/:id          --> github.com/mark3748/helpdesk-go/cmd/api.(*App).mountAPI.Get.func169 (6 handlers)
[GIN-debug] PUT    /api/changes/:id          --> github.com/mark3748/helpdesk-go/cmd/api.(*App).mountAPI.Update.func170 (6 handlers)
[GIN-debug] DELETE /api/changes/:id          --> github.com/mark3748/helpdesk-go/cmd/api.(*App).mountAPI.Delete.func171 (6 handlers)
[GIN-debug] GET    /api/releases             --> github.com/mark3748/helpdesk-go/cmd/api.(*App).mountAPI.List.func172 (6 handlers)
[GIN-debug] POST   /api/releases             --> github.com/mark3748/helpdesk-go/cmd/api.(*App).mountAPI.Create.func173 (6 handlers)
[GIN-debug] GET    /api/releases/:id         --> github.com/mark3748/helpdesk-go/cmd/api.(*App).mountAPI.Get.func174 (6 handlers)
[GIN-debug] PUT    /api/releases/:id         --> github.com/mark3748/helpdesk-go/cmd/api.(*App).mountAPI.Update.func175 (6 handlers)
[GIN-debug] DELETE /api/releases/:id         --> github.com/mark3748/helpdesk-go/cmd/api.(*App).mountAPI.Delete.func176 (6 handlers)
{"level":"error","error":"context deadline exceeded","time":"2025-12-20T00:53:51-07:00","message":"readyz db"}
{"level":"info","request_id":"c8d08138-bd54-4b9d-9603-601b964bc364","method":"GET","path":"/readyz","status":500,"duration":5.565493,"time":"2025-12-20T00:53:51-07:00","message":"request"}
[GIN-debug] [WARNING] Running in "debug" mode. Switch to "release" mode in production.
 - using env:	export GIN_MODE=release
 - using code:	gin.SetMode(gin.ReleaseMode)

[GIN-debug] [WARNING] Running in "debug" mode. Switch to "release" mode in production.
 - using env:	export GIN_MODE=release
 - using code:	gin.SetMode(gin.ReleaseMode)

[GIN-debug] GET    /livez                    --> github.com/mark3748/helpdesk-go/cmd/api.(*App).mountAPI.func1 (5 handlers)
[GIN-debug] GET    /readyz                   --> github.com/mark3748/helpdesk-go/cmd/api.(*App).readyz-fm (5 handlers)
[GIN-debug] GET    /healthz                  --> github.com/mark3748/helpdesk-go/cmd/api.(*App).mountAPI.func2 (5 handlers)
[GIN-debug] GET    /csat/:token              --> github.com/mark3748/helpdesk-go/cmd/api.(*App).csatForm-fm (5 handlers)
[GIN-debug] POST   /csat/:token              --> github.com/mark3748/helpdesk-go/cmd/api.(*App).submitCSAT-fm (5 handlers)
[GIN-debug] GET    /metrics                  --> github.com/mark3748/helpdesk-go/cmd/api.(*App).mountAPI.WrapH.func9 (5 handlers)
[GIN-debug] GET    /swagger/*filepath        --> github.com/gin-gonic/gin.(*RouterGroup).createStaticHandler.func1 (5 handlers)
[GIN-debug] HEAD   /swagger/*filepath        --> github.com/gin-gonic/gin.(*RouterGroup).createStaticHandler.func1 (5 handlers)
[GIN-debug] GET    /docs                     --> github.com/mark3748/helpdesk-go/cmd/api.(*App).docsUI-fm (5 handlers)
[GIN-debug] GET    /openapi.yaml             --> github.com/mark3748/helpdesk-go/cmd/api.(*App).openapiSpec-fm (5 handlers)
[GIN-debug] POST   /webhooks/email-inbound   --> github.com/mark3748/helpdesk-go/cmd/api.(*App).mountAPI.EmailInbound.func18 (5 handlers)
[GIN-debug] GET    /me                       --> github.com/mark3748/helpdesk-go/cmd/api/auth.Me (6 handlers)
[GIN-debug] GET    /me/profile               --> github.com/mark3748/helpdesk-go/cmd/api.(*App).getMyProfile-fm (6 handlers)
[GIN-debug] PATCH  /me/profile               --> github.com/mark3748/helpdesk-go/cmd/api.(*App).updateMyProfile-fm (6 handlers)
[GIN-debug] POST   /me/password              --> github.com/mark3748/helpdesk-go/cmd/api.(*App).changeMyPassword-fm (6 handlers)
[GIN-debug] GET    /events                   --> github.com/mark3748/helpdesk-go/cmd/api.(*App).mountAPI.Events.func20 (6 handlers)
[GIN-debug] GET    /settings                 --> github.com/mark3748/helpdesk-go/cmd/api/handlers.GetSettings (7 handlers)
[GIN-debug] GET    /features                 --> github.com/mark3748/helpdesk-go/cmd/api.(*App).mountAPI.Features.func22 (6 handlers)
[GIN-debug] POST   /test-connection          --> github.com/mark3748/helpdesk-go/cmd/api/handlers.TestConnection (7 handlers)
[GIN-debug] POST   /settings/storage         --> github.com/mark3748/helpdesk-go/cmd/api/handlers.SaveStorageSettings (7 handlers)
[GIN-debug] POST   /settings/oidc            --> github.com/mark3748/helpdesk-go/cmd/api/handlers.SaveOIDCSettings (7 handlers)
[GIN-debug] POST   /settings/mail            --> github.com/mark3748/helpdesk-go/cmd/api/handlers.SaveMailSettings (7 handlers)
[GIN-debug] POST   /settings/mail/send-test  --> github.com/mark3748/helpdesk-go/cmd/api/handlers.SendTestMail (7 handlers)
[GIN-debug] GET    /users/:id/roles          --> github.com/mark3748/helpdesk-go/cmd/api.(*App).mountAPI.ListUserRoles.func29 (7 handlers)
[GIN-debug] POST   /users/:id/roles          --> github.com/mark3748/helpdesk-go/cmd/api.(*App).mountAPI.AddUserRole.func31 (7 handlers)
[GIN-debug] DELETE /users/:id/roles/:role    --> github.com/mark3748/helpdesk-go/cmd/api.(*App).mountAPI.RemoveUserRole.func33 (7 handlers)
[GIN-debug] GET    /users                    --> github.com/mark3748/helpdesk-go/cmd/api.(*App).mountAPI.List.func35 (7 handlers)
[GIN-debug] GET    /users/:id                --> github.com/mark3748/helpdesk-go/cmd/api.(*App).mountAPI.Get.func37 (7 handlers)
[GIN-debug] POST   /users                    --> github.com/mark3748/helpdesk-go/cmd/api.(*App).mountAPI.CreateLocal.func39 (7 handlers)
[GIN-debug] GET    /roles                    --> github.com/mark3748/helpdesk-go/cmd/api.(*App).mountAPI.List.func41 (7 handlers)
[GIN-debug] GET    /requesters               --> github.com/mark3748/helpdesk-go/cmd/api.(*App).mountAPI.Search.func42 (6 handlers)
[GIN-debug] GET    /requesters/:id           --> github.com/mark3748/helpdesk-go/cmd/api.(*App).getRequester-fm (6 handlers)
[GIN-debug] POST   /requesters               --> github.com/mark3748/helpdesk-go/cmd/api.(*App).createRequester-fm (7 handlers)
[GIN-debug] PATCH  /requesters/:id           --> github.com/mark3748/helpdesk-go/cmd/api.(*App).updateRequester-fm (7 handlers)
[GIN-debug] GET    /teams                    --> github.com/mark3748/helpdesk-go/cmd/api.(*App).mountAPI.List.func45 (6 handlers)
[GIN-debug] GET    /slas                     --> github.com/mark3748/helpdesk-go/cmd/api.(*App).mountAPI.List.func46 (6 handlers)
[GIN-debug] GET    /kb                       --> github.com/mark3748/helpdesk-go/cmd/api.(*App).mountAPI.Search.func47 (6 handlers)
[GIN-debug] GET    /kb/:slug                 --> github.com/mark3748/helpdesk-go/cmd/api.(*App).mountAPI.Get.func48 (6 handlers)
[GIN-debug] POST   /kb                       --> github.com/mark3748/helpdesk-go/cmd/api.(*App).mountAPI.Create.func50 (7 handlers)
[GIN-debug] PUT    /kb/:slug                 --> github.com/mark3748/helpdesk-go/cmd/api.(*App).mountAPI.Update.func52 (7 handlers)
[GIN-debug] DELETE /kb/:slug                 --> github.com/mark3748/helpdesk-go/cmd/api.(*App).mountAPI.Delete.func54 (7 handlers)
[GIN-debug] GET    /tickets                  --> github.com/mark3748/helpdesk-go/cmd/api.(*App).mountAPI.List.func55 (6 handlers)
[GIN-debug] POST   /tickets                  --> github.com/mark3748/helpdesk-go/cmd/api.(*App).mountAPI.Create.func59 (6 handlers)
[GIN-debug] GET    /tickets/:id              --> github.com/mark3748/helpdesk-go/cmd/api.(*App).mountAPI.Get.func60 (6 handlers)
[GIN-debug] PATCH  /tickets/:id              --> github.com/mark3748/helpdesk-go/cmd/api.(*App).mountAPI.Update.func62 (7 handlers)
[GIN-debug] GET    /tickets/:id/comments     --> github.com/mark3748/helpdesk-go/cmd/api.(*App).mountAPI.List.func63 (6 handlers)
[GIN-debug] POST   /tickets/:id/comments     --> github.com/mark3748/helpdesk-go/cmd/api.(*App).mountAPI.Add.func64 (6 handlers)
[GIN-debug] GET    /tickets/:id/attachments  --> github.com/mark3748/helpdesk-go/cmd/api.(*App).mountAPI.List.func65 (6 handlers)
[GIN-debug] POST   /tickets/:id/attachments/presign --> github.com/mark3748/helpdesk-go/cmd/api.(*App).mountAPI.Presign.func75 (6 handlers)
[GIN-debug] POST   /tickets/:id/attachments  --> github.com/mark3748/helpdesk-go/cmd/api.(*App).mountAPI.Finalize.func76 (6 handlers)
[GIN-debug] GET    /tickets/:id/attachments/:attID --> github.com/mark3748/helpdesk-go/cmd/api.(*App).mountAPI.Get.func77 (6 handlers)
[GIN-debug] PUT    /attachments/upload/:objectKey --> github.com/mark3748/helpdesk-go/cmd/api.(*App).mountAPI.UploadObject.func78 (6 handlers)
[GIN-debug] DELETE /tickets/:id/attachments/:attID --> github.com/mark3748/helpdesk-go/cmd/api.(*App).mountAPI.Delete.func79 (6 handlers)
[GIN-debug] GET    /tickets/:id/watchers     --> github.com/mark3748/helpdesk-go/cmd/api.(*App).mountAPI.List.func80 (6 handlers)
[GIN-debug] POST   /tickets/:id/watchers     --> github.com/mark3748/helpdesk-go/cmd/api.(*App).mountAPI.Add.func81 (6 handlers)
[GIN-debug] DELETE /tickets/:id/watchers/:uid --> github.com/mark3748/helpdesk-go/cmd/api.(*App).mountAPI.Remove.func82 (6 handlers)
[GIN-debug] GET    /emails/outbound          --> github.com/mark3748/helpdesk-go/cmd/api.(*App).mountAPI.ListOutbound.func84 (7 handlers)
[GIN-debug] GET    /metrics/sla              --> github.com/mark3748/helpdesk-go/cmd/api.(*App).mountAPI.SLA.func86 (7 handlers)
[GIN-debug] GET    /metrics/resolution       --> github.com/mark3748/helpdesk-go/cmd/api.(*App).mountAPI.Resolution.func88 (7 handlers)
[GIN-debug] GET    /metrics/tickets          --> github.com/mark3748/helpdesk-go/cmd/api.(*App).mountAPI.TicketVolume.func90 (7 handlers)
[GIN-debug] GET    /metrics/dashboard        --> github.com/mark3748/helpdesk-go/cmd/api.(*App).mountAPI.Dashboard.func92 (7 handlers)
[GIN-debug] GET    /metrics/agent            --> github.com/mark3748/helpdesk-go/cmd/api.(*App).mountAPI.Agent.func94 (7 handlers)
[GIN-debug] GET    /metrics/manager          --> github.com/mark3748/helpdesk-go/cmd/api.(*App).mountAPI.Manager.func96 (7 handlers)
[GIN-debug] POST   /exports/tickets          --> github.com/mark3748/helpdesk-go/cmd/api.(*App).exportTicketsBridge-fm (7 handlers)
[GIN-debug] GET    /exports/tickets/:job_id  --> github.com/mark3748/helpdesk-go/cmd/api.(*App).exportTicketsStatus-fm (7 handlers)
[GIN-debug] GET    /webhooks                 --> github.com/mark3748/helpdesk-go/cmd/api.(*App).mountAPI.List.func100 (7 handlers)
[GIN-debug] POST   /webhooks                 --> github.com/mark3748/helpdesk-go/cmd/api.(*App).mountAPI.Create.func102 (7 handlers)
[GIN-debug] DELETE /webhooks/:id             --> github.com/mark3748/helpdesk-go/cmd/api.(*App).mountAPI.Delete.func104 (7 handlers)
[GIN-debug] GET    /asset-categories         --> github.com/mark3748/helpdesk-go/cmd/api.(*App).mountAPI.ListCategories.func105 (6 handlers)
[GIN-debug] POST   /asset-categories         --> github.com/mark3748/helpdesk-go/cmd/api.(*App).mountAPI.CreateCategory.func107 (7 handlers)
[GIN-debug] GET    /asset-categories/:id     --> github.com/mark3748/helpdesk-go/cmd/api.(*App).mountAPI.GetCategory.func108 (6 handlers)
[GIN-debug] GET    /assets                   --> github.com/mark3748/helpdesk-go/cmd/api.(*App).mountAPI.ListAssets.func109 (6 handlers)
[GIN-debug] POST   /assets                   --> github.com/mark3748/helpdesk-go/cmd/api.(*App).mountAPI.CreateAsset.func111 (7 handlers)
[GIN-debug] GET    /assets/:id               --> github.com/mark3748/helpdesk-go/cmd/api.(*App).mountAPI.GetAsset.func112 (6 handlers)
[GIN-debug] PATCH  /assets/:id               --> github.com/mark3748/helpdesk-go/cmd/api.(*App).mountAPI.UpdateAsset.func114 (7 handlers)
[GIN-debug] DELETE /assets/:id               --> github.com/mark3748/helpdesk-go/cmd/api.(*App).mountAPI.DeleteAsset.func116 (7 handlers)
[GIN-debug] POST   /assets/:id/assign        --> github.com/mark3748/helpdesk-go/cmd/api.(*App).mountAPI.AssignAsset.func118 (7 handlers)
[GIN-debug] GET    /assets/:id/history       --> github.com/mark3748/helpdesk-go/cmd/api.(*App).mountAPI.GetAssetHistory.func119 (6 handlers)
[GIN-debug] GET    /assets/:id/assignments   --> github.com/mark3748/helpdesk-go/cmd/api.(*App).mountAPI.GetAssetAssignments.func120 (6 handlers)
[GIN-debug] GET    /assets/:id/attachments   --> github.com/mark3748/helpdesk-go/cmd/api.(*App).mountAPI.ListAttachments.func121 (6 handlers)
[GIN-debug] POST   /assets/:id/attachments/presign --> github.com/mark3748/helpdesk-go/cmd/api.(*App).mountAPI.PresignAssetUpload.func123 (7 handlers)
[GIN-debug] POST   /assets/:id/attachments   --> github.com/mark3748/helpdesk-go/cmd/api.(*App).mountAPI.FinalizeAssetAttachment.func125 (7 handlers)
[GIN-debug] GET    /assets/:id/attachments/:attachmentID --> github.com/mark3748/helpdesk-go/cmd/api.(*App).mountAPI.GetAssetAttachment.func126 (6 handlers)
[GIN-debug] DELETE /assets/:id/attachments/:attachmentID --> github.com/mark3748/helpdesk-go/cmd/api.(*App).mountAPI.DeleteAssetAttachment.func128 (7 handlers)
[GIN-debug] PUT    /assets/attachments/upload/:objectKey --> github.com/mark3748/helpdesk-go/cmd/api.(*App).mountAPI.UploadAssetObject.func129 (6 handlers)
[GIN-debug] POST   /assets/:id/status-change --> github.com/mark3748/helpdesk-go/cmd/api.(*App).mountAPI.RequestStatusChange.func131 (7 handlers)
[GIN-debug] POST   /workflows/:id/approve    --> github.com/mark3748/helpdesk-go/cmd/api.(*App).mountAPI.ApproveWorkflow.func133 (7 handlers)
[GIN-debug] POST   /workflows/:id/reject     --> github.com/mark3748/helpdesk-go/cmd/api.(*App).mountAPI.RejectWorkflow.func135 (7 handlers)
[GIN-debug] POST   /assets/:id/checkout      --> github.com/mark3748/helpdesk-go/cmd/api.(*App).mountAPI.CheckoutAsset.func137 (7 handlers)
[GIN-debug] POST   /assets/checkin           --> github.com/mark3748/helpdesk-go/cmd/api.(*App).mountAPI.CheckinAsset.func139 (7 handlers)
[GIN-debug] GET    /assets/checkouts/active  --> github.com/mark3748/helpdesk-go/cmd/api.(*App).mountAPI.GetActiveCheckouts.func140 (6 handlers)
[GIN-debug] GET    /assets/checkouts/overdue --> github.com/mark3748/helpdesk-go/cmd/api.(*App).mountAPI.GetOverdueCheckouts.func141 (6 handlers)
[GIN-debug] POST   /assets/:id/relationships --> github.com/mark3748/helpdesk-go/cmd/api.(*App).mountAPI.CreateRelationship.func143 (7 handlers)
[GIN-debug] GET    /assets/:id/relationships/graph --> github.com/mark3748/helpdesk-go/cmd/api.(*App).mountAPI.GetRelationshipGraph.func144 (6 handlers)
[GIN-debug] GET    /assets/:id/impact-analysis --> github.com/mark3748/helpdesk-go/cmd/api.(*App).mountAPI.GetAssetImpactAnalysis.func145 (6 handlers)
[GIN-debug] POST   /assets/bulk/update       --> github.com/mark3748/helpdesk-go/cmd/api.(*App).mountAPI.BulkUpdateAssets.func147 (7 handlers)
[GIN-debug] POST   /assets/bulk/assign       --> github.com/mark3748/helpdesk-go/cmd/api.(*App).mountAPI.BulkAssignAssets.func149 (7 handlers)
[GIN-debug] GET    /assets/bulk/operations/:id --> github.com/mark3748/helpdesk-go/cmd/api.(*App).mountAPI.GetBulkOperation.func150 (6 handlers)
[GIN-debug] POST   /assets/import/preview    --> github.com/mark3748/helpdesk-go/cmd/api.(*App).mountAPI.ImportAssetsPreview.func152 (7 handlers)
[GIN-debug] POST   /assets/import            --> github.com/mark3748/helpdesk-go/cmd/api.(*App).mountAPI.ImportAssets.func154 (7 handlers)
[GIN-debug] POST   /assets/export            --> github.com/mark3748/helpdesk-go/cmd/api.(*App).mountAPI.ExportAssets.func156 (7 handlers)
[GIN-debug] GET    /assets/:id/audit         --> github.com/mark3748/helpdesk-go/cmd/api.(*App).mountAPI.GetAuditHistory.func157 (6 handlers)
[GIN-debug] GET    /assets/audit/summary     --> github.com/mark3748/helpdesk-go/cmd/api.(*App).mountAPI.GetAuditSummary.func159 (7 handlers)
[GIN-debug] GET    /assets/analytics         --> github.com/mark3748/helpdesk-go/cmd/api.(*App).mountAPI.GetAssetAnalytics.func161 (7 handlers)
[GIN-debug] GET    /problems                 --> github.com/mark3748/helpdesk-go/cmd/api.(*App).mountAPI.List.func162 (6 handlers)
[GIN-debug] POST   /problems                 --> github.com/mark3748/helpdesk-go/cmd/api.(*App).mountAPI.Create.func163 (6 handlers)
[GIN-debug] GET    /problems/:id             --> github.com/mark3748/helpdesk-go/cmd/api.(*App).mountAPI.Get.func164 (6 handlers)
[GIN-debug] PUT    /problems/:id             --> github.com/mark3748/helpdesk-go/cmd/api.(*App).mountAPI.Update.func165 (6 handlers)
[GIN-debug] DELETE /problems/:id             --> github.com/mark3748/helpdesk-go/cmd/api.(*App).mountAPI.Delete.func166 (6 handlers)
[GIN-debug] GET    /changes                  --> github.com/mark3748/helpdesk-go/cmd/api.(*App).mountAPI.List.func167 (6 handlers)
[GIN-debug] POST   /changes                  --> github.com/mark3748/helpdesk-go/cmd/api.(*App).mountAPI.Create.func168 (6 handlers)
[GIN-debug] GET    /changes/:id              --> github.com/mark3748/helpdesk-go/cmd/api.(*App).mountAPI.Get.func169 (6 handlers)
[GIN-debug] PUT    /changes/:id              --> github.com/mark3748/helpdesk-go/cmd/api.(*App).mountAPI.Update.func170 (6 handlers)
[GIN-debug] DELETE /changes/:id              --> github.com/mark3748/helpdesk-go/cmd/api.(*App).mountAPI.Delete.func171 (6 handlers)
[GIN-debug] GET    /releases                 --> github.com/mark3748/helpdesk-go/cmd/api.(*App).mountAPI.List.func172 (6 handlers)
[GIN-debug] POST   /releases                 --> github.com/mark3748/helpdesk-go/cmd/api.(*App).mountAPI.Create.func173 (6 handlers)
[GIN-debug] GET    /releases/:id             --> github.com/mark3748/helpdesk-go/cmd/api.(*App).mountAPI.Get.func174 (6 handlers)
[GIN-debug] PUT    /releases/:id             --> github.com/mark3748/helpdesk-go/cmd/api.(*App).mountAPI.Update.func175 (6 handlers)
[GIN-debug] DELETE /releases/:id             --> github.com/mark3748/helpdesk-go/cmd/api.(*App).mountAPI.Delete.func176 (6 handlers)
[GIN-debug] GET    /api/livez                --> github.com/mark3748/helpdesk-go/cmd/api.(*App).mountAPI.func1 (5 handlers)
[GIN-debug] GET    /api/readyz               --> github.com/mark3748/helpdesk-go/cmd/api.(*App).readyz-fm (5 handlers)
[GIN-debug] GET    /api/healthz              --> github.com/mark3748/helpdesk-go/cmd/api.(*App).mountAPI.func2 (5 handlers)
[GIN-debug] GET    /api/csat/:token          --> github.com/mark3748/helpdesk-go/cmd/api.(*App).csatForm-fm (5 handlers)
[GIN-debug] POST   /api/csat/:token          --> github.com/mark3748/helpdesk-go/cmd/api.(*App).submitCSAT-fm (5 handlers)
[GIN-debug] GET    /api/metrics              --> github.com/mark3748/helpdesk-go/cmd/api.(*App).mountAPI.WrapH.func9 (5 handlers)
[GIN-debug] GET    /api/swagger/*filepath    --> github.com/gin-gonic/gin.(*RouterGroup).createStaticHandler.func1 (5 handlers)
[GIN-debug] HEAD   /api/swagger/*filepath    --> github.com/gin-gonic/gin.(*RouterGroup).createStaticHandler.func1 (5 handlers)
[GIN-debug] GET    /api/docs                 --> github.com/mark3748/helpdesk-go/cmd/api.(*App).docsUI-fm (5 handlers)
[GIN-debug] GET    /api/openapi.yaml         --> github.com/mark3748/helpdesk-go/cmd/api.(*App).openapiSpec-fm (5 handlers)
[GIN-debug] POST   /api/webhooks/email-inbound --> github.com/mark3748/helpdesk-go/cmd/api.(*App).mountAPI.EmailInbound.func18 (5 handlers)
[GIN-debug] GET    /api/me                   --> github.com/mark3748/helpdesk-go/cmd/api/auth.Me (6 handlers)
[GIN-debug] GET    /api/me/profile           --> github.com/mark3748/helpdesk-go/cmd/api.(*App).getMyProfile-fm (6 handlers)
[GIN-debug] PATCH  /api/me/profile           --> github.com/mark3748/helpdesk-go/cmd/api.(*App).updateMyProfile-fm (6 handlers)
[GIN-debug] POST   /api/me/password          --> github.com/mark3748/helpdesk-go/cmd/api.(*App).changeMyPassword-fm (6 handlers)
[GIN-debug] GET    /api/events               --> github.com/mark3748/helpdesk-go/cmd/api.(*App).mountAPI.Events.func20 (6 handlers)
[GIN-debug] GET    /api/settings             --> github.com/mark3748/helpdesk-go/cmd/api/handlers.GetSettings (7 handlers)
[GIN-debug] GET    /api/features             --> github.com/mark3748/helpdesk-go/cmd/api.(*App).mountAPI.Features.func22 (6 handlers)
[GIN-debug] POST   /api/test-connection      --> github.com/mark3748/helpdesk-go/cmd/api/handlers.TestConnection (7 handlers)
[GIN-debug] POST   /api/settings/storage     --> github.com/mark3748/helpdesk-go/cmd/api/handlers.SaveStorageSettings (7 handlers)
[GIN-debug] POST   /api/settings/oidc        --> github.com/mark3748/helpdesk-go/cmd/api/handlers.SaveOIDCSettings (7 handlers)
[GIN-debug] POST   /api/settings/mail        --> github.com/mark3748/helpdesk-go/cmd/api/handlers.SaveMailSettings (7 handlers)
[GIN-debug] POST   /api/settings/mail/send-test --> github.com/mark3748/helpdesk-go/cmd/api/handlers.SendTestMail (7 handlers)
[GIN-debug] GET    /api/users/:id/roles      --> github.com/mark3748/helpdesk-go/cmd/api.(*App).mountAPI.ListUserRoles.func29 (7 handlers)
[GIN-debug] POST   /api/users/:id/roles      --> github.com/mark3748/helpdesk-go/cmd/api.(*App).mountAPI.AddUserRole.func31 (7 handlers)
[GIN-debug] DELETE /api/users/:id/roles/:role --> github.com/mark3748/helpdesk-go/cmd/api.(*App).mountAPI.RemoveUserRole.func33 (7 handlers)
[GIN-debug] GET    /api/users                --> github.com/mark3748/helpdesk-go/cmd/api.(*App).mountAPI.List.func35 (7 handlers)
[GIN-debug] GET    /api/users/:id            --> github.com/mark3748/helpdesk-go/cmd/api.(*App).mountAPI.Get.func37 (7 handlers)
[GIN-debug] POST   /api/users                --> github.com/mark3748/helpdesk-go/cmd/api.(*App).mountAPI.CreateLocal.func39 (7 handlers)
[GIN-debug] GET    /api/roles                --> github.com/mark3748/helpdesk-go/cmd/api.(*App).mountAPI.List.func41 (7 handlers)
[GIN-debug] GET    /api/requesters           --> github.com/mark3748/helpdesk-go/cmd/api.(*App).mountAPI.Search.func42 (6 handlers)
[GIN-debug] GET    /api/requesters/:id       --> github.com/mark3748/helpdesk-go/cmd/api.(*App).getRequester-fm (6 handlers)
[GIN-debug] POST   /api/requesters           --> github.com/mark3748/helpdesk-go/cmd/api.(*App).createRequester-fm (7 handlers)
[GIN-debug] PATCH  /api/requesters/:id       --> github.com/mark3748/helpdesk-go/cmd/api.(*App).updateRequester-fm (7 handlers)
[GIN-debug] GET    /api/teams                --> github.com/mark3748/helpdesk-go/cmd/api.(*App).mountAPI.List.func45 (6 handlers)
[GIN-debug] GET    /api/slas                 --> github.com/mark3748/helpdesk-go/cmd/api.(*App).mountAPI.List.func46 (6 handlers)
[GIN-debug] GET    /api/kb                   --> github.com/mark3748/helpdesk-go/cmd/api.(*App).mountAPI.Search.func47 (6 handlers)
[GIN-debug] GET    /api/kb/:slug             --> github.com/mark3748/helpdesk-go/cmd/api.(*App).mountAPI.Get.func48 (6 handlers)
[GIN-debug] POST   /api/kb                   --> github.com/mark3748/helpdesk-go/cmd/api.(*App).mountAPI.Create.func50 (7 handlers)
[GIN-debug] PUT    /api/kb/:slug             --> github.com/mark3748/helpdesk-go/cmd/api.(*App).mountAPI.Update.func52 (7 handlers)
[GIN-debug] DELETE /api/kb/:slug             --> github.com/mark3748/helpdesk-go/cmd/api.(*App).mountAPI.Delete.func54 (7 handlers)
[GIN-debug] GET    /api/tickets              --> github.com/mark3748/helpdesk-go/cmd/api.(*App).mountAPI.List.func55 (6 handlers)
[GIN-debug] POST   /api/tickets              --> github.com/mark3748/helpdesk-go/cmd/api.(*App).mountAPI.Create.func59 (6 handlers)
[GIN-debug] GET    /api/tickets/:id          --> github.com/mark3748/helpdesk-go/cmd/api.(*App).mountAPI.Get.func60 (6 handlers)
[GIN-debug] PATCH  /api/tickets/:id          --> github.com/mark3748/helpdesk-go/cmd/api.(*App).mountAPI.Update.func62 (7 handlers)
[GIN-debug] GET    /api/tickets/:id/comments --> github.com/mark3748/helpdesk-go/cmd/api.(*App).mountAPI.List.func63 (6 handlers)
[GIN-debug] POST   /api/tickets/:id/comments --> github.com/mark3748/helpdesk-go/cmd/api.(*App).mountAPI.Add.func64 (6 handlers)
[GIN-debug] GET    /api/tickets/:id/attachments --> github.com/mark3748/helpdesk-go/cmd/api.(*App).mountAPI.List.func65 (6 handlers)
[GIN-debug] POST   /api/tickets/:id/attachments/presign --> github.com/mark3748/helpdesk-go/cmd/api.(*App).mountAPI.Presign.func75 (6 handlers)
[GIN-debug] POST   /api/tickets/:id/attachments --> github.com/mark3748/helpdesk-go/cmd/api.(*App).mountAPI.Finalize.func76 (6 handlers)
[GIN-debug] GET    /api/tickets/:id/attachments/:attID --> github.com/mark3748/helpdesk-go/cmd/api.(*App).mountAPI.Get.func77 (6 handlers)
[GIN-debug] PUT    /api/attachments/upload/:objectKey --> github.com/mark3748/helpdesk-go/cmd/api.(*App).mountAPI.UploadObject.func78 (6 handlers)
[GIN-debug] DELETE /api/tickets/:id/attachments/:attID --> github.com/mark3748/helpdesk-go/cmd/api.(*App).mountAPI.Delete.func79 (6 handlers)
[GIN-debug] GET    /api/tickets/:id/watchers --> github.com/mark3748/helpdesk-go/cmd/api.(*App).mountAPI.List.func80 (6 handlers)
[GIN-debug] POST   /api/tickets/:id/watchers --> github.com/mark3748/helpdesk-go/cmd/api.(*App).mountAPI.Add.func81 (6 handlers)
[GIN-debug] DELETE /api/tickets/:id/watchers/:uid --> github.com/mark3748/helpdesk-go/cmd/api.(*App).mountAPI.Remove.func82 (6 handlers)
[GIN-debug] GET    /api/emails/outbound      --> github.com/mark3748/helpdesk-go/cmd/api.(*App).mountAPI.ListOutbound.func84 (7 handlers)
[GIN-debug] GET    /api/metrics/sla          --> github.com/mark3748/helpdesk-go/cmd/api.(*App).mountAPI.SLA.func86 (7 handlers)
[GIN-debug] GET    /api/metrics/resolution   --> github.com/mark3748/helpdesk-go/cmd/api.(*App).mountAPI.Resolution.func88 (7 handlers)
[GIN-debug] GET    /api/metrics/tickets      --> github.com/mark3748/helpdesk-go/cmd/api.(*App).mountAPI.TicketVolume.func90 (7 handlers)
[GIN-debug] GET    /api/metrics/dashboard    --> github.com/mark3748/helpdesk-go/cmd/api.(*App).mountAPI.Dashboard.func92 (7 handlers)
[GIN-debug] GET    /api/metrics/agent        --> github.com/mark3748/helpdesk-go/cmd/api.(*App).mountAPI.Agent.func94 (7 handlers)
[GIN-debug] GET    /api/metrics/manager      --> github.com/mark3748/helpdesk-go/cmd/api.(*App).mountAPI.Manager.func96 (7 handlers)
[GIN-debug] POST   /api/exports/tickets      --> github.com/mark3748/helpdesk-go/cmd/api.(*App).exportTicketsBridge-fm (7 handlers)
[GIN-debug] GET    /api/exports/tickets/:job_id --> github.com/mark3748/helpdesk-go/cmd/api.(*App).exportTicketsStatus-fm (7 handlers)
[GIN-debug] GET    /api/webhooks             --> github.com/mark3748/helpdesk-go/cmd/api.(*App).mountAPI.List.func100 (7 handlers)
[GIN-debug] POST   /api/webhooks             --> github.com/mark3748/helpdesk-go/cmd/api.(*App).mountAPI.Create.func102 (7 handlers)
[GIN-debug] DELETE /api/webhooks/:id         --> github.com/mark3748/helpdesk-go/cmd/api.(*App).mountAPI.Delete.func104 (7 handlers)
[GIN-debug] GET    /api/asset-categories     --> github.com/mark3748/helpdesk-go/cmd/api.(*App).mountAPI.ListCategories.func105 (6 handlers)
[GIN-debug] POST   /api/asset-categories     --> github.com/mark3748/helpdesk-go/cmd/api.(*App).mountAPI.CreateCategory.func107 (7 handlers)
[GIN-debug] GET    /api/asset-categories/:id --> github.com/mark3748/helpdesk-go/cmd/api.(*App).mountAPI.GetCategory.func108 (6 handlers)
[GIN-debug] GET    /api/assets               --> github.com/mark3748/helpdesk-go/cmd/api.(*App).mountAPI.ListAssets.func109 (6 handlers)
[GIN-debug] POST   /api/assets               --> github.com/mark3748/helpdesk-go/cmd/api.(*App).mountAPI.CreateAsset.func111 (7 handlers)
[GIN-debug] GET    /api/assets/:id           --> github.com/mark3748/helpdesk-go/cmd/api.(*App).mountAPI.GetAsset.func112 (6 handlers)
[GIN-debug] PATCH  /api/assets/:id           --> github.com/mark3748/helpdesk-go/cmd/api.(*App).mountAPI.UpdateAsset.func114 (7 handlers)
[GIN-debug] DELETE /api/assets/:id           --> github.com/mark3748/helpdesk-go/cmd/api.(*App).mountAPI.DeleteAsset.func116 (7 handlers)
[GIN-debug] POST   /api/assets/:id/assign    --> github.com/mark3748/helpdesk-go/cmd/api.(*App).mountAPI.AssignAsset.func118 (7 handlers)
[GIN-debug] GET    /api/assets/:id/history   --> github.com/mark3748/helpdesk-go/cmd/api.(*App).mountAPI.GetAssetHistory.func119 (6 handlers)
[GIN-debug] GET    /api/assets/:id/assignments --> github.com/mark3748/helpdesk-go/cmd/api.(*App).mountAPI.GetAssetAssignments.func120 (6 handlers)
[GIN-debug] GET    /api/assets/:id/attachments --> github.com/mark3748/helpdesk-go/cmd/api.(*App).mountAPI.ListAttachments.func121 (6 handlers)
[GIN-debug] POST   /api/assets/:id/attachments/presign --> github.com/mark3748/helpdesk-go/cmd/api.(*App).mountAPI.PresignAssetUpload.func123 (7 handlers)
[GIN-debug] POST   /api/assets/:id/attachments --> github.com/mark3748/helpdesk-go/cmd/api.(*App).mountAPI.FinalizeAssetAttachment.func125 (7 handlers)
[GIN-debug] GET    /api/assets/:id/attachments/:attachmentID --> github.com/mark3748/helpdesk-go/cmd/api.(*App).mountAPI.GetAssetAttachment.func126 (6 handlers)
[GIN-debug] DELETE /api/assets/:id/attachments/:attachmentID --> github.com/mark3748/helpdesk-go/cmd/api.(*App).mountAPI.DeleteAssetAttachment.func128 (7 handlers)
[GIN-debug] PUT    /api/assets/attachments/upload/:objectKey --> github.com/mark3748/helpdesk-go/cmd/api.(*App).mountAPI.UploadAssetObject.func129 (6 handlers)
[GIN-debug] POST   /api/assets/:id/status-change --> github.com/mark3748/helpdesk-go/cmd/api.(*App).mountAPI.RequestStatusChange.func131 (7 handlers)
[GIN-debug] POST   /api/workflows/:id/approve --> github.com/mark3748/helpdesk-go/cmd/api.(*App).mountAPI.ApproveWorkflow.func133 (7 handlers)
[GIN-debug] POST   /api/workflows/:id/reject --> github.com/mark3748/helpdesk-go/cmd/api.(*App).mountAPI.RejectWorkflow.func135 (7 handlers)
[GIN-debug] POST   /api/assets/:id/checkout  --> github.com/mark3748/helpdesk-go/cmd/api.(*App).mountAPI.CheckoutAsset.func137 (7 handlers)
[GIN-debug] POST   /api/assets/checkin       --> github.com/mark3748/helpdesk-go/cmd/api.(*App).mountAPI.CheckinAsset.func139 (7 handlers)
[GIN-debug] GET    /api/assets/checkouts/active --> github.com/mark3748/helpdesk-go/cmd/api.(*App).mountAPI.GetActiveCheckouts.func140 (6 handlers)
[GIN-debug] GET    /api/assets/checkouts/overdue --> github.com/mark3748/helpdesk-go/cmd/api.(*App).mountAPI.GetOverdueCheckouts.func141 (6 handlers)
[GIN-debug] POST   /api/assets/:id/relationships --> github.com/mark3748/helpdesk-go/cmd/api.(*App).mountAPI.CreateRelationship.func143 (7 handlers)
[GIN-debug] GET    /api/assets/:id/relationships/graph --> github.com/mark3748/helpdesk-go/cmd/api.(*App).mountAPI.GetRelationshipGraph.func144 (6 handlers)
[GIN-debug] GET    /api/assets/:id/impact-analysis --> github.com/mark3748/helpdesk-go/cmd/api.(*App).mountAPI.GetAssetImpactAnalysis.func145 (6 handlers)
[GIN-debug] POST   /api/assets/bulk/update   --> github.com/mark3748/helpdesk-go/cmd/api.(*App).mountAPI.BulkUpdateAssets.func147 (7 handlers)
[GIN-debug] POST   /api/assets/bulk/assign   --> github.com/mark3748/helpdesk-go/cmd/api.(*App).mountAPI.BulkAssignAssets.func149 (7 handlers)
[GIN-debug] GET    /api/assets/bulk/operations/:id --> github.com/mark3748/helpdesk-go/cmd/api.(*App).mountAPI.GetBulkOperation.func150 (6 handlers)
[GIN-debug] POST   /api/assets/import/preview --> github.com/mark3748/helpdesk-go/cmd/api.(*App).mountAPI.ImportAssetsPreview.func152 (7 handlers)
[GIN-debug] POST   /api/assets/import        --> github.com/mark3748/helpdesk-go/cmd/api.(*App).mountAPI.ImportAssets.func154 (7 handlers)
[GIN-debug] POST   /api/assets/export        --> github.com/mark3748/helpdesk-go/cmd/api.(*App).mountAPI.ExportAssets.func156 (7 handlers)
[GIN-debug] GET    /api/assets/:id/audit     --> github.com/mark3748/helpdesk-go/cmd/api.(*App).mountAPI.GetAuditHistory.func157 (6 handlers)
[GIN-debug] GET    /api/assets/audit/summary --> github.com/mark3748/helpdesk-go/cmd/api.(*App).mountAPI.GetAuditSummary.func159 (7 handlers)
[GIN-debug] GET    /api/assets/analytics     --> github.com/mark3748/helpdesk-go/cmd/api.(*App).mountAPI.GetAssetAnalytics.func161 (7 handlers)
[GIN-debug] GET    /api/problems             --> github.com/mark3748/helpdesk-go/cmd/api.(*App).mountAPI.List.func162 (6 handlers)
[GIN-debug] POST   /api/problems             --> github.com/mark3748/helpdesk-go/cmd/api.(*App).mountAPI.Create.func163 (6 handlers)
[GIN-debug] GET    /api/problems/:id         --> github.com/mark3748/helpdesk-go/cmd/api.(*App).mountAPI.Get.func164 (6 handlers)
[GIN-debug] PUT    /api/problems/:id         --> github.com/mark3748/helpdesk-go/cmd/api.(*App).mountAPI.Update.func165 (6 handlers)
[GIN-debug] DELETE /api/problems/:id         --> github.com/mark3748/helpdesk-go/cmd/api.(*App).mountAPI.Delete.func166 (6 handlers)
[GIN-debug] GET    /api/changes              --> github.com/mark3748/helpdesk-go/cmd/api.(*App).mountAPI.List.func167 (6 handlers)
[GIN-debug] POST   /api/changes              --> github.com/mark3748/helpdesk-go/cmd/api.(*App).mountAPI.Create.func168 (6 handlers)
[GIN-debug] GET    /api/changes/:id          --> github.com/mark3748/helpdesk-go/cmd/api.(*App).mountAPI.Get.func169 (6 handlers)
[GIN-debug] PUT    /api/changes/:id          --> github.com/mark3748/helpdesk-go/cmd/api.(*App).mountAPI.Update.func170 (6 handlers)
[GIN-debug] DELETE /api/changes/:id          --> github.com/mark3748/helpdesk-go/cmd/api.(*App).mountAPI.Delete.func171 (6 handlers)
[GIN-debug] GET    /api/releases             --> github.com/mark3748/helpdesk-go/cmd/api.(*App).mountAPI.List.func172 (6 handlers)
[GIN-debug] POST   /api/releases             --> github.com/mark3748/helpdesk-go/cmd/api.(*App).mountAPI.Create.func173 (6 handlers)
[GIN-debug] GET    /api/releases/:id         --> github.com/mark3748/helpdesk-go/cmd/api.(*App).mountAPI.Get.func174 (6 handlers)
[GIN-debug] PUT    /api/releases/:id         --> github.com/mark3748/helpdesk-go/cmd/api.(*App).mountAPI.Update.func175 (6 handlers)
[GIN-debug] DELETE /api/releases/:id         --> github.com/mark3748/helpdesk-go/cmd/api.(*App).mountAPI.Delete.func176 (6 handlers)
{"level":"info","request_id":"7b58d17b-75ff-4f36-a123-8ed89a105031","method":"GET","path":"/readyz","status":200,"duration":0.011032,"time":"2025-12-20T00:53:51-07:00","message":"request"}
[GIN-debug] [WARNING] Running in "debug" mode. Switch to "release" mode in production.
 - using env:	export GIN_MODE=release
 - using code:	gin.SetMode(gin.ReleaseMode)

[GIN-debug] GET    /livez                    --> github.com/mark3748/helpdesk-go/cmd/api.(*App).mountAPI.func1 (5 handlers)
[GIN-debug] GET    /readyz                   --> github.com/mark3748/helpdesk-go/cmd/api.(*App).readyz-fm (5 handlers)
[GIN-debug] GET    /healthz                  --> github.com/mark3748/helpdesk-go/cmd/api.(*App).mountAPI.func2 (5 handlers)
[GIN-debug] GET    /csat/:token              --> github.com/mark3748/helpdesk-go/cmd/api.(*App).csatForm-fm (5 handlers)
[GIN-debug] POST   /csat/:token              --> github.com/mark3748/helpdesk-go/cmd/api.(*App).submitCSAT-fm (5 handlers)
[GIN-debug] GET    /metrics                  --> github.com/mark3748/helpdesk-go/cmd/api.(*App).mountAPI.WrapH.func9 (5 handlers)
[GIN-debug] GET    /swagger/*filepath        --> github.com/gin-gonic/gin.(*RouterGroup).createStaticHandler.func1 (5 handlers)
[GIN-debug] HEAD   /swagger/*filepath        --> github.com/gin-gonic/gin.(*RouterGroup).createStaticHandler.func1 (5 handlers)
[GIN-debug] GET    /docs                     --> github.com/mark3748/helpdesk-go/cmd/api.(*App).docsUI-fm (5 handlers)
[GIN-debug] GET    /openapi.yaml             --> github.com/mark3748/helpdesk-go/cmd/api.(*App).openapiSpec-fm (5 handlers)
[GIN-debug] POST   /webhooks/email-inbound   --> github.com/mark3748/helpdesk-go/cmd/api.(*App).mountAPI.EmailInbound.func18 (5 handlers)
[GIN-debug] GET    /me                       --> github.com/mark3748/helpdesk-go/cmd/api/auth.Me (6 handlers)
[GIN-debug] GET    /me/profile               --> github.com/mark3748/helpdesk-go/cmd/api.(*App).getMyProfile-fm (6 handlers)
[GIN-debug] PATCH  /me/profile               --> github.com/mark3748/helpdesk-go/cmd/api.(*App).updateMyProfile-fm (6 handlers)
[GIN-debug] POST   /me/password              --> github.com/mark3748/helpdesk-go/cmd/api.(*App).changeMyPassword-fm (6 handlers)
[GIN-debug] GET    /events                   --> github.com/mark3748/helpdesk-go/cmd/api.(*App).mountAPI.Events.func20 (6 handlers)
[GIN-debug] GET    /settings                 --> github.com/mark3748/helpdesk-go/cmd/api/handlers.GetSettings (7 handlers)
[GIN-debug] GET    /features                 --> github.com/mark3748/helpdesk-go/cmd/api.(*App).mountAPI.Features.func22 (6 handlers)
[GIN-debug] POST   /test-connection          --> github.com/mark3748/helpdesk-go/cmd/api/handlers.TestConnection (7 handlers)
[GIN-debug] POST   /settings/storage         --> github.com/mark3748/helpdesk-go/cmd/api/handlers.SaveStorageSettings (7 handlers)
[GIN-debug] POST   /settings/oidc            --> github.com/mark3748/helpdesk-go/cmd/api/handlers.SaveOIDCSettings (7 handlers)
[GIN-debug] POST   /settings/mail            --> github.com/mark3748/helpdesk-go/cmd/api/handlers.SaveMailSettings (7 handlers)
[GIN-debug] POST   /settings/mail/send-test  --> github.com/mark3748/helpdesk-go/cmd/api/handlers.SendTestMail (7 handlers)
[GIN-debug] GET    /users/:id/roles          --> github.com/mark3748/helpdesk-go/cmd/api.(*App).mountAPI.ListUserRoles.func29 (7 handlers)
[GIN-debug] POST   /users/:id/roles          --> github.com/mark3748/helpdesk-go/cmd/api.(*App).mountAPI.AddUserRole.func31 (7 handlers)
[GIN-debug] DELETE /users/:id/roles/:role    --> github.com/mark3748/helpdesk-go/cmd/api.(*App).mountAPI.RemoveUserRole.func33 (7 handlers)
[GIN-debug] GET    /users                    --> github.com/mark3748/helpdesk-go/cmd/api.(*App).mountAPI.List.func35 (7 handlers)
[GIN-debug] GET    /users/:id                --> github.com/mark3748/helpdesk-go/cmd/api.(*App).mountAPI.Get.func37 (7 handlers)
[GIN-debug] POST   /users                    --> github.com/mark3748/helpdesk-go/cmd/api.(*App).mountAPI.CreateLocal.func39 (7 handlers)
[GIN-debug] GET    /roles                    --> github.com/mark3748/helpdesk-go/cmd/api.(*App).mountAPI.List.func41 (7 handlers)
[GIN-debug] GET    /requesters               --> github.com/mark3748/helpdesk-go/cmd/api.(*App).mountAPI.Search.func42 (6 handlers)
[GIN-debug] GET    /requesters/:id           --> github.com/mark3748/helpdesk-go/cmd/api.(*App).getRequester-fm (6 handlers)
[GIN-debug] POST   /requesters               --> github.com/mark3748/helpdesk-go/cmd/api.(*App).createRequester-fm (7 handlers)
[GIN-debug] PATCH  /requesters/:id           --> github.com/mark3748/helpdesk-go/cmd/api.(*App).updateRequester-fm (7 handlers)
[GIN-debug] GET    /teams                    --> github.com/mark3748/helpdesk-go/cmd/api.(*App).mountAPI.List.func45 (6 handlers)
[GIN-debug] GET    /slas                     --> github.com/mark3748/helpdesk-go/cmd/api.(*App).mountAPI.List.func46 (6 handlers)
[GIN-debug] GET    /kb                       --> github.com/mark3748/helpdesk-go/cmd/api.(*App).mountAPI.Search.func47 (6 handlers)
[GIN-debug] GET    /kb/:slug                 --> github.com/mark3748/helpdesk-go/cmd/api.(*App).mountAPI.Get.func48 (6 handlers)
[GIN-debug] POST   /kb                       --> github.com/mark3748/helpdesk-go/cmd/api.(*App).mountAPI.Create.func50 (7 handlers)
[GIN-debug] PUT    /kb/:slug                 --> github.com/mark3748/helpdesk-go/cmd/api.(*App).mountAPI.Update.func52 (7 handlers)
[GIN-debug] DELETE /kb/:slug                 --> github.com/mark3748/helpdesk-go/cmd/api.(*App).mountAPI.Delete.func54 (7 handlers)
[GIN-debug] GET    /tickets                  --> github.com/mark3748/helpdesk-go/cmd/api.(*App).mountAPI.List.func55 (6 handlers)
[GIN-debug] POST   /tickets                  --> github.com/mark3748/helpdesk-go/cmd/api.(*App).mountAPI.Create.func59 (6 handlers)
[GIN-debug] GET    /tickets/:id              --> github.com/mark3748/helpdesk-go/cmd/api.(*App).mountAPI.Get.func60 (6 handlers)
[GIN-debug] PATCH  /tickets/:id              --> github.com/mark3748/helpdesk-go/cmd/api.(*App).mountAPI.Update.func62 (7 handlers)
[GIN-debug] GET    /tickets/:id/comments     --> github.com/mark3748/helpdesk-go/cmd/api.(*App).mountAPI.List.func63 (6 handlers)
[GIN-debug] POST   /tickets/:id/comments     --> github.com/mark3748/helpdesk-go/cmd/api.(*App).mountAPI.Add.func64 (6 handlers)
[GIN-debug] GET    /tickets/:id/attachments  --> github.com/mark3748/helpdesk-go/cmd/api.(*App).mountAPI.List.func65 (6 handlers)
[GIN-debug] POST   /tickets/:id/attachments/presign --> github.com/mark3748/helpdesk-go/cmd/api.(*App).mountAPI.Presign.func75 (6 handlers)
[GIN-debug] POST   /tickets/:id/attachments  --> github.com/mark3748/helpdesk-go/cmd/api.(*App).mountAPI.Finalize.func76 (6 handlers)
[GIN-debug] GET    /tickets/:id/attachments/:attID --> github.com/mark3748/helpdesk-go/cmd/api.(*App).mountAPI.Get.func77 (6 handlers)
[GIN-debug] PUT    /attachments/upload/:objectKey --> github.com/mark3748/helpdesk-go/cmd/api.(*App).mountAPI.UploadObject.func78 (6 handlers)
[GIN-debug] DELETE /tickets/:id/attachments/:attID --> github.com/mark3748/helpdesk-go/cmd/api.(*App).mountAPI.Delete.func79 (6 handlers)
[GIN-debug] GET    /tickets/:id/watchers     --> github.com/mark3748/helpdesk-go/cmd/api.(*App).mountAPI.List.func80 (6 handlers)
[GIN-debug] POST   /tickets/:id/watchers     --> github.com/mark3748/helpdesk-go/cmd/api.(*App).mountAPI.Add.func81 (6 handlers)
[GIN-debug] DELETE /tickets/:id/watchers/:uid --> github.com/mark3748/helpdesk-go/cmd/api.(*App).mountAPI.Remove.func82 (6 handlers)
[GIN-debug] GET    /emails/outbound          --> github.com/mark3748/helpdesk-go/cmd/api.(*App).mountAPI.ListOutbound.func84 (7 handlers)
[GIN-debug] GET    /metrics/sla              --> github.com/mark3748/helpdesk-go/cmd/api.(*App).mountAPI.SLA.func86 (7 handlers)
[GIN-debug] GET    /metrics/resolution       --> github.com/mark3748/helpdesk-go/cmd/api.(*App).mountAPI.Resolution.func88 (7 handlers)
[GIN-debug] GET    /metrics/tickets          --> github.com/mark3748/helpdesk-go/cmd/api.(*App).mountAPI.TicketVolume.func90 (7 handlers)
[GIN-debug] GET    /metrics/dashboard        --> github.com/mark3748/helpdesk-go/cmd/api.(*App).mountAPI.Dashboard.func92 (7 handlers)
[GIN-debug] GET    /metrics/agent            --> github.com/mark3748/helpdesk-go/cmd/api.(*App).mountAPI.Agent.func94 (7 handlers)
[GIN-debug] GET    /metrics/manager          --> github.com/mark3748/helpdesk-go/cmd/api.(*App).mountAPI.Manager.func96 (7 handlers)
[GIN-debug] POST   /exports/tickets          --> github.com/mark3748/helpdesk-go/cmd/api.(*App).exportTicketsBridge-fm (7 handlers)
[GIN-debug] GET    /exports/tickets/:job_id  --> github.com/mark3748/helpdesk-go/cmd/api.(*App).exportTicketsStatus-fm (7 handlers)
[GIN-debug] GET    /webhooks                 --> github.com/mark3748/helpdesk-go/cmd/api.(*App).mountAPI.List.func100 (7 handlers)
[GIN-debug] POST   /webhooks                 --> github.com/mark3748/helpdesk-go/cmd/api.(*App).mountAPI.Create.func102 (7 handlers)
[GIN-debug] DELETE /webhooks/:id             --> github.com/mark3748/helpdesk-go/cmd/api.(*App).mountAPI.Delete.func104 (7 handlers)
[GIN-debug] GET    /asset-categories         --> github.com/mark3748/helpdesk-go/cmd/api.(*App).mountAPI.ListCategories.func105 (6 handlers)
[GIN-debug] POST   /asset-categories         --> github.com/mark3748/helpdesk-go/cmd/api.(*App).mountAPI.CreateCategory.func107 (7 handlers)
[GIN-debug] GET    /asset-categories/:id     --> github.com/mark3748/helpdesk-go/cmd/api.(*App).mountAPI.GetCategory.func108 (6 handlers)
[GIN-debug] GET    /assets                   --> github.com/mark3748/helpdesk-go/cmd/api.(*App).mountAPI.ListAssets.func109 (6 handlers)
[GIN-debug] POST   /assets                   --> github.com/mark3748/helpdesk-go/cmd/api.(*App).mountAPI.CreateAsset.func111 (7 handlers)
[GIN-debug] GET    /assets/:id               --> github.com/mark3748/helpdesk-go/cmd/api.(*App).mountAPI.GetAsset.func112 (6 handlers)
[GIN-debug] PATCH  /assets/:id               --> github.com/mark3748/helpdesk-go/cmd/api.(*App).mountAPI.UpdateAsset.func114 (7 handlers)
[GIN-debug] DELETE /assets/:id               --> github.com/mark3748/helpdesk-go/cmd/api.(*App).mountAPI.DeleteAsset.func116 (7 handlers)
[GIN-debug] POST   /assets/:id/assign        --> github.com/mark3748/helpdesk-go/cmd/api.(*App).mountAPI.AssignAsset.func118 (7 handlers)
[GIN-debug] GET    /assets/:id/history       --> github.com/mark3748/helpdesk-go/cmd/api.(*App).mountAPI.GetAssetHistory.func119 (6 handlers)
[GIN-debug] GET    /assets/:id/assignments   --> github.com/mark3748/helpdesk-go/cmd/api.(*App).mountAPI.GetAssetAssignments.func120 (6 handlers)
[GIN-debug] GET    /assets/:id/attachments   --> github.com/mark3748/helpdesk-go/cmd/api.(*App).mountAPI.ListAttachments.func121 (6 handlers)
[GIN-debug] POST   /assets/:id/attachments/presign --> github.com/mark3748/helpdesk-go/cmd/api.(*App).mountAPI.PresignAssetUpload.func123 (7 handlers)
[GIN-debug] POST   /assets/:id/attachments   --> github.com/mark3748/helpdesk-go/cmd/api.(*App).mountAPI.FinalizeAssetAttachment.func125 (7 handlers)
[GIN-debug] GET    /assets/:id/attachments/:attachmentID --> github.com/mark3748/helpdesk-go/cmd/api.(*App).mountAPI.GetAssetAttachment.func126 (6 handlers)
[GIN-debug] DELETE /assets/:id/attachments/:attachmentID --> github.com/mark3748/helpdesk-go/cmd/api.(*App).mountAPI.DeleteAssetAttachment.func128 (7 handlers)
[GIN-debug] PUT    /assets/attachments/upload/:objectKey --> github.com/mark3748/helpdesk-go/cmd/api.(*App).mountAPI.UploadAssetObject.func129 (6 handlers)
[GIN-debug] POST   /assets/:id/status-change --> github.com/mark3748/helpdesk-go/cmd/api.(*App).mountAPI.RequestStatusChange.func131 (7 handlers)
[GIN-debug] POST   /workflows/:id/approve    --> github.com/mark3748/helpdesk-go/cmd/api.(*App).mountAPI.ApproveWorkflow.func133 (7 handlers)
[GIN-debug] POST   /workflows/:id/reject     --> github.com/mark3748/helpdesk-go/cmd/api.(*App).mountAPI.RejectWorkflow.func135 (7 handlers)
[GIN-debug] POST   /assets/:id/checkout      --> github.com/mark3748/helpdesk-go/cmd/api.(*App).mountAPI.CheckoutAsset.func137 (7 handlers)
[GIN-debug] POST   /assets/checkin           --> github.com/mark3748/helpdesk-go/cmd/api.(*App).mountAPI.CheckinAsset.func139 (7 handlers)
[GIN-debug] GET    /assets/checkouts/active  --> github.com/mark3748/helpdesk-go/cmd/api.(*App).mountAPI.GetActiveCheckouts.func140 (6 handlers)
[GIN-debug] GET    /assets/checkouts/overdue --> github.com/mark3748/helpdesk-go/cmd/api.(*App).mountAPI.GetOverdueCheckouts.func141 (6 handlers)
[GIN-debug] POST   /assets/:id/relationships --> github.com/mark3748/helpdesk-go/cmd/api.(*App).mountAPI.CreateRelationship.func143 (7 handlers)
[GIN-debug] GET    /assets/:id/relationships/graph --> github.com/mark3748/helpdesk-go/cmd/api.(*App).mountAPI.GetRelationshipGraph.func144 (6 handlers)
[GIN-debug] GET    /assets/:id/impact-analysis --> github.com/mark3748/helpdesk-go/cmd/api.(*App).mountAPI.GetAssetImpactAnalysis.func145 (6 handlers)
[GIN-debug] POST   /assets/bulk/update       --> github.com/mark3748/helpdesk-go/cmd/api.(*App).mountAPI.BulkUpdateAssets.func147 (7 handlers)
[GIN-debug] POST   /assets/bulk/assign       --> github.com/mark3748/helpdesk-go/cmd/api.(*App).mountAPI.BulkAssignAssets.func149 (7 handlers)
[GIN-debug] GET    /assets/bulk/operations/:id --> github.com/mark3748/helpdesk-go/cmd/api.(*App).mountAPI.GetBulkOperation.func150 (6 handlers)
[GIN-debug] POST   /assets/import/preview    --> github.com/mark3748/helpdesk-go/cmd/api.(*App).mountAPI.ImportAssetsPreview.func152 (7 handlers)
[GIN-debug] POST   /assets/import            --> github.com/mark3748/helpdesk-go/cmd/api.(*App).mountAPI.ImportAssets.func154 (7 handlers)
[GIN-debug] POST   /assets/export            --> github.com/mark3748/helpdesk-go/cmd/api.(*App).mountAPI.ExportAssets.func156 (7 handlers)
[GIN-debug] GET    /assets/:id/audit         --> github.com/mark3748/helpdesk-go/cmd/api.(*App).mountAPI.GetAuditHistory.func157 (6 handlers)
[GIN-debug] GET    /assets/audit/summary     --> github.com/mark3748/helpdesk-go/cmd/api.(*App).mountAPI.GetAuditSummary.func159 (7 handlers)
[GIN-debug] GET    /assets/analytics         --> github.com/mark3748/helpdesk-go/cmd/api.(*App).mountAPI.GetAssetAnalytics.func161 (7 handlers)
[GIN-debug] GET    /problems                 --> github.com/mark3748/helpdesk-go/cmd/api.(*App).mountAPI.List.func162 (6 handlers)
[GIN-debug] POST   /problems                 --> github.com/mark3748/helpdesk-go/cmd/api.(*App).mountAPI.Create.func163 (6 handlers)
[GIN-debug] GET    /problems/:id             --> github.com/mark3748/helpdesk-go/cmd/api.(*App).mountAPI.Get.func164 (6 handlers)
[GIN-debug] PUT    /problems/:id             --> github.com/mark3748/helpdesk-go/cmd/api.(*App).mountAPI.Update.func165 (6 handlers)
[GIN-debug] DELETE /problems/:id             --> github.com/mark3748/helpdesk-go/cmd/api.(*App).mountAPI.Delete.func166 (6 handlers)
[GIN-debug] GET    /changes                  --> github.com/mark3748/helpdesk-go/cmd/api.(*App).mountAPI.List.func167 (6 handlers)
[GIN-debug] POST   /changes                  --> github.com/mark3748/helpdesk-go/cmd/api.(*App).mountAPI.Create.func168 (6 handlers)
[GIN-debug] GET    /changes/:id              --> github.com/mark3748/helpdesk-go/cmd/api.(*App).mountAPI.Get.func169 (6 handlers)
[GIN-debug] PUT    /changes/:id              --> github.com/mark3748/helpdesk-go/cmd/api.(*App).mountAPI.Update.func170 (6 handlers)
[GIN-debug] DELETE /changes/:id              --> github.com/mark3748/helpdesk-go/cmd/api.(*App).mountAPI.Delete.func171 (6 handlers)
[GIN-debug] GET    /releases                 --> github.com/mark3748/helpdesk-go/cmd/api.(*App).mountAPI.List.func172 (6 handlers)
[GIN-debug] POST   /releases                 --> github.com/mark3748/helpdesk-go/cmd/api.(*App).mountAPI.Create.func173 (6 handlers)
[GIN-debug] GET    /releases/:id             --> github.com/mark3748/helpdesk-go/cmd/api.(*App).mountAPI.Get.func174 (6 handlers)
[GIN-debug] PUT    /releases/:id             --> github.com/mark3748/helpdesk-go/cmd/api.(*App).mountAPI.Update.func175 (6 handlers)
[GIN-debug] DELETE /releases/:id             --> github.com/mark3748/helpdesk-go/cmd/api.(*App).mountAPI.Delete.func176 (6 handlers)
[GIN-debug] GET    /api/livez                --> github.com/mark3748/helpdesk-go/cmd/api.(*App).mountAPI.func1 (5 handlers)
[GIN-debug] GET    /api/readyz               --> github.com/mark3748/helpdesk-go/cmd/api.(*App).readyz-fm (5 handlers)
[GIN-debug] GET    /api/healthz              --> github.com/mark3748/helpdesk-go/cmd/api.(*App).mountAPI.func2 (5 handlers)
[GIN-debug] GET    /api/csat/:token          --> github.com/mark3748/helpdesk-go/cmd/api.(*App).csatForm-fm (5 handlers)
[GIN-debug] POST   /api/csat/:token          --> github.com/mark3748/helpdesk-go/cmd/api.(*App).submitCSAT-fm (5 handlers)
[GIN-debug] GET    /api/metrics              --> github.com/mark3748/helpdesk-go/cmd/api.(*App).mountAPI.WrapH.func9 (5 handlers)
[GIN-debug] GET    /api/swagger/*filepath    --> github.com/gin-gonic/gin.(*RouterGroup).createStaticHandler.func1 (5 handlers)
[GIN-debug] HEAD   /api/swagger/*filepath    --> github.com/gin-gonic/gin.(*RouterGroup).createStaticHandler.func1 (5 handlers)
[GIN-debug] GET    /api/docs                 --> github.com/mark3748/helpdesk-go/cmd/api.(*App).docsUI-fm (5 handlers)
[GIN-debug] GET    /api/openapi.yaml         --> github.com/mark3748/helpdesk-go/cmd/api.(*App).openapiSpec-fm (5 handlers)
[GIN-debug] POST   /api/webhooks/email-inbound --> github.com/mark3748/helpdesk-go/cmd/api.(*App).mountAPI.EmailInbound.func18 (5 handlers)
[GIN-debug] GET    /api/me                   --> github.com/mark3748/helpdesk-go/cmd/api/auth.Me (6 handlers)
[GIN-debug] GET    /api/me/profile           --> github.com/mark3748/helpdesk-go/cmd/api.(*App).getMyProfile-fm (6 handlers)
[GIN-debug] PATCH  /api/me/profile           --> github.com/mark3748/helpdesk-go/cmd/api.(*App).updateMyProfile-fm (6 handlers)
[GIN-debug] POST   /api/me/password          --> github.com/mark3748/helpdesk-go/cmd/api.(*App).changeMyPassword-fm (6 handlers)
[GIN-debug] GET    /api/events               --> github.com/mark3748/helpdesk-go/cmd/api.(*App).mountAPI.Events.func20 (6 handlers)
[GIN-debug] GET    /api/settings             --> github.com/mark3748/helpdesk-go/cmd/api/handlers.GetSettings (7 handlers)
[GIN-debug] GET    /api/features             --> github.com/mark3748/helpdesk-go/cmd/api.(*App).mountAPI.Features.func22 (6 handlers)
[GIN-debug] POST   /api/test-connection      --> github.com/mark3748/helpdesk-go/cmd/api/handlers.TestConnection (7 handlers)
[GIN-debug] POST   /api/settings/storage     --> github.com/mark3748/helpdesk-go/cmd/api/handlers.SaveStorageSettings (7 handlers)
[GIN-debug] POST   /api/settings/oidc        --> github.com/mark3748/helpdesk-go/cmd/api/handlers.SaveOIDCSettings (7 handlers)
[GIN-debug] POST   /api/settings/mail        --> github.com/mark3748/helpdesk-go/cmd/api/handlers.SaveMailSettings (7 handlers)
[GIN-debug] POST   /api/settings/mail/send-test --> github.com/mark3748/helpdesk-go/cmd/api/handlers.SendTestMail (7 handlers)
[GIN-debug] GET    /api/users/:id/roles      --> github.com/mark3748/helpdesk-go/cmd/api.(*App).mountAPI.ListUserRoles.func29 (7 handlers)
[GIN-debug] POST   /api/users/:id/roles      --> github.com/mark3748/helpdesk-go/cmd/api.(*App).mountAPI.AddUserRole.func31 (7 handlers)
[GIN-debug] DELETE /api/users/:id/roles/:role --> github.com/mark3748/helpdesk-go/cmd/api.(*App).mountAPI.RemoveUserRole.func33 (7 handlers)
[GIN-debug] GET    /api/users                --> github.com/mark3748/helpdesk-go/cmd/api.(*App).mountAPI.List.func35 (7 handlers)
[GIN-debug] GET    /api/users/:id            --> github.com/mark3748/helpdesk-go/cmd/api.(*App).mountAPI.Get.func37 (7 handlers)
[GIN-debug] POST   /api/users                --> github.com/mark3748/helpdesk-go/cmd/api.(*App).mountAPI.CreateLocal.func39 (7 handlers)
[GIN-debug] GET    /api/roles                --> github.com/mark3748/helpdesk-go/cmd/api.(*App).mountAPI.List.func41 (7 handlers)
[GIN-debug] GET    /api/requesters           --> github.com/mark3748/helpdesk-go/cmd/api.(*App).mountAPI.Search.func42 (6 handlers)
[GIN-debug] GET    /api/requesters/:id       --> github.com/mark3748/helpdesk-go/cmd/api.(*App).getRequester-fm (6 handlers)
[GIN-debug] POST   /api/requesters           --> github.com/mark3748/helpdesk-go/cmd/api.(*App).createRequester-fm (7 handlers)
[GIN-debug] PATCH  /api/requesters/:id       --> github.com/mark3748/helpdesk-go/cmd/api.(*App).updateRequester-fm (7 handlers)
[GIN-debug] GET    /api/teams                --> github.com/mark3748/helpdesk-go/cmd/api.(*App).mountAPI.List.func45 (6 handlers)
[GIN-debug] GET    /api/slas                 --> github.com/mark3748/helpdesk-go/cmd/api.(*App).mountAPI.List.func46 (6 handlers)
[GIN-debug] GET    /api/kb                   --> github.com/mark3748/helpdesk-go/cmd/api.(*App).mountAPI.Search.func47 (6 handlers)
[GIN-debug] GET    /api/kb/:slug             --> github.com/mark3748/helpdesk-go/cmd/api.(*App).mountAPI.Get.func48 (6 handlers)
[GIN-debug] POST   /api/kb                   --> github.com/mark3748/helpdesk-go/cmd/api.(*App).mountAPI.Create.func50 (7 handlers)
[GIN-debug] PUT    /api/kb/:slug             --> github.com/mark3748/helpdesk-go/cmd/api.(*App).mountAPI.Update.func52 (7 handlers)
[GIN-debug] DELETE /api/kb/:slug             --> github.com/mark3748/helpdesk-go/cmd/api.(*App).mountAPI.Delete.func54 (7 handlers)
[GIN-debug] GET    /api/tickets              --> github.com/mark3748/helpdesk-go/cmd/api.(*App).mountAPI.List.func55 (6 handlers)
[GIN-debug] POST   /api/tickets              --> github.com/mark3748/helpdesk-go/cmd/api.(*App).mountAPI.Create.func59 (6 handlers)
[GIN-debug] GET    /api/tickets/:id          --> github.com/mark3748/helpdesk-go/cmd/api.(*App).mountAPI.Get.func60 (6 handlers)
[GIN-debug] PATCH  /api/tickets/:id          --> github.com/mark3748/helpdesk-go/cmd/api.(*App).mountAPI.Update.func62 (7 handlers)
[GIN-debug] GET    /api/tickets/:id/comments --> github.com/mark3748/helpdesk-go/cmd/api.(*App).mountAPI.List.func63 (6 handlers)
[GIN-debug] POST   /api/tickets/:id/comments --> github.com/mark3748/helpdesk-go/cmd/api.(*App).mountAPI.Add.func64 (6 handlers)
[GIN-debug] GET    /api/tickets/:id/attachments --> github.com/mark3748/helpdesk-go/cmd/api.(*App).mountAPI.List.func65 (6 handlers)
[GIN-debug] POST   /api/tickets/:id/attachments/presign --> github.com/mark3748/helpdesk-go/cmd/api.(*App).mountAPI.Presign.func75 (6 handlers)
[GIN-debug] POST   /api/tickets/:id/attachments --> github.com/mark3748/helpdesk-go/cmd/api.(*App).mountAPI.Finalize.func76 (6 handlers)
[GIN-debug] GET    /api/tickets/:id/attachments/:attID --> github.com/mark3748/helpdesk-go/cmd/api.(*App).mountAPI.Get.func77 (6 handlers)
[GIN-debug] PUT    /api/attachments/upload/:objectKey --> github.com/mark3748/helpdesk-go/cmd/api.(*App).mountAPI.UploadObject.func78 (6 handlers)
[GIN-debug] DELETE /api/tickets/:id/attachments/:attID --> github.com/mark3748/helpdesk-go/cmd/api.(*App).mountAPI.Delete.func79 (6 handlers)
[GIN-debug] GET    /api/tickets/:id/watchers --> github.com/mark3748/helpdesk-go/cmd/api.(*App).mountAPI.List.func80 (6 handlers)
[GIN-debug] POST   /api/tickets/:id/watchers --> github.com/mark3748/helpdesk-go/cmd/api.(*App).mountAPI.Add.func81 (6 handlers)
[GIN-debug] DELETE /api/tickets/:id/watchers/:uid --> github.com/mark3748/helpdesk-go/cmd/api.(*App).mountAPI.Remove.func82 (6 handlers)
[GIN-debug] GET    /api/emails/outbound      --> github.com/mark3748/helpdesk-go/cmd/api.(*App).mountAPI.ListOutbound.func84 (7 handlers)
[GIN-debug] GET    /api/metrics/sla          --> github.com/mark3748/helpdesk-go/cmd/api.(*App).mountAPI.SLA.func86 (7 handlers)
[GIN-debug] GET    /api/metrics/resolution   --> github.com/mark3748/helpdesk-go/cmd/api.(*App).mountAPI.Resolution.func88 (7 handlers)
[GIN-debug] GET    /api/metrics/tickets      --> github.com/mark3748/helpdesk-go/cmd/api.(*App).mountAPI.TicketVolume.func90 (7 handlers)
[GIN-debug] GET    /api/metrics/dashboard    --> github.com/mark3748/helpdesk-go/cmd/api.(*App).mountAPI.Dashboard.func92 (7 handlers)
[GIN-debug] GET    /api/metrics/agent        --> github.com/mark3748/helpdesk-go/cmd/api.(*App).mountAPI.Agent.func94 (7 handlers)
[GIN-debug] GET    /api/metrics/manager      --> github.com/mark3748/helpdesk-go/cmd/api.(*App).mountAPI.Manager.func96 (7 handlers)
[GIN-debug] POST   /api/exports/tickets      --> github.com/mark3748/helpdesk-go/cmd/api.(*App).exportTicketsBridge-fm (7 handlers)
[GIN-debug] GET    /api/exports/tickets/:job_id --> github.com/mark3748/helpdesk-go/cmd/api.(*App).exportTicketsStatus-fm (7 handlers)
[GIN-debug] GET    /api/webhooks             --> github.com/mark3748/helpdesk-go/cmd/api.(*App).mountAPI.List.func100 (7 handlers)
[GIN-debug] POST   /api/webhooks             --> github.com/mark3748/helpdesk-go/cmd/api.(*App).mountAPI.Create.func102 (7 handlers)
[GIN-debug] DELETE /api/webhooks/:id         --> github.com/mark3748/helpdesk-go/cmd/api.(*App).mountAPI.Delete.func104 (7 handlers)
[GIN-debug] GET    /api/asset-categories     --> github.com/mark3748/helpdesk-go/cmd/api.(*App).mountAPI.ListCategories.func105 (6 handlers)
[GIN-debug] POST   /api/asset-categories     --> github.com/mark3748/helpdesk-go/cmd/api.(*App).mountAPI.CreateCategory.func107 (7 handlers)
[GIN-debug] GET    /api/asset-categories/:id --> github.com/mark3748/helpdesk-go/cmd/api.(*App).mountAPI.GetCategory.func108 (6 handlers)
[GIN-debug] GET    /api/assets               --> github.com/mark3748/helpdesk-go/cmd/api.(*App).mountAPI.ListAssets.func109 (6 handlers)
[GIN-debug] POST   /api/assets               --> github.com/mark3748/helpdesk-go/cmd/api.(*App).mountAPI.CreateAsset.func111 (7 handlers)
[GIN-debug] GET    /api/assets/:id           --> github.com/mark3748/helpdesk-go/cmd/api.(*App).mountAPI.GetAsset.func112 (6 handlers)
[GIN-debug] PATCH  /api/assets/:id           --> github.com/mark3748/helpdesk-go/cmd/api.(*App).mountAPI.UpdateAsset.func114 (7 handlers)
[GIN-debug] DELETE /api/assets/:id           --> github.com/mark3748/helpdesk-go/cmd/api.(*App).mountAPI.DeleteAsset.func116 (7 handlers)
[GIN-debug] POST   /api/assets/:id/assign    --> github.com/mark3748/helpdesk-go/cmd/api.(*App).mountAPI.AssignAsset.func118 (7 handlers)
[GIN-debug] GET    /api/assets/:id/history   --> github.com/mark3748/helpdesk-go/cmd/api.(*App).mountAPI.GetAssetHistory.func119 (6 handlers)
[GIN-debug] GET    /api/assets/:id/assignments --> github.com/mark3748/helpdesk-go/cmd/api.(*App).mountAPI.GetAssetAssignments.func120 (6 handlers)
[GIN-debug] GET    /api/assets/:id/attachments --> github.com/mark3748/helpdesk-go/cmd/api.(*App).mountAPI.ListAttachments.func121 (6 handlers)
[GIN-debug] POST   /api/assets/:id/attachments/presign --> github.com/mark3748/helpdesk-go/cmd/api.(*App).mountAPI.PresignAssetUpload.func123 (7 handlers)
[GIN-debug] POST   /api/assets/:id/attachments --> github.com/mark3748/helpdesk-go/cmd/api.(*App).mountAPI.FinalizeAssetAttachment.func125 (7 handlers)
[GIN-debug] GET    /api/assets/:id/attachments/:attachmentID --> github.com/mark3748/helpdesk-go/cmd/api.(*App).mountAPI.GetAssetAttachment.func126 (6 handlers)
[GIN-debug] DELETE /api/assets/:id/attachments/:attachmentID --> github.com/mark3748/helpdesk-go/cmd/api.(*App).mountAPI.DeleteAssetAttachment.func128 (7 handlers)
[GIN-debug] PUT    /api/assets/attachments/upload/:objectKey --> github.com/mark3748/helpdesk-go/cmd/api.(*App).mountAPI.UploadAssetObject.func129 (6 handlers)
[GIN-debug] POST   /api/assets/:id/status-change --> github.com/mark3748/helpdesk-go/cmd/api.(*App).mountAPI.RequestStatusChange.func131 (7 handlers)
[GIN-debug] POST   /api/workflows/:id/approve --> github.com/mark3748/helpdesk-go/cmd/api.(*App).mountAPI.ApproveWorkflow.func133 (7 handlers)
[GIN-debug] POST   /api/workflows/:id/reject --> github.com/mark3748/helpdesk-go/cmd/api.(*App).mountAPI.RejectWorkflow.func135 (7 handlers)
[GIN-debug] POST   /api/assets/:id/checkout  --> github.com/mark3748/helpdesk-go/cmd/api.(*App).mountAPI.CheckoutAsset.func137 (7 handlers)
[GIN-debug] POST   /api/assets/checkin       --> github.com/mark3748/helpdesk-go/cmd/api.(*App).mountAPI.CheckinAsset.func139 (7 handlers)
[GIN-debug] GET    /api/assets/checkouts/active --> github.com/mark3748/helpdesk-go/cmd/api.(*App).mountAPI.GetActiveCheckouts.func140 (6 handlers)
[GIN-debug] GET    /api/assets/checkouts/overdue --> github.com/mark3748/helpdesk-go/cmd/api.(*App).mountAPI.GetOverdueCheckouts.func141 (6 handlers)
[GIN-debug] POST   /api/assets/:id/relationships --> github.com/mark3748/helpdesk-go/cmd/api.(*App).mountAPI.CreateRelationship.func143 (7 handlers)
[GIN-debug] GET    /api/assets/:id/relationships/graph --> github.com/mark3748/helpdesk-go/cmd/api.(*App).mountAPI.GetRelationshipGraph.func144 (6 handlers)
[GIN-debug] GET    /api/assets/:id/impact-analysis --> github.com/mark3748/helpdesk-go/cmd/api.(*App).mountAPI.GetAssetImpactAnalysis.func145 (6 handlers)
[GIN-debug] POST   /api/assets/bulk/update   --> github.com/mark3748/helpdesk-go/cmd/api.(*App).mountAPI.BulkUpdateAssets.func147 (7 handlers)
[GIN-debug] POST   /api/assets/bulk/assign   --> github.com/mark3748/helpdesk-go/cmd/api.(*App).mountAPI.BulkAssignAssets.func149 (7 handlers)
[GIN-debug] GET    /api/assets/bulk/operations/:id --> github.com/mark3748/helpdesk-go/cmd/api.(*App).mountAPI.GetBulkOperation.func150 (6 handlers)
[GIN-debug] POST   /api/assets/import/preview --> github.com/mark3748/helpdesk-go/cmd/api.(*App).mountAPI.ImportAssetsPreview.func152 (7 handlers)
[GIN-debug] POST   /api/assets/import        --> github.com/mark3748/helpdesk-go/cmd/api.(*App).mountAPI.ImportAssets.func154 (7 handlers)
[GIN-debug] POST   /api/assets/export        --> github.com/mark3748/helpdesk-go/cmd/api.(*App).mountAPI.ExportAssets.func156 (7 handlers)
[GIN-debug] GET    /api/assets/:id/audit     --> github.com/mark3748/helpdesk-go/cmd/api.(*App).mountAPI.GetAuditHistory.func157 (6 handlers)
[GIN-debug] GET    /api/assets/audit/summary --> github.com/mark3748/helpdesk-go/cmd/api.(*App).mountAPI.GetAuditSummary.func159 (7 handlers)
[GIN-debug] GET    /api/assets/analytics     --> github.com/mark3748/helpdesk-go/cmd/api.(*App).mountAPI.GetAssetAnalytics.func161 (7 handlers)
[GIN-debug] GET    /api/problems             --> github.com/mark3748/helpdesk-go/cmd/api.(*App).mountAPI.List.func162 (6 handlers)
[GIN-debug] POST   /api/problems             --> github.com/mark3748/helpdesk-go/cmd/api.(*App).mountAPI.Create.func163 (6 handlers)
[GIN-debug] GET    /api/problems/:id         --> github.com/mark3748/helpdesk-go/cmd/api.(*App).mountAPI.Get.func164 (6 handlers)
[GIN-debug] PUT    /api/problems/:id         --> github.com/mark3748/helpdesk-go/cmd/api.(*App).mountAPI.Update.func165 (6 handlers)
[GIN-debug] DELETE /api/problems/:id         --> github.com/mark3748/helpdesk-go/cmd/api.(*App).mountAPI.Delete.func166 (6 handlers)
[GIN-debug] GET    /api/changes              --> github.com/mark3748/helpdesk-go/cmd/api.(*App).mountAPI.List.func167 (6 handlers)
[GIN-debug] POST   /api/changes              --> github.com/mark3748/helpdesk-go/cmd/api.(*App).mountAPI.Create.func168 (6 handlers)
[GIN-debug] GET    /api/changes/:id          --> github.com/mark3748/helpdesk-go/cmd/api.(*App).mountAPI.Get.func169 (6 handlers)
[GIN-debug] PUT    /api/changes/:id          --> github.com/mark3748/helpdesk-go/cmd/api.(*App).mountAPI.Update.func170 (6 handlers)
[GIN-debug] DELETE /api/changes/:id          --> github.com/mark3748/helpdesk-go/cmd/api.(*App).mountAPI.Delete.func171 (6 handlers)
[GIN-debug] GET    /api/releases             --> github.com/mark3748/helpdesk-go/cmd/api.(*App).mountAPI.List.func172 (6 handlers)
[GIN-debug] POST   /api/releases             --> github.com/mark3748/helpdesk-go/cmd/api.(*App).mountAPI.Create.func173 (6 handlers)
[GIN-debug] GET    /api/releases/:id         --> github.com/mark3748/helpdesk-go/cmd/api.(*App).mountAPI.Get.func174 (6 handlers)
[GIN-debug] PUT    /api/releases/:id         --> github.com/mark3748/helpdesk-go/cmd/api.(*App).mountAPI.Update.func175 (6 handlers)
[GIN-debug] DELETE /api/releases/:id         --> github.com/mark3748/helpdesk-go/cmd/api.(*App).mountAPI.Delete.func176 (6 handlers)
{"level":"error","error":"context deadline exceeded","time":"2025-12-20T00:53:51-07:00","message":"readyz redis"}
{"level":"info","request_id":"32594144-23f3-4cbd-9f21-e1db517445d3","method":"GET","path":"/readyz","status":500,"duration":21.013735,"time":"2025-12-20T00:53:51-07:00","message":"request"}
[GIN-debug] [WARNING] Running in "debug" mode. Switch to "release" mode in production.
 - using env:	export GIN_MODE=release
 - using code:	gin.SetMode(gin.ReleaseMode)

[GIN-debug] GET    /limited                  --> github.com/mark3748/helpdesk-go/cmd/api.TestRLMiddleware_IncrementsCounter.func2 (2 handlers)
[GIN-debug] [WARNING] Running in "debug" mode. Switch to "release" mode in production.
 - using env:	export GIN_MODE=release
 - using code:	gin.SetMode(gin.ReleaseMode)

[GIN-debug] GET    /livez                    --> github.com/mark3748/helpdesk-go/cmd/api.(*App).mountAPI.func1 (5 handlers)
[GIN-debug] GET    /readyz                   --> github.com/mark3748/helpdesk-go/cmd/api.(*App).readyz-fm (5 handlers)
[GIN-debug] GET    /healthz                  --> github.com/mark3748/helpdesk-go/cmd/api.(*App).mountAPI.func2 (5 handlers)
[GIN-debug] GET    /csat/:token              --> github.com/mark3748/helpdesk-go/cmd/api.(*App).csatForm-fm (5 handlers)
[GIN-debug] POST   /csat/:token              --> github.com/mark3748/helpdesk-go/cmd/api.(*App).submitCSAT-fm (5 handlers)
[GIN-debug] GET    /metrics                  --> github.com/mark3748/helpdesk-go/cmd/api.(*App).mountAPI.WrapH.func9 (5 handlers)
[GIN-debug] GET    /swagger/*filepath        --> github.com/gin-gonic/gin.(*RouterGroup).createStaticHandler.func1 (5 handlers)
[GIN-debug] HEAD   /swagger/*filepath        --> github.com/gin-gonic/gin.(*RouterGroup).createStaticHandler.func1 (5 handlers)
[GIN-debug] GET    /docs                     --> github.com/mark3748/helpdesk-go/cmd/api.(*App).docsUI-fm (5 handlers)
[GIN-debug] GET    /openapi.yaml             --> github.com/mark3748/helpdesk-go/cmd/api.(*App).openapiSpec-fm (5 handlers)
[GIN-debug] POST   /webhooks/email-inbound   --> github.com/mark3748/helpdesk-go/cmd/api.(*App).mountAPI.EmailInbound.func18 (5 handlers)
[GIN-debug] GET    /me                       --> github.com/mark3748/helpdesk-go/cmd/api/auth.Me (6 handlers)
[GIN-debug] GET    /me/profile               --> github.com/mark3748/helpdesk-go/cmd/api.(*App).getMyProfile-fm (6 handlers)
[GIN-debug] PATCH  /me/profile               --> github.com/mark3748/helpdesk-go/cmd/api.(*App).updateMyProfile-fm (6 handlers)
[GIN-debug] POST   /me/password              --> github.com/mark3748/helpdesk-go/cmd/api.(*App).changeMyPassword-fm (6 handlers)
[GIN-debug] GET    /events                   --> github.com/mark3748/helpdesk-go/cmd/api.(*App).mountAPI.Events.func20 (6 handlers)
[GIN-debug] GET    /settings                 --> github.com/mark3748/helpdesk-go/cmd/api/handlers.GetSettings (7 handlers)
[GIN-debug] GET    /features                 --> github.com/mark3748/helpdesk-go/cmd/api.(*App).mountAPI.Features.func22 (6 handlers)
[GIN-debug] POST   /test-connection          --> github.com/mark3748/helpdesk-go/cmd/api/handlers.TestConnection (7 handlers)
[GIN-debug] POST   /settings/storage         --> github.com/mark3748/helpdesk-go/cmd/api/handlers.SaveStorageSettings (7 handlers)
[GIN-debug] POST   /settings/oidc            --> github.com/mark3748/helpdesk-go/cmd/api/handlers.SaveOIDCSettings (7 handlers)
[GIN-debug] POST   /settings/mail            --> github.com/mark3748/helpdesk-go/cmd/api/handlers.SaveMailSettings (7 handlers)
[GIN-debug] POST   /settings/mail/send-test  --> github.com/mark3748/helpdesk-go/cmd/api/handlers.SendTestMail (7 handlers)
[GIN-debug] GET    /users/:id/roles          --> github.com/mark3748/helpdesk-go/cmd/api.(*App).mountAPI.ListUserRoles.func29 (7 handlers)
[GIN-debug] POST   /users/:id/roles          --> github.com/mark3748/helpdesk-go/cmd/api.(*App).mountAPI.AddUserRole.func31 (7 handlers)
[GIN-debug] DELETE /users/:id/roles/:role    --> github.com/mark3748/helpdesk-go/cmd/api.(*App).mountAPI.RemoveUserRole.func33 (7 handlers)
[GIN-debug] GET    /users                    --> github.com/mark3748/helpdesk-go/cmd/api.(*App).mountAPI.List.func35 (7 handlers)
[GIN-debug] GET    /users/:id                --> github.com/mark3748/helpdesk-go/cmd/api.(*App).mountAPI.Get.func37 (7 handlers)
[GIN-debug] POST   /users                    --> github.com/mark3748/helpdesk-go/cmd/api.(*App).mountAPI.CreateLocal.func39 (7 handlers)
[GIN-debug] GET    /roles                    --> github.com/mark3748/helpdesk-go/cmd/api.(*App).mountAPI.List.func41 (7 handlers)
[GIN-debug] GET    /requesters               --> github.com/mark3748/helpdesk-go/cmd/api.(*App).mountAPI.Search.func42 (6 handlers)
[GIN-debug] GET    /requesters/:id           --> github.com/mark3748/helpdesk-go/cmd/api.(*App).getRequester-fm (6 handlers)
[GIN-debug] POST   /requesters               --> github.com/mark3748/helpdesk-go/cmd/api.(*App).createRequester-fm (7 handlers)
[GIN-debug] PATCH  /requesters/:id           --> github.com/mark3748/helpdesk-go/cmd/api.(*App).updateRequester-fm (7 handlers)
[GIN-debug] GET    /teams                    --> github.com/mark3748/helpdesk-go/cmd/api.(*App).mountAPI.List.func45 (6 handlers)
[GIN-debug] GET    /slas                     --> github.com/mark3748/helpdesk-go/cmd/api.(*App).mountAPI.List.func46 (6 handlers)
[GIN-debug] GET    /kb                       --> github.com/mark3748/helpdesk-go/cmd/api.(*App).mountAPI.Search.func47 (6 handlers)
[GIN-debug] GET    /kb/:slug                 --> github.com/mark3748/helpdesk-go/cmd/api.(*App).mountAPI.Get.func48 (6 handlers)
[GIN-debug] POST   /kb                       --> github.com/mark3748/helpdesk-go/cmd/api.(*App).mountAPI.Create.func50 (7 handlers)
[GIN-debug] PUT    /kb/:slug                 --> github.com/mark3748/helpdesk-go/cmd/api.(*App).mountAPI.Update.func52 (7 handlers)
[GIN-debug] DELETE /kb/:slug                 --> github.com/mark3748/helpdesk-go/cmd/api.(*App).mountAPI.Delete.func54 (7 handlers)
[GIN-debug] GET    /tickets                  --> github.com/mark3748/helpdesk-go/cmd/api.(*App).mountAPI.List.func55 (6 handlers)
[GIN-debug] POST   /tickets                  --> github.com/mark3748/helpdesk-go/cmd/api.(*App).mountAPI.Create.func59 (6 handlers)
[GIN-debug] GET    /tickets/:id              --> github.com/mark3748/helpdesk-go/cmd/api.(*App).mountAPI.Get.func60 (6 handlers)
[GIN-debug] PATCH  /tickets/:id              --> github.com/mark3748/helpdesk-go/cmd/api.(*App).mountAPI.Update.func62 (7 handlers)
[GIN-debug] GET    /tickets/:id/comments     --> github.com/mark3748/helpdesk-go/cmd/api.(*App).mountAPI.List.func63 (6 handlers)
[GIN-debug] POST   /tickets/:id/comments     --> github.com/mark3748/helpdesk-go/cmd/api.(*App).mountAPI.Add.func64 (6 handlers)
[GIN-debug] GET    /tickets/:id/attachments  --> github.com/mark3748/helpdesk-go/cmd/api.(*App).mountAPI.List.func65 (6 handlers)
[GIN-debug] POST   /tickets/:id/attachments/presign --> github.com/mark3748/helpdesk-go/cmd/api.(*App).mountAPI.Presign.func75 (6 handlers)
[GIN-debug] POST   /tickets/:id/attachments  --> github.com/mark3748/helpdesk-go/cmd/api.(*App).mountAPI.Finalize.func76 (6 handlers)
[GIN-debug] GET    /tickets/:id/attachments/:attID --> github.com/mark3748/helpdesk-go/cmd/api.(*App).mountAPI.Get.func77 (6 handlers)
[GIN-debug] PUT    /attachments/upload/:objectKey --> github.com/mark3748/helpdesk-go/cmd/api.(*App).mountAPI.UploadObject.func78 (6 handlers)
[GIN-debug] DELETE /tickets/:id/attachments/:attID --> github.com/mark3748/helpdesk-go/cmd/api.(*App).mountAPI.Delete.func79 (6 handlers)
[GIN-debug] GET    /tickets/:id/watchers     --> github.com/mark3748/helpdesk-go/cmd/api.(*App).mountAPI.List.func80 (6 handlers)
[GIN-debug] POST   /tickets/:id/watchers     --> github.com/mark3748/helpdesk-go/cmd/api.(*App).mountAPI.Add.func81 (6 handlers)
[GIN-debug] DELETE /tickets/:id/watchers/:uid --> github.com/mark3748/helpdesk-go/cmd/api.(*App).mountAPI.Remove.func82 (6 handlers)
[GIN-debug] GET    /emails/outbound          --> github.com/mark3748/helpdesk-go/cmd/api.(*App).mountAPI.ListOutbound.func84 (7 handlers)
[GIN-debug] GET    /metrics/sla              --> github.com/mark3748/helpdesk-go/cmd/api.(*App).mountAPI.SLA.func86 (7 handlers)
[GIN-debug] GET    /metrics/resolution       --> github.com/mark3748/helpdesk-go/cmd/api.(*App).mountAPI.Resolution.func88 (7 handlers)
[GIN-debug] GET    /metrics/tickets          --> github.com/mark3748/helpdesk-go/cmd/api.(*App).mountAPI.TicketVolume.func90 (7 handlers)
[GIN-debug] GET    /metrics/dashboard        --> github.com/mark3748/helpdesk-go/cmd/api.(*App).mountAPI.Dashboard.func92 (7 handlers)
[GIN-debug] GET    /metrics/agent            --> github.com/mark3748/helpdesk-go/cmd/api.(*App).mountAPI.Agent.func94 (7 handlers)
[GIN-debug] GET    /metrics/manager          --> github.com/mark3748/helpdesk-go/cmd/api.(*App).mountAPI.Manager.func96 (7 handlers)
[GIN-debug] POST   /exports/tickets          --> github.com/mark3748/helpdesk-go/cmd/api.(*App).exportTicketsBridge-fm (7 handlers)
[GIN-debug] GET    /exports/tickets/:job_id  --> github.com/mark3748/helpdesk-go/cmd/api.(*App).exportTicketsStatus-fm (7 handlers)
[GIN-debug] GET    /webhooks                 --> github.com/mark3748/helpdesk-go/cmd/api.(*App).mountAPI.List.func100 (7 handlers)
[GIN-debug] POST   /webhooks                 --> github.com/mark3748/helpdesk-go/cmd/api.(*App).mountAPI.Create.func102 (7 handlers)
[GIN-debug] DELETE /webhooks/:id             --> github.com/mark3748/helpdesk-go/cmd/api.(*App).mountAPI.Delete.func104 (7 handlers)
[GIN-debug] GET    /asset-categories         --> github.com/mark3748/helpdesk-go/cmd/api.(*App).mountAPI.ListCategories.func105 (6 handlers)
[GIN-debug] POST   /asset-categories         --> github.com/mark3748/helpdesk-go/cmd/api.(*App).mountAPI.CreateCategory.func107 (7 handlers)
[GIN-debug] GET    /asset-categories/:id     --> github.com/mark3748/helpdesk-go/cmd/api.(*App).mountAPI.GetCategory.func108 (6 handlers)
[GIN-debug] GET    /assets                   --> github.com/mark3748/helpdesk-go/cmd/api.(*App).mountAPI.ListAssets.func109 (6 handlers)
[GIN-debug] POST   /assets                   --> github.com/mark3748/helpdesk-go/cmd/api.(*App).mountAPI.CreateAsset.func111 (7 handlers)
[GIN-debug] GET    /assets/:id               --> github.com/mark3748/helpdesk-go/cmd/api.(*App).mountAPI.GetAsset.func112 (6 handlers)
[GIN-debug] PATCH  /assets/:id               --> github.com/mark3748/helpdesk-go/cmd/api.(*App).mountAPI.UpdateAsset.func114 (7 handlers)
[GIN-debug] DELETE /assets/:id               --> github.com/mark3748/helpdesk-go/cmd/api.(*App).mountAPI.DeleteAsset.func116 (7 handlers)
[GIN-debug] POST   /assets/:id/assign        --> github.com/mark3748/helpdesk-go/cmd/api.(*App).mountAPI.AssignAsset.func118 (7 handlers)
[GIN-debug] GET    /assets/:id/history       --> github.com/mark3748/helpdesk-go/cmd/api.(*App).mountAPI.GetAssetHistory.func119 (6 handlers)
[GIN-debug] GET    /assets/:id/assignments   --> github.com/mark3748/helpdesk-go/cmd/api.(*App).mountAPI.GetAssetAssignments.func120 (6 handlers)
[GIN-debug] GET    /assets/:id/attachments   --> github.com/mark3748/helpdesk-go/cmd/api.(*App).mountAPI.ListAttachments.func121 (6 handlers)
[GIN-debug] POST   /assets/:id/attachments/presign --> github.com/mark3748/helpdesk-go/cmd/api.(*App).mountAPI.PresignAssetUpload.func123 (7 handlers)
[GIN-debug] POST   /assets/:id/attachments   --> github.com/mark3748/helpdesk-go/cmd/api.(*App).mountAPI.FinalizeAssetAttachment.func125 (7 handlers)
[GIN-debug] GET    /assets/:id/attachments/:attachmentID --> github.com/mark3748/helpdesk-go/cmd/api.(*App).mountAPI.GetAssetAttachment.func126 (6 handlers)
[GIN-debug] DELETE /assets/:id/attachments/:attachmentID --> github.com/mark3748/helpdesk-go/cmd/api.(*App).mountAPI.DeleteAssetAttachment.func128 (7 handlers)
[GIN-debug] PUT    /assets/attachments/upload/:objectKey --> github.com/mark3748/helpdesk-go/cmd/api.(*App).mountAPI.UploadAssetObject.func129 (6 handlers)
[GIN-debug] POST   /assets/:id/status-change --> github.com/mark3748/helpdesk-go/cmd/api.(*App).mountAPI.RequestStatusChange.func131 (7 handlers)
[GIN-debug] POST   /workflows/:id/approve    --> github.com/mark3748/helpdesk-go/cmd/api.(*App).mountAPI.ApproveWorkflow.func133 (7 handlers)
[GIN-debug] POST   /workflows/:id/reject     --> github.com/mark3748/helpdesk-go/cmd/api.(*App).mountAPI.RejectWorkflow.func135 (7 handlers)
[GIN-debug] POST   /assets/:id/checkout      --> github.com/mark3748/helpdesk-go/cmd/api.(*App).mountAPI.CheckoutAsset.func137 (7 handlers)
[GIN-debug] POST   /assets/checkin           --> github.com/mark3748/helpdesk-go/cmd/api.(*App).mountAPI.CheckinAsset.func139 (7 handlers)
[GIN-debug] GET    /assets/checkouts/active  --> github.com/mark3748/helpdesk-go/cmd/api.(*App).mountAPI.GetActiveCheckouts.func140 (6 handlers)
[GIN-debug] GET    /assets/checkouts/overdue --> github.com/mark3748/helpdesk-go/cmd/api.(*App).mountAPI.GetOverdueCheckouts.func141 (6 handlers)
[GIN-debug] POST   /assets/:id/relationships --> github.com/mark3748/helpdesk-go/cmd/api.(*App).mountAPI.CreateRelationship.func143 (7 handlers)
[GIN-debug] GET    /assets/:id/relationships/graph --> github.com/mark3748/helpdesk-go/cmd/api.(*App).mountAPI.GetRelationshipGraph.func144 (6 handlers)
[GIN-debug] GET    /assets/:id/impact-analysis --> github.com/mark3748/helpdesk-go/cmd/api.(*App).mountAPI.GetAssetImpactAnalysis.func145 (6 handlers)
[GIN-debug] POST   /assets/bulk/update       --> github.com/mark3748/helpdesk-go/cmd/api.(*App).mountAPI.BulkUpdateAssets.func147 (7 handlers)
[GIN-debug] POST   /assets/bulk/assign       --> github.com/mark3748/helpdesk-go/cmd/api.(*App).mountAPI.BulkAssignAssets.func149 (7 handlers)
[GIN-debug] GET    /assets/bulk/operations/:id --> github.com/mark3748/helpdesk-go/cmd/api.(*App).mountAPI.GetBulkOperation.func150 (6 handlers)
[GIN-debug] POST   /assets/import/preview    --> github.com/mark3748/helpdesk-go/cmd/api.(*App).mountAPI.ImportAssetsPreview.func152 (7 handlers)
[GIN-debug] POST   /assets/import            --> github.com/mark3748/helpdesk-go/cmd/api.(*App).mountAPI.ImportAssets.func154 (7 handlers)
[GIN-debug] POST   /assets/export            --> github.com/mark3748/helpdesk-go/cmd/api.(*App).mountAPI.ExportAssets.func156 (7 handlers)
[GIN-debug] GET    /assets/:id/audit         --> github.com/mark3748/helpdesk-go/cmd/api.(*App).mountAPI.GetAuditHistory.func157 (6 handlers)
[GIN-debug] GET    /assets/audit/summary     --> github.com/mark3748/helpdesk-go/cmd/api.(*App).mountAPI.GetAuditSummary.func159 (7 handlers)
[GIN-debug] GET    /assets/analytics         --> github.com/mark3748/helpdesk-go/cmd/api.(*App).mountAPI.GetAssetAnalytics.func161 (7 handlers)
[GIN-debug] GET    /problems                 --> github.com/mark3748/helpdesk-go/cmd/api.(*App).mountAPI.List.func162 (6 handlers)
[GIN-debug] POST   /problems                 --> github.com/mark3748/helpdesk-go/cmd/api.(*App).mountAPI.Create.func163 (6 handlers)
[GIN-debug] GET    /problems/:id             --> github.com/mark3748/helpdesk-go/cmd/api.(*App).mountAPI.Get.func164 (6 handlers)
[GIN-debug] PUT    /problems/:id             --> github.com/mark3748/helpdesk-go/cmd/api.(*App).mountAPI.Update.func165 (6 handlers)
[GIN-debug] DELETE /problems/:id             --> github.com/mark3748/helpdesk-go/cmd/api.(*App).mountAPI.Delete.func166 (6 handlers)
[GIN-debug] GET    /changes                  --> github.com/mark3748/helpdesk-go/cmd/api.(*App).mountAPI.List.func167 (6 handlers)
[GIN-debug] POST   /changes                  --> github.com/mark3748/helpdesk-go/cmd/api.(*App).mountAPI.Create.func168 (6 handlers)
[GIN-debug] GET    /changes/:id              --> github.com/mark3748/helpdesk-go/cmd/api.(*App).mountAPI.Get.func169 (6 handlers)
[GIN-debug] PUT    /changes/:id              --> github.com/mark3748/helpdesk-go/cmd/api.(*App).mountAPI.Update.func170 (6 handlers)
[GIN-debug] DELETE /changes/:id              --> github.com/mark3748/helpdesk-go/cmd/api.(*App).mountAPI.Delete.func171 (6 handlers)
[GIN-debug] GET    /releases                 --> github.com/mark3748/helpdesk-go/cmd/api.(*App).mountAPI.List.func172 (6 handlers)
[GIN-debug] POST   /releases                 --> github.com/mark3748/helpdesk-go/cmd/api.(*App).mountAPI.Create.func173 (6 handlers)
[GIN-debug] GET    /releases/:id             --> github.com/mark3748/helpdesk-go/cmd/api.(*App).mountAPI.Get.func174 (6 handlers)
[GIN-debug] PUT    /releases/:id             --> github.com/mark3748/helpdesk-go/cmd/api.(*App).mountAPI.Update.func175 (6 handlers)
[GIN-debug] DELETE /releases/:id             --> github.com/mark3748/helpdesk-go/cmd/api.(*App).mountAPI.Delete.func176 (6 handlers)
[GIN-debug] GET    /api/livez                --> github.com/mark3748/helpdesk-go/cmd/api.(*App).mountAPI.func1 (5 handlers)
[GIN-debug] GET    /api/readyz               --> github.com/mark3748/helpdesk-go/cmd/api.(*App).readyz-fm (5 handlers)
[GIN-debug] GET    /api/healthz              --> github.com/mark3748/helpdesk-go/cmd/api.(*App).mountAPI.func2 (5 handlers)
[GIN-debug] GET    /api/csat/:token          --> github.com/mark3748/helpdesk-go/cmd/api.(*App).csatForm-fm (5 handlers)
[GIN-debug] POST   /api/csat/:token          --> github.com/mark3748/helpdesk-go/cmd/api.(*App).submitCSAT-fm (5 handlers)
[GIN-debug] GET    /api/metrics              --> github.com/mark3748/helpdesk-go/cmd/api.(*App).mountAPI.WrapH.func9 (5 handlers)
[GIN-debug] GET    /api/swagger/*filepath    --> github.com/gin-gonic/gin.(*RouterGroup).createStaticHandler.func1 (5 handlers)
[GIN-debug] HEAD   /api/swagger/*filepath    --> github.com/gin-gonic/gin.(*RouterGroup).createStaticHandler.func1 (5 handlers)
[GIN-debug] GET    /api/docs                 --> github.com/mark3748/helpdesk-go/cmd/api.(*App).docsUI-fm (5 handlers)
[GIN-debug] GET    /api/openapi.yaml         --> github.com/mark3748/helpdesk-go/cmd/api.(*App).openapiSpec-fm (5 handlers)
[GIN-debug] POST   /api/webhooks/email-inbound --> github.com/mark3748/helpdesk-go/cmd/api.(*App).mountAPI.EmailInbound.func18 (5 handlers)
[GIN-debug] GET    /api/me                   --> github.com/mark3748/helpdesk-go/cmd/api/auth.Me (6 handlers)
[GIN-debug] GET    /api/me/profile           --> github.com/mark3748/helpdesk-go/cmd/api.(*App).getMyProfile-fm (6 handlers)
[GIN-debug] PATCH  /api/me/profile           --> github.com/mark3748/helpdesk-go/cmd/api.(*App).updateMyProfile-fm (6 handlers)
[GIN-debug] POST   /api/me/password          --> github.com/mark3748/helpdesk-go/cmd/api.(*App).changeMyPassword-fm (6 handlers)
[GIN-debug] GET    /api/events               --> github.com/mark3748/helpdesk-go/cmd/api.(*App).mountAPI.Events.func20 (6 handlers)
[GIN-debug] GET    /api/settings             --> github.com/mark3748/helpdesk-go/cmd/api/handlers.GetSettings (7 handlers)
[GIN-debug] GET    /api/features             --> github.com/mark3748/helpdesk-go/cmd/api.(*App).mountAPI.Features.func22 (6 handlers)
[GIN-debug] POST   /api/test-connection      --> github.com/mark3748/helpdesk-go/cmd/api/handlers.TestConnection (7 handlers)
[GIN-debug] POST   /api/settings/storage     --> github.com/mark3748/helpdesk-go/cmd/api/handlers.SaveStorageSettings (7 handlers)
[GIN-debug] POST   /api/settings/oidc        --> github.com/mark3748/helpdesk-go/cmd/api/handlers.SaveOIDCSettings (7 handlers)
[GIN-debug] POST   /api/settings/mail        --> github.com/mark3748/helpdesk-go/cmd/api/handlers.SaveMailSettings (7 handlers)
[GIN-debug] POST   /api/settings/mail/send-test --> github.com/mark3748/helpdesk-go/cmd/api/handlers.SendTestMail (7 handlers)
[GIN-debug] GET    /api/users/:id/roles      --> github.com/mark3748/helpdesk-go/cmd/api.(*App).mountAPI.ListUserRoles.func29 (7 handlers)
[GIN-debug] POST   /api/users/:id/roles      --> github.com/mark3748/helpdesk-go/cmd/api.(*App).mountAPI.AddUserRole.func31 (7 handlers)
[GIN-debug] DELETE /api/users/:id/roles/:role --> github.com/mark3748/helpdesk-go/cmd/api.(*App).mountAPI.RemoveUserRole.func33 (7 handlers)
[GIN-debug] GET    /api/users                --> github.com/mark3748/helpdesk-go/cmd/api.(*App).mountAPI.List.func35 (7 handlers)
[GIN-debug] GET    /api/users/:id            --> github.com/mark3748/helpdesk-go/cmd/api.(*App).mountAPI.Get.func37 (7 handlers)
[GIN-debug] POST   /api/users                --> github.com/mark3748/helpdesk-go/cmd/api.(*App).mountAPI.CreateLocal.func39 (7 handlers)
[GIN-debug] GET    /api/roles                --> github.com/mark3748/helpdesk-go/cmd/api.(*App).mountAPI.List.func41 (7 handlers)
[GIN-debug] GET    /api/requesters           --> github.com/mark3748/helpdesk-go/cmd/api.(*App).mountAPI.Search.func42 (6 handlers)
[GIN-debug] GET    /api/requesters/:id       --> github.com/mark3748/helpdesk-go/cmd/api.(*App).getRequester-fm (6 handlers)
[GIN-debug] POST   /api/requesters           --> github.com/mark3748/helpdesk-go/cmd/api.(*App).createRequester-fm (7 handlers)
[GIN-debug] PATCH  /api/requesters/:id       --> github.com/mark3748/helpdesk-go/cmd/api.(*App).updateRequester-fm (7 handlers)
[GIN-debug] GET    /api/teams                --> github.com/mark3748/helpdesk-go/cmd/api.(*App).mountAPI.List.func45 (6 handlers)
[GIN-debug] GET    /api/slas                 --> github.com/mark3748/helpdesk-go/cmd/api.(*App).mountAPI.List.func46 (6 handlers)
[GIN-debug] GET    /api/kb                   --> github.com/mark3748/helpdesk-go/cmd/api.(*App).mountAPI.Search.func47 (6 handlers)
[GIN-debug] GET    /api/kb/:slug             --> github.com/mark3748/helpdesk-go/cmd/api.(*App).mountAPI.Get.func48 (6 handlers)
[GIN-debug] POST   /api/kb                   --> github.com/mark3748/helpdesk-go/cmd/api.(*App).mountAPI.Create.func50 (7 handlers)
[GIN-debug] PUT    /api/kb/:slug             --> github.com/mark3748/helpdesk-go/cmd/api.(*App).mountAPI.Update.func52 (7 handlers)
[GIN-debug] DELETE /api/kb/:slug             --> github.com/mark3748/helpdesk-go/cmd/api.(*App).mountAPI.Delete.func54 (7 handlers)
[GIN-debug] GET    /api/tickets              --> github.com/mark3748/helpdesk-go/cmd/api.(*App).mountAPI.List.func55 (6 handlers)
[GIN-debug] POST   /api/tickets              --> github.com/mark3748/helpdesk-go/cmd/api.(*App).mountAPI.Create.func59 (6 handlers)
[GIN-debug] GET    /api/tickets/:id          --> github.com/mark3748/helpdesk-go/cmd/api.(*App).mountAPI.Get.func60 (6 handlers)
[GIN-debug] PATCH  /api/tickets/:id          --> github.com/mark3748/helpdesk-go/cmd/api.(*App).mountAPI.Update.func62 (7 handlers)
[GIN-debug] GET    /api/tickets/:id/comments --> github.com/mark3748/helpdesk-go/cmd/api.(*App).mountAPI.List.func63 (6 handlers)
[GIN-debug] POST   /api/tickets/:id/comments --> github.com/mark3748/helpdesk-go/cmd/api.(*App).mountAPI.Add.func64 (6 handlers)
[GIN-debug] GET    /api/tickets/:id/attachments --> github.com/mark3748/helpdesk-go/cmd/api.(*App).mountAPI.List.func65 (6 handlers)
[GIN-debug] POST   /api/tickets/:id/attachments/presign --> github.com/mark3748/helpdesk-go/cmd/api.(*App).mountAPI.Presign.func75 (6 handlers)
[GIN-debug] POST   /api/tickets/:id/attachments --> github.com/mark3748/helpdesk-go/cmd/api.(*App).mountAPI.Finalize.func76 (6 handlers)
[GIN-debug] GET    /api/tickets/:id/attachments/:attID --> github.com/mark3748/helpdesk-go/cmd/api.(*App).mountAPI.Get.func77 (6 handlers)
[GIN-debug] PUT    /api/attachments/upload/:objectKey --> github.com/mark3748/helpdesk-go/cmd/api.(*App).mountAPI.UploadObject.func78 (6 handlers)
[GIN-debug] DELETE /api/tickets/:id/attachments/:attID --> github.com/mark3748/helpdesk-go/cmd/api.(*App).mountAPI.Delete.func79 (6 handlers)
[GIN-debug] GET    /api/tickets/:id/watchers --> github.com/mark3748/helpdesk-go/cmd/api.(*App).mountAPI.List.func80 (6 handlers)
[GIN-debug] POST   /api/tickets/:id/watchers --> github.com/mark3748/helpdesk-go/cmd/api.(*App).mountAPI.Add.func81 (6 handlers)
[GIN-debug] DELETE /api/tickets/:id/watchers/:uid --> github.com/mark3748/helpdesk-go/cmd/api.(*App).mountAPI.Remove.func82 (6 handlers)
[GIN-debug] GET    /api/emails/outbound      --> github.com/mark3748/helpdesk-go/cmd/api.(*App).mountAPI.ListOutbound.func84 (7 handlers)
[GIN-debug] GET    /api/metrics/sla          --> github.com/mark3748/helpdesk-go/cmd/api.(*App).mountAPI.SLA.func86 (7 handlers)
[GIN-debug] GET    /api/metrics/resolution   --> github.com/mark3748/helpdesk-go/cmd/api.(*App).mountAPI.Resolution.func88 (7 handlers)
[GIN-debug] GET    /api/metrics/tickets      --> github.com/mark3748/helpdesk-go/cmd/api.(*App).mountAPI.TicketVolume.func90 (7 handlers)
[GIN-debug] GET    /api/metrics/dashboard    --> github.com/mark3748/helpdesk-go/cmd/api.(*App).mountAPI.Dashboard.func92 (7 handlers)
[GIN-debug] GET    /api/metrics/agent        --> github.com/mark3748/helpdesk-go/cmd/api.(*App).mountAPI.Agent.func94 (7 handlers)
[GIN-debug] GET    /api/metrics/manager      --> github.com/mark3748/helpdesk-go/cmd/api.(*App).mountAPI.Manager.func96 (7 handlers)
[GIN-debug] POST   /api/exports/tickets      --> github.com/mark3748/helpdesk-go/cmd/api.(*App).exportTicketsBridge-fm (7 handlers)
[GIN-debug] GET    /api/exports/tickets/:job_id --> github.com/mark3748/helpdesk-go/cmd/api.(*App).exportTicketsStatus-fm (7 handlers)
[GIN-debug] GET    /api/webhooks             --> github.com/mark3748/helpdesk-go/cmd/api.(*App).mountAPI.List.func100 (7 handlers)
[GIN-debug] POST   /api/webhooks             --> github.com/mark3748/helpdesk-go/cmd/api.(*App).mountAPI.Create.func102 (7 handlers)
[GIN-debug] DELETE /api/webhooks/:id         --> github.com/mark3748/helpdesk-go/cmd/api.(*App).mountAPI.Delete.func104 (7 handlers)
[GIN-debug] GET    /api/asset-categories     --> github.com/mark3748/helpdesk-go/cmd/api.(*App).mountAPI.ListCategories.func105 (6 handlers)
[GIN-debug] POST   /api/asset-categories     --> github.com/mark3748/helpdesk-go/cmd/api.(*App).mountAPI.CreateCategory.func107 (7 handlers)
[GIN-debug] GET    /api/asset-categories/:id --> github.com/mark3748/helpdesk-go/cmd/api.(*App).mountAPI.GetCategory.func108 (6 handlers)
[GIN-debug] GET    /api/assets               --> github.com/mark3748/helpdesk-go/cmd/api.(*App).mountAPI.ListAssets.func109 (6 handlers)
[GIN-debug] POST   /api/assets               --> github.com/mark3748/helpdesk-go/cmd/api.(*App).mountAPI.CreateAsset.func111 (7 handlers)
[GIN-debug] GET    /api/assets/:id           --> github.com/mark3748/helpdesk-go/cmd/api.(*App).mountAPI.GetAsset.func112 (6 handlers)
[GIN-debug] PATCH  /api/assets/:id           --> github.com/mark3748/helpdesk-go/cmd/api.(*App).mountAPI.UpdateAsset.func114 (7 handlers)
[GIN-debug] DELETE /api/assets/:id           --> github.com/mark3748/helpdesk-go/cmd/api.(*App).mountAPI.DeleteAsset.func116 (7 handlers)
[GIN-debug] POST   /api/assets/:id/assign    --> github.com/mark3748/helpdesk-go/cmd/api.(*App).mountAPI.AssignAsset.func118 (7 handlers)
[GIN-debug] GET    /api/assets/:id/history   --> github.com/mark3748/helpdesk-go/cmd/api.(*App).mountAPI.GetAssetHistory.func119 (6 handlers)
[GIN-debug] GET    /api/assets/:id/assignments --> github.com/mark3748/helpdesk-go/cmd/api.(*App).mountAPI.GetAssetAssignments.func120 (6 handlers)
[GIN-debug] GET    /api/assets/:id/attachments --> github.com/mark3748/helpdesk-go/cmd/api.(*App).mountAPI.ListAttachments.func121 (6 handlers)
[GIN-debug] POST   /api/assets/:id/attachments/presign --> github.com/mark3748/helpdesk-go/cmd/api.(*App).mountAPI.PresignAssetUpload.func123 (7 handlers)
[GIN-debug] POST   /api/assets/:id/attachments --> github.com/mark3748/helpdesk-go/cmd/api.(*App).mountAPI.FinalizeAssetAttachment.func125 (7 handlers)
[GIN-debug] GET    /api/assets/:id/attachments/:attachmentID --> github.com/mark3748/helpdesk-go/cmd/api.(*App).mountAPI.GetAssetAttachment.func126 (6 handlers)
[GIN-debug] DELETE /api/assets/:id/attachments/:attachmentID --> github.com/mark3748/helpdesk-go/cmd/api.(*App).mountAPI.DeleteAssetAttachment.func128 (7 handlers)
[GIN-debug] PUT    /api/assets/attachments/upload/:objectKey --> github.com/mark3748/helpdesk-go/cmd/api.(*App).mountAPI.UploadAssetObject.func129 (6 handlers)
[GIN-debug] POST   /api/assets/:id/status-change --> github.com/mark3748/helpdesk-go/cmd/api.(*App).mountAPI.RequestStatusChange.func131 (7 handlers)
[GIN-debug] POST   /api/workflows/:id/approve --> github.com/mark3748/helpdesk-go/cmd/api.(*App).mountAPI.ApproveWorkflow.func133 (7 handlers)
[GIN-debug] POST   /api/workflows/:id/reject --> github.com/mark3748/helpdesk-go/cmd/api.(*App).mountAPI.RejectWorkflow.func135 (7 handlers)
[GIN-debug] POST   /api/assets/:id/checkout  --> github.com/mark3748/helpdesk-go/cmd/api.(*App).mountAPI.CheckoutAsset.func137 (7 handlers)
[GIN-debug] POST   /api/assets/checkin       --> github.com/mark3748/helpdesk-go/cmd/api.(*App).mountAPI.CheckinAsset.func139 (7 handlers)
[GIN-debug] GET    /api/assets/checkouts/active --> github.com/mark3748/helpdesk-go/cmd/api.(*App).mountAPI.GetActiveCheckouts.func140 (6 handlers)
[GIN-debug] GET    /api/assets/checkouts/overdue --> github.com/mark3748/helpdesk-go/cmd/api.(*App).mountAPI.GetOverdueCheckouts.func141 (6 handlers)
[GIN-debug] POST   /api/assets/:id/relationships --> github.com/mark3748/helpdesk-go/cmd/api.(*App).mountAPI.CreateRelationship.func143 (7 handlers)
[GIN-debug] GET    /api/assets/:id/relationships/graph --> github.com/mark3748/helpdesk-go/cmd/api.(*App).mountAPI.GetRelationshipGraph.func144 (6 handlers)
[GIN-debug] GET    /api/assets/:id/impact-analysis --> github.com/mark3748/helpdesk-go/cmd/api.(*App).mountAPI.GetAssetImpactAnalysis.func145 (6 handlers)
[GIN-debug] POST   /api/assets/bulk/update   --> github.com/mark3748/helpdesk-go/cmd/api.(*App).mountAPI.BulkUpdateAssets.func147 (7 handlers)
[GIN-debug] POST   /api/assets/bulk/assign   --> github.com/mark3748/helpdesk-go/cmd/api.(*App).mountAPI.BulkAssignAssets.func149 (7 handlers)
[GIN-debug] GET    /api/assets/bulk/operations/:id --> github.com/mark3748/helpdesk-go/cmd/api.(*App).mountAPI.GetBulkOperation.func150 (6 handlers)
[GIN-debug] POST   /api/assets/import/preview --> github.com/mark3748/helpdesk-go/cmd/api.(*App).mountAPI.ImportAssetsPreview.func152 (7 handlers)
[GIN-debug] POST   /api/assets/import        --> github.com/mark3748/helpdesk-go/cmd/api.(*App).mountAPI.ImportAssets.func154 (7 handlers)
[GIN-debug] POST   /api/assets/export        --> github.com/mark3748/helpdesk-go/cmd/api.(*App).mountAPI.ExportAssets.func156 (7 handlers)
[GIN-debug] GET    /api/assets/:id/audit     --> github.com/mark3748/helpdesk-go/cmd/api.(*App).mountAPI.GetAuditHistory.func157 (6 handlers)
[GIN-debug] GET    /api/assets/audit/summary --> github.com/mark3748/helpdesk-go/cmd/api.(*App).mountAPI.GetAuditSummary.func159 (7 handlers)
[GIN-debug] GET    /api/assets/analytics     --> github.com/mark3748/helpdesk-go/cmd/api.(*App).mountAPI.GetAssetAnalytics.func161 (7 handlers)
[GIN-debug] GET    /api/problems             --> github.com/mark3748/helpdesk-go/cmd/api.(*App).mountAPI.List.func162 (6 handlers)
[GIN-debug] POST   /api/problems             --> github.com/mark3748/helpdesk-go/cmd/api.(*App).mountAPI.Create.func163 (6 handlers)
[GIN-debug] GET    /api/problems/:id         --> github.com/mark3748/helpdesk-go/cmd/api.(*App).mountAPI.Get.func164 (6 handlers)
[GIN-debug] PUT    /api/problems/:id         --> github.com/mark3748/helpdesk-go/cmd/api.(*App).mountAPI.Update.func165 (6 handlers)
[GIN-debug] DELETE /api/problems/:id         --> github.com/mark3748/helpdesk-go/cmd/api.(*App).mountAPI.Delete.func166 (6 handlers)
[GIN-debug] GET    /api/changes              --> github.com/mark3748/helpdesk-go/cmd/api.(*App).mountAPI.List.func167 (6 handlers)
[GIN-debug] POST   /api/changes              --> github.com/mark3748/helpdesk-go/cmd/api.(*App).mountAPI.Create.func168 (6 handlers)
[GIN-debug] GET    /api/changes/:id          --> github.com/mark3748/helpdesk-go/cmd/api.(*App).mountAPI.Get.func169 (6 handlers)
[GIN-debug] PUT    /api/changes/:id          --> github.com/mark3748/helpdesk-go/cmd/api.(*App).mountAPI.Update.func170 (6 handlers)
[GIN-debug] DELETE /api/changes/:id          --> github.com/mark3748/helpdesk-go/cmd/api.(*App).mountAPI.Delete.func171 (6 handlers)
[GIN-debug] GET    /api/releases             --> github.com/mark3748/helpdesk-go/cmd/api.(*App).mountAPI.List.func172 (6 handlers)
[GIN-debug] POST   /api/releases             --> github.com/mark3748/helpdesk-go/cmd/api.(*App).mountAPI.Create.func173 (6 handlers)
[GIN-debug] GET    /api/releases/:id         --> github.com/mark3748/helpdesk-go/cmd/api.(*App).mountAPI.Get.func174 (6 handlers)
[GIN-debug] PUT    /api/releases/:id         --> github.com/mark3748/helpdesk-go/cmd/api.(*App).mountAPI.Update.func175 (6 handlers)
[GIN-debug] DELETE /api/releases/:id         --> github.com/mark3748/helpdesk-go/cmd/api.(*App).mountAPI.Delete.func176 (6 handlers)
{"level":"info","request_id":"a7c936f7-e1e9-4c8b-b4c5-b3272edd68e2","method":"GET","path":"/healthz","status":200,"duration":0.006323,"time":"2025-12-20T00:53:51-07:00","message":"request"}
[GIN-debug] [WARNING] Running in "debug" mode. Switch to "release" mode in production.
 - using env:	export GIN_MODE=release
 - using code:	gin.SetMode(gin.ReleaseMode)

[GIN-debug] GET    /livez                    --> github.com/mark3748/helpdesk-go/cmd/api.(*App).mountAPI.func1 (5 handlers)
[GIN-debug] GET    /readyz                   --> github.com/mark3748/helpdesk-go/cmd/api.(*App).readyz-fm (5 handlers)
[GIN-debug] GET    /healthz                  --> github.com/mark3748/helpdesk-go/cmd/api.(*App).mountAPI.func2 (5 handlers)
[GIN-debug] GET    /csat/:token              --> github.com/mark3748/helpdesk-go/cmd/api.(*App).csatForm-fm (5 handlers)
[GIN-debug] POST   /csat/:token              --> github.com/mark3748/helpdesk-go/cmd/api.(*App).submitCSAT-fm (5 handlers)
[GIN-debug] GET    /metrics                  --> github.com/mark3748/helpdesk-go/cmd/api.(*App).mountAPI.WrapH.func9 (5 handlers)
[GIN-debug] GET    /swagger/*filepath        --> github.com/gin-gonic/gin.(*RouterGroup).createStaticHandler.func1 (5 handlers)
[GIN-debug] HEAD   /swagger/*filepath        --> github.com/gin-gonic/gin.(*RouterGroup).createStaticHandler.func1 (5 handlers)
[GIN-debug] GET    /docs                     --> github.com/mark3748/helpdesk-go/cmd/api.(*App).docsUI-fm (5 handlers)
[GIN-debug] GET    /openapi.yaml             --> github.com/mark3748/helpdesk-go/cmd/api.(*App).openapiSpec-fm (5 handlers)
[GIN-debug] POST   /webhooks/email-inbound   --> github.com/mark3748/helpdesk-go/cmd/api.(*App).mountAPI.EmailInbound.func18 (5 handlers)
[GIN-debug] GET    /me                       --> github.com/mark3748/helpdesk-go/cmd/api/auth.Me (6 handlers)
[GIN-debug] GET    /me/profile               --> github.com/mark3748/helpdesk-go/cmd/api.(*App).getMyProfile-fm (6 handlers)
[GIN-debug] PATCH  /me/profile               --> github.com/mark3748/helpdesk-go/cmd/api.(*App).updateMyProfile-fm (6 handlers)
[GIN-debug] POST   /me/password              --> github.com/mark3748/helpdesk-go/cmd/api.(*App).changeMyPassword-fm (6 handlers)
[GIN-debug] GET    /events                   --> github.com/mark3748/helpdesk-go/cmd/api.(*App).mountAPI.Events.func20 (6 handlers)
[GIN-debug] GET    /settings                 --> github.com/mark3748/helpdesk-go/cmd/api/handlers.GetSettings (7 handlers)
[GIN-debug] GET    /features                 --> github.com/mark3748/helpdesk-go/cmd/api.(*App).mountAPI.Features.func22 (6 handlers)
[GIN-debug] POST   /test-connection          --> github.com/mark3748/helpdesk-go/cmd/api/handlers.TestConnection (7 handlers)
[GIN-debug] POST   /settings/storage         --> github.com/mark3748/helpdesk-go/cmd/api/handlers.SaveStorageSettings (7 handlers)
[GIN-debug] POST   /settings/oidc            --> github.com/mark3748/helpdesk-go/cmd/api/handlers.SaveOIDCSettings (7 handlers)
[GIN-debug] POST   /settings/mail            --> github.com/mark3748/helpdesk-go/cmd/api/handlers.SaveMailSettings (7 handlers)
[GIN-debug] POST   /settings/mail/send-test  --> github.com/mark3748/helpdesk-go/cmd/api/handlers.SendTestMail (7 handlers)
[GIN-debug] GET    /users/:id/roles          --> github.com/mark3748/helpdesk-go/cmd/api.(*App).mountAPI.ListUserRoles.func29 (7 handlers)
[GIN-debug] POST   /users/:id/roles          --> github.com/mark3748/helpdesk-go/cmd/api.(*App).mountAPI.AddUserRole.func31 (7 handlers)
[GIN-debug] DELETE /users/:id/roles/:role    --> github.com/mark3748/helpdesk-go/cmd/api.(*App).mountAPI.RemoveUserRole.func33 (7 handlers)
[GIN-debug] GET    /users                    --> github.com/mark3748/helpdesk-go/cmd/api.(*App).mountAPI.List.func35 (7 handlers)
[GIN-debug] GET    /users/:id                --> github.com/mark3748/helpdesk-go/cmd/api.(*App).mountAPI.Get.func37 (7 handlers)
[GIN-debug] POST   /users                    --> github.com/mark3748/helpdesk-go/cmd/api.(*App).mountAPI.CreateLocal.func39 (7 handlers)
[GIN-debug] GET    /roles                    --> github.com/mark3748/helpdesk-go/cmd/api.(*App).mountAPI.List.func41 (7 handlers)
[GIN-debug] GET    /requesters               --> github.com/mark3748/helpdesk-go/cmd/api.(*App).mountAPI.Search.func42 (6 handlers)
[GIN-debug] GET    /requesters/:id           --> github.com/mark3748/helpdesk-go/cmd/api.(*App).getRequester-fm (6 handlers)
[GIN-debug] POST   /requesters               --> github.com/mark3748/helpdesk-go/cmd/api.(*App).createRequester-fm (7 handlers)
[GIN-debug] PATCH  /requesters/:id           --> github.com/mark3748/helpdesk-go/cmd/api.(*App).updateRequester-fm (7 handlers)
[GIN-debug] GET    /teams                    --> github.com/mark3748/helpdesk-go/cmd/api.(*App).mountAPI.List.func45 (6 handlers)
[GIN-debug] GET    /slas                     --> github.com/mark3748/helpdesk-go/cmd/api.(*App).mountAPI.List.func46 (6 handlers)
[GIN-debug] GET    /kb                       --> github.com/mark3748/helpdesk-go/cmd/api.(*App).mountAPI.Search.func47 (6 handlers)
[GIN-debug] GET    /kb/:slug                 --> github.com/mark3748/helpdesk-go/cmd/api.(*App).mountAPI.Get.func48 (6 handlers)
[GIN-debug] POST   /kb                       --> github.com/mark3748/helpdesk-go/cmd/api.(*App).mountAPI.Create.func50 (7 handlers)
[GIN-debug] PUT    /kb/:slug                 --> github.com/mark3748/helpdesk-go/cmd/api.(*App).mountAPI.Update.func52 (7 handlers)
[GIN-debug] DELETE /kb/:slug                 --> github.com/mark3748/helpdesk-go/cmd/api.(*App).mountAPI.Delete.func54 (7 handlers)
[GIN-debug] GET    /tickets                  --> github.com/mark3748/helpdesk-go/cmd/api.(*App).mountAPI.List.func55 (6 handlers)
[GIN-debug] POST   /tickets                  --> github.com/mark3748/helpdesk-go/cmd/api.(*App).mountAPI.Create.func59 (6 handlers)
[GIN-debug] GET    /tickets/:id              --> github.com/mark3748/helpdesk-go/cmd/api.(*App).mountAPI.Get.func60 (6 handlers)
[GIN-debug] PATCH  /tickets/:id              --> github.com/mark3748/helpdesk-go/cmd/api.(*App).mountAPI.Update.func62 (7 handlers)
[GIN-debug] GET    /tickets/:id/comments     --> github.com/mark3748/helpdesk-go/cmd/api.(*App).mountAPI.List.func63 (6 handlers)
[GIN-debug] POST   /tickets/:id/comments     --> github.com/mark3748/helpdesk-go/cmd/api.(*App).mountAPI.Add.func64 (6 handlers)
[GIN-debug] GET    /tickets/:id/attachments  --> github.com/mark3748/helpdesk-go/cmd/api.(*App).mountAPI.List.func65 (6 handlers)
[GIN-debug] POST   /tickets/:id/attachments/presign --> github.com/mark3748/helpdesk-go/cmd/api.(*App).mountAPI.Presign.func75 (6 handlers)
[GIN-debug] POST   /tickets/:id/attachments  --> github.com/mark3748/helpdesk-go/cmd/api.(*App).mountAPI.Finalize.func76 (6 handlers)
[GIN-debug] GET    /tickets/:id/attachments/:attID --> github.com/mark3748/helpdesk-go/cmd/api.(*App).mountAPI.Get.func77 (6 handlers)
[GIN-debug] PUT    /attachments/upload/:objectKey --> github.com/mark3748/helpdesk-go/cmd/api.(*App).mountAPI.UploadObject.func78 (6 handlers)
[GIN-debug] DELETE /tickets/:id/attachments/:attID --> github.com/mark3748/helpdesk-go/cmd/api.(*App).mountAPI.Delete.func79 (6 handlers)
[GIN-debug] GET    /tickets/:id/watchers     --> github.com/mark3748/helpdesk-go/cmd/api.(*App).mountAPI.List.func80 (6 handlers)
[GIN-debug] POST   /tickets/:id/watchers     --> github.com/mark3748/helpdesk-go/cmd/api.(*App).mountAPI.Add.func81 (6 handlers)
[GIN-debug] DELETE /tickets/:id/watchers/:uid --> github.com/mark3748/helpdesk-go/cmd/api.(*App).mountAPI.Remove.func82 (6 handlers)
[GIN-debug] GET    /emails/outbound          --> github.com/mark3748/helpdesk-go/cmd/api.(*App).mountAPI.ListOutbound.func84 (7 handlers)
[GIN-debug] GET    /metrics/sla              --> github.com/mark3748/helpdesk-go/cmd/api.(*App).mountAPI.SLA.func86 (7 handlers)
[GIN-debug] GET    /metrics/resolution       --> github.com/mark3748/helpdesk-go/cmd/api.(*App).mountAPI.Resolution.func88 (7 handlers)
[GIN-debug] GET    /metrics/tickets          --> github.com/mark3748/helpdesk-go/cmd/api.(*App).mountAPI.TicketVolume.func90 (7 handlers)
[GIN-debug] GET    /metrics/dashboard        --> github.com/mark3748/helpdesk-go/cmd/api.(*App).mountAPI.Dashboard.func92 (7 handlers)
[GIN-debug] GET    /metrics/agent            --> github.com/mark3748/helpdesk-go/cmd/api.(*App).mountAPI.Agent.func94 (7 handlers)
[GIN-debug] GET    /metrics/manager          --> github.com/mark3748/helpdesk-go/cmd/api.(*App).mountAPI.Manager.func96 (7 handlers)
[GIN-debug] POST   /exports/tickets          --> github.com/mark3748/helpdesk-go/cmd/api.(*App).exportTicketsBridge-fm (7 handlers)
[GIN-debug] GET    /exports/tickets/:job_id  --> github.com/mark3748/helpdesk-go/cmd/api.(*App).exportTicketsStatus-fm (7 handlers)
[GIN-debug] GET    /webhooks                 --> github.com/mark3748/helpdesk-go/cmd/api.(*App).mountAPI.List.func100 (7 handlers)
[GIN-debug] POST   /webhooks                 --> github.com/mark3748/helpdesk-go/cmd/api.(*App).mountAPI.Create.func102 (7 handlers)
[GIN-debug] DELETE /webhooks/:id             --> github.com/mark3748/helpdesk-go/cmd/api.(*App).mountAPI.Delete.func104 (7 handlers)
[GIN-debug] GET    /asset-categories         --> github.com/mark3748/helpdesk-go/cmd/api.(*App).mountAPI.ListCategories.func105 (6 handlers)
[GIN-debug] POST   /asset-categories         --> github.com/mark3748/helpdesk-go/cmd/api.(*App).mountAPI.CreateCategory.func107 (7 handlers)
[GIN-debug] GET    /asset-categories/:id     --> github.com/mark3748/helpdesk-go/cmd/api.(*App).mountAPI.GetCategory.func108 (6 handlers)
[GIN-debug] GET    /assets                   --> github.com/mark3748/helpdesk-go/cmd/api.(*App).mountAPI.ListAssets.func109 (6 handlers)
[GIN-debug] POST   /assets                   --> github.com/mark3748/helpdesk-go/cmd/api.(*App).mountAPI.CreateAsset.func111 (7 handlers)
[GIN-debug] GET    /assets/:id               --> github.com/mark3748/helpdesk-go/cmd/api.(*App).mountAPI.GetAsset.func112 (6 handlers)
[GIN-debug] PATCH  /assets/:id               --> github.com/mark3748/helpdesk-go/cmd/api.(*App).mountAPI.UpdateAsset.func114 (7 handlers)
[GIN-debug] DELETE /assets/:id               --> github.com/mark3748/helpdesk-go/cmd/api.(*App).mountAPI.DeleteAsset.func116 (7 handlers)
[GIN-debug] POST   /assets/:id/assign        --> github.com/mark3748/helpdesk-go/cmd/api.(*App).mountAPI.AssignAsset.func118 (7 handlers)
[GIN-debug] GET    /assets/:id/history       --> github.com/mark3748/helpdesk-go/cmd/api.(*App).mountAPI.GetAssetHistory.func119 (6 handlers)
[GIN-debug] GET    /assets/:id/assignments   --> github.com/mark3748/helpdesk-go/cmd/api.(*App).mountAPI.GetAssetAssignments.func120 (6 handlers)
[GIN-debug] GET    /assets/:id/attachments   --> github.com/mark3748/helpdesk-go/cmd/api.(*App).mountAPI.ListAttachments.func121 (6 handlers)
[GIN-debug] POST   /assets/:id/attachments/presign --> github.com/mark3748/helpdesk-go/cmd/api.(*App).mountAPI.PresignAssetUpload.func123 (7 handlers)
[GIN-debug] POST   /assets/:id/attachments   --> github.com/mark3748/helpdesk-go/cmd/api.(*App).mountAPI.FinalizeAssetAttachment.func125 (7 handlers)
[GIN-debug] GET    /assets/:id/attachments/:attachmentID --> github.com/mark3748/helpdesk-go/cmd/api.(*App).mountAPI.GetAssetAttachment.func126 (6 handlers)
[GIN-debug] DELETE /assets/:id/attachments/:attachmentID --> github.com/mark3748/helpdesk-go/cmd/api.(*App).mountAPI.DeleteAssetAttachment.func128 (7 handlers)
[GIN-debug] PUT    /assets/attachments/upload/:objectKey --> github.com/mark3748/helpdesk-go/cmd/api.(*App).mountAPI.UploadAssetObject.func129 (6 handlers)
[GIN-debug] POST   /assets/:id/status-change --> github.com/mark3748/helpdesk-go/cmd/api.(*App).mountAPI.RequestStatusChange.func131 (7 handlers)
[GIN-debug] POST   /workflows/:id/approve    --> github.com/mark3748/helpdesk-go/cmd/api.(*App).mountAPI.ApproveWorkflow.func133 (7 handlers)
[GIN-debug] POST   /workflows/:id/reject     --> github.com/mark3748/helpdesk-go/cmd/api.(*App).mountAPI.RejectWorkflow.func135 (7 handlers)
[GIN-debug] POST   /assets/:id/checkout      --> github.com/mark3748/helpdesk-go/cmd/api.(*App).mountAPI.CheckoutAsset.func137 (7 handlers)
[GIN-debug] POST   /assets/checkin           --> github.com/mark3748/helpdesk-go/cmd/api.(*App).mountAPI.CheckinAsset.func139 (7 handlers)
[GIN-debug] GET    /assets/checkouts/active  --> github.com/mark3748/helpdesk-go/cmd/api.(*App).mountAPI.GetActiveCheckouts.func140 (6 handlers)
[GIN-debug] GET    /assets/checkouts/overdue --> github.com/mark3748/helpdesk-go/cmd/api.(*App).mountAPI.GetOverdueCheckouts.func141 (6 handlers)
[GIN-debug] POST   /assets/:id/relationships --> github.com/mark3748/helpdesk-go/cmd/api.(*App).mountAPI.CreateRelationship.func143 (7 handlers)
[GIN-debug] GET    /assets/:id/relationships/graph --> github.com/mark3748/helpdesk-go/cmd/api.(*App).mountAPI.GetRelationshipGraph.func144 (6 handlers)
[GIN-debug] GET    /assets/:id/impact-analysis --> github.com/mark3748/helpdesk-go/cmd/api.(*App).mountAPI.GetAssetImpactAnalysis.func145 (6 handlers)
[GIN-debug] POST   /assets/bulk/update       --> github.com/mark3748/helpdesk-go/cmd/api.(*App).mountAPI.BulkUpdateAssets.func147 (7 handlers)
[GIN-debug] POST   /assets/bulk/assign       --> github.com/mark3748/helpdesk-go/cmd/api.(*App).mountAPI.BulkAssignAssets.func149 (7 handlers)
[GIN-debug] GET    /assets/bulk/operations/:id --> github.com/mark3748/helpdesk-go/cmd/api.(*App).mountAPI.GetBulkOperation.func150 (6 handlers)
[GIN-debug] POST   /assets/import/preview    --> github.com/mark3748/helpdesk-go/cmd/api.(*App).mountAPI.ImportAssetsPreview.func152 (7 handlers)
[GIN-debug] POST   /assets/import            --> github.com/mark3748/helpdesk-go/cmd/api.(*App).mountAPI.ImportAssets.func154 (7 handlers)
[GIN-debug] POST   /assets/export            --> github.com/mark3748/helpdesk-go/cmd/api.(*App).mountAPI.ExportAssets.func156 (7 handlers)
[GIN-debug] GET    /assets/:id/audit         --> github.com/mark3748/helpdesk-go/cmd/api.(*App).mountAPI.GetAuditHistory.func157 (6 handlers)
[GIN-debug] GET    /assets/audit/summary     --> github.com/mark3748/helpdesk-go/cmd/api.(*App).mountAPI.GetAuditSummary.func159 (7 handlers)
[GIN-debug] GET    /assets/analytics         --> github.com/mark3748/helpdesk-go/cmd/api.(*App).mountAPI.GetAssetAnalytics.func161 (7 handlers)
[GIN-debug] GET    /problems                 --> github.com/mark3748/helpdesk-go/cmd/api.(*App).mountAPI.List.func162 (6 handlers)
[GIN-debug] POST   /problems                 --> github.com/mark3748/helpdesk-go/cmd/api.(*App).mountAPI.Create.func163 (6 handlers)
[GIN-debug] GET    /problems/:id             --> github.com/mark3748/helpdesk-go/cmd/api.(*App).mountAPI.Get.func164 (6 handlers)
[GIN-debug] PUT    /problems/:id             --> github.com/mark3748/helpdesk-go/cmd/api.(*App).mountAPI.Update.func165 (6 handlers)
[GIN-debug] DELETE /problems/:id             --> github.com/mark3748/helpdesk-go/cmd/api.(*App).mountAPI.Delete.func166 (6 handlers)
[GIN-debug] GET    /changes                  --> github.com/mark3748/helpdesk-go/cmd/api.(*App).mountAPI.List.func167 (6 handlers)
[GIN-debug] POST   /changes                  --> github.com/mark3748/helpdesk-go/cmd/api.(*App).mountAPI.Create.func168 (6 handlers)
[GIN-debug] GET    /changes/:id              --> github.com/mark3748/helpdesk-go/cmd/api.(*App).mountAPI.Get.func169 (6 handlers)
[GIN-debug] PUT    /changes/:id              --> github.com/mark3748/helpdesk-go/cmd/api.(*App).mountAPI.Update.func170 (6 handlers)
[GIN-debug] DELETE /changes/:id              --> github.com/mark3748/helpdesk-go/cmd/api.(*App).mountAPI.Delete.func171 (6 handlers)
[GIN-debug] GET    /releases                 --> github.com/mark3748/helpdesk-go/cmd/api.(*App).mountAPI.List.func172 (6 handlers)
[GIN-debug] POST   /releases                 --> github.com/mark3748/helpdesk-go/cmd/api.(*App).mountAPI.Create.func173 (6 handlers)
[GIN-debug] GET    /releases/:id             --> github.com/mark3748/helpdesk-go/cmd/api.(*App).mountAPI.Get.func174 (6 handlers)
[GIN-debug] PUT    /releases/:id             --> github.com/mark3748/helpdesk-go/cmd/api.(*App).mountAPI.Update.func175 (6 handlers)
[GIN-debug] DELETE /releases/:id             --> github.com/mark3748/helpdesk-go/cmd/api.(*App).mountAPI.Delete.func176 (6 handlers)
[GIN-debug] GET    /api/livez                --> github.com/mark3748/helpdesk-go/cmd/api.(*App).mountAPI.func1 (5 handlers)
[GIN-debug] GET    /api/readyz               --> github.com/mark3748/helpdesk-go/cmd/api.(*App).readyz-fm (5 handlers)
[GIN-debug] GET    /api/healthz              --> github.com/mark3748/helpdesk-go/cmd/api.(*App).mountAPI.func2 (5 handlers)
[GIN-debug] GET    /api/csat/:token          --> github.com/mark3748/helpdesk-go/cmd/api.(*App).csatForm-fm (5 handlers)
[GIN-debug] POST   /api/csat/:token          --> github.com/mark3748/helpdesk-go/cmd/api.(*App).submitCSAT-fm (5 handlers)
[GIN-debug] GET    /api/metrics              --> github.com/mark3748/helpdesk-go/cmd/api.(*App).mountAPI.WrapH.func9 (5 handlers)
[GIN-debug] GET    /api/swagger/*filepath    --> github.com/gin-gonic/gin.(*RouterGroup).createStaticHandler.func1 (5 handlers)
[GIN-debug] HEAD   /api/swagger/*filepath    --> github.com/gin-gonic/gin.(*RouterGroup).createStaticHandler.func1 (5 handlers)
[GIN-debug] GET    /api/docs                 --> github.com/mark3748/helpdesk-go/cmd/api.(*App).docsUI-fm (5 handlers)
[GIN-debug] GET    /api/openapi.yaml         --> github.com/mark3748/helpdesk-go/cmd/api.(*App).openapiSpec-fm (5 handlers)
[GIN-debug] POST   /api/webhooks/email-inbound --> github.com/mark3748/helpdesk-go/cmd/api.(*App).mountAPI.EmailInbound.func18 (5 handlers)
[GIN-debug] GET    /api/me                   --> github.com/mark3748/helpdesk-go/cmd/api/auth.Me (6 handlers)
[GIN-debug] GET    /api/me/profile           --> github.com/mark3748/helpdesk-go/cmd/api.(*App).getMyProfile-fm (6 handlers)
[GIN-debug] PATCH  /api/me/profile           --> github.com/mark3748/helpdesk-go/cmd/api.(*App).updateMyProfile-fm (6 handlers)
[GIN-debug] POST   /api/me/password          --> github.com/mark3748/helpdesk-go/cmd/api.(*App).changeMyPassword-fm (6 handlers)
[GIN-debug] GET    /api/events               --> github.com/mark3748/helpdesk-go/cmd/api.(*App).mountAPI.Events.func20 (6 handlers)
[GIN-debug] GET    /api/settings             --> github.com/mark3748/helpdesk-go/cmd/api/handlers.GetSettings (7 handlers)
[GIN-debug] GET    /api/features             --> github.com/mark3748/helpdesk-go/cmd/api.(*App).mountAPI.Features.func22 (6 handlers)
[GIN-debug] POST   /api/test-connection      --> github.com/mark3748/helpdesk-go/cmd/api/handlers.TestConnection (7 handlers)
[GIN-debug] POST   /api/settings/storage     --> github.com/mark3748/helpdesk-go/cmd/api/handlers.SaveStorageSettings (7 handlers)
[GIN-debug] POST   /api/settings/oidc        --> github.com/mark3748/helpdesk-go/cmd/api/handlers.SaveOIDCSettings (7 handlers)
[GIN-debug] POST   /api/settings/mail        --> github.com/mark3748/helpdesk-go/cmd/api/handlers.SaveMailSettings (7 handlers)
[GIN-debug] POST   /api/settings/mail/send-test --> github.com/mark3748/helpdesk-go/cmd/api/handlers.SendTestMail (7 handlers)
[GIN-debug] GET    /api/users/:id/roles      --> github.com/mark3748/helpdesk-go/cmd/api.(*App).mountAPI.ListUserRoles.func29 (7 handlers)
[GIN-debug] POST   /api/users/:id/roles      --> github.com/mark3748/helpdesk-go/cmd/api.(*App).mountAPI.AddUserRole.func31 (7 handlers)
[GIN-debug] DELETE /api/users/:id/roles/:role --> github.com/mark3748/helpdesk-go/cmd/api.(*App).mountAPI.RemoveUserRole.func33 (7 handlers)
[GIN-debug] GET    /api/users                --> github.com/mark3748/helpdesk-go/cmd/api.(*App).mountAPI.List.func35 (7 handlers)
[GIN-debug] GET    /api/users/:id            --> github.com/mark3748/helpdesk-go/cmd/api.(*App).mountAPI.Get.func37 (7 handlers)
[GIN-debug] POST   /api/users                --> github.com/mark3748/helpdesk-go/cmd/api.(*App).mountAPI.CreateLocal.func39 (7 handlers)
[GIN-debug] GET    /api/roles                --> github.com/mark3748/helpdesk-go/cmd/api.(*App).mountAPI.List.func41 (7 handlers)
[GIN-debug] GET    /api/requesters           --> github.com/mark3748/helpdesk-go/cmd/api.(*App).mountAPI.Search.func42 (6 handlers)
[GIN-debug] GET    /api/requesters/:id       --> github.com/mark3748/helpdesk-go/cmd/api.(*App).getRequester-fm (6 handlers)
[GIN-debug] POST   /api/requesters           --> github.com/mark3748/helpdesk-go/cmd/api.(*App).createRequester-fm (7 handlers)
[GIN-debug] PATCH  /api/requesters/:id       --> github.com/mark3748/helpdesk-go/cmd/api.(*App).updateRequester-fm (7 handlers)
[GIN-debug] GET    /api/teams                --> github.com/mark3748/helpdesk-go/cmd/api.(*App).mountAPI.List.func45 (6 handlers)
[GIN-debug] GET    /api/slas                 --> github.com/mark3748/helpdesk-go/cmd/api.(*App).mountAPI.List.func46 (6 handlers)
[GIN-debug] GET    /api/kb                   --> github.com/mark3748/helpdesk-go/cmd/api.(*App).mountAPI.Search.func47 (6 handlers)
[GIN-debug] GET    /api/kb/:slug             --> github.com/mark3748/helpdesk-go/cmd/api.(*App).mountAPI.Get.func48 (6 handlers)
[GIN-debug] POST   /api/kb                   --> github.com/mark3748/helpdesk-go/cmd/api.(*App).mountAPI.Create.func50 (7 handlers)
[GIN-debug] PUT    /api/kb/:slug             --> github.com/mark3748/helpdesk-go/cmd/api.(*App).mountAPI.Update.func52 (7 handlers)
[GIN-debug] DELETE /api/kb/:slug             --> github.com/mark3748/helpdesk-go/cmd/api.(*App).mountAPI.Delete.func54 (7 handlers)
[GIN-debug] GET    /api/tickets              --> github.com/mark3748/helpdesk-go/cmd/api.(*App).mountAPI.List.func55 (6 handlers)
[GIN-debug] POST   /api/tickets              --> github.com/mark3748/helpdesk-go/cmd/api.(*App).mountAPI.Create.func59 (6 handlers)
[GIN-debug] GET    /api/tickets/:id          --> github.com/mark3748/helpdesk-go/cmd/api.(*App).mountAPI.Get.func60 (6 handlers)
[GIN-debug] PATCH  /api/tickets/:id          --> github.com/mark3748/helpdesk-go/cmd/api.(*App).mountAPI.Update.func62 (7 handlers)
[GIN-debug] GET    /api/tickets/:id/comments --> github.com/mark3748/helpdesk-go/cmd/api.(*App).mountAPI.List.func63 (6 handlers)
[GIN-debug] POST   /api/tickets/:id/comments --> github.com/mark3748/helpdesk-go/cmd/api.(*App).mountAPI.Add.func64 (6 handlers)
[GIN-debug] GET    /api/tickets/:id/attachments --> github.com/mark3748/helpdesk-go/cmd/api.(*App).mountAPI.List.func65 (6 handlers)
[GIN-debug] POST   /api/tickets/:id/attachments/presign --> github.com/mark3748/helpdesk-go/cmd/api.(*App).mountAPI.Presign.func75 (6 handlers)
[GIN-debug] POST   /api/tickets/:id/attachments --> github.com/mark3748/helpdesk-go/cmd/api.(*App).mountAPI.Finalize.func76 (6 handlers)
[GIN-debug] GET    /api/tickets/:id/attachments/:attID --> github.com/mark3748/helpdesk-go/cmd/api.(*App).mountAPI.Get.func77 (6 handlers)
[GIN-debug] PUT    /api/attachments/upload/:objectKey --> github.com/mark3748/helpdesk-go/cmd/api.(*App).mountAPI.UploadObject.func78 (6 handlers)
[GIN-debug] DELETE /api/tickets/:id/attachments/:attID --> github.com/mark3748/helpdesk-go/cmd/api.(*App).mountAPI.Delete.func79 (6 handlers)
[GIN-debug] GET    /api/tickets/:id/watchers --> github.com/mark3748/helpdesk-go/cmd/api.(*App).mountAPI.List.func80 (6 handlers)
[GIN-debug] POST   /api/tickets/:id/watchers --> github.com/mark3748/helpdesk-go/cmd/api.(*App).mountAPI.Add.func81 (6 handlers)
[GIN-debug] DELETE /api/tickets/:id/watchers/:uid --> github.com/mark3748/helpdesk-go/cmd/api.(*App).mountAPI.Remove.func82 (6 handlers)
[GIN-debug] GET    /api/emails/outbound      --> github.com/mark3748/helpdesk-go/cmd/api.(*App).mountAPI.ListOutbound.func84 (7 handlers)
[GIN-debug] GET    /api/metrics/sla          --> github.com/mark3748/helpdesk-go/cmd/api.(*App).mountAPI.SLA.func86 (7 handlers)
[GIN-debug] GET    /api/metrics/resolution   --> github.com/mark3748/helpdesk-go/cmd/api.(*App).mountAPI.Resolution.func88 (7 handlers)
[GIN-debug] GET    /api/metrics/tickets      --> github.com/mark3748/helpdesk-go/cmd/api.(*App).mountAPI.TicketVolume.func90 (7 handlers)
[GIN-debug] GET    /api/metrics/dashboard    --> github.com/mark3748/helpdesk-go/cmd/api.(*App).mountAPI.Dashboard.func92 (7 handlers)
[GIN-debug] GET    /api/metrics/agent        --> github.com/mark3748/helpdesk-go/cmd/api.(*App).mountAPI.Agent.func94 (7 handlers)
[GIN-debug] GET    /api/metrics/manager      --> github.com/mark3748/helpdesk-go/cmd/api.(*App).mountAPI.Manager.func96 (7 handlers)
[GIN-debug] POST   /api/exports/tickets      --> github.com/mark3748/helpdesk-go/cmd/api.(*App).exportTicketsBridge-fm (7 handlers)
[GIN-debug] GET    /api/exports/tickets/:job_id --> github.com/mark3748/helpdesk-go/cmd/api.(*App).exportTicketsStatus-fm (7 handlers)
[GIN-debug] GET    /api/webhooks             --> github.com/mark3748/helpdesk-go/cmd/api.(*App).mountAPI.List.func100 (7 handlers)
[GIN-debug] POST   /api/webhooks             --> github.com/mark3748/helpdesk-go/cmd/api.(*App).mountAPI.Create.func102 (7 handlers)
[GIN-debug] DELETE /api/webhooks/:id         --> github.com/mark3748/helpdesk-go/cmd/api.(*App).mountAPI.Delete.func104 (7 handlers)
[GIN-debug] GET    /api/asset-categories     --> github.com/mark3748/helpdesk-go/cmd/api.(*App).mountAPI.ListCategories.func105 (6 handlers)
[GIN-debug] POST   /api/asset-categories     --> github.com/mark3748/helpdesk-go/cmd/api.(*App).mountAPI.CreateCategory.func107 (7 handlers)
[GIN-debug] GET    /api/asset-categories/:id --> github.com/mark3748/helpdesk-go/cmd/api.(*App).mountAPI.GetCategory.func108 (6 handlers)
[GIN-debug] GET    /api/assets               --> github.com/mark3748/helpdesk-go/cmd/api.(*App).mountAPI.ListAssets.func109 (6 handlers)
[GIN-debug] POST   /api/assets               --> github.com/mark3748/helpdesk-go/cmd/api.(*App).mountAPI.CreateAsset.func111 (7 handlers)
[GIN-debug] GET    /api/assets/:id           --> github.com/mark3748/helpdesk-go/cmd/api.(*App).mountAPI.GetAsset.func112 (6 handlers)
[GIN-debug] PATCH  /api/assets/:id           --> github.com/mark3748/helpdesk-go/cmd/api.(*App).mountAPI.UpdateAsset.func114 (7 handlers)
[GIN-debug] DELETE /api/assets/:id           --> github.com/mark3748/helpdesk-go/cmd/api.(*App).mountAPI.DeleteAsset.func116 (7 handlers)
[GIN-debug] POST   /api/assets/:id/assign    --> github.com/mark3748/helpdesk-go/cmd/api.(*App).mountAPI.AssignAsset.func118 (7 handlers)
[GIN-debug] GET    /api/assets/:id/history   --> github.com/mark3748/helpdesk-go/cmd/api.(*App).mountAPI.GetAssetHistory.func119 (6 handlers)
[GIN-debug] GET    /api/assets/:id/assignments --> github.com/mark3748/helpdesk-go/cmd/api.(*App).mountAPI.GetAssetAssignments.func120 (6 handlers)
[GIN-debug] GET    /api/assets/:id/attachments --> github.com/mark3748/helpdesk-go/cmd/api.(*App).mountAPI.ListAttachments.func121 (6 handlers)
[GIN-debug] POST   /api/assets/:id/attachments/presign --> github.com/mark3748/helpdesk-go/cmd/api.(*App).mountAPI.PresignAssetUpload.func123 (7 handlers)
[GIN-debug] POST   /api/assets/:id/attachments --> github.com/mark3748/helpdesk-go/cmd/api.(*App).mountAPI.FinalizeAssetAttachment.func125 (7 handlers)
[GIN-debug] GET    /api/assets/:id/attachments/:attachmentID --> github.com/mark3748/helpdesk-go/cmd/api.(*App).mountAPI.GetAssetAttachment.func126 (6 handlers)
[GIN-debug] DELETE /api/assets/:id/attachments/:attachmentID --> github.com/mark3748/helpdesk-go/cmd/api.(*App).mountAPI.DeleteAssetAttachment.func128 (7 handlers)
[GIN-debug] PUT    /api/assets/attachments/upload/:objectKey --> github.com/mark3748/helpdesk-go/cmd/api.(*App).mountAPI.UploadAssetObject.func129 (6 handlers)
[GIN-debug] POST   /api/assets/:id/status-change --> github.com/mark3748/helpdesk-go/cmd/api.(*App).mountAPI.RequestStatusChange.func131 (7 handlers)
[GIN-debug] POST   /api/workflows/:id/approve --> github.com/mark3748/helpdesk-go/cmd/api.(*App).mountAPI.ApproveWorkflow.func133 (7 handlers)
[GIN-debug] POST   /api/workflows/:id/reject --> github.com/mark3748/helpdesk-go/cmd/api.(*App).mountAPI.RejectWorkflow.func135 (7 handlers)
[GIN-debug] POST   /api/assets/:id/checkout  --> github.com/mark3748/helpdesk-go/cmd/api.(*App).mountAPI.CheckoutAsset.func137 (7 handlers)
[GIN-debug] POST   /api/assets/checkin       --> github.com/mark3748/helpdesk-go/cmd/api.(*App).mountAPI.CheckinAsset.func139 (7 handlers)
[GIN-debug] GET    /api/assets/checkouts/active --> github.com/mark3748/helpdesk-go/cmd/api.(*App).mountAPI.GetActiveCheckouts.func140 (6 handlers)
[GIN-debug] GET    /api/assets/checkouts/overdue --> github.com/mark3748/helpdesk-go/cmd/api.(*App).mountAPI.GetOverdueCheckouts.func141 (6 handlers)
[GIN-debug] POST   /api/assets/:id/relationships --> github.com/mark3748/helpdesk-go/cmd/api.(*App).mountAPI.CreateRelationship.func143 (7 handlers)
[GIN-debug] GET    /api/assets/:id/relationships/graph --> github.com/mark3748/helpdesk-go/cmd/api.(*App).mountAPI.GetRelationshipGraph.func144 (6 handlers)
[GIN-debug] GET    /api/assets/:id/impact-analysis --> github.com/mark3748/helpdesk-go/cmd/api.(*App).mountAPI.GetAssetImpactAnalysis.func145 (6 handlers)
[GIN-debug] POST   /api/assets/bulk/update   --> github.com/mark3748/helpdesk-go/cmd/api.(*App).mountAPI.BulkUpdateAssets.func147 (7 handlers)
[GIN-debug] POST   /api/assets/bulk/assign   --> github.com/mark3748/helpdesk-go/cmd/api.(*App).mountAPI.BulkAssignAssets.func149 (7 handlers)
[GIN-debug] GET    /api/assets/bulk/operations/:id --> github.com/mark3748/helpdesk-go/cmd/api.(*App).mountAPI.GetBulkOperation.func150 (6 handlers)
[GIN-debug] POST   /api/assets/import/preview --> github.com/mark3748/helpdesk-go/cmd/api.(*App).mountAPI.ImportAssetsPreview.func152 (7 handlers)
[GIN-debug] POST   /api/assets/import        --> github.com/mark3748/helpdesk-go/cmd/api.(*App).mountAPI.ImportAssets.func154 (7 handlers)
[GIN-debug] POST   /api/assets/export        --> github.com/mark3748/helpdesk-go/cmd/api.(*App).mountAPI.ExportAssets.func156 (7 handlers)
[GIN-debug] GET    /api/assets/:id/audit     --> github.com/mark3748/helpdesk-go/cmd/api.(*App).mountAPI.GetAuditHistory.func157 (6 handlers)
[GIN-debug] GET    /api/assets/audit/summary --> github.com/mark3748/helpdesk-go/cmd/api.(*App).mountAPI.GetAuditSummary.func159 (7 handlers)
[GIN-debug] GET    /api/assets/analytics     --> github.com/mark3748/helpdesk-go/cmd/api.(*App).mountAPI.GetAssetAnalytics.func161 (7 handlers)
[GIN-debug] GET    /api/problems             --> github.com/mark3748/helpdesk-go/cmd/api.(*App).mountAPI.List.func162 (6 handlers)
[GIN-debug] POST   /api/problems             --> github.com/mark3748/helpdesk-go/cmd/api.(*App).mountAPI.Create.func163 (6 handlers)
[GIN-debug] GET    /api/problems/:id         --> github.com/mark3748/helpdesk-go/cmd/api.(*App).mountAPI.Get.func164 (6 handlers)
[GIN-debug] PUT    /api/problems/:id         --> github.com/mark3748/helpdesk-go/cmd/api.(*App).mountAPI.Update.func165 (6 handlers)
[GIN-debug] DELETE /api/problems/:id         --> github.com/mark3748/helpdesk-go/cmd/api.(*App).mountAPI.Delete.func166 (6 handlers)
[GIN-debug] GET    /api/changes              --> github.com/mark3748/helpdesk-go/cmd/api.(*App).mountAPI.List.func167 (6 handlers)
[GIN-debug] POST   /api/changes              --> github.com/mark3748/helpdesk-go/cmd/api.(*App).mountAPI.Create.func168 (6 handlers)
[GIN-debug] GET    /api/changes/:id          --> github.com/mark3748/helpdesk-go/cmd/api.(*App).mountAPI.Get.func169 (6 handlers)
[GIN-debug] PUT    /api/changes/:id          --> github.com/mark3748/helpdesk-go/cmd/api.(*App).mountAPI.Update.func170 (6 handlers)
[GIN-debug] DELETE /api/changes/:id          --> github.com/mark3748/helpdesk-go/cmd/api.(*App).mountAPI.Delete.func171 (6 handlers)
[GIN-debug] GET    /api/releases             --> github.com/mark3748/helpdesk-go/cmd/api.(*App).mountAPI.List.func172 (6 handlers)
[GIN-debug] POST   /api/releases             --> github.com/mark3748/helpdesk-go/cmd/api.(*App).mountAPI.Create.func173 (6 handlers)
[GIN-debug] GET    /api/releases/:id         --> github.com/mark3748/helpdesk-go/cmd/api.(*App).mountAPI.Get.func174 (6 handlers)
[GIN-debug] PUT    /api/releases/:id         --> github.com/mark3748/helpdesk-go/cmd/api.(*App).mountAPI.Update.func175 (6 handlers)
[GIN-debug] DELETE /api/releases/:id         --> github.com/mark3748/helpdesk-go/cmd/api.(*App).mountAPI.Delete.func176 (6 handlers)
{"level":"info","request_id":"275dbf1f-63dc-4ff0-8db0-563ec02f6f47","method":"GET","path":"/livez","status":200,"duration":0.00448,"time":"2025-12-20T00:53:51-07:00","message":"request"}
[GIN-debug] [WARNING] Running in "debug" mode. Switch to "release" mode in production.
 - using env:	export GIN_MODE=release
 - using code:	gin.SetMode(gin.ReleaseMode)

[GIN-debug] GET    /livez                    --> github.com/mark3748/helpdesk-go/cmd/api.(*App).mountAPI.func1 (5 handlers)
[GIN-debug] GET    /readyz                   --> github.com/mark3748/helpdesk-go/cmd/api.(*App).readyz-fm (5 handlers)
[GIN-debug] GET    /healthz                  --> github.com/mark3748/helpdesk-go/cmd/api.(*App).mountAPI.func2 (5 handlers)
[GIN-debug] GET    /csat/:token              --> github.com/mark3748/helpdesk-go/cmd/api.(*App).csatForm-fm (5 handlers)
[GIN-debug] POST   /csat/:token              --> github.com/mark3748/helpdesk-go/cmd/api.(*App).submitCSAT-fm (5 handlers)
[GIN-debug] GET    /metrics                  --> github.com/mark3748/helpdesk-go/cmd/api.(*App).mountAPI.WrapH.func9 (5 handlers)
[GIN-debug] GET    /swagger/*filepath        --> github.com/gin-gonic/gin.(*RouterGroup).createStaticHandler.func1 (5 handlers)
[GIN-debug] HEAD   /swagger/*filepath        --> github.com/gin-gonic/gin.(*RouterGroup).createStaticHandler.func1 (5 handlers)
[GIN-debug] GET    /docs                     --> github.com/mark3748/helpdesk-go/cmd/api.(*App).docsUI-fm (5 handlers)
[GIN-debug] GET    /openapi.yaml             --> github.com/mark3748/helpdesk-go/cmd/api.(*App).openapiSpec-fm (5 handlers)
[GIN-debug] POST   /webhooks/email-inbound   --> github.com/mark3748/helpdesk-go/cmd/api.(*App).mountAPI.EmailInbound.func18 (5 handlers)
[GIN-debug] GET    /me                       --> github.com/mark3748/helpdesk-go/cmd/api/auth.Me (6 handlers)
[GIN-debug] GET    /me/profile               --> github.com/mark3748/helpdesk-go/cmd/api.(*App).getMyProfile-fm (6 handlers)
[GIN-debug] PATCH  /me/profile               --> github.com/mark3748/helpdesk-go/cmd/api.(*App).updateMyProfile-fm (6 handlers)
[GIN-debug] POST   /me/password              --> github.com/mark3748/helpdesk-go/cmd/api.(*App).changeMyPassword-fm (6 handlers)
[GIN-debug] GET    /events                   --> github.com/mark3748/helpdesk-go/cmd/api.(*App).mountAPI.Events.func20 (6 handlers)
[GIN-debug] GET    /settings                 --> github.com/mark3748/helpdesk-go/cmd/api/handlers.GetSettings (7 handlers)
[GIN-debug] GET    /features                 --> github.com/mark3748/helpdesk-go/cmd/api.(*App).mountAPI.Features.func22 (6 handlers)
[GIN-debug] POST   /test-connection          --> github.com/mark3748/helpdesk-go/cmd/api/handlers.TestConnection (7 handlers)
[GIN-debug] POST   /settings/storage         --> github.com/mark3748/helpdesk-go/cmd/api/handlers.SaveStorageSettings (7 handlers)
[GIN-debug] POST   /settings/oidc            --> github.com/mark3748/helpdesk-go/cmd/api/handlers.SaveOIDCSettings (7 handlers)
[GIN-debug] POST   /settings/mail            --> github.com/mark3748/helpdesk-go/cmd/api/handlers.SaveMailSettings (7 handlers)
[GIN-debug] POST   /settings/mail/send-test  --> github.com/mark3748/helpdesk-go/cmd/api/handlers.SendTestMail (7 handlers)
[GIN-debug] GET    /users/:id/roles          --> github.com/mark3748/helpdesk-go/cmd/api.(*App).mountAPI.ListUserRoles.func29 (7 handlers)
[GIN-debug] POST   /users/:id/roles          --> github.com/mark3748/helpdesk-go/cmd/api.(*App).mountAPI.AddUserRole.func31 (7 handlers)
[GIN-debug] DELETE /users/:id/roles/:role    --> github.com/mark3748/helpdesk-go/cmd/api.(*App).mountAPI.RemoveUserRole.func33 (7 handlers)
[GIN-debug] GET    /users                    --> github.com/mark3748/helpdesk-go/cmd/api.(*App).mountAPI.List.func35 (7 handlers)
[GIN-debug] GET    /users/:id                --> github.com/mark3748/helpdesk-go/cmd/api.(*App).mountAPI.Get.func37 (7 handlers)
[GIN-debug] POST   /users                    --> github.com/mark3748/helpdesk-go/cmd/api.(*App).mountAPI.CreateLocal.func39 (7 handlers)
[GIN-debug] GET    /roles                    --> github.com/mark3748/helpdesk-go/cmd/api.(*App).mountAPI.List.func41 (7 handlers)
[GIN-debug] GET    /requesters               --> github.com/mark3748/helpdesk-go/cmd/api.(*App).mountAPI.Search.func42 (6 handlers)
[GIN-debug] GET    /requesters/:id           --> github.com/mark3748/helpdesk-go/cmd/api.(*App).getRequester-fm (6 handlers)
[GIN-debug] POST   /requesters               --> github.com/mark3748/helpdesk-go/cmd/api.(*App).createRequester-fm (7 handlers)
[GIN-debug] PATCH  /requesters/:id           --> github.com/mark3748/helpdesk-go/cmd/api.(*App).updateRequester-fm (7 handlers)
[GIN-debug] GET    /teams                    --> github.com/mark3748/helpdesk-go/cmd/api.(*App).mountAPI.List.func45 (6 handlers)
[GIN-debug] GET    /slas                     --> github.com/mark3748/helpdesk-go/cmd/api.(*App).mountAPI.List.func46 (6 handlers)
[GIN-debug] GET    /kb                       --> github.com/mark3748/helpdesk-go/cmd/api.(*App).mountAPI.Search.func47 (6 handlers)
[GIN-debug] GET    /kb/:slug                 --> github.com/mark3748/helpdesk-go/cmd/api.(*App).mountAPI.Get.func48 (6 handlers)
[GIN-debug] POST   /kb                       --> github.com/mark3748/helpdesk-go/cmd/api.(*App).mountAPI.Create.func50 (7 handlers)
[GIN-debug] PUT    /kb/:slug                 --> github.com/mark3748/helpdesk-go/cmd/api.(*App).mountAPI.Update.func52 (7 handlers)
[GIN-debug] DELETE /kb/:slug                 --> github.com/mark3748/helpdesk-go/cmd/api.(*App).mountAPI.Delete.func54 (7 handlers)
[GIN-debug] GET    /tickets                  --> github.com/mark3748/helpdesk-go/cmd/api.(*App).mountAPI.List.func55 (6 handlers)
[GIN-debug] POST   /tickets                  --> github.com/mark3748/helpdesk-go/cmd/api.(*App).mountAPI.Create.func59 (6 handlers)
[GIN-debug] GET    /tickets/:id              --> github.com/mark3748/helpdesk-go/cmd/api.(*App).mountAPI.Get.func60 (6 handlers)
[GIN-debug] PATCH  /tickets/:id              --> github.com/mark3748/helpdesk-go/cmd/api.(*App).mountAPI.Update.func62 (7 handlers)
[GIN-debug] GET    /tickets/:id/comments     --> github.com/mark3748/helpdesk-go/cmd/api.(*App).mountAPI.List.func63 (6 handlers)
[GIN-debug] POST   /tickets/:id/comments     --> github.com/mark3748/helpdesk-go/cmd/api.(*App).mountAPI.Add.func64 (6 handlers)
[GIN-debug] GET    /tickets/:id/attachments  --> github.com/mark3748/helpdesk-go/cmd/api.(*App).mountAPI.List.func65 (6 handlers)
[GIN-debug] POST   /tickets/:id/attachments/presign --> github.com/mark3748/helpdesk-go/cmd/api.(*App).mountAPI.Presign.func75 (6 handlers)
[GIN-debug] POST   /tickets/:id/attachments  --> github.com/mark3748/helpdesk-go/cmd/api.(*App).mountAPI.Finalize.func76 (6 handlers)
[GIN-debug] GET    /tickets/:id/attachments/:attID --> github.com/mark3748/helpdesk-go/cmd/api.(*App).mountAPI.Get.func77 (6 handlers)
[GIN-debug] PUT    /attachments/upload/:objectKey --> github.com/mark3748/helpdesk-go/cmd/api.(*App).mountAPI.UploadObject.func78 (6 handlers)
[GIN-debug] DELETE /tickets/:id/attachments/:attID --> github.com/mark3748/helpdesk-go/cmd/api.(*App).mountAPI.Delete.func79 (6 handlers)
[GIN-debug] GET    /tickets/:id/watchers     --> github.com/mark3748/helpdesk-go/cmd/api.(*App).mountAPI.List.func80 (6 handlers)
[GIN-debug] POST   /tickets/:id/watchers     --> github.com/mark3748/helpdesk-go/cmd/api.(*App).mountAPI.Add.func81 (6 handlers)
[GIN-debug] DELETE /tickets/:id/watchers/:uid --> github.com/mark3748/helpdesk-go/cmd/api.(*App).mountAPI.Remove.func82 (6 handlers)
[GIN-debug] GET    /emails/outbound          --> github.com/mark3748/helpdesk-go/cmd/api.(*App).mountAPI.ListOutbound.func84 (7 handlers)
[GIN-debug] GET    /metrics/sla              --> github.com/mark3748/helpdesk-go/cmd/api.(*App).mountAPI.SLA.func86 (7 handlers)
[GIN-debug] GET    /metrics/resolution       --> github.com/mark3748/helpdesk-go/cmd/api.(*App).mountAPI.Resolution.func88 (7 handlers)
[GIN-debug] GET    /metrics/tickets          --> github.com/mark3748/helpdesk-go/cmd/api.(*App).mountAPI.TicketVolume.func90 (7 handlers)
[GIN-debug] GET    /metrics/dashboard        --> github.com/mark3748/helpdesk-go/cmd/api.(*App).mountAPI.Dashboard.func92 (7 handlers)
[GIN-debug] GET    /metrics/agent            --> github.com/mark3748/helpdesk-go/cmd/api.(*App).mountAPI.Agent.func94 (7 handlers)
[GIN-debug] GET    /metrics/manager          --> github.com/mark3748/helpdesk-go/cmd/api.(*App).mountAPI.Manager.func96 (7 handlers)
[GIN-debug] POST   /exports/tickets          --> github.com/mark3748/helpdesk-go/cmd/api.(*App).exportTicketsBridge-fm (7 handlers)
[GIN-debug] GET    /exports/tickets/:job_id  --> github.com/mark3748/helpdesk-go/cmd/api.(*App).exportTicketsStatus-fm (7 handlers)
[GIN-debug] GET    /webhooks                 --> github.com/mark3748/helpdesk-go/cmd/api.(*App).mountAPI.List.func100 (7 handlers)
[GIN-debug] POST   /webhooks                 --> github.com/mark3748/helpdesk-go/cmd/api.(*App).mountAPI.Create.func102 (7 handlers)
[GIN-debug] DELETE /webhooks/:id             --> github.com/mark3748/helpdesk-go/cmd/api.(*App).mountAPI.Delete.func104 (7 handlers)
[GIN-debug] GET    /asset-categories         --> github.com/mark3748/helpdesk-go/cmd/api.(*App).mountAPI.ListCategories.func105 (6 handlers)
[GIN-debug] POST   /asset-categories         --> github.com/mark3748/helpdesk-go/cmd/api.(*App).mountAPI.CreateCategory.func107 (7 handlers)
[GIN-debug] GET    /asset-categories/:id     --> github.com/mark3748/helpdesk-go/cmd/api.(*App).mountAPI.GetCategory.func108 (6 handlers)
[GIN-debug] GET    /assets                   --> github.com/mark3748/helpdesk-go/cmd/api.(*App).mountAPI.ListAssets.func109 (6 handlers)
[GIN-debug] POST   /assets                   --> github.com/mark3748/helpdesk-go/cmd/api.(*App).mountAPI.CreateAsset.func111 (7 handlers)
[GIN-debug] GET    /assets/:id               --> github.com/mark3748/helpdesk-go/cmd/api.(*App).mountAPI.GetAsset.func112 (6 handlers)
[GIN-debug] PATCH  /assets/:id               --> github.com/mark3748/helpdesk-go/cmd/api.(*App).mountAPI.UpdateAsset.func114 (7 handlers)
[GIN-debug] DELETE /assets/:id               --> github.com/mark3748/helpdesk-go/cmd/api.(*App).mountAPI.DeleteAsset.func116 (7 handlers)
[GIN-debug] POST   /assets/:id/assign        --> github.com/mark3748/helpdesk-go/cmd/api.(*App).mountAPI.AssignAsset.func118 (7 handlers)
[GIN-debug] GET    /assets/:id/history       --> github.com/mark3748/helpdesk-go/cmd/api.(*App).mountAPI.GetAssetHistory.func119 (6 handlers)
[GIN-debug] GET    /assets/:id/assignments   --> github.com/mark3748/helpdesk-go/cmd/api.(*App).mountAPI.GetAssetAssignments.func120 (6 handlers)
[GIN-debug] GET    /assets/:id/attachments   --> github.com/mark3748/helpdesk-go/cmd/api.(*App).mountAPI.ListAttachments.func121 (6 handlers)
[GIN-debug] POST   /assets/:id/attachments/presign --> github.com/mark3748/helpdesk-go/cmd/api.(*App).mountAPI.PresignAssetUpload.func123 (7 handlers)
[GIN-debug] POST   /assets/:id/attachments   --> github.com/mark3748/helpdesk-go/cmd/api.(*App).mountAPI.FinalizeAssetAttachment.func125 (7 handlers)
[GIN-debug] GET    /assets/:id/attachments/:attachmentID --> github.com/mark3748/helpdesk-go/cmd/api.(*App).mountAPI.GetAssetAttachment.func126 (6 handlers)
[GIN-debug] DELETE /assets/:id/attachments/:attachmentID --> github.com/mark3748/helpdesk-go/cmd/api.(*App).mountAPI.DeleteAssetAttachment.func128 (7 handlers)
[GIN-debug] PUT    /assets/attachments/upload/:objectKey --> github.com/mark3748/helpdesk-go/cmd/api.(*App).mountAPI.UploadAssetObject.func129 (6 handlers)
[GIN-debug] POST   /assets/:id/status-change --> github.com/mark3748/helpdesk-go/cmd/api.(*App).mountAPI.RequestStatusChange.func131 (7 handlers)
[GIN-debug] POST   /workflows/:id/approve    --> github.com/mark3748/helpdesk-go/cmd/api.(*App).mountAPI.ApproveWorkflow.func133 (7 handlers)
[GIN-debug] POST   /workflows/:id/reject     --> github.com/mark3748/helpdesk-go/cmd/api.(*App).mountAPI.RejectWorkflow.func135 (7 handlers)
[GIN-debug] POST   /assets/:id/checkout      --> github.com/mark3748/helpdesk-go/cmd/api.(*App).mountAPI.CheckoutAsset.func137 (7 handlers)
[GIN-debug] POST   /assets/checkin           --> github.com/mark3748/helpdesk-go/cmd/api.(*App).mountAPI.CheckinAsset.func139 (7 handlers)
[GIN-debug] GET    /assets/checkouts/active  --> github.com/mark3748/helpdesk-go/cmd/api.(*App).mountAPI.GetActiveCheckouts.func140 (6 handlers)
[GIN-debug] GET    /assets/checkouts/overdue --> github.com/mark3748/helpdesk-go/cmd/api.(*App).mountAPI.GetOverdueCheckouts.func141 (6 handlers)
[GIN-debug] POST   /assets/:id/relationships --> github.com/mark3748/helpdesk-go/cmd/api.(*App).mountAPI.CreateRelationship.func143 (7 handlers)
[GIN-debug] GET    /assets/:id/relationships/graph --> github.com/mark3748/helpdesk-go/cmd/api.(*App).mountAPI.GetRelationshipGraph.func144 (6 handlers)
[GIN-debug] GET    /assets/:id/impact-analysis --> github.com/mark3748/helpdesk-go/cmd/api.(*App).mountAPI.GetAssetImpactAnalysis.func145 (6 handlers)
[GIN-debug] POST   /assets/bulk/update       --> github.com/mark3748/helpdesk-go/cmd/api.(*App).mountAPI.BulkUpdateAssets.func147 (7 handlers)
[GIN-debug] POST   /assets/bulk/assign       --> github.com/mark3748/helpdesk-go/cmd/api.(*App).mountAPI.BulkAssignAssets.func149 (7 handlers)
[GIN-debug] GET    /assets/bulk/operations/:id --> github.com/mark3748/helpdesk-go/cmd/api.(*App).mountAPI.GetBulkOperation.func150 (6 handlers)
[GIN-debug] POST   /assets/import/preview    --> github.com/mark3748/helpdesk-go/cmd/api.(*App).mountAPI.ImportAssetsPreview.func152 (7 handlers)
[GIN-debug] POST   /assets/import            --> github.com/mark3748/helpdesk-go/cmd/api.(*App).mountAPI.ImportAssets.func154 (7 handlers)
[GIN-debug] POST   /assets/export            --> github.com/mark3748/helpdesk-go/cmd/api.(*App).mountAPI.ExportAssets.func156 (7 handlers)
[GIN-debug] GET    /assets/:id/audit         --> github.com/mark3748/helpdesk-go/cmd/api.(*App).mountAPI.GetAuditHistory.func157 (6 handlers)
[GIN-debug] GET    /assets/audit/summary     --> github.com/mark3748/helpdesk-go/cmd/api.(*App).mountAPI.GetAuditSummary.func159 (7 handlers)
[GIN-debug] GET    /assets/analytics         --> github.com/mark3748/helpdesk-go/cmd/api.(*App).mountAPI.GetAssetAnalytics.func161 (7 handlers)
[GIN-debug] GET    /problems                 --> github.com/mark3748/helpdesk-go/cmd/api.(*App).mountAPI.List.func162 (6 handlers)
[GIN-debug] POST   /problems                 --> github.com/mark3748/helpdesk-go/cmd/api.(*App).mountAPI.Create.func163 (6 handlers)
[GIN-debug] GET    /problems/:id             --> github.com/mark3748/helpdesk-go/cmd/api.(*App).mountAPI.Get.func164 (6 handlers)
[GIN-debug] PUT    /problems/:id             --> github.com/mark3748/helpdesk-go/cmd/api.(*App).mountAPI.Update.func165 (6 handlers)
[GIN-debug] DELETE /problems/:id             --> github.com/mark3748/helpdesk-go/cmd/api.(*App).mountAPI.Delete.func166 (6 handlers)
[GIN-debug] GET    /changes                  --> github.com/mark3748/helpdesk-go/cmd/api.(*App).mountAPI.List.func167 (6 handlers)
[GIN-debug] POST   /changes                  --> github.com/mark3748/helpdesk-go/cmd/api.(*App).mountAPI.Create.func168 (6 handlers)
[GIN-debug] GET    /changes/:id              --> github.com/mark3748/helpdesk-go/cmd/api.(*App).mountAPI.Get.func169 (6 handlers)
[GIN-debug] PUT    /changes/:id              --> github.com/mark3748/helpdesk-go/cmd/api.(*App).mountAPI.Update.func170 (6 handlers)
[GIN-debug] DELETE /changes/:id              --> github.com/mark3748/helpdesk-go/cmd/api.(*App).mountAPI.Delete.func171 (6 handlers)
[GIN-debug] GET    /releases                 --> github.com/mark3748/helpdesk-go/cmd/api.(*App).mountAPI.List.func172 (6 handlers)
[GIN-debug] POST   /releases                 --> github.com/mark3748/helpdesk-go/cmd/api.(*App).mountAPI.Create.func173 (6 handlers)
[GIN-debug] GET    /releases/:id             --> github.com/mark3748/helpdesk-go/cmd/api.(*App).mountAPI.Get.func174 (6 handlers)
[GIN-debug] PUT    /releases/:id             --> github.com/mark3748/helpdesk-go/cmd/api.(*App).mountAPI.Update.func175 (6 handlers)
[GIN-debug] DELETE /releases/:id             --> github.com/mark3748/helpdesk-go/cmd/api.(*App).mountAPI.Delete.func176 (6 handlers)
[GIN-debug] GET    /api/livez                --> github.com/mark3748/helpdesk-go/cmd/api.(*App).mountAPI.func1 (5 handlers)
[GIN-debug] GET    /api/readyz               --> github.com/mark3748/helpdesk-go/cmd/api.(*App).readyz-fm (5 handlers)
[GIN-debug] GET    /api/healthz              --> github.com/mark3748/helpdesk-go/cmd/api.(*App).mountAPI.func2 (5 handlers)
[GIN-debug] GET    /api/csat/:token          --> github.com/mark3748/helpdesk-go/cmd/api.(*App).csatForm-fm (5 handlers)
[GIN-debug] POST   /api/csat/:token          --> github.com/mark3748/helpdesk-go/cmd/api.(*App).submitCSAT-fm (5 handlers)
[GIN-debug] GET    /api/metrics              --> github.com/mark3748/helpdesk-go/cmd/api.(*App).mountAPI.WrapH.func9 (5 handlers)
[GIN-debug] GET    /api/swagger/*filepath    --> github.com/gin-gonic/gin.(*RouterGroup).createStaticHandler.func1 (5 handlers)
[GIN-debug] HEAD   /api/swagger/*filepath    --> github.com/gin-gonic/gin.(*RouterGroup).createStaticHandler.func1 (5 handlers)
[GIN-debug] GET    /api/docs                 --> github.com/mark3748/helpdesk-go/cmd/api.(*App).docsUI-fm (5 handlers)
[GIN-debug] GET    /api/openapi.yaml         --> github.com/mark3748/helpdesk-go/cmd/api.(*App).openapiSpec-fm (5 handlers)
[GIN-debug] POST   /api/webhooks/email-inbound --> github.com/mark3748/helpdesk-go/cmd/api.(*App).mountAPI.EmailInbound.func18 (5 handlers)
[GIN-debug] GET    /api/me                   --> github.com/mark3748/helpdesk-go/cmd/api/auth.Me (6 handlers)
[GIN-debug] GET    /api/me/profile           --> github.com/mark3748/helpdesk-go/cmd/api.(*App).getMyProfile-fm (6 handlers)
[GIN-debug] PATCH  /api/me/profile           --> github.com/mark3748/helpdesk-go/cmd/api.(*App).updateMyProfile-fm (6 handlers)
[GIN-debug] POST   /api/me/password          --> github.com/mark3748/helpdesk-go/cmd/api.(*App).changeMyPassword-fm (6 handlers)
[GIN-debug] GET    /api/events               --> github.com/mark3748/helpdesk-go/cmd/api.(*App).mountAPI.Events.func20 (6 handlers)
[GIN-debug] GET    /api/settings             --> github.com/mark3748/helpdesk-go/cmd/api/handlers.GetSettings (7 handlers)
[GIN-debug] GET    /api/features             --> github.com/mark3748/helpdesk-go/cmd/api.(*App).mountAPI.Features.func22 (6 handlers)
[GIN-debug] POST   /api/test-connection      --> github.com/mark3748/helpdesk-go/cmd/api/handlers.TestConnection (7 handlers)
[GIN-debug] POST   /api/settings/storage     --> github.com/mark3748/helpdesk-go/cmd/api/handlers.SaveStorageSettings (7 handlers)
[GIN-debug] POST   /api/settings/oidc        --> github.com/mark3748/helpdesk-go/cmd/api/handlers.SaveOIDCSettings (7 handlers)
[GIN-debug] POST   /api/settings/mail        --> github.com/mark3748/helpdesk-go/cmd/api/handlers.SaveMailSettings (7 handlers)
[GIN-debug] POST   /api/settings/mail/send-test --> github.com/mark3748/helpdesk-go/cmd/api/handlers.SendTestMail (7 handlers)
[GIN-debug] GET    /api/users/:id/roles      --> github.com/mark3748/helpdesk-go/cmd/api.(*App).mountAPI.ListUserRoles.func29 (7 handlers)
[GIN-debug] POST   /api/users/:id/roles      --> github.com/mark3748/helpdesk-go/cmd/api.(*App).mountAPI.AddUserRole.func31 (7 handlers)
[GIN-debug] DELETE /api/users/:id/roles/:role --> github.com/mark3748/helpdesk-go/cmd/api.(*App).mountAPI.RemoveUserRole.func33 (7 handlers)
[GIN-debug] GET    /api/users                --> github.com/mark3748/helpdesk-go/cmd/api.(*App).mountAPI.List.func35 (7 handlers)
[GIN-debug] GET    /api/users/:id            --> github.com/mark3748/helpdesk-go/cmd/api.(*App).mountAPI.Get.func37 (7 handlers)
[GIN-debug] POST   /api/users                --> github.com/mark3748/helpdesk-go/cmd/api.(*App).mountAPI.CreateLocal.func39 (7 handlers)
[GIN-debug] GET    /api/roles                --> github.com/mark3748/helpdesk-go/cmd/api.(*App).mountAPI.List.func41 (7 handlers)
[GIN-debug] GET    /api/requesters           --> github.com/mark3748/helpdesk-go/cmd/api.(*App).mountAPI.Search.func42 (6 handlers)
[GIN-debug] GET    /api/requesters/:id       --> github.com/mark3748/helpdesk-go/cmd/api.(*App).getRequester-fm (6 handlers)
[GIN-debug] POST   /api/requesters           --> github.com/mark3748/helpdesk-go/cmd/api.(*App).createRequester-fm (7 handlers)
[GIN-debug] PATCH  /api/requesters/:id       --> github.com/mark3748/helpdesk-go/cmd/api.(*App).updateRequester-fm (7 handlers)
[GIN-debug] GET    /api/teams                --> github.com/mark3748/helpdesk-go/cmd/api.(*App).mountAPI.List.func45 (6 handlers)
[GIN-debug] GET    /api/slas                 --> github.com/mark3748/helpdesk-go/cmd/api.(*App).mountAPI.List.func46 (6 handlers)
[GIN-debug] GET    /api/kb                   --> github.com/mark3748/helpdesk-go/cmd/api.(*App).mountAPI.Search.func47 (6 handlers)
[GIN-debug] GET    /api/kb/:slug             --> github.com/mark3748/helpdesk-go/cmd/api.(*App).mountAPI.Get.func48 (6 handlers)
[GIN-debug] POST   /api/kb                   --> github.com/mark3748/helpdesk-go/cmd/api.(*App).mountAPI.Create.func50 (7 handlers)
[GIN-debug] PUT    /api/kb/:slug             --> github.com/mark3748/helpdesk-go/cmd/api.(*App).mountAPI.Update.func52 (7 handlers)
[GIN-debug] DELETE /api/kb/:slug             --> github.com/mark3748/helpdesk-go/cmd/api.(*App).mountAPI.Delete.func54 (7 handlers)
[GIN-debug] GET    /api/tickets              --> github.com/mark3748/helpdesk-go/cmd/api.(*App).mountAPI.List.func55 (6 handlers)
[GIN-debug] POST   /api/tickets              --> github.com/mark3748/helpdesk-go/cmd/api.(*App).mountAPI.Create.func59 (6 handlers)
[GIN-debug] GET    /api/tickets/:id          --> github.com/mark3748/helpdesk-go/cmd/api.(*App).mountAPI.Get.func60 (6 handlers)
[GIN-debug] PATCH  /api/tickets/:id          --> github.com/mark3748/helpdesk-go/cmd/api.(*App).mountAPI.Update.func62 (7 handlers)
[GIN-debug] GET    /api/tickets/:id/comments --> github.com/mark3748/helpdesk-go/cmd/api.(*App).mountAPI.List.func63 (6 handlers)
[GIN-debug] POST   /api/tickets/:id/comments --> github.com/mark3748/helpdesk-go/cmd/api.(*App).mountAPI.Add.func64 (6 handlers)
[GIN-debug] GET    /api/tickets/:id/attachments --> github.com/mark3748/helpdesk-go/cmd/api.(*App).mountAPI.List.func65 (6 handlers)
[GIN-debug] POST   /api/tickets/:id/attachments/presign --> github.com/mark3748/helpdesk-go/cmd/api.(*App).mountAPI.Presign.func75 (6 handlers)
[GIN-debug] POST   /api/tickets/:id/attachments --> github.com/mark3748/helpdesk-go/cmd/api.(*App).mountAPI.Finalize.func76 (6 handlers)
[GIN-debug] GET    /api/tickets/:id/attachments/:attID --> github.com/mark3748/helpdesk-go/cmd/api.(*App).mountAPI.Get.func77 (6 handlers)
[GIN-debug] PUT    /api/attachments/upload/:objectKey --> github.com/mark3748/helpdesk-go/cmd/api.(*App).mountAPI.UploadObject.func78 (6 handlers)
[GIN-debug] DELETE /api/tickets/:id/attachments/:attID --> github.com/mark3748/helpdesk-go/cmd/api.(*App).mountAPI.Delete.func79 (6 handlers)
[GIN-debug] GET    /api/tickets/:id/watchers --> github.com/mark3748/helpdesk-go/cmd/api.(*App).mountAPI.List.func80 (6 handlers)
[GIN-debug] POST   /api/tickets/:id/watchers --> github.com/mark3748/helpdesk-go/cmd/api.(*App).mountAPI.Add.func81 (6 handlers)
[GIN-debug] DELETE /api/tickets/:id/watchers/:uid --> github.com/mark3748/helpdesk-go/cmd/api.(*App).mountAPI.Remove.func82 (6 handlers)
[GIN-debug] GET    /api/emails/outbound      --> github.com/mark3748/helpdesk-go/cmd/api.(*App).mountAPI.ListOutbound.func84 (7 handlers)
[GIN-debug] GET    /api/metrics/sla          --> github.com/mark3748/helpdesk-go/cmd/api.(*App).mountAPI.SLA.func86 (7 handlers)
[GIN-debug] GET    /api/metrics/resolution   --> github.com/mark3748/helpdesk-go/cmd/api.(*App).mountAPI.Resolution.func88 (7 handlers)
[GIN-debug] GET    /api/metrics/tickets      --> github.com/mark3748/helpdesk-go/cmd/api.(*App).mountAPI.TicketVolume.func90 (7 handlers)
[GIN-debug] GET    /api/metrics/dashboard    --> github.com/mark3748/helpdesk-go/cmd/api.(*App).mountAPI.Dashboard.func92 (7 handlers)
[GIN-debug] GET    /api/metrics/agent        --> github.com/mark3748/helpdesk-go/cmd/api.(*App).mountAPI.Agent.func94 (7 handlers)
[GIN-debug] GET    /api/metrics/manager      --> github.com/mark3748/helpdesk-go/cmd/api.(*App).mountAPI.Manager.func96 (7 handlers)
[GIN-debug] POST   /api/exports/tickets      --> github.com/mark3748/helpdesk-go/cmd/api.(*App).exportTicketsBridge-fm (7 handlers)
[GIN-debug] GET    /api/exports/tickets/:job_id --> github.com/mark3748/helpdesk-go/cmd/api.(*App).exportTicketsStatus-fm (7 handlers)
[GIN-debug] GET    /api/webhooks             --> github.com/mark3748/helpdesk-go/cmd/api.(*App).mountAPI.List.func100 (7 handlers)
[GIN-debug] POST   /api/webhooks             --> github.com/mark3748/helpdesk-go/cmd/api.(*App).mountAPI.Create.func102 (7 handlers)
[GIN-debug] DELETE /api/webhooks/:id         --> github.com/mark3748/helpdesk-go/cmd/api.(*App).mountAPI.Delete.func104 (7 handlers)
[GIN-debug] GET    /api/asset-categories     --> github.com/mark3748/helpdesk-go/cmd/api.(*App).mountAPI.ListCategories.func105 (6 handlers)
[GIN-debug] POST   /api/asset-categories     --> github.com/mark3748/helpdesk-go/cmd/api.(*App).mountAPI.CreateCategory.func107 (7 handlers)
[GIN-debug] GET    /api/asset-categories/:id --> github.com/mark3748/helpdesk-go/cmd/api.(*App).mountAPI.GetCategory.func108 (6 handlers)
[GIN-debug] GET    /api/assets               --> github.com/mark3748/helpdesk-go/cmd/api.(*App).mountAPI.ListAssets.func109 (6 handlers)
[GIN-debug] POST   /api/assets               --> github.com/mark3748/helpdesk-go/cmd/api.(*App).mountAPI.CreateAsset.func111 (7 handlers)
[GIN-debug] GET    /api/assets/:id           --> github.com/mark3748/helpdesk-go/cmd/api.(*App).mountAPI.GetAsset.func112 (6 handlers)
[GIN-debug] PATCH  /api/assets/:id           --> github.com/mark3748/helpdesk-go/cmd/api.(*App).mountAPI.UpdateAsset.func114 (7 handlers)
[GIN-debug] DELETE /api/assets/:id           --> github.com/mark3748/helpdesk-go/cmd/api.(*App).mountAPI.DeleteAsset.func116 (7 handlers)
[GIN-debug] POST   /api/assets/:id/assign    --> github.com/mark3748/helpdesk-go/cmd/api.(*App).mountAPI.AssignAsset.func118 (7 handlers)
[GIN-debug] GET    /api/assets/:id/history   --> github.com/mark3748/helpdesk-go/cmd/api.(*App).mountAPI.GetAssetHistory.func119 (6 handlers)
[GIN-debug] GET    /api/assets/:id/assignments --> github.com/mark3748/helpdesk-go/cmd/api.(*App).mountAPI.GetAssetAssignments.func120 (6 handlers)
[GIN-debug] GET    /api/assets/:id/attachments --> github.com/mark3748/helpdesk-go/cmd/api.(*App).mountAPI.ListAttachments.func121 (6 handlers)
[GIN-debug] POST   /api/assets/:id/attachments/presign --> github.com/mark3748/helpdesk-go/cmd/api.(*App).mountAPI.PresignAssetUpload.func123 (7 handlers)
[GIN-debug] POST   /api/assets/:id/attachments --> github.com/mark3748/helpdesk-go/cmd/api.(*App).mountAPI.FinalizeAssetAttachment.func125 (7 handlers)
[GIN-debug] GET    /api/assets/:id/attachments/:attachmentID --> github.com/mark3748/helpdesk-go/cmd/api.(*App).mountAPI.GetAssetAttachment.func126 (6 handlers)
[GIN-debug] DELETE /api/assets/:id/attachments/:attachmentID --> github.com/mark3748/helpdesk-go/cmd/api.(*App).mountAPI.DeleteAssetAttachment.func128 (7 handlers)
[GIN-debug] PUT    /api/assets/attachments/upload/:objectKey --> github.com/mark3748/helpdesk-go/cmd/api.(*App).mountAPI.UploadAssetObject.func129 (6 handlers)
[GIN-debug] POST   /api/assets/:id/status-change --> github.com/mark3748/helpdesk-go/cmd/api.(*App).mountAPI.RequestStatusChange.func131 (7 handlers)
[GIN-debug] POST   /api/workflows/:id/approve --> github.com/mark3748/helpdesk-go/cmd/api.(*App).mountAPI.ApproveWorkflow.func133 (7 handlers)
[GIN-debug] POST   /api/workflows/:id/reject --> github.com/mark3748/helpdesk-go/cmd/api.(*App).mountAPI.RejectWorkflow.func135 (7 handlers)
[GIN-debug] POST   /api/assets/:id/checkout  --> github.com/mark3748/helpdesk-go/cmd/api.(*App).mountAPI.CheckoutAsset.func137 (7 handlers)
[GIN-debug] POST   /api/assets/checkin       --> github.com/mark3748/helpdesk-go/cmd/api.(*App).mountAPI.CheckinAsset.func139 (7 handlers)
[GIN-debug] GET    /api/assets/checkouts/active --> github.com/mark3748/helpdesk-go/cmd/api.(*App).mountAPI.GetActiveCheckouts.func140 (6 handlers)
[GIN-debug] GET    /api/assets/checkouts/overdue --> github.com/mark3748/helpdesk-go/cmd/api.(*App).mountAPI.GetOverdueCheckouts.func141 (6 handlers)
[GIN-debug] POST   /api/assets/:id/relationships --> github.com/mark3748/helpdesk-go/cmd/api.(*App).mountAPI.CreateRelationship.func143 (7 handlers)
[GIN-debug] GET    /api/assets/:id/relationships/graph --> github.com/mark3748/helpdesk-go/cmd/api.(*App).mountAPI.GetRelationshipGraph.func144 (6 handlers)
[GIN-debug] GET    /api/assets/:id/impact-analysis --> github.com/mark3748/helpdesk-go/cmd/api.(*App).mountAPI.GetAssetImpactAnalysis.func145 (6 handlers)
[GIN-debug] POST   /api/assets/bulk/update   --> github.com/mark3748/helpdesk-go/cmd/api.(*App).mountAPI.BulkUpdateAssets.func147 (7 handlers)
[GIN-debug] POST   /api/assets/bulk/assign   --> github.com/mark3748/helpdesk-go/cmd/api.(*App).mountAPI.BulkAssignAssets.func149 (7 handlers)
[GIN-debug] GET    /api/assets/bulk/operations/:id --> github.com/mark3748/helpdesk-go/cmd/api.(*App).mountAPI.GetBulkOperation.func150 (6 handlers)
[GIN-debug] POST   /api/assets/import/preview --> github.com/mark3748/helpdesk-go/cmd/api.(*App).mountAPI.ImportAssetsPreview.func152 (7 handlers)
[GIN-debug] POST   /api/assets/import        --> github.com/mark3748/helpdesk-go/cmd/api.(*App).mountAPI.ImportAssets.func154 (7 handlers)
[GIN-debug] POST   /api/assets/export        --> github.com/mark3748/helpdesk-go/cmd/api.(*App).mountAPI.ExportAssets.func156 (7 handlers)
[GIN-debug] GET    /api/assets/:id/audit     --> github.com/mark3748/helpdesk-go/cmd/api.(*App).mountAPI.GetAuditHistory.func157 (6 handlers)
[GIN-debug] GET    /api/assets/audit/summary --> github.com/mark3748/helpdesk-go/cmd/api.(*App).mountAPI.GetAuditSummary.func159 (7 handlers)
[GIN-debug] GET    /api/assets/analytics     --> github.com/mark3748/helpdesk-go/cmd/api.(*App).mountAPI.GetAssetAnalytics.func161 (7 handlers)
[GIN-debug] GET    /api/problems             --> github.com/mark3748/helpdesk-go/cmd/api.(*App).mountAPI.List.func162 (6 handlers)
[GIN-debug] POST   /api/problems             --> github.com/mark3748/helpdesk-go/cmd/api.(*App).mountAPI.Create.func163 (6 handlers)
[GIN-debug] GET    /api/problems/:id         --> github.com/mark3748/helpdesk-go/cmd/api.(*App).mountAPI.Get.func164 (6 handlers)
[GIN-debug] PUT    /api/problems/:id         --> github.com/mark3748/helpdesk-go/cmd/api.(*App).mountAPI.Update.func165 (6 handlers)
[GIN-debug] DELETE /api/problems/:id         --> github.com/mark3748/helpdesk-go/cmd/api.(*App).mountAPI.Delete.func166 (6 handlers)
[GIN-debug] GET    /api/changes              --> github.com/mark3748/helpdesk-go/cmd/api.(*App).mountAPI.List.func167 (6 handlers)
[GIN-debug] POST   /api/changes              --> github.com/mark3748/helpdesk-go/cmd/api.(*App).mountAPI.Create.func168 (6 handlers)
[GIN-debug] GET    /api/changes/:id          --> github.com/mark3748/helpdesk-go/cmd/api.(*App).mountAPI.Get.func169 (6 handlers)
[GIN-debug] PUT    /api/changes/:id          --> github.com/mark3748/helpdesk-go/cmd/api.(*App).mountAPI.Update.func170 (6 handlers)
[GIN-debug] DELETE /api/changes/:id          --> github.com/mark3748/helpdesk-go/cmd/api.(*App).mountAPI.Delete.func171 (6 handlers)
[GIN-debug] GET    /api/releases             --> github.com/mark3748/helpdesk-go/cmd/api.(*App).mountAPI.List.func172 (6 handlers)
[GIN-debug] POST   /api/releases             --> github.com/mark3748/helpdesk-go/cmd/api.(*App).mountAPI.Create.func173 (6 handlers)
[GIN-debug] GET    /api/releases/:id         --> github.com/mark3748/helpdesk-go/cmd/api.(*App).mountAPI.Get.func174 (6 handlers)
[GIN-debug] PUT    /api/releases/:id         --> github.com/mark3748/helpdesk-go/cmd/api.(*App).mountAPI.Update.func175 (6 handlers)
[GIN-debug] DELETE /api/releases/:id         --> github.com/mark3748/helpdesk-go/cmd/api.(*App).mountAPI.Delete.func176 (6 handlers)
{"level":"info","request_id":"123e2105-cd7e-4a16-8774-30d30c05dfeb","method":"GET","path":"/healthz","status":200,"duration":0.031007,"time":"2025-12-20T00:53:51-07:00","message":"request"}
{"level":"info","request_id":"1062cd5a-8c4d-4a07-8e68-871112661270","method":"GET","path":"/healthz","status":403,"duration":0.001767,"time":"2025-12-20T00:53:51-07:00","message":"request"}
[GIN-debug] [WARNING] Running in "debug" mode. Switch to "release" mode in production.
 - using env:	export GIN_MODE=release
 - using code:	gin.SetMode(gin.ReleaseMode)

[GIN-debug] GET    /livez                    --> github.com/mark3748/helpdesk-go/cmd/api.(*App).mountAPI.func1 (5 handlers)
[GIN-debug] GET    /readyz                   --> github.com/mark3748/helpdesk-go/cmd/api.(*App).readyz-fm (5 handlers)
[GIN-debug] GET    /healthz                  --> github.com/mark3748/helpdesk-go/cmd/api.(*App).mountAPI.func2 (5 handlers)
[GIN-debug] GET    /csat/:token              --> github.com/mark3748/helpdesk-go/cmd/api.(*App).csatForm-fm (5 handlers)
[GIN-debug] POST   /csat/:token              --> github.com/mark3748/helpdesk-go/cmd/api.(*App).submitCSAT-fm (5 handlers)
[GIN-debug] GET    /metrics                  --> github.com/mark3748/helpdesk-go/cmd/api.(*App).mountAPI.WrapH.func9 (5 handlers)
[GIN-debug] GET    /swagger/*filepath        --> github.com/gin-gonic/gin.(*RouterGroup).createStaticHandler.func1 (5 handlers)
[GIN-debug] HEAD   /swagger/*filepath        --> github.com/gin-gonic/gin.(*RouterGroup).createStaticHandler.func1 (5 handlers)
[GIN-debug] GET    /docs                     --> github.com/mark3748/helpdesk-go/cmd/api.(*App).docsUI-fm (5 handlers)
[GIN-debug] GET    /openapi.yaml             --> github.com/mark3748/helpdesk-go/cmd/api.(*App).openapiSpec-fm (5 handlers)
[GIN-debug] POST   /webhooks/email-inbound   --> github.com/mark3748/helpdesk-go/cmd/api.(*App).mountAPI.EmailInbound.func18 (5 handlers)
[GIN-debug] GET    /me                       --> github.com/mark3748/helpdesk-go/cmd/api/auth.Me (6 handlers)
[GIN-debug] GET    /me/profile               --> github.com/mark3748/helpdesk-go/cmd/api.(*App).getMyProfile-fm (6 handlers)
[GIN-debug] PATCH  /me/profile               --> github.com/mark3748/helpdesk-go/cmd/api.(*App).updateMyProfile-fm (6 handlers)
[GIN-debug] POST   /me/password              --> github.com/mark3748/helpdesk-go/cmd/api.(*App).changeMyPassword-fm (6 handlers)
[GIN-debug] GET    /events                   --> github.com/mark3748/helpdesk-go/cmd/api.(*App).mountAPI.Events.func20 (6 handlers)
[GIN-debug] GET    /settings                 --> github.com/mark3748/helpdesk-go/cmd/api/handlers.GetSettings (7 handlers)
[GIN-debug] GET    /features                 --> github.com/mark3748/helpdesk-go/cmd/api.(*App).mountAPI.Features.func22 (6 handlers)
[GIN-debug] POST   /test-connection          --> github.com/mark3748/helpdesk-go/cmd/api/handlers.TestConnection (7 handlers)
[GIN-debug] POST   /settings/storage         --> github.com/mark3748/helpdesk-go/cmd/api/handlers.SaveStorageSettings (7 handlers)
[GIN-debug] POST   /settings/oidc            --> github.com/mark3748/helpdesk-go/cmd/api/handlers.SaveOIDCSettings (7 handlers)
[GIN-debug] POST   /settings/mail            --> github.com/mark3748/helpdesk-go/cmd/api/handlers.SaveMailSettings (7 handlers)
[GIN-debug] POST   /settings/mail/send-test  --> github.com/mark3748/helpdesk-go/cmd/api/handlers.SendTestMail (7 handlers)
[GIN-debug] GET    /users/:id/roles          --> github.com/mark3748/helpdesk-go/cmd/api.(*App).mountAPI.ListUserRoles.func29 (7 handlers)
[GIN-debug] POST   /users/:id/roles          --> github.com/mark3748/helpdesk-go/cmd/api.(*App).mountAPI.AddUserRole.func31 (7 handlers)
[GIN-debug] DELETE /users/:id/roles/:role    --> github.com/mark3748/helpdesk-go/cmd/api.(*App).mountAPI.RemoveUserRole.func33 (7 handlers)
[GIN-debug] GET    /users                    --> github.com/mark3748/helpdesk-go/cmd/api.(*App).mountAPI.List.func35 (7 handlers)
[GIN-debug] GET    /users/:id                --> github.com/mark3748/helpdesk-go/cmd/api.(*App).mountAPI.Get.func37 (7 handlers)
[GIN-debug] POST   /users                    --> github.com/mark3748/helpdesk-go/cmd/api.(*App).mountAPI.CreateLocal.func39 (7 handlers)
[GIN-debug] GET    /roles                    --> github.com/mark3748/helpdesk-go/cmd/api.(*App).mountAPI.List.func41 (7 handlers)
[GIN-debug] GET    /requesters               --> github.com/mark3748/helpdesk-go/cmd/api.(*App).mountAPI.Search.func42 (6 handlers)
[GIN-debug] GET    /requesters/:id           --> github.com/mark3748/helpdesk-go/cmd/api.(*App).getRequester-fm (6 handlers)
[GIN-debug] POST   /requesters               --> github.com/mark3748/helpdesk-go/cmd/api.(*App).createRequester-fm (7 handlers)
[GIN-debug] PATCH  /requesters/:id           --> github.com/mark3748/helpdesk-go/cmd/api.(*App).updateRequester-fm (7 handlers)
[GIN-debug] GET    /teams                    --> github.com/mark3748/helpdesk-go/cmd/api.(*App).mountAPI.List.func45 (6 handlers)
[GIN-debug] GET    /slas                     --> github.com/mark3748/helpdesk-go/cmd/api.(*App).mountAPI.List.func46 (6 handlers)
[GIN-debug] GET    /kb                       --> github.com/mark3748/helpdesk-go/cmd/api.(*App).mountAPI.Search.func47 (6 handlers)
[GIN-debug] GET    /kb/:slug                 --> github.com/mark3748/helpdesk-go/cmd/api.(*App).mountAPI.Get.func48 (6 handlers)
[GIN-debug] POST   /kb                       --> github.com/mark3748/helpdesk-go/cmd/api.(*App).mountAPI.Create.func50 (7 handlers)
[GIN-debug] PUT    /kb/:slug                 --> github.com/mark3748/helpdesk-go/cmd/api.(*App).mountAPI.Update.func52 (7 handlers)
[GIN-debug] DELETE /kb/:slug                 --> github.com/mark3748/helpdesk-go/cmd/api.(*App).mountAPI.Delete.func54 (7 handlers)
[GIN-debug] GET    /tickets                  --> github.com/mark3748/helpdesk-go/cmd/api.(*App).mountAPI.List.func55 (6 handlers)
[GIN-debug] POST   /tickets                  --> github.com/mark3748/helpdesk-go/cmd/api.(*App).mountAPI.Create.func59 (6 handlers)
[GIN-debug] GET    /tickets/:id              --> github.com/mark3748/helpdesk-go/cmd/api.(*App).mountAPI.Get.func60 (6 handlers)
[GIN-debug] PATCH  /tickets/:id              --> github.com/mark3748/helpdesk-go/cmd/api.(*App).mountAPI.Update.func62 (7 handlers)
[GIN-debug] GET    /tickets/:id/comments     --> github.com/mark3748/helpdesk-go/cmd/api.(*App).mountAPI.List.func63 (6 handlers)
[GIN-debug] POST   /tickets/:id/comments     --> github.com/mark3748/helpdesk-go/cmd/api.(*App).mountAPI.Add.func64 (6 handlers)
[GIN-debug] GET    /tickets/:id/attachments  --> github.com/mark3748/helpdesk-go/cmd/api.(*App).mountAPI.List.func65 (6 handlers)
[GIN-debug] POST   /tickets/:id/attachments/presign --> github.com/mark3748/helpdesk-go/cmd/api.(*App).mountAPI.Presign.func75 (6 handlers)
[GIN-debug] POST   /tickets/:id/attachments  --> github.com/mark3748/helpdesk-go/cmd/api.(*App).mountAPI.Finalize.func76 (6 handlers)
[GIN-debug] GET    /tickets/:id/attachments/:attID --> github.com/mark3748/helpdesk-go/cmd/api.(*App).mountAPI.Get.func77 (6 handlers)
[GIN-debug] PUT    /attachments/upload/:objectKey --> github.com/mark3748/helpdesk-go/cmd/api.(*App).mountAPI.UploadObject.func78 (6 handlers)
[GIN-debug] DELETE /tickets/:id/attachments/:attID --> github.com/mark3748/helpdesk-go/cmd/api.(*App).mountAPI.Delete.func79 (6 handlers)
[GIN-debug] GET    /tickets/:id/watchers     --> github.com/mark3748/helpdesk-go/cmd/api.(*App).mountAPI.List.func80 (6 handlers)
[GIN-debug] POST   /tickets/:id/watchers     --> github.com/mark3748/helpdesk-go/cmd/api.(*App).mountAPI.Add.func81 (6 handlers)
[GIN-debug] DELETE /tickets/:id/watchers/:uid --> github.com/mark3748/helpdesk-go/cmd/api.(*App).mountAPI.Remove.func82 (6 handlers)
[GIN-debug] GET    /emails/outbound          --> github.com/mark3748/helpdesk-go/cmd/api.(*App).mountAPI.ListOutbound.func84 (7 handlers)
[GIN-debug] GET    /metrics/sla              --> github.com/mark3748/helpdesk-go/cmd/api.(*App).mountAPI.SLA.func86 (7 handlers)
[GIN-debug] GET    /metrics/resolution       --> github.com/mark3748/helpdesk-go/cmd/api.(*App).mountAPI.Resolution.func88 (7 handlers)
[GIN-debug] GET    /metrics/tickets          --> github.com/mark3748/helpdesk-go/cmd/api.(*App).mountAPI.TicketVolume.func90 (7 handlers)
[GIN-debug] GET    /metrics/dashboard        --> github.com/mark3748/helpdesk-go/cmd/api.(*App).mountAPI.Dashboard.func92 (7 handlers)
[GIN-debug] GET    /metrics/agent            --> github.com/mark3748/helpdesk-go/cmd/api.(*App).mountAPI.Agent.func94 (7 handlers)
[GIN-debug] GET    /metrics/manager          --> github.com/mark3748/helpdesk-go/cmd/api.(*App).mountAPI.Manager.func96 (7 handlers)
[GIN-debug] POST   /exports/tickets          --> github.com/mark3748/helpdesk-go/cmd/api.(*App).exportTicketsBridge-fm (7 handlers)
[GIN-debug] GET    /exports/tickets/:job_id  --> github.com/mark3748/helpdesk-go/cmd/api.(*App).exportTicketsStatus-fm (7 handlers)
[GIN-debug] GET    /webhooks                 --> github.com/mark3748/helpdesk-go/cmd/api.(*App).mountAPI.List.func100 (7 handlers)
[GIN-debug] POST   /webhooks                 --> github.com/mark3748/helpdesk-go/cmd/api.(*App).mountAPI.Create.func102 (7 handlers)
[GIN-debug] DELETE /webhooks/:id             --> github.com/mark3748/helpdesk-go/cmd/api.(*App).mountAPI.Delete.func104 (7 handlers)
[GIN-debug] GET    /asset-categories         --> github.com/mark3748/helpdesk-go/cmd/api.(*App).mountAPI.ListCategories.func105 (6 handlers)
[GIN-debug] POST   /asset-categories         --> github.com/mark3748/helpdesk-go/cmd/api.(*App).mountAPI.CreateCategory.func107 (7 handlers)
[GIN-debug] GET    /asset-categories/:id     --> github.com/mark3748/helpdesk-go/cmd/api.(*App).mountAPI.GetCategory.func108 (6 handlers)
[GIN-debug] GET    /assets                   --> github.com/mark3748/helpdesk-go/cmd/api.(*App).mountAPI.ListAssets.func109 (6 handlers)
[GIN-debug] POST   /assets                   --> github.com/mark3748/helpdesk-go/cmd/api.(*App).mountAPI.CreateAsset.func111 (7 handlers)
[GIN-debug] GET    /assets/:id               --> github.com/mark3748/helpdesk-go/cmd/api.(*App).mountAPI.GetAsset.func112 (6 handlers)
[GIN-debug] PATCH  /assets/:id               --> github.com/mark3748/helpdesk-go/cmd/api.(*App).mountAPI.UpdateAsset.func114 (7 handlers)
[GIN-debug] DELETE /assets/:id               --> github.com/mark3748/helpdesk-go/cmd/api.(*App).mountAPI.DeleteAsset.func116 (7 handlers)
[GIN-debug] POST   /assets/:id/assign        --> github.com/mark3748/helpdesk-go/cmd/api.(*App).mountAPI.AssignAsset.func118 (7 handlers)
[GIN-debug] GET    /assets/:id/history       --> github.com/mark3748/helpdesk-go/cmd/api.(*App).mountAPI.GetAssetHistory.func119 (6 handlers)
[GIN-debug] GET    /assets/:id/assignments   --> github.com/mark3748/helpdesk-go/cmd/api.(*App).mountAPI.GetAssetAssignments.func120 (6 handlers)
[GIN-debug] GET    /assets/:id/attachments   --> github.com/mark3748/helpdesk-go/cmd/api.(*App).mountAPI.ListAttachments.func121 (6 handlers)
[GIN-debug] POST   /assets/:id/attachments/presign --> github.com/mark3748/helpdesk-go/cmd/api.(*App).mountAPI.PresignAssetUpload.func123 (7 handlers)
[GIN-debug] POST   /assets/:id/attachments   --> github.com/mark3748/helpdesk-go/cmd/api.(*App).mountAPI.FinalizeAssetAttachment.func125 (7 handlers)
[GIN-debug] GET    /assets/:id/attachments/:attachmentID --> github.com/mark3748/helpdesk-go/cmd/api.(*App).mountAPI.GetAssetAttachment.func126 (6 handlers)
[GIN-debug] DELETE /assets/:id/attachments/:attachmentID --> github.com/mark3748/helpdesk-go/cmd/api.(*App).mountAPI.DeleteAssetAttachment.func128 (7 handlers)
[GIN-debug] PUT    /assets/attachments/upload/:objectKey --> github.com/mark3748/helpdesk-go/cmd/api.(*App).mountAPI.UploadAssetObject.func129 (6 handlers)
[GIN-debug] POST   /assets/:id/status-change --> github.com/mark3748/helpdesk-go/cmd/api.(*App).mountAPI.RequestStatusChange.func131 (7 handlers)
[GIN-debug] POST   /workflows/:id/approve    --> github.com/mark3748/helpdesk-go/cmd/api.(*App).mountAPI.ApproveWorkflow.func133 (7 handlers)
[GIN-debug] POST   /workflows/:id/reject     --> github.com/mark3748/helpdesk-go/cmd/api.(*App).mountAPI.RejectWorkflow.func135 (7 handlers)
[GIN-debug] POST   /assets/:id/checkout      --> github.com/mark3748/helpdesk-go/cmd/api.(*App).mountAPI.CheckoutAsset.func137 (7 handlers)
[GIN-debug] POST   /assets/checkin           --> github.com/mark3748/helpdesk-go/cmd/api.(*App).mountAPI.CheckinAsset.func139 (7 handlers)
[GIN-debug] GET    /assets/checkouts/active  --> github.com/mark3748/helpdesk-go/cmd/api.(*App).mountAPI.GetActiveCheckouts.func140 (6 handlers)
[GIN-debug] GET    /assets/checkouts/overdue --> github.com/mark3748/helpdesk-go/cmd/api.(*App).mountAPI.GetOverdueCheckouts.func141 (6 handlers)
[GIN-debug] POST   /assets/:id/relationships --> github.com/mark3748/helpdesk-go/cmd/api.(*App).mountAPI.CreateRelationship.func143 (7 handlers)
[GIN-debug] GET    /assets/:id/relationships/graph --> github.com/mark3748/helpdesk-go/cmd/api.(*App).mountAPI.GetRelationshipGraph.func144 (6 handlers)
[GIN-debug] GET    /assets/:id/impact-analysis --> github.com/mark3748/helpdesk-go/cmd/api.(*App).mountAPI.GetAssetImpactAnalysis.func145 (6 handlers)
[GIN-debug] POST   /assets/bulk/update       --> github.com/mark3748/helpdesk-go/cmd/api.(*App).mountAPI.BulkUpdateAssets.func147 (7 handlers)
[GIN-debug] POST   /assets/bulk/assign       --> github.com/mark3748/helpdesk-go/cmd/api.(*App).mountAPI.BulkAssignAssets.func149 (7 handlers)
[GIN-debug] GET    /assets/bulk/operations/:id --> github.com/mark3748/helpdesk-go/cmd/api.(*App).mountAPI.GetBulkOperation.func150 (6 handlers)
[GIN-debug] POST   /assets/import/preview    --> github.com/mark3748/helpdesk-go/cmd/api.(*App).mountAPI.ImportAssetsPreview.func152 (7 handlers)
[GIN-debug] POST   /assets/import            --> github.com/mark3748/helpdesk-go/cmd/api.(*App).mountAPI.ImportAssets.func154 (7 handlers)
[GIN-debug] POST   /assets/export            --> github.com/mark3748/helpdesk-go/cmd/api.(*App).mountAPI.ExportAssets.func156 (7 handlers)
[GIN-debug] GET    /assets/:id/audit         --> github.com/mark3748/helpdesk-go/cmd/api.(*App).mountAPI.GetAuditHistory.func157 (6 handlers)
[GIN-debug] GET    /assets/audit/summary     --> github.com/mark3748/helpdesk-go/cmd/api.(*App).mountAPI.GetAuditSummary.func159 (7 handlers)
[GIN-debug] GET    /assets/analytics         --> github.com/mark3748/helpdesk-go/cmd/api.(*App).mountAPI.GetAssetAnalytics.func161 (7 handlers)
[GIN-debug] GET    /problems                 --> github.com/mark3748/helpdesk-go/cmd/api.(*App).mountAPI.List.func162 (6 handlers)
[GIN-debug] POST   /problems                 --> github.com/mark3748/helpdesk-go/cmd/api.(*App).mountAPI.Create.func163 (6 handlers)
[GIN-debug] GET    /problems/:id             --> github.com/mark3748/helpdesk-go/cmd/api.(*App).mountAPI.Get.func164 (6 handlers)
[GIN-debug] PUT    /problems/:id             --> github.com/mark3748/helpdesk-go/cmd/api.(*App).mountAPI.Update.func165 (6 handlers)
[GIN-debug] DELETE /problems/:id             --> github.com/mark3748/helpdesk-go/cmd/api.(*App).mountAPI.Delete.func166 (6 handlers)
[GIN-debug] GET    /changes                  --> github.com/mark3748/helpdesk-go/cmd/api.(*App).mountAPI.List.func167 (6 handlers)
[GIN-debug] POST   /changes                  --> github.com/mark3748/helpdesk-go/cmd/api.(*App).mountAPI.Create.func168 (6 handlers)
[GIN-debug] GET    /changes/:id              --> github.com/mark3748/helpdesk-go/cmd/api.(*App).mountAPI.Get.func169 (6 handlers)
[GIN-debug] PUT    /changes/:id              --> github.com/mark3748/helpdesk-go/cmd/api.(*App).mountAPI.Update.func170 (6 handlers)
[GIN-debug] DELETE /changes/:id              --> github.com/mark3748/helpdesk-go/cmd/api.(*App).mountAPI.Delete.func171 (6 handlers)
[GIN-debug] GET    /releases                 --> github.com/mark3748/helpdesk-go/cmd/api.(*App).mountAPI.List.func172 (6 handlers)
[GIN-debug] POST   /releases                 --> github.com/mark3748/helpdesk-go/cmd/api.(*App).mountAPI.Create.func173 (6 handlers)
[GIN-debug] GET    /releases/:id             --> github.com/mark3748/helpdesk-go/cmd/api.(*App).mountAPI.Get.func174 (6 handlers)
[GIN-debug] PUT    /releases/:id             --> github.com/mark3748/helpdesk-go/cmd/api.(*App).mountAPI.Update.func175 (6 handlers)
[GIN-debug] DELETE /releases/:id             --> github.com/mark3748/helpdesk-go/cmd/api.(*App).mountAPI.Delete.func176 (6 handlers)
[GIN-debug] GET    /api/livez                --> github.com/mark3748/helpdesk-go/cmd/api.(*App).mountAPI.func1 (5 handlers)
[GIN-debug] GET    /api/readyz               --> github.com/mark3748/helpdesk-go/cmd/api.(*App).readyz-fm (5 handlers)
[GIN-debug] GET    /api/healthz              --> github.com/mark3748/helpdesk-go/cmd/api.(*App).mountAPI.func2 (5 handlers)
[GIN-debug] GET    /api/csat/:token          --> github.com/mark3748/helpdesk-go/cmd/api.(*App).csatForm-fm (5 handlers)
[GIN-debug] POST   /api/csat/:token          --> github.com/mark3748/helpdesk-go/cmd/api.(*App).submitCSAT-fm (5 handlers)
[GIN-debug] GET    /api/metrics              --> github.com/mark3748/helpdesk-go/cmd/api.(*App).mountAPI.WrapH.func9 (5 handlers)
[GIN-debug] GET    /api/swagger/*filepath    --> github.com/gin-gonic/gin.(*RouterGroup).createStaticHandler.func1 (5 handlers)
[GIN-debug] HEAD   /api/swagger/*filepath    --> github.com/gin-gonic/gin.(*RouterGroup).createStaticHandler.func1 (5 handlers)
[GIN-debug] GET    /api/docs                 --> github.com/mark3748/helpdesk-go/cmd/api.(*App).docsUI-fm (5 handlers)
[GIN-debug] GET    /api/openapi.yaml         --> github.com/mark3748/helpdesk-go/cmd/api.(*App).openapiSpec-fm (5 handlers)
[GIN-debug] POST   /api/webhooks/email-inbound --> github.com/mark3748/helpdesk-go/cmd/api.(*App).mountAPI.EmailInbound.func18 (5 handlers)
[GIN-debug] GET    /api/me                   --> github.com/mark3748/helpdesk-go/cmd/api/auth.Me (6 handlers)
[GIN-debug] GET    /api/me/profile           --> github.com/mark3748/helpdesk-go/cmd/api.(*App).getMyProfile-fm (6 handlers)
[GIN-debug] PATCH  /api/me/profile           --> github.com/mark3748/helpdesk-go/cmd/api.(*App).updateMyProfile-fm (6 handlers)
[GIN-debug] POST   /api/me/password          --> github.com/mark3748/helpdesk-go/cmd/api.(*App).changeMyPassword-fm (6 handlers)
[GIN-debug] GET    /api/events               --> github.com/mark3748/helpdesk-go/cmd/api.(*App).mountAPI.Events.func20 (6 handlers)
[GIN-debug] GET    /api/settings             --> github.com/mark3748/helpdesk-go/cmd/api/handlers.GetSettings (7 handlers)
[GIN-debug] GET    /api/features             --> github.com/mark3748/helpdesk-go/cmd/api.(*App).mountAPI.Features.func22 (6 handlers)
[GIN-debug] POST   /api/test-connection      --> github.com/mark3748/helpdesk-go/cmd/api/handlers.TestConnection (7 handlers)
[GIN-debug] POST   /api/settings/storage     --> github.com/mark3748/helpdesk-go/cmd/api/handlers.SaveStorageSettings (7 handlers)
[GIN-debug] POST   /api/settings/oidc        --> github.com/mark3748/helpdesk-go/cmd/api/handlers.SaveOIDCSettings (7 handlers)
[GIN-debug] POST   /api/settings/mail        --> github.com/mark3748/helpdesk-go/cmd/api/handlers.SaveMailSettings (7 handlers)
[GIN-debug] POST   /api/settings/mail/send-test --> github.com/mark3748/helpdesk-go/cmd/api/handlers.SendTestMail (7 handlers)
[GIN-debug] GET    /api/users/:id/roles      --> github.com/mark3748/helpdesk-go/cmd/api.(*App).mountAPI.ListUserRoles.func29 (7 handlers)
[GIN-debug] POST   /api/users/:id/roles      --> github.com/mark3748/helpdesk-go/cmd/api.(*App).mountAPI.AddUserRole.func31 (7 handlers)
[GIN-debug] DELETE /api/users/:id/roles/:role --> github.com/mark3748/helpdesk-go/cmd/api.(*App).mountAPI.RemoveUserRole.func33 (7 handlers)
[GIN-debug] GET    /api/users                --> github.com/mark3748/helpdesk-go/cmd/api.(*App).mountAPI.List.func35 (7 handlers)
[GIN-debug] GET    /api/users/:id            --> github.com/mark3748/helpdesk-go/cmd/api.(*App).mountAPI.Get.func37 (7 handlers)
[GIN-debug] POST   /api/users                --> github.com/mark3748/helpdesk-go/cmd/api.(*App).mountAPI.CreateLocal.func39 (7 handlers)
[GIN-debug] GET    /api/roles                --> github.com/mark3748/helpdesk-go/cmd/api.(*App).mountAPI.List.func41 (7 handlers)
[GIN-debug] GET    /api/requesters           --> github.com/mark3748/helpdesk-go/cmd/api.(*App).mountAPI.Search.func42 (6 handlers)
[GIN-debug] GET    /api/requesters/:id       --> github.com/mark3748/helpdesk-go/cmd/api.(*App).getRequester-fm (6 handlers)
[GIN-debug] POST   /api/requesters           --> github.com/mark3748/helpdesk-go/cmd/api.(*App).createRequester-fm (7 handlers)
[GIN-debug] PATCH  /api/requesters/:id       --> github.com/mark3748/helpdesk-go/cmd/api.(*App).updateRequester-fm (7 handlers)
[GIN-debug] GET    /api/teams                --> github.com/mark3748/helpdesk-go/cmd/api.(*App).mountAPI.List.func45 (6 handlers)
[GIN-debug] GET    /api/slas                 --> github.com/mark3748/helpdesk-go/cmd/api.(*App).mountAPI.List.func46 (6 handlers)
[GIN-debug] GET    /api/kb                   --> github.com/mark3748/helpdesk-go/cmd/api.(*App).mountAPI.Search.func47 (6 handlers)
[GIN-debug] GET    /api/kb/:slug             --> github.com/mark3748/helpdesk-go/cmd/api.(*App).mountAPI.Get.func48 (6 handlers)
[GIN-debug] POST   /api/kb                   --> github.com/mark3748/helpdesk-go/cmd/api.(*App).mountAPI.Create.func50 (7 handlers)
[GIN-debug] PUT    /api/kb/:slug             --> github.com/mark3748/helpdesk-go/cmd/api.(*App).mountAPI.Update.func52 (7 handlers)
[GIN-debug] DELETE /api/kb/:slug             --> github.com/mark3748/helpdesk-go/cmd/api.(*App).mountAPI.Delete.func54 (7 handlers)
[GIN-debug] GET    /api/tickets              --> github.com/mark3748/helpdesk-go/cmd/api.(*App).mountAPI.List.func55 (6 handlers)
[GIN-debug] POST   /api/tickets              --> github.com/mark3748/helpdesk-go/cmd/api.(*App).mountAPI.Create.func59 (6 handlers)
[GIN-debug] GET    /api/tickets/:id          --> github.com/mark3748/helpdesk-go/cmd/api.(*App).mountAPI.Get.func60 (6 handlers)
[GIN-debug] PATCH  /api/tickets/:id          --> github.com/mark3748/helpdesk-go/cmd/api.(*App).mountAPI.Update.func62 (7 handlers)
[GIN-debug] GET    /api/tickets/:id/comments --> github.com/mark3748/helpdesk-go/cmd/api.(*App).mountAPI.List.func63 (6 handlers)
[GIN-debug] POST   /api/tickets/:id/comments --> github.com/mark3748/helpdesk-go/cmd/api.(*App).mountAPI.Add.func64 (6 handlers)
[GIN-debug] GET    /api/tickets/:id/attachments --> github.com/mark3748/helpdesk-go/cmd/api.(*App).mountAPI.List.func65 (6 handlers)
[GIN-debug] POST   /api/tickets/:id/attachments/presign --> github.com/mark3748/helpdesk-go/cmd/api.(*App).mountAPI.Presign.func75 (6 handlers)
[GIN-debug] POST   /api/tickets/:id/attachments --> github.com/mark3748/helpdesk-go/cmd/api.(*App).mountAPI.Finalize.func76 (6 handlers)
[GIN-debug] GET    /api/tickets/:id/attachments/:attID --> github.com/mark3748/helpdesk-go/cmd/api.(*App).mountAPI.Get.func77 (6 handlers)
[GIN-debug] PUT    /api/attachments/upload/:objectKey --> github.com/mark3748/helpdesk-go/cmd/api.(*App).mountAPI.UploadObject.func78 (6 handlers)
[GIN-debug] DELETE /api/tickets/:id/attachments/:attID --> github.com/mark3748/helpdesk-go/cmd/api.(*App).mountAPI.Delete.func79 (6 handlers)
[GIN-debug] GET    /api/tickets/:id/watchers --> github.com/mark3748/helpdesk-go/cmd/api.(*App).mountAPI.List.func80 (6 handlers)
[GIN-debug] POST   /api/tickets/:id/watchers --> github.com/mark3748/helpdesk-go/cmd/api.(*App).mountAPI.Add.func81 (6 handlers)
[GIN-debug] DELETE /api/tickets/:id/watchers/:uid --> github.com/mark3748/helpdesk-go/cmd/api.(*App).mountAPI.Remove.func82 (6 handlers)
[GIN-debug] GET    /api/emails/outbound      --> github.com/mark3748/helpdesk-go/cmd/api.(*App).mountAPI.ListOutbound.func84 (7 handlers)
[GIN-debug] GET    /api/metrics/sla          --> github.com/mark3748/helpdesk-go/cmd/api.(*App).mountAPI.SLA.func86 (7 handlers)
[GIN-debug] GET    /api/metrics/resolution   --> github.com/mark3748/helpdesk-go/cmd/api.(*App).mountAPI.Resolution.func88 (7 handlers)
[GIN-debug] GET    /api/metrics/tickets      --> github.com/mark3748/helpdesk-go/cmd/api.(*App).mountAPI.TicketVolume.func90 (7 handlers)
[GIN-debug] GET    /api/metrics/dashboard    --> github.com/mark3748/helpdesk-go/cmd/api.(*App).mountAPI.Dashboard.func92 (7 handlers)
[GIN-debug] GET    /api/metrics/agent        --> github.com/mark3748/helpdesk-go/cmd/api.(*App).mountAPI.Agent.func94 (7 handlers)
[GIN-debug] GET    /api/metrics/manager      --> github.com/mark3748/helpdesk-go/cmd/api.(*App).mountAPI.Manager.func96 (7 handlers)
[GIN-debug] POST   /api/exports/tickets      --> github.com/mark3748/helpdesk-go/cmd/api.(*App).exportTicketsBridge-fm (7 handlers)
[GIN-debug] GET    /api/exports/tickets/:job_id --> github.com/mark3748/helpdesk-go/cmd/api.(*App).exportTicketsStatus-fm (7 handlers)
[GIN-debug] GET    /api/webhooks             --> github.com/mark3748/helpdesk-go/cmd/api.(*App).mountAPI.List.func100 (7 handlers)
[GIN-debug] POST   /api/webhooks             --> github.com/mark3748/helpdesk-go/cmd/api.(*App).mountAPI.Create.func102 (7 handlers)
[GIN-debug] DELETE /api/webhooks/:id         --> github.com/mark3748/helpdesk-go/cmd/api.(*App).mountAPI.Delete.func104 (7 handlers)
[GIN-debug] GET    /api/asset-categories     --> github.com/mark3748/helpdesk-go/cmd/api.(*App).mountAPI.ListCategories.func105 (6 handlers)
[GIN-debug] POST   /api/asset-categories     --> github.com/mark3748/helpdesk-go/cmd/api.(*App).mountAPI.CreateCategory.func107 (7 handlers)
[GIN-debug] GET    /api/asset-categories/:id --> github.com/mark3748/helpdesk-go/cmd/api.(*App).mountAPI.GetCategory.func108 (6 handlers)
[GIN-debug] GET    /api/assets               --> github.com/mark3748/helpdesk-go/cmd/api.(*App).mountAPI.ListAssets.func109 (6 handlers)
[GIN-debug] POST   /api/assets               --> github.com/mark3748/helpdesk-go/cmd/api.(*App).mountAPI.CreateAsset.func111 (7 handlers)
[GIN-debug] GET    /api/assets/:id           --> github.com/mark3748/helpdesk-go/cmd/api.(*App).mountAPI.GetAsset.func112 (6 handlers)
[GIN-debug] PATCH  /api/assets/:id           --> github.com/mark3748/helpdesk-go/cmd/api.(*App).mountAPI.UpdateAsset.func114 (7 handlers)
[GIN-debug] DELETE /api/assets/:id           --> github.com/mark3748/helpdesk-go/cmd/api.(*App).mountAPI.DeleteAsset.func116 (7 handlers)
[GIN-debug] POST   /api/assets/:id/assign    --> github.com/mark3748/helpdesk-go/cmd/api.(*App).mountAPI.AssignAsset.func118 (7 handlers)
[GIN-debug] GET    /api/assets/:id/history   --> github.com/mark3748/helpdesk-go/cmd/api.(*App).mountAPI.GetAssetHistory.func119 (6 handlers)
[GIN-debug] GET    /api/assets/:id/assignments --> github.com/mark3748/helpdesk-go/cmd/api.(*App).mountAPI.GetAssetAssignments.func120 (6 handlers)
[GIN-debug] GET    /api/assets/:id/attachments --> github.com/mark3748/helpdesk-go/cmd/api.(*App).mountAPI.ListAttachments.func121 (6 handlers)
[GIN-debug] POST   /api/assets/:id/attachments/presign --> github.com/mark3748/helpdesk-go/cmd/api.(*App).mountAPI.PresignAssetUpload.func123 (7 handlers)
[GIN-debug] POST   /api/assets/:id/attachments --> github.com/mark3748/helpdesk-go/cmd/api.(*App).mountAPI.FinalizeAssetAttachment.func125 (7 handlers)
[GIN-debug] GET    /api/assets/:id/attachments/:attachmentID --> github.com/mark3748/helpdesk-go/cmd/api.(*App).mountAPI.GetAssetAttachment.func126 (6 handlers)
[GIN-debug] DELETE /api/assets/:id/attachments/:attachmentID --> github.com/mark3748/helpdesk-go/cmd/api.(*App).mountAPI.DeleteAssetAttachment.func128 (7 handlers)
[GIN-debug] PUT    /api/assets/attachments/upload/:objectKey --> github.com/mark3748/helpdesk-go/cmd/api.(*App).mountAPI.UploadAssetObject.func129 (6 handlers)
[GIN-debug] POST   /api/assets/:id/status-change --> github.com/mark3748/helpdesk-go/cmd/api.(*App).mountAPI.RequestStatusChange.func131 (7 handlers)
[GIN-debug] POST   /api/workflows/:id/approve --> github.com/mark3748/helpdesk-go/cmd/api.(*App).mountAPI.ApproveWorkflow.func133 (7 handlers)
[GIN-debug] POST   /api/workflows/:id/reject --> github.com/mark3748/helpdesk-go/cmd/api.(*App).mountAPI.RejectWorkflow.func135 (7 handlers)
[GIN-debug] POST   /api/assets/:id/checkout  --> github.com/mark3748/helpdesk-go/cmd/api.(*App).mountAPI.CheckoutAsset.func137 (7 handlers)
[GIN-debug] POST   /api/assets/checkin       --> github.com/mark3748/helpdesk-go/cmd/api.(*App).mountAPI.CheckinAsset.func139 (7 handlers)
[GIN-debug] GET    /api/assets/checkouts/active --> github.com/mark3748/helpdesk-go/cmd/api.(*App).mountAPI.GetActiveCheckouts.func140 (6 handlers)
[GIN-debug] GET    /api/assets/checkouts/overdue --> github.com/mark3748/helpdesk-go/cmd/api.(*App).mountAPI.GetOverdueCheckouts.func141 (6 handlers)
[GIN-debug] POST   /api/assets/:id/relationships --> github.com/mark3748/helpdesk-go/cmd/api.(*App).mountAPI.CreateRelationship.func143 (7 handlers)
[GIN-debug] GET    /api/assets/:id/relationships/graph --> github.com/mark3748/helpdesk-go/cmd/api.(*App).mountAPI.GetRelationshipGraph.func144 (6 handlers)
[GIN-debug] GET    /api/assets/:id/impact-analysis --> github.com/mark3748/helpdesk-go/cmd/api.(*App).mountAPI.GetAssetImpactAnalysis.func145 (6 handlers)
[GIN-debug] POST   /api/assets/bulk/update   --> github.com/mark3748/helpdesk-go/cmd/api.(*App).mountAPI.BulkUpdateAssets.func147 (7 handlers)
[GIN-debug] POST   /api/assets/bulk/assign   --> github.com/mark3748/helpdesk-go/cmd/api.(*App).mountAPI.BulkAssignAssets.func149 (7 handlers)
[GIN-debug] GET    /api/assets/bulk/operations/:id --> github.com/mark3748/helpdesk-go/cmd/api.(*App).mountAPI.GetBulkOperation.func150 (6 handlers)
[GIN-debug] POST   /api/assets/import/preview --> github.com/mark3748/helpdesk-go/cmd/api.(*App).mountAPI.ImportAssetsPreview.func152 (7 handlers)
[GIN-debug] POST   /api/assets/import        --> github.com/mark3748/helpdesk-go/cmd/api.(*App).mountAPI.ImportAssets.func154 (7 handlers)
[GIN-debug] POST   /api/assets/export        --> github.com/mark3748/helpdesk-go/cmd/api.(*App).mountAPI.ExportAssets.func156 (7 handlers)
[GIN-debug] GET    /api/assets/:id/audit     --> github.com/mark3748/helpdesk-go/cmd/api.(*App).mountAPI.GetAuditHistory.func157 (6 handlers)
[GIN-debug] GET    /api/assets/audit/summary --> github.com/mark3748/helpdesk-go/cmd/api.(*App).mountAPI.GetAuditSummary.func159 (7 handlers)
[GIN-debug] GET    /api/assets/analytics     --> github.com/mark3748/helpdesk-go/cmd/api.(*App).mountAPI.GetAssetAnalytics.func161 (7 handlers)
[GIN-debug] GET    /api/problems             --> github.com/mark3748/helpdesk-go/cmd/api.(*App).mountAPI.List.func162 (6 handlers)
[GIN-debug] POST   /api/problems             --> github.com/mark3748/helpdesk-go/cmd/api.(*App).mountAPI.Create.func163 (6 handlers)
[GIN-debug] GET    /api/problems/:id         --> github.com/mark3748/helpdesk-go/cmd/api.(*App).mountAPI.Get.func164 (6 handlers)
[GIN-debug] PUT    /api/problems/:id         --> github.com/mark3748/helpdesk-go/cmd/api.(*App).mountAPI.Update.func165 (6 handlers)
[GIN-debug] DELETE /api/problems/:id         --> github.com/mark3748/helpdesk-go/cmd/api.(*App).mountAPI.Delete.func166 (6 handlers)
[GIN-debug] GET    /api/changes              --> github.com/mark3748/helpdesk-go/cmd/api.(*App).mountAPI.List.func167 (6 handlers)
[GIN-debug] POST   /api/changes              --> github.com/mark3748/helpdesk-go/cmd/api.(*App).mountAPI.Create.func168 (6 handlers)
[GIN-debug] GET    /api/changes/:id          --> github.com/mark3748/helpdesk-go/cmd/api.(*App).mountAPI.Get.func169 (6 handlers)
[GIN-debug] PUT    /api/changes/:id          --> github.com/mark3748/helpdesk-go/cmd/api.(*App).mountAPI.Update.func170 (6 handlers)
[GIN-debug] DELETE /api/changes/:id          --> github.com/mark3748/helpdesk-go/cmd/api.(*App).mountAPI.Delete.func171 (6 handlers)
[GIN-debug] GET    /api/releases             --> github.com/mark3748/helpdesk-go/cmd/api.(*App).mountAPI.List.func172 (6 handlers)
[GIN-debug] POST   /api/releases             --> github.com/mark3748/helpdesk-go/cmd/api.(*App).mountAPI.Create.func173 (6 handlers)
[GIN-debug] GET    /api/releases/:id         --> github.com/mark3748/helpdesk-go/cmd/api.(*App).mountAPI.Get.func174 (6 handlers)
[GIN-debug] PUT    /api/releases/:id         --> github.com/mark3748/helpdesk-go/cmd/api.(*App).mountAPI.Update.func175 (6 handlers)
[GIN-debug] DELETE /api/releases/:id         --> github.com/mark3748/helpdesk-go/cmd/api.(*App).mountAPI.Delete.func176 (6 handlers)
{"level":"info","request_id":"8c848413-1379-4598-838d-b73eca815a08","method":"OPTIONS","path":"/healthz","status":204,"duration":0.001778,"time":"2025-12-20T00:53:51-07:00","message":"request"}
{"level":"info","request_id":"97e67591-bc53-40e5-9b63-b593edbe6ba4","method":"OPTIONS","path":"/healthz","status":403,"duration":0.00166,"time":"2025-12-20T00:53:51-07:00","message":"request"}
[GIN-debug] [WARNING] Running in "debug" mode. Switch to "release" mode in production.
 - using env:	export GIN_MODE=release
 - using code:	gin.SetMode(gin.ReleaseMode)

[GIN-debug] [WARNING] Running in "debug" mode. Switch to "release" mode in production.
 - using env:	export GIN_MODE=release
 - using code:	gin.SetMode(gin.ReleaseMode)

[GIN-debug] GET    /livez                    --> github.com/mark3748/helpdesk-go/cmd/api.(*App).mountAPI.func1 (5 handlers)
[GIN-debug] GET    /readyz                   --> github.com/mark3748/helpdesk-go/cmd/api.(*App).readyz-fm (5 handlers)
[GIN-debug] GET    /healthz                  --> github.com/mark3748/helpdesk-go/cmd/api.(*App).mountAPI.func2 (5 handlers)
[GIN-debug] GET    /csat/:token              --> github.com/mark3748/helpdesk-go/cmd/api.(*App).csatForm-fm (5 handlers)
[GIN-debug] POST   /csat/:token              --> github.com/mark3748/helpdesk-go/cmd/api.(*App).submitCSAT-fm (5 handlers)
[GIN-debug] GET    /metrics                  --> github.com/mark3748/helpdesk-go/cmd/api.(*App).mountAPI.WrapH.func9 (5 handlers)
[GIN-debug] GET    /swagger/*filepath        --> github.com/gin-gonic/gin.(*RouterGroup).createStaticHandler.func1 (5 handlers)
[GIN-debug] HEAD   /swagger/*filepath        --> github.com/gin-gonic/gin.(*RouterGroup).createStaticHandler.func1 (5 handlers)
[GIN-debug] GET    /docs                     --> github.com/mark3748/helpdesk-go/cmd/api.(*App).docsUI-fm (5 handlers)
[GIN-debug] GET    /openapi.yaml             --> github.com/mark3748/helpdesk-go/cmd/api.(*App).openapiSpec-fm (5 handlers)
[GIN-debug] POST   /webhooks/email-inbound   --> github.com/mark3748/helpdesk-go/cmd/api.(*App).mountAPI.EmailInbound.func18 (5 handlers)
[GIN-debug] GET    /me                       --> github.com/mark3748/helpdesk-go/cmd/api/auth.Me (6 handlers)
[GIN-debug] GET    /me/profile               --> github.com/mark3748/helpdesk-go/cmd/api.(*App).getMyProfile-fm (6 handlers)
[GIN-debug] PATCH  /me/profile               --> github.com/mark3748/helpdesk-go/cmd/api.(*App).updateMyProfile-fm (6 handlers)
[GIN-debug] POST   /me/password              --> github.com/mark3748/helpdesk-go/cmd/api.(*App).changeMyPassword-fm (6 handlers)
[GIN-debug] GET    /events                   --> github.com/mark3748/helpdesk-go/cmd/api.(*App).mountAPI.Events.func20 (6 handlers)
[GIN-debug] GET    /settings                 --> github.com/mark3748/helpdesk-go/cmd/api/handlers.GetSettings (7 handlers)
[GIN-debug] GET    /features                 --> github.com/mark3748/helpdesk-go/cmd/api.(*App).mountAPI.Features.func22 (6 handlers)
[GIN-debug] POST   /test-connection          --> github.com/mark3748/helpdesk-go/cmd/api/handlers.TestConnection (7 handlers)
[GIN-debug] POST   /settings/storage         --> github.com/mark3748/helpdesk-go/cmd/api/handlers.SaveStorageSettings (7 handlers)
[GIN-debug] POST   /settings/oidc            --> github.com/mark3748/helpdesk-go/cmd/api/handlers.SaveOIDCSettings (7 handlers)
[GIN-debug] POST   /settings/mail            --> github.com/mark3748/helpdesk-go/cmd/api/handlers.SaveMailSettings (7 handlers)
[GIN-debug] POST   /settings/mail/send-test  --> github.com/mark3748/helpdesk-go/cmd/api/handlers.SendTestMail (7 handlers)
[GIN-debug] GET    /users/:id/roles          --> github.com/mark3748/helpdesk-go/cmd/api.(*App).mountAPI.ListUserRoles.func29 (7 handlers)
[GIN-debug] POST   /users/:id/roles          --> github.com/mark3748/helpdesk-go/cmd/api.(*App).mountAPI.AddUserRole.func31 (7 handlers)
[GIN-debug] DELETE /users/:id/roles/:role    --> github.com/mark3748/helpdesk-go/cmd/api.(*App).mountAPI.RemoveUserRole.func33 (7 handlers)
[GIN-debug] GET    /users                    --> github.com/mark3748/helpdesk-go/cmd/api.(*App).mountAPI.List.func35 (7 handlers)
[GIN-debug] GET    /users/:id                --> github.com/mark3748/helpdesk-go/cmd/api.(*App).mountAPI.Get.func37 (7 handlers)
[GIN-debug] POST   /users                    --> github.com/mark3748/helpdesk-go/cmd/api.(*App).mountAPI.CreateLocal.func39 (7 handlers)
[GIN-debug] GET    /roles                    --> github.com/mark3748/helpdesk-go/cmd/api.(*App).mountAPI.List.func41 (7 handlers)
[GIN-debug] GET    /requesters               --> github.com/mark3748/helpdesk-go/cmd/api.(*App).mountAPI.Search.func42 (6 handlers)
[GIN-debug] GET    /requesters/:id           --> github.com/mark3748/helpdesk-go/cmd/api.(*App).getRequester-fm (6 handlers)
[GIN-debug] POST   /requesters               --> github.com/mark3748/helpdesk-go/cmd/api.(*App).createRequester-fm (7 handlers)
[GIN-debug] PATCH  /requesters/:id           --> github.com/mark3748/helpdesk-go/cmd/api.(*App).updateRequester-fm (7 handlers)
[GIN-debug] GET    /teams                    --> github.com/mark3748/helpdesk-go/cmd/api.(*App).mountAPI.List.func45 (6 handlers)
[GIN-debug] GET    /slas                     --> github.com/mark3748/helpdesk-go/cmd/api.(*App).mountAPI.List.func46 (6 handlers)
[GIN-debug] GET    /kb                       --> github.com/mark3748/helpdesk-go/cmd/api.(*App).mountAPI.Search.func47 (6 handlers)
[GIN-debug] GET    /kb/:slug                 --> github.com/mark3748/helpdesk-go/cmd/api.(*App).mountAPI.Get.func48 (6 handlers)
[GIN-debug] POST   /kb                       --> github.com/mark3748/helpdesk-go/cmd/api.(*App).mountAPI.Create.func50 (7 handlers)
[GIN-debug] PUT    /kb/:slug                 --> github.com/mark3748/helpdesk-go/cmd/api.(*App).mountAPI.Update.func52 (7 handlers)
[GIN-debug] DELETE /kb/:slug                 --> github.com/mark3748/helpdesk-go/cmd/api.(*App).mountAPI.Delete.func54 (7 handlers)
[GIN-debug] GET    /tickets                  --> github.com/mark3748/helpdesk-go/cmd/api.(*App).mountAPI.List.func55 (6 handlers)
[GIN-debug] POST   /tickets                  --> github.com/mark3748/helpdesk-go/cmd/api.(*App).mountAPI.Create.func59 (6 handlers)
[GIN-debug] GET    /tickets/:id              --> github.com/mark3748/helpdesk-go/cmd/api.(*App).mountAPI.Get.func60 (6 handlers)
[GIN-debug] PATCH  /tickets/:id              --> github.com/mark3748/helpdesk-go/cmd/api.(*App).mountAPI.Update.func62 (7 handlers)
[GIN-debug] GET    /tickets/:id/comments     --> github.com/mark3748/helpdesk-go/cmd/api.(*App).mountAPI.List.func63 (6 handlers)
[GIN-debug] POST   /tickets/:id/comments     --> github.com/mark3748/helpdesk-go/cmd/api.(*App).mountAPI.Add.func64 (6 handlers)
[GIN-debug] GET    /tickets/:id/attachments  --> github.com/mark3748/helpdesk-go/cmd/api.(*App).mountAPI.List.func65 (6 handlers)
[GIN-debug] POST   /tickets/:id/attachments/presign --> github.com/mark3748/helpdesk-go/cmd/api.(*App).mountAPI.Presign.func75 (6 handlers)
[GIN-debug] POST   /tickets/:id/attachments  --> github.com/mark3748/helpdesk-go/cmd/api.(*App).mountAPI.Finalize.func76 (6 handlers)
[GIN-debug] GET    /tickets/:id/attachments/:attID --> github.com/mark3748/helpdesk-go/cmd/api.(*App).mountAPI.Get.func77 (6 handlers)
[GIN-debug] PUT    /attachments/upload/:objectKey --> github.com/mark3748/helpdesk-go/cmd/api.(*App).mountAPI.UploadObject.func78 (6 handlers)
[GIN-debug] DELETE /tickets/:id/attachments/:attID --> github.com/mark3748/helpdesk-go/cmd/api.(*App).mountAPI.Delete.func79 (6 handlers)
[GIN-debug] GET    /tickets/:id/watchers     --> github.com/mark3748/helpdesk-go/cmd/api.(*App).mountAPI.List.func80 (6 handlers)
[GIN-debug] POST   /tickets/:id/watchers     --> github.com/mark3748/helpdesk-go/cmd/api.(*App).mountAPI.Add.func81 (6 handlers)
[GIN-debug] DELETE /tickets/:id/watchers/:uid --> github.com/mark3748/helpdesk-go/cmd/api.(*App).mountAPI.Remove.func82 (6 handlers)
[GIN-debug] GET    /emails/outbound          --> github.com/mark3748/helpdesk-go/cmd/api.(*App).mountAPI.ListOutbound.func84 (7 handlers)
[GIN-debug] GET    /metrics/sla              --> github.com/mark3748/helpdesk-go/cmd/api.(*App).mountAPI.SLA.func86 (7 handlers)
[GIN-debug] GET    /metrics/resolution       --> github.com/mark3748/helpdesk-go/cmd/api.(*App).mountAPI.Resolution.func88 (7 handlers)
[GIN-debug] GET    /metrics/tickets          --> github.com/mark3748/helpdesk-go/cmd/api.(*App).mountAPI.TicketVolume.func90 (7 handlers)
[GIN-debug] GET    /metrics/dashboard        --> github.com/mark3748/helpdesk-go/cmd/api.(*App).mountAPI.Dashboard.func92 (7 handlers)
[GIN-debug] GET    /metrics/agent            --> github.com/mark3748/helpdesk-go/cmd/api.(*App).mountAPI.Agent.func94 (7 handlers)
[GIN-debug] GET    /metrics/manager          --> github.com/mark3748/helpdesk-go/cmd/api.(*App).mountAPI.Manager.func96 (7 handlers)
[GIN-debug] POST   /exports/tickets          --> github.com/mark3748/helpdesk-go/cmd/api.(*App).exportTicketsBridge-fm (7 handlers)
[GIN-debug] GET    /exports/tickets/:job_id  --> github.com/mark3748/helpdesk-go/cmd/api.(*App).exportTicketsStatus-fm (7 handlers)
[GIN-debug] GET    /webhooks                 --> github.com/mark3748/helpdesk-go/cmd/api.(*App).mountAPI.List.func100 (7 handlers)
[GIN-debug] POST   /webhooks                 --> github.com/mark3748/helpdesk-go/cmd/api.(*App).mountAPI.Create.func102 (7 handlers)
[GIN-debug] DELETE /webhooks/:id             --> github.com/mark3748/helpdesk-go/cmd/api.(*App).mountAPI.Delete.func104 (7 handlers)
[GIN-debug] GET    /asset-categories         --> github.com/mark3748/helpdesk-go/cmd/api.(*App).mountAPI.ListCategories.func105 (6 handlers)
[GIN-debug] POST   /asset-categories         --> github.com/mark3748/helpdesk-go/cmd/api.(*App).mountAPI.CreateCategory.func107 (7 handlers)
[GIN-debug] GET    /asset-categories/:id     --> github.com/mark3748/helpdesk-go/cmd/api.(*App).mountAPI.GetCategory.func108 (6 handlers)
[GIN-debug] GET    /assets                   --> github.com/mark3748/helpdesk-go/cmd/api.(*App).mountAPI.ListAssets.func109 (6 handlers)
[GIN-debug] POST   /assets                   --> github.com/mark3748/helpdesk-go/cmd/api.(*App).mountAPI.CreateAsset.func111 (7 handlers)
[GIN-debug] GET    /assets/:id               --> github.com/mark3748/helpdesk-go/cmd/api.(*App).mountAPI.GetAsset.func112 (6 handlers)
[GIN-debug] PATCH  /assets/:id               --> github.com/mark3748/helpdesk-go/cmd/api.(*App).mountAPI.UpdateAsset.func114 (7 handlers)
[GIN-debug] DELETE /assets/:id               --> github.com/mark3748/helpdesk-go/cmd/api.(*App).mountAPI.DeleteAsset.func116 (7 handlers)
[GIN-debug] POST   /assets/:id/assign        --> github.com/mark3748/helpdesk-go/cmd/api.(*App).mountAPI.AssignAsset.func118 (7 handlers)
[GIN-debug] GET    /assets/:id/history       --> github.com/mark3748/helpdesk-go/cmd/api.(*App).mountAPI.GetAssetHistory.func119 (6 handlers)
[GIN-debug] GET    /assets/:id/assignments   --> github.com/mark3748/helpdesk-go/cmd/api.(*App).mountAPI.GetAssetAssignments.func120 (6 handlers)
[GIN-debug] GET    /assets/:id/attachments   --> github.com/mark3748/helpdesk-go/cmd/api.(*App).mountAPI.ListAttachments.func121 (6 handlers)
[GIN-debug] POST   /assets/:id/attachments/presign --> github.com/mark3748/helpdesk-go/cmd/api.(*App).mountAPI.PresignAssetUpload.func123 (7 handlers)
[GIN-debug] POST   /assets/:id/attachments   --> github.com/mark3748/helpdesk-go/cmd/api.(*App).mountAPI.FinalizeAssetAttachment.func125 (7 handlers)
[GIN-debug] GET    /assets/:id/attachments/:attachmentID --> github.com/mark3748/helpdesk-go/cmd/api.(*App).mountAPI.GetAssetAttachment.func126 (6 handlers)
[GIN-debug] DELETE /assets/:id/attachments/:attachmentID --> github.com/mark3748/helpdesk-go/cmd/api.(*App).mountAPI.DeleteAssetAttachment.func128 (7 handlers)
[GIN-debug] PUT    /assets/attachments/upload/:objectKey --> github.com/mark3748/helpdesk-go/cmd/api.(*App).mountAPI.UploadAssetObject.func129 (6 handlers)
[GIN-debug] POST   /assets/:id/status-change --> github.com/mark3748/helpdesk-go/cmd/api.(*App).mountAPI.RequestStatusChange.func131 (7 handlers)
[GIN-debug] POST   /workflows/:id/approve    --> github.com/mark3748/helpdesk-go/cmd/api.(*App).mountAPI.ApproveWorkflow.func133 (7 handlers)
[GIN-debug] POST   /workflows/:id/reject     --> github.com/mark3748/helpdesk-go/cmd/api.(*App).mountAPI.RejectWorkflow.func135 (7 handlers)
[GIN-debug] POST   /assets/:id/checkout      --> github.com/mark3748/helpdesk-go/cmd/api.(*App).mountAPI.CheckoutAsset.func137 (7 handlers)
[GIN-debug] POST   /assets/checkin           --> github.com/mark3748/helpdesk-go/cmd/api.(*App).mountAPI.CheckinAsset.func139 (7 handlers)
[GIN-debug] GET    /assets/checkouts/active  --> github.com/mark3748/helpdesk-go/cmd/api.(*App).mountAPI.GetActiveCheckouts.func140 (6 handlers)
[GIN-debug] GET    /assets/checkouts/overdue --> github.com/mark3748/helpdesk-go/cmd/api.(*App).mountAPI.GetOverdueCheckouts.func141 (6 handlers)
[GIN-debug] POST   /assets/:id/relationships --> github.com/mark3748/helpdesk-go/cmd/api.(*App).mountAPI.CreateRelationship.func143 (7 handlers)
[GIN-debug] GET    /assets/:id/relationships/graph --> github.com/mark3748/helpdesk-go/cmd/api.(*App).mountAPI.GetRelationshipGraph.func144 (6 handlers)
[GIN-debug] GET    /assets/:id/impact-analysis --> github.com/mark3748/helpdesk-go/cmd/api.(*App).mountAPI.GetAssetImpactAnalysis.func145 (6 handlers)
[GIN-debug] POST   /assets/bulk/update       --> github.com/mark3748/helpdesk-go/cmd/api.(*App).mountAPI.BulkUpdateAssets.func147 (7 handlers)
[GIN-debug] POST   /assets/bulk/assign       --> github.com/mark3748/helpdesk-go/cmd/api.(*App).mountAPI.BulkAssignAssets.func149 (7 handlers)
[GIN-debug] GET    /assets/bulk/operations/:id --> github.com/mark3748/helpdesk-go/cmd/api.(*App).mountAPI.GetBulkOperation.func150 (6 handlers)
[GIN-debug] POST   /assets/import/preview    --> github.com/mark3748/helpdesk-go/cmd/api.(*App).mountAPI.ImportAssetsPreview.func152 (7 handlers)
[GIN-debug] POST   /assets/import            --> github.com/mark3748/helpdesk-go/cmd/api.(*App).mountAPI.ImportAssets.func154 (7 handlers)
[GIN-debug] POST   /assets/export            --> github.com/mark3748/helpdesk-go/cmd/api.(*App).mountAPI.ExportAssets.func156 (7 handlers)
[GIN-debug] GET    /assets/:id/audit         --> github.com/mark3748/helpdesk-go/cmd/api.(*App).mountAPI.GetAuditHistory.func157 (6 handlers)
[GIN-debug] GET    /assets/audit/summary     --> github.com/mark3748/helpdesk-go/cmd/api.(*App).mountAPI.GetAuditSummary.func159 (7 handlers)
[GIN-debug] GET    /assets/analytics         --> github.com/mark3748/helpdesk-go/cmd/api.(*App).mountAPI.GetAssetAnalytics.func161 (7 handlers)
[GIN-debug] GET    /problems                 --> github.com/mark3748/helpdesk-go/cmd/api.(*App).mountAPI.List.func162 (6 handlers)
[GIN-debug] POST   /problems                 --> github.com/mark3748/helpdesk-go/cmd/api.(*App).mountAPI.Create.func163 (6 handlers)
[GIN-debug] GET    /problems/:id             --> github.com/mark3748/helpdesk-go/cmd/api.(*App).mountAPI.Get.func164 (6 handlers)
[GIN-debug] PUT    /problems/:id             --> github.com/mark3748/helpdesk-go/cmd/api.(*App).mountAPI.Update.func165 (6 handlers)
[GIN-debug] DELETE /problems/:id             --> github.com/mark3748/helpdesk-go/cmd/api.(*App).mountAPI.Delete.func166 (6 handlers)
[GIN-debug] GET    /changes                  --> github.com/mark3748/helpdesk-go/cmd/api.(*App).mountAPI.List.func167 (6 handlers)
[GIN-debug] POST   /changes                  --> github.com/mark3748/helpdesk-go/cmd/api.(*App).mountAPI.Create.func168 (6 handlers)
[GIN-debug] GET    /changes/:id              --> github.com/mark3748/helpdesk-go/cmd/api.(*App).mountAPI.Get.func169 (6 handlers)
[GIN-debug] PUT    /changes/:id              --> github.com/mark3748/helpdesk-go/cmd/api.(*App).mountAPI.Update.func170 (6 handlers)
[GIN-debug] DELETE /changes/:id              --> github.com/mark3748/helpdesk-go/cmd/api.(*App).mountAPI.Delete.func171 (6 handlers)
[GIN-debug] GET    /releases                 --> github.com/mark3748/helpdesk-go/cmd/api.(*App).mountAPI.List.func172 (6 handlers)
[GIN-debug] POST   /releases                 --> github.com/mark3748/helpdesk-go/cmd/api.(*App).mountAPI.Create.func173 (6 handlers)
[GIN-debug] GET    /releases/:id             --> github.com/mark3748/helpdesk-go/cmd/api.(*App).mountAPI.Get.func174 (6 handlers)
[GIN-debug] PUT    /releases/:id             --> github.com/mark3748/helpdesk-go/cmd/api.(*App).mountAPI.Update.func175 (6 handlers)
[GIN-debug] DELETE /releases/:id             --> github.com/mark3748/helpdesk-go/cmd/api.(*App).mountAPI.Delete.func176 (6 handlers)
[GIN-debug] GET    /api/livez                --> github.com/mark3748/helpdesk-go/cmd/api.(*App).mountAPI.func1 (5 handlers)
[GIN-debug] GET    /api/readyz               --> github.com/mark3748/helpdesk-go/cmd/api.(*App).readyz-fm (5 handlers)
[GIN-debug] GET    /api/healthz              --> github.com/mark3748/helpdesk-go/cmd/api.(*App).mountAPI.func2 (5 handlers)
[GIN-debug] GET    /api/csat/:token          --> github.com/mark3748/helpdesk-go/cmd/api.(*App).csatForm-fm (5 handlers)
[GIN-debug] POST   /api/csat/:token          --> github.com/mark3748/helpdesk-go/cmd/api.(*App).submitCSAT-fm (5 handlers)
[GIN-debug] GET    /api/metrics              --> github.com/mark3748/helpdesk-go/cmd/api.(*App).mountAPI.WrapH.func9 (5 handlers)
[GIN-debug] GET    /api/swagger/*filepath    --> github.com/gin-gonic/gin.(*RouterGroup).createStaticHandler.func1 (5 handlers)
[GIN-debug] HEAD   /api/swagger/*filepath    --> github.com/gin-gonic/gin.(*RouterGroup).createStaticHandler.func1 (5 handlers)
[GIN-debug] GET    /api/docs                 --> github.com/mark3748/helpdesk-go/cmd/api.(*App).docsUI-fm (5 handlers)
[GIN-debug] GET    /api/openapi.yaml         --> github.com/mark3748/helpdesk-go/cmd/api.(*App).openapiSpec-fm (5 handlers)
[GIN-debug] POST   /api/webhooks/email-inbound --> github.com/mark3748/helpdesk-go/cmd/api.(*App).mountAPI.EmailInbound.func18 (5 handlers)
[GIN-debug] GET    /api/me                   --> github.com/mark3748/helpdesk-go/cmd/api/auth.Me (6 handlers)
[GIN-debug] GET    /api/me/profile           --> github.com/mark3748/helpdesk-go/cmd/api.(*App).getMyProfile-fm (6 handlers)
[GIN-debug] PATCH  /api/me/profile           --> github.com/mark3748/helpdesk-go/cmd/api.(*App).updateMyProfile-fm (6 handlers)
[GIN-debug] POST   /api/me/password          --> github.com/mark3748/helpdesk-go/cmd/api.(*App).changeMyPassword-fm (6 handlers)
[GIN-debug] GET    /api/events               --> github.com/mark3748/helpdesk-go/cmd/api.(*App).mountAPI.Events.func20 (6 handlers)
[GIN-debug] GET    /api/settings             --> github.com/mark3748/helpdesk-go/cmd/api/handlers.GetSettings (7 handlers)
[GIN-debug] GET    /api/features             --> github.com/mark3748/helpdesk-go/cmd/api.(*App).mountAPI.Features.func22 (6 handlers)
[GIN-debug] POST   /api/test-connection      --> github.com/mark3748/helpdesk-go/cmd/api/handlers.TestConnection (7 handlers)
[GIN-debug] POST   /api/settings/storage     --> github.com/mark3748/helpdesk-go/cmd/api/handlers.SaveStorageSettings (7 handlers)
[GIN-debug] POST   /api/settings/oidc        --> github.com/mark3748/helpdesk-go/cmd/api/handlers.SaveOIDCSettings (7 handlers)
[GIN-debug] POST   /api/settings/mail        --> github.com/mark3748/helpdesk-go/cmd/api/handlers.SaveMailSettings (7 handlers)
[GIN-debug] POST   /api/settings/mail/send-test --> github.com/mark3748/helpdesk-go/cmd/api/handlers.SendTestMail (7 handlers)
[GIN-debug] GET    /api/users/:id/roles      --> github.com/mark3748/helpdesk-go/cmd/api.(*App).mountAPI.ListUserRoles.func29 (7 handlers)
[GIN-debug] POST   /api/users/:id/roles      --> github.com/mark3748/helpdesk-go/cmd/api.(*App).mountAPI.AddUserRole.func31 (7 handlers)
[GIN-debug] DELETE /api/users/:id/roles/:role --> github.com/mark3748/helpdesk-go/cmd/api.(*App).mountAPI.RemoveUserRole.func33 (7 handlers)
[GIN-debug] GET    /api/users                --> github.com/mark3748/helpdesk-go/cmd/api.(*App).mountAPI.List.func35 (7 handlers)
[GIN-debug] GET    /api/users/:id            --> github.com/mark3748/helpdesk-go/cmd/api.(*App).mountAPI.Get.func37 (7 handlers)
[GIN-debug] POST   /api/users                --> github.com/mark3748/helpdesk-go/cmd/api.(*App).mountAPI.CreateLocal.func39 (7 handlers)
[GIN-debug] GET    /api/roles                --> github.com/mark3748/helpdesk-go/cmd/api.(*App).mountAPI.List.func41 (7 handlers)
[GIN-debug] GET    /api/requesters           --> github.com/mark3748/helpdesk-go/cmd/api.(*App).mountAPI.Search.func42 (6 handlers)
[GIN-debug] GET    /api/requesters/:id       --> github.com/mark3748/helpdesk-go/cmd/api.(*App).getRequester-fm (6 handlers)
[GIN-debug] POST   /api/requesters           --> github.com/mark3748/helpdesk-go/cmd/api.(*App).createRequester-fm (7 handlers)
[GIN-debug] PATCH  /api/requesters/:id       --> github.com/mark3748/helpdesk-go/cmd/api.(*App).updateRequester-fm (7 handlers)
[GIN-debug] GET    /api/teams                --> github.com/mark3748/helpdesk-go/cmd/api.(*App).mountAPI.List.func45 (6 handlers)
[GIN-debug] GET    /api/slas                 --> github.com/mark3748/helpdesk-go/cmd/api.(*App).mountAPI.List.func46 (6 handlers)
[GIN-debug] GET    /api/kb                   --> github.com/mark3748/helpdesk-go/cmd/api.(*App).mountAPI.Search.func47 (6 handlers)
[GIN-debug] GET    /api/kb/:slug             --> github.com/mark3748/helpdesk-go/cmd/api.(*App).mountAPI.Get.func48 (6 handlers)
[GIN-debug] POST   /api/kb                   --> github.com/mark3748/helpdesk-go/cmd/api.(*App).mountAPI.Create.func50 (7 handlers)
[GIN-debug] PUT    /api/kb/:slug             --> github.com/mark3748/helpdesk-go/cmd/api.(*App).mountAPI.Update.func52 (7 handlers)
[GIN-debug] DELETE /api/kb/:slug             --> github.com/mark3748/helpdesk-go/cmd/api.(*App).mountAPI.Delete.func54 (7 handlers)
[GIN-debug] GET    /api/tickets              --> github.com/mark3748/helpdesk-go/cmd/api.(*App).mountAPI.List.func55 (6 handlers)
[GIN-debug] POST   /api/tickets              --> github.com/mark3748/helpdesk-go/cmd/api.(*App).mountAPI.Create.func59 (6 handlers)
[GIN-debug] GET    /api/tickets/:id          --> github.com/mark3748/helpdesk-go/cmd/api.(*App).mountAPI.Get.func60 (6 handlers)
[GIN-debug] PATCH  /api/tickets/:id          --> github.com/mark3748/helpdesk-go/cmd/api.(*App).mountAPI.Update.func62 (7 handlers)
[GIN-debug] GET    /api/tickets/:id/comments --> github.com/mark3748/helpdesk-go/cmd/api.(*App).mountAPI.List.func63 (6 handlers)
[GIN-debug] POST   /api/tickets/:id/comments --> github.com/mark3748/helpdesk-go/cmd/api.(*App).mountAPI.Add.func64 (6 handlers)
[GIN-debug] GET    /api/tickets/:id/attachments --> github.com/mark3748/helpdesk-go/cmd/api.(*App).mountAPI.List.func65 (6 handlers)
[GIN-debug] POST   /api/tickets/:id/attachments/presign --> github.com/mark3748/helpdesk-go/cmd/api.(*App).mountAPI.Presign.func75 (6 handlers)
[GIN-debug] POST   /api/tickets/:id/attachments --> github.com/mark3748/helpdesk-go/cmd/api.(*App).mountAPI.Finalize.func76 (6 handlers)
[GIN-debug] GET    /api/tickets/:id/attachments/:attID --> github.com/mark3748/helpdesk-go/cmd/api.(*App).mountAPI.Get.func77 (6 handlers)
[GIN-debug] PUT    /api/attachments/upload/:objectKey --> github.com/mark3748/helpdesk-go/cmd/api.(*App).mountAPI.UploadObject.func78 (6 handlers)
[GIN-debug] DELETE /api/tickets/:id/attachments/:attID --> github.com/mark3748/helpdesk-go/cmd/api.(*App).mountAPI.Delete.func79 (6 handlers)
[GIN-debug] GET    /api/tickets/:id/watchers --> github.com/mark3748/helpdesk-go/cmd/api.(*App).mountAPI.List.func80 (6 handlers)
[GIN-debug] POST   /api/tickets/:id/watchers --> github.com/mark3748/helpdesk-go/cmd/api.(*App).mountAPI.Add.func81 (6 handlers)
[GIN-debug] DELETE /api/tickets/:id/watchers/:uid --> github.com/mark3748/helpdesk-go/cmd/api.(*App).mountAPI.Remove.func82 (6 handlers)
[GIN-debug] GET    /api/emails/outbound      --> github.com/mark3748/helpdesk-go/cmd/api.(*App).mountAPI.ListOutbound.func84 (7 handlers)
[GIN-debug] GET    /api/metrics/sla          --> github.com/mark3748/helpdesk-go/cmd/api.(*App).mountAPI.SLA.func86 (7 handlers)
[GIN-debug] GET    /api/metrics/resolution   --> github.com/mark3748/helpdesk-go/cmd/api.(*App).mountAPI.Resolution.func88 (7 handlers)
[GIN-debug] GET    /api/metrics/tickets      --> github.com/mark3748/helpdesk-go/cmd/api.(*App).mountAPI.TicketVolume.func90 (7 handlers)
[GIN-debug] GET    /api/metrics/dashboard    --> github.com/mark3748/helpdesk-go/cmd/api.(*App).mountAPI.Dashboard.func92 (7 handlers)
[GIN-debug] GET    /api/metrics/agent        --> github.com/mark3748/helpdesk-go/cmd/api.(*App).mountAPI.Agent.func94 (7 handlers)
[GIN-debug] GET    /api/metrics/manager      --> github.com/mark3748/helpdesk-go/cmd/api.(*App).mountAPI.Manager.func96 (7 handlers)
[GIN-debug] POST   /api/exports/tickets      --> github.com/mark3748/helpdesk-go/cmd/api.(*App).exportTicketsBridge-fm (7 handlers)
[GIN-debug] GET    /api/exports/tickets/:job_id --> github.com/mark3748/helpdesk-go/cmd/api.(*App).exportTicketsStatus-fm (7 handlers)
[GIN-debug] GET    /api/webhooks             --> github.com/mark3748/helpdesk-go/cmd/api.(*App).mountAPI.List.func100 (7 handlers)
[GIN-debug] POST   /api/webhooks             --> github.com/mark3748/helpdesk-go/cmd/api.(*App).mountAPI.Create.func102 (7 handlers)
[GIN-debug] DELETE /api/webhooks/:id         --> github.com/mark3748/helpdesk-go/cmd/api.(*App).mountAPI.Delete.func104 (7 handlers)
[GIN-debug] GET    /api/asset-categories     --> github.com/mark3748/helpdesk-go/cmd/api.(*App).mountAPI.ListCategories.func105 (6 handlers)
[GIN-debug] POST   /api/asset-categories     --> github.com/mark3748/helpdesk-go/cmd/api.(*App).mountAPI.CreateCategory.func107 (7 handlers)
[GIN-debug] GET    /api/asset-categories/:id --> github.com/mark3748/helpdesk-go/cmd/api.(*App).mountAPI.GetCategory.func108 (6 handlers)
[GIN-debug] GET    /api/assets               --> github.com/mark3748/helpdesk-go/cmd/api.(*App).mountAPI.ListAssets.func109 (6 handlers)
[GIN-debug] POST   /api/assets               --> github.com/mark3748/helpdesk-go/cmd/api.(*App).mountAPI.CreateAsset.func111 (7 handlers)
[GIN-debug] GET    /api/assets/:id           --> github.com/mark3748/helpdesk-go/cmd/api.(*App).mountAPI.GetAsset.func112 (6 handlers)
[GIN-debug] PATCH  /api/assets/:id           --> github.com/mark3748/helpdesk-go/cmd/api.(*App).mountAPI.UpdateAsset.func114 (7 handlers)
[GIN-debug] DELETE /api/assets/:id           --> github.com/mark3748/helpdesk-go/cmd/api.(*App).mountAPI.DeleteAsset.func116 (7 handlers)
[GIN-debug] POST   /api/assets/:id/assign    --> github.com/mark3748/helpdesk-go/cmd/api.(*App).mountAPI.AssignAsset.func118 (7 handlers)
[GIN-debug] GET    /api/assets/:id/history   --> github.com/mark3748/helpdesk-go/cmd/api.(*App).mountAPI.GetAssetHistory.func119 (6 handlers)
[GIN-debug] GET    /api/assets/:id/assignments --> github.com/mark3748/helpdesk-go/cmd/api.(*App).mountAPI.GetAssetAssignments.func120 (6 handlers)
[GIN-debug] GET    /api/assets/:id/attachments --> github.com/mark3748/helpdesk-go/cmd/api.(*App).mountAPI.ListAttachments.func121 (6 handlers)
[GIN-debug] POST   /api/assets/:id/attachments/presign --> github.com/mark3748/helpdesk-go/cmd/api.(*App).mountAPI.PresignAssetUpload.func123 (7 handlers)
[GIN-debug] POST   /api/assets/:id/attachments --> github.com/mark3748/helpdesk-go/cmd/api.(*App).mountAPI.FinalizeAssetAttachment.func125 (7 handlers)
[GIN-debug] GET    /api/assets/:id/attachments/:attachmentID --> github.com/mark3748/helpdesk-go/cmd/api.(*App).mountAPI.GetAssetAttachment.func126 (6 handlers)
[GIN-debug] DELETE /api/assets/:id/attachments/:attachmentID --> github.com/mark3748/helpdesk-go/cmd/api.(*App).mountAPI.DeleteAssetAttachment.func128 (7 handlers)
[GIN-debug] PUT    /api/assets/attachments/upload/:objectKey --> github.com/mark3748/helpdesk-go/cmd/api.(*App).mountAPI.UploadAssetObject.func129 (6 handlers)
[GIN-debug] POST   /api/assets/:id/status-change --> github.com/mark3748/helpdesk-go/cmd/api.(*App).mountAPI.RequestStatusChange.func131 (7 handlers)
[GIN-debug] POST   /api/workflows/:id/approve --> github.com/mark3748/helpdesk-go/cmd/api.(*App).mountAPI.ApproveWorkflow.func133 (7 handlers)
[GIN-debug] POST   /api/workflows/:id/reject --> github.com/mark3748/helpdesk-go/cmd/api.(*App).mountAPI.RejectWorkflow.func135 (7 handlers)
[GIN-debug] POST   /api/assets/:id/checkout  --> github.com/mark3748/helpdesk-go/cmd/api.(*App).mountAPI.CheckoutAsset.func137 (7 handlers)
[GIN-debug] POST   /api/assets/checkin       --> github.com/mark3748/helpdesk-go/cmd/api.(*App).mountAPI.CheckinAsset.func139 (7 handlers)
[GIN-debug] GET    /api/assets/checkouts/active --> github.com/mark3748/helpdesk-go/cmd/api.(*App).mountAPI.GetActiveCheckouts.func140 (6 handlers)
[GIN-debug] GET    /api/assets/checkouts/overdue --> github.com/mark3748/helpdesk-go/cmd/api.(*App).mountAPI.GetOverdueCheckouts.func141 (6 handlers)
[GIN-debug] POST   /api/assets/:id/relationships --> github.com/mark3748/helpdesk-go/cmd/api.(*App).mountAPI.CreateRelationship.func143 (7 handlers)
[GIN-debug] GET    /api/assets/:id/relationships/graph --> github.com/mark3748/helpdesk-go/cmd/api.(*App).mountAPI.GetRelationshipGraph.func144 (6 handlers)
[GIN-debug] GET    /api/assets/:id/impact-analysis --> github.com/mark3748/helpdesk-go/cmd/api.(*App).mountAPI.GetAssetImpactAnalysis.func145 (6 handlers)
[GIN-debug] POST   /api/assets/bulk/update   --> github.com/mark3748/helpdesk-go/cmd/api.(*App).mountAPI.BulkUpdateAssets.func147 (7 handlers)
[GIN-debug] POST   /api/assets/bulk/assign   --> github.com/mark3748/helpdesk-go/cmd/api.(*App).mountAPI.BulkAssignAssets.func149 (7 handlers)
[GIN-debug] GET    /api/assets/bulk/operations/:id --> github.com/mark3748/helpdesk-go/cmd/api.(*App).mountAPI.GetBulkOperation.func150 (6 handlers)
[GIN-debug] POST   /api/assets/import/preview --> github.com/mark3748/helpdesk-go/cmd/api.(*App).mountAPI.ImportAssetsPreview.func152 (7 handlers)
[GIN-debug] POST   /api/assets/import        --> github.com/mark3748/helpdesk-go/cmd/api.(*App).mountAPI.ImportAssets.func154 (7 handlers)
[GIN-debug] POST   /api/assets/export        --> github.com/mark3748/helpdesk-go/cmd/api.(*App).mountAPI.ExportAssets.func156 (7 handlers)
[GIN-debug] GET    /api/assets/:id/audit     --> github.com/mark3748/helpdesk-go/cmd/api.(*App).mountAPI.GetAuditHistory.func157 (6 handlers)
[GIN-debug] GET    /api/assets/audit/summary --> github.com/mark3748/helpdesk-go/cmd/api.(*App).mountAPI.GetAuditSummary.func159 (7 handlers)
[GIN-debug] GET    /api/assets/analytics     --> github.com/mark3748/helpdesk-go/cmd/api.(*App).mountAPI.GetAssetAnalytics.func161 (7 handlers)
[GIN-debug] GET    /api/problems             --> github.com/mark3748/helpdesk-go/cmd/api.(*App).mountAPI.List.func162 (6 handlers)
[GIN-debug] POST   /api/problems             --> github.com/mark3748/helpdesk-go/cmd/api.(*App).mountAPI.Create.func163 (6 handlers)
[GIN-debug] GET    /api/problems/:id         --> github.com/mark3748/helpdesk-go/cmd/api.(*App).mountAPI.Get.func164 (6 handlers)
[GIN-debug] PUT    /api/problems/:id         --> github.com/mark3748/helpdesk-go/cmd/api.(*App).mountAPI.Update.func165 (6 handlers)
[GIN-debug] DELETE /api/problems/:id         --> github.com/mark3748/helpdesk-go/cmd/api.(*App).mountAPI.Delete.func166 (6 handlers)
[GIN-debug] GET    /api/changes              --> github.com/mark3748/helpdesk-go/cmd/api.(*App).mountAPI.List.func167 (6 handlers)
[GIN-debug] POST   /api/changes              --> github.com/mark3748/helpdesk-go/cmd/api.(*App).mountAPI.Create.func168 (6 handlers)
[GIN-debug] GET    /api/changes/:id          --> github.com/mark3748/helpdesk-go/cmd/api.(*App).mountAPI.Get.func169 (6 handlers)
[GIN-debug] PUT    /api/changes/:id          --> github.com/mark3748/helpdesk-go/cmd/api.(*App).mountAPI.Update.func170 (6 handlers)
[GIN-debug] DELETE /api/changes/:id          --> github.com/mark3748/helpdesk-go/cmd/api.(*App).mountAPI.Delete.func171 (6 handlers)
[GIN-debug] GET    /api/releases             --> github.com/mark3748/helpdesk-go/cmd/api.(*App).mountAPI.List.func172 (6 handlers)
[GIN-debug] POST   /api/releases             --> github.com/mark3748/helpdesk-go/cmd/api.(*App).mountAPI.Create.func173 (6 handlers)
[GIN-debug] GET    /api/releases/:id         --> github.com/mark3748/helpdesk-go/cmd/api.(*App).mountAPI.Get.func174 (6 handlers)
[GIN-debug] PUT    /api/releases/:id         --> github.com/mark3748/helpdesk-go/cmd/api.(*App).mountAPI.Update.func175 (6 handlers)
[GIN-debug] DELETE /api/releases/:id         --> github.com/mark3748/helpdesk-go/cmd/api.(*App).mountAPI.Delete.func176 (6 handlers)
{"level":"error","error":"db","time":"2025-12-20T00:53:51-07:00","message":"readyz db"}
{"level":"info","request_id":"57598a4a-07f1-49e0-9b9a-1ed401504bfa","method":"GET","path":"/readyz","status":500,"duration":0.027215,"time":"2025-12-20T00:53:51-07:00","message":"request"}
[GIN-debug] [WARNING] Running in "debug" mode. Switch to "release" mode in production.
 - using env:	export GIN_MODE=release
 - using code:	gin.SetMode(gin.ReleaseMode)

[GIN-debug] [WARNING] Running in "debug" mode. Switch to "release" mode in production.
 - using env:	export GIN_MODE=release
 - using code:	gin.SetMode(gin.ReleaseMode)

[GIN-debug] GET    /livez                    --> github.com/mark3748/helpdesk-go/cmd/api.(*App).mountAPI.func1 (5 handlers)
[GIN-debug] GET    /readyz                   --> github.com/mark3748/helpdesk-go/cmd/api.(*App).readyz-fm (5 handlers)
[GIN-debug] GET    /healthz                  --> github.com/mark3748/helpdesk-go/cmd/api.(*App).mountAPI.func2 (5 handlers)
[GIN-debug] GET    /csat/:token              --> github.com/mark3748/helpdesk-go/cmd/api.(*App).csatForm-fm (5 handlers)
[GIN-debug] POST   /csat/:token              --> github.com/mark3748/helpdesk-go/cmd/api.(*App).submitCSAT-fm (5 handlers)
[GIN-debug] GET    /metrics                  --> github.com/mark3748/helpdesk-go/cmd/api.(*App).mountAPI.WrapH.func9 (5 handlers)
[GIN-debug] GET    /swagger/*filepath        --> github.com/gin-gonic/gin.(*RouterGroup).createStaticHandler.func1 (5 handlers)
[GIN-debug] HEAD   /swagger/*filepath        --> github.com/gin-gonic/gin.(*RouterGroup).createStaticHandler.func1 (5 handlers)
[GIN-debug] GET    /docs                     --> github.com/mark3748/helpdesk-go/cmd/api.(*App).docsUI-fm (5 handlers)
[GIN-debug] GET    /openapi.yaml             --> github.com/mark3748/helpdesk-go/cmd/api.(*App).openapiSpec-fm (5 handlers)
[GIN-debug] POST   /webhooks/email-inbound   --> github.com/mark3748/helpdesk-go/cmd/api.(*App).mountAPI.EmailInbound.func18 (5 handlers)
[GIN-debug] GET    /me                       --> github.com/mark3748/helpdesk-go/cmd/api/auth.Me (6 handlers)
[GIN-debug] GET    /me/profile               --> github.com/mark3748/helpdesk-go/cmd/api.(*App).getMyProfile-fm (6 handlers)
[GIN-debug] PATCH  /me/profile               --> github.com/mark3748/helpdesk-go/cmd/api.(*App).updateMyProfile-fm (6 handlers)
[GIN-debug] POST   /me/password              --> github.com/mark3748/helpdesk-go/cmd/api.(*App).changeMyPassword-fm (6 handlers)
[GIN-debug] GET    /events                   --> github.com/mark3748/helpdesk-go/cmd/api.(*App).mountAPI.Events.func20 (6 handlers)
[GIN-debug] GET    /settings                 --> github.com/mark3748/helpdesk-go/cmd/api/handlers.GetSettings (7 handlers)
[GIN-debug] GET    /features                 --> github.com/mark3748/helpdesk-go/cmd/api.(*App).mountAPI.Features.func22 (6 handlers)
[GIN-debug] POST   /test-connection          --> github.com/mark3748/helpdesk-go/cmd/api/handlers.TestConnection (7 handlers)
[GIN-debug] POST   /settings/storage         --> github.com/mark3748/helpdesk-go/cmd/api/handlers.SaveStorageSettings (7 handlers)
[GIN-debug] POST   /settings/oidc            --> github.com/mark3748/helpdesk-go/cmd/api/handlers.SaveOIDCSettings (7 handlers)
[GIN-debug] POST   /settings/mail            --> github.com/mark3748/helpdesk-go/cmd/api/handlers.SaveMailSettings (7 handlers)
[GIN-debug] POST   /settings/mail/send-test  --> github.com/mark3748/helpdesk-go/cmd/api/handlers.SendTestMail (7 handlers)
[GIN-debug] GET    /users/:id/roles          --> github.com/mark3748/helpdesk-go/cmd/api.(*App).mountAPI.ListUserRoles.func29 (7 handlers)
[GIN-debug] POST   /users/:id/roles          --> github.com/mark3748/helpdesk-go/cmd/api.(*App).mountAPI.AddUserRole.func31 (7 handlers)
[GIN-debug] DELETE /users/:id/roles/:role    --> github.com/mark3748/helpdesk-go/cmd/api.(*App).mountAPI.RemoveUserRole.func33 (7 handlers)
[GIN-debug] GET    /users                    --> github.com/mark3748/helpdesk-go/cmd/api.(*App).mountAPI.List.func35 (7 handlers)
[GIN-debug] GET    /users/:id                --> github.com/mark3748/helpdesk-go/cmd/api.(*App).mountAPI.Get.func37 (7 handlers)
[GIN-debug] POST   /users                    --> github.com/mark3748/helpdesk-go/cmd/api.(*App).mountAPI.CreateLocal.func39 (7 handlers)
[GIN-debug] GET    /roles                    --> github.com/mark3748/helpdesk-go/cmd/api.(*App).mountAPI.List.func41 (7 handlers)
[GIN-debug] GET    /requesters               --> github.com/mark3748/helpdesk-go/cmd/api.(*App).mountAPI.Search.func42 (6 handlers)
[GIN-debug] GET    /requesters/:id           --> github.com/mark3748/helpdesk-go/cmd/api.(*App).getRequester-fm (6 handlers)
[GIN-debug] POST   /requesters               --> github.com/mark3748/helpdesk-go/cmd/api.(*App).createRequester-fm (7 handlers)
[GIN-debug] PATCH  /requesters/:id           --> github.com/mark3748/helpdesk-go/cmd/api.(*App).updateRequester-fm (7 handlers)
[GIN-debug] GET    /teams                    --> github.com/mark3748/helpdesk-go/cmd/api.(*App).mountAPI.List.func45 (6 handlers)
[GIN-debug] GET    /slas                     --> github.com/mark3748/helpdesk-go/cmd/api.(*App).mountAPI.List.func46 (6 handlers)
[GIN-debug] GET    /kb                       --> github.com/mark3748/helpdesk-go/cmd/api.(*App).mountAPI.Search.func47 (6 handlers)
[GIN-debug] GET    /kb/:slug                 --> github.com/mark3748/helpdesk-go/cmd/api.(*App).mountAPI.Get.func48 (6 handlers)
[GIN-debug] POST   /kb                       --> github.com/mark3748/helpdesk-go/cmd/api.(*App).mountAPI.Create.func50 (7 handlers)
[GIN-debug] PUT    /kb/:slug                 --> github.com/mark3748/helpdesk-go/cmd/api.(*App).mountAPI.Update.func52 (7 handlers)
[GIN-debug] DELETE /kb/:slug                 --> github.com/mark3748/helpdesk-go/cmd/api.(*App).mountAPI.Delete.func54 (7 handlers)
[GIN-debug] GET    /tickets                  --> github.com/mark3748/helpdesk-go/cmd/api.(*App).mountAPI.List.func55 (6 handlers)
[GIN-debug] POST   /tickets                  --> github.com/mark3748/helpdesk-go/cmd/api.(*App).mountAPI.Create.func59 (6 handlers)
[GIN-debug] GET    /tickets/:id              --> github.com/mark3748/helpdesk-go/cmd/api.(*App).mountAPI.Get.func60 (6 handlers)
[GIN-debug] PATCH  /tickets/:id              --> github.com/mark3748/helpdesk-go/cmd/api.(*App).mountAPI.Update.func62 (7 handlers)
[GIN-debug] GET    /tickets/:id/comments     --> github.com/mark3748/helpdesk-go/cmd/api.(*App).mountAPI.List.func63 (6 handlers)
[GIN-debug] POST   /tickets/:id/comments     --> github.com/mark3748/helpdesk-go/cmd/api.(*App).mountAPI.Add.func64 (6 handlers)
[GIN-debug] GET    /tickets/:id/attachments  --> github.com/mark3748/helpdesk-go/cmd/api.(*App).mountAPI.List.func65 (6 handlers)
[GIN-debug] POST   /tickets/:id/attachments/presign --> github.com/mark3748/helpdesk-go/cmd/api.(*App).mountAPI.Presign.func75 (6 handlers)
[GIN-debug] POST   /tickets/:id/attachments  --> github.com/mark3748/helpdesk-go/cmd/api.(*App).mountAPI.Finalize.func76 (6 handlers)
[GIN-debug] GET    /tickets/:id/attachments/:attID --> github.com/mark3748/helpdesk-go/cmd/api.(*App).mountAPI.Get.func77 (6 handlers)
[GIN-debug] PUT    /attachments/upload/:objectKey --> github.com/mark3748/helpdesk-go/cmd/api.(*App).mountAPI.UploadObject.func78 (6 handlers)
[GIN-debug] DELETE /tickets/:id/attachments/:attID --> github.com/mark3748/helpdesk-go/cmd/api.(*App).mountAPI.Delete.func79 (6 handlers)
[GIN-debug] GET    /tickets/:id/watchers     --> github.com/mark3748/helpdesk-go/cmd/api.(*App).mountAPI.List.func80 (6 handlers)
[GIN-debug] POST   /tickets/:id/watchers     --> github.com/mark3748/helpdesk-go/cmd/api.(*App).mountAPI.Add.func81 (6 handlers)
[GIN-debug] DELETE /tickets/:id/watchers/:uid --> github.com/mark3748/helpdesk-go/cmd/api.(*App).mountAPI.Remove.func82 (6 handlers)
[GIN-debug] GET    /emails/outbound          --> github.com/mark3748/helpdesk-go/cmd/api.(*App).mountAPI.ListOutbound.func84 (7 handlers)
[GIN-debug] GET    /metrics/sla              --> github.com/mark3748/helpdesk-go/cmd/api.(*App).mountAPI.SLA.func86 (7 handlers)
[GIN-debug] GET    /metrics/resolution       --> github.com/mark3748/helpdesk-go/cmd/api.(*App).mountAPI.Resolution.func88 (7 handlers)
[GIN-debug] GET    /metrics/tickets          --> github.com/mark3748/helpdesk-go/cmd/api.(*App).mountAPI.TicketVolume.func90 (7 handlers)
[GIN-debug] GET    /metrics/dashboard        --> github.com/mark3748/helpdesk-go/cmd/api.(*App).mountAPI.Dashboard.func92 (7 handlers)
[GIN-debug] GET    /metrics/agent            --> github.com/mark3748/helpdesk-go/cmd/api.(*App).mountAPI.Agent.func94 (7 handlers)
[GIN-debug] GET    /metrics/manager          --> github.com/mark3748/helpdesk-go/cmd/api.(*App).mountAPI.Manager.func96 (7 handlers)
[GIN-debug] POST   /exports/tickets          --> github.com/mark3748/helpdesk-go/cmd/api.(*App).exportTicketsBridge-fm (7 handlers)
[GIN-debug] GET    /exports/tickets/:job_id  --> github.com/mark3748/helpdesk-go/cmd/api.(*App).exportTicketsStatus-fm (7 handlers)
[GIN-debug] GET    /webhooks                 --> github.com/mark3748/helpdesk-go/cmd/api.(*App).mountAPI.List.func100 (7 handlers)
[GIN-debug] POST   /webhooks                 --> github.com/mark3748/helpdesk-go/cmd/api.(*App).mountAPI.Create.func102 (7 handlers)
[GIN-debug] DELETE /webhooks/:id             --> github.com/mark3748/helpdesk-go/cmd/api.(*App).mountAPI.Delete.func104 (7 handlers)
[GIN-debug] GET    /asset-categories         --> github.com/mark3748/helpdesk-go/cmd/api.(*App).mountAPI.ListCategories.func105 (6 handlers)
[GIN-debug] POST   /asset-categories         --> github.com/mark3748/helpdesk-go/cmd/api.(*App).mountAPI.CreateCategory.func107 (7 handlers)
[GIN-debug] GET    /asset-categories/:id     --> github.com/mark3748/helpdesk-go/cmd/api.(*App).mountAPI.GetCategory.func108 (6 handlers)
[GIN-debug] GET    /assets                   --> github.com/mark3748/helpdesk-go/cmd/api.(*App).mountAPI.ListAssets.func109 (6 handlers)
[GIN-debug] POST   /assets                   --> github.com/mark3748/helpdesk-go/cmd/api.(*App).mountAPI.CreateAsset.func111 (7 handlers)
[GIN-debug] GET    /assets/:id               --> github.com/mark3748/helpdesk-go/cmd/api.(*App).mountAPI.GetAsset.func112 (6 handlers)
[GIN-debug] PATCH  /assets/:id               --> github.com/mark3748/helpdesk-go/cmd/api.(*App).mountAPI.UpdateAsset.func114 (7 handlers)
[GIN-debug] DELETE /assets/:id               --> github.com/mark3748/helpdesk-go/cmd/api.(*App).mountAPI.DeleteAsset.func116 (7 handlers)
[GIN-debug] POST   /assets/:id/assign        --> github.com/mark3748/helpdesk-go/cmd/api.(*App).mountAPI.AssignAsset.func118 (7 handlers)
[GIN-debug] GET    /assets/:id/history       --> github.com/mark3748/helpdesk-go/cmd/api.(*App).mountAPI.GetAssetHistory.func119 (6 handlers)
[GIN-debug] GET    /assets/:id/assignments   --> github.com/mark3748/helpdesk-go/cmd/api.(*App).mountAPI.GetAssetAssignments.func120 (6 handlers)
[GIN-debug] GET    /assets/:id/attachments   --> github.com/mark3748/helpdesk-go/cmd/api.(*App).mountAPI.ListAttachments.func121 (6 handlers)
[GIN-debug] POST   /assets/:id/attachments/presign --> github.com/mark3748/helpdesk-go/cmd/api.(*App).mountAPI.PresignAssetUpload.func123 (7 handlers)
[GIN-debug] POST   /assets/:id/attachments   --> github.com/mark3748/helpdesk-go/cmd/api.(*App).mountAPI.FinalizeAssetAttachment.func125 (7 handlers)
[GIN-debug] GET    /assets/:id/attachments/:attachmentID --> github.com/mark3748/helpdesk-go/cmd/api.(*App).mountAPI.GetAssetAttachment.func126 (6 handlers)
[GIN-debug] DELETE /assets/:id/attachments/:attachmentID --> github.com/mark3748/helpdesk-go/cmd/api.(*App).mountAPI.DeleteAssetAttachment.func128 (7 handlers)
[GIN-debug] PUT    /assets/attachments/upload/:objectKey --> github.com/mark3748/helpdesk-go/cmd/api.(*App).mountAPI.UploadAssetObject.func129 (6 handlers)
[GIN-debug] POST   /assets/:id/status-change --> github.com/mark3748/helpdesk-go/cmd/api.(*App).mountAPI.RequestStatusChange.func131 (7 handlers)
[GIN-debug] POST   /workflows/:id/approve    --> github.com/mark3748/helpdesk-go/cmd/api.(*App).mountAPI.ApproveWorkflow.func133 (7 handlers)
[GIN-debug] POST   /workflows/:id/reject     --> github.com/mark3748/helpdesk-go/cmd/api.(*App).mountAPI.RejectWorkflow.func135 (7 handlers)
[GIN-debug] POST   /assets/:id/checkout      --> github.com/mark3748/helpdesk-go/cmd/api.(*App).mountAPI.CheckoutAsset.func137 (7 handlers)
[GIN-debug] POST   /assets/checkin           --> github.com/mark3748/helpdesk-go/cmd/api.(*App).mountAPI.CheckinAsset.func139 (7 handlers)
[GIN-debug] GET    /assets/checkouts/active  --> github.com/mark3748/helpdesk-go/cmd/api.(*App).mountAPI.GetActiveCheckouts.func140 (6 handlers)
[GIN-debug] GET    /assets/checkouts/overdue --> github.com/mark3748/helpdesk-go/cmd/api.(*App).mountAPI.GetOverdueCheckouts.func141 (6 handlers)
[GIN-debug] POST   /assets/:id/relationships --> github.com/mark3748/helpdesk-go/cmd/api.(*App).mountAPI.CreateRelationship.func143 (7 handlers)
[GIN-debug] GET    /assets/:id/relationships/graph --> github.com/mark3748/helpdesk-go/cmd/api.(*App).mountAPI.GetRelationshipGraph.func144 (6 handlers)
[GIN-debug] GET    /assets/:id/impact-analysis --> github.com/mark3748/helpdesk-go/cmd/api.(*App).mountAPI.GetAssetImpactAnalysis.func145 (6 handlers)
[GIN-debug] POST   /assets/bulk/update       --> github.com/mark3748/helpdesk-go/cmd/api.(*App).mountAPI.BulkUpdateAssets.func147 (7 handlers)
[GIN-debug] POST   /assets/bulk/assign       --> github.com/mark3748/helpdesk-go/cmd/api.(*App).mountAPI.BulkAssignAssets.func149 (7 handlers)
[GIN-debug] GET    /assets/bulk/operations/:id --> github.com/mark3748/helpdesk-go/cmd/api.(*App).mountAPI.GetBulkOperation.func150 (6 handlers)
[GIN-debug] POST   /assets/import/preview    --> github.com/mark3748/helpdesk-go/cmd/api.(*App).mountAPI.ImportAssetsPreview.func152 (7 handlers)
[GIN-debug] POST   /assets/import            --> github.com/mark3748/helpdesk-go/cmd/api.(*App).mountAPI.ImportAssets.func154 (7 handlers)
[GIN-debug] POST   /assets/export            --> github.com/mark3748/helpdesk-go/cmd/api.(*App).mountAPI.ExportAssets.func156 (7 handlers)
[GIN-debug] GET    /assets/:id/audit         --> github.com/mark3748/helpdesk-go/cmd/api.(*App).mountAPI.GetAuditHistory.func157 (6 handlers)
[GIN-debug] GET    /assets/audit/summary     --> github.com/mark3748/helpdesk-go/cmd/api.(*App).mountAPI.GetAuditSummary.func159 (7 handlers)
[GIN-debug] GET    /assets/analytics         --> github.com/mark3748/helpdesk-go/cmd/api.(*App).mountAPI.GetAssetAnalytics.func161 (7 handlers)
[GIN-debug] GET    /problems                 --> github.com/mark3748/helpdesk-go/cmd/api.(*App).mountAPI.List.func162 (6 handlers)
[GIN-debug] POST   /problems                 --> github.com/mark3748/helpdesk-go/cmd/api.(*App).mountAPI.Create.func163 (6 handlers)
[GIN-debug] GET    /problems/:id             --> github.com/mark3748/helpdesk-go/cmd/api.(*App).mountAPI.Get.func164 (6 handlers)
[GIN-debug] PUT    /problems/:id             --> github.com/mark3748/helpdesk-go/cmd/api.(*App).mountAPI.Update.func165 (6 handlers)
[GIN-debug] DELETE /problems/:id             --> github.com/mark3748/helpdesk-go/cmd/api.(*App).mountAPI.Delete.func166 (6 handlers)
[GIN-debug] GET    /changes                  --> github.com/mark3748/helpdesk-go/cmd/api.(*App).mountAPI.List.func167 (6 handlers)
[GIN-debug] POST   /changes                  --> github.com/mark3748/helpdesk-go/cmd/api.(*App).mountAPI.Create.func168 (6 handlers)
[GIN-debug] GET    /changes/:id              --> github.com/mark3748/helpdesk-go/cmd/api.(*App).mountAPI.Get.func169 (6 handlers)
[GIN-debug] PUT    /changes/:id              --> github.com/mark3748/helpdesk-go/cmd/api.(*App).mountAPI.Update.func170 (6 handlers)
[GIN-debug] DELETE /changes/:id              --> github.com/mark3748/helpdesk-go/cmd/api.(*App).mountAPI.Delete.func171 (6 handlers)
[GIN-debug] GET    /releases                 --> github.com/mark3748/helpdesk-go/cmd/api.(*App).mountAPI.List.func172 (6 handlers)
[GIN-debug] POST   /releases                 --> github.com/mark3748/helpdesk-go/cmd/api.(*App).mountAPI.Create.func173 (6 handlers)
[GIN-debug] GET    /releases/:id             --> github.com/mark3748/helpdesk-go/cmd/api.(*App).mountAPI.Get.func174 (6 handlers)
[GIN-debug] PUT    /releases/:id             --> github.com/mark3748/helpdesk-go/cmd/api.(*App).mountAPI.Update.func175 (6 handlers)
[GIN-debug] DELETE /releases/:id             --> github.com/mark3748/helpdesk-go/cmd/api.(*App).mountAPI.Delete.func176 (6 handlers)
[GIN-debug] GET    /api/livez                --> github.com/mark3748/helpdesk-go/cmd/api.(*App).mountAPI.func1 (5 handlers)
[GIN-debug] GET    /api/readyz               --> github.com/mark3748/helpdesk-go/cmd/api.(*App).readyz-fm (5 handlers)
[GIN-debug] GET    /api/healthz              --> github.com/mark3748/helpdesk-go/cmd/api.(*App).mountAPI.func2 (5 handlers)
[GIN-debug] GET    /api/csat/:token          --> github.com/mark3748/helpdesk-go/cmd/api.(*App).csatForm-fm (5 handlers)
[GIN-debug] POST   /api/csat/:token          --> github.com/mark3748/helpdesk-go/cmd/api.(*App).submitCSAT-fm (5 handlers)
[GIN-debug] GET    /api/metrics              --> github.com/mark3748/helpdesk-go/cmd/api.(*App).mountAPI.WrapH.func9 (5 handlers)
[GIN-debug] GET    /api/swagger/*filepath    --> github.com/gin-gonic/gin.(*RouterGroup).createStaticHandler.func1 (5 handlers)
[GIN-debug] HEAD   /api/swagger/*filepath    --> github.com/gin-gonic/gin.(*RouterGroup).createStaticHandler.func1 (5 handlers)
[GIN-debug] GET    /api/docs                 --> github.com/mark3748/helpdesk-go/cmd/api.(*App).docsUI-fm (5 handlers)
[GIN-debug] GET    /api/openapi.yaml         --> github.com/mark3748/helpdesk-go/cmd/api.(*App).openapiSpec-fm (5 handlers)
[GIN-debug] POST   /api/webhooks/email-inbound --> github.com/mark3748/helpdesk-go/cmd/api.(*App).mountAPI.EmailInbound.func18 (5 handlers)
[GIN-debug] GET    /api/me                   --> github.com/mark3748/helpdesk-go/cmd/api/auth.Me (6 handlers)
[GIN-debug] GET    /api/me/profile           --> github.com/mark3748/helpdesk-go/cmd/api.(*App).getMyProfile-fm (6 handlers)
[GIN-debug] PATCH  /api/me/profile           --> github.com/mark3748/helpdesk-go/cmd/api.(*App).updateMyProfile-fm (6 handlers)
[GIN-debug] POST   /api/me/password          --> github.com/mark3748/helpdesk-go/cmd/api.(*App).changeMyPassword-fm (6 handlers)
[GIN-debug] GET    /api/events               --> github.com/mark3748/helpdesk-go/cmd/api.(*App).mountAPI.Events.func20 (6 handlers)
[GIN-debug] GET    /api/settings             --> github.com/mark3748/helpdesk-go/cmd/api/handlers.GetSettings (7 handlers)
[GIN-debug] GET    /api/features             --> github.com/mark3748/helpdesk-go/cmd/api.(*App).mountAPI.Features.func22 (6 handlers)
[GIN-debug] POST   /api/test-connection      --> github.com/mark3748/helpdesk-go/cmd/api/handlers.TestConnection (7 handlers)
[GIN-debug] POST   /api/settings/storage     --> github.com/mark3748/helpdesk-go/cmd/api/handlers.SaveStorageSettings (7 handlers)
[GIN-debug] POST   /api/settings/oidc        --> github.com/mark3748/helpdesk-go/cmd/api/handlers.SaveOIDCSettings (7 handlers)
[GIN-debug] POST   /api/settings/mail        --> github.com/mark3748/helpdesk-go/cmd/api/handlers.SaveMailSettings (7 handlers)
[GIN-debug] POST   /api/settings/mail/send-test --> github.com/mark3748/helpdesk-go/cmd/api/handlers.SendTestMail (7 handlers)
[GIN-debug] GET    /api/users/:id/roles      --> github.com/mark3748/helpdesk-go/cmd/api.(*App).mountAPI.ListUserRoles.func29 (7 handlers)
[GIN-debug] POST   /api/users/:id/roles      --> github.com/mark3748/helpdesk-go/cmd/api.(*App).mountAPI.AddUserRole.func31 (7 handlers)
[GIN-debug] DELETE /api/users/:id/roles/:role --> github.com/mark3748/helpdesk-go/cmd/api.(*App).mountAPI.RemoveUserRole.func33 (7 handlers)
[GIN-debug] GET    /api/users                --> github.com/mark3748/helpdesk-go/cmd/api.(*App).mountAPI.List.func35 (7 handlers)
[GIN-debug] GET    /api/users/:id            --> github.com/mark3748/helpdesk-go/cmd/api.(*App).mountAPI.Get.func37 (7 handlers)
[GIN-debug] POST   /api/users                --> github.com/mark3748/helpdesk-go/cmd/api.(*App).mountAPI.CreateLocal.func39 (7 handlers)
[GIN-debug] GET    /api/roles                --> github.com/mark3748/helpdesk-go/cmd/api.(*App).mountAPI.List.func41 (7 handlers)
[GIN-debug] GET    /api/requesters           --> github.com/mark3748/helpdesk-go/cmd/api.(*App).mountAPI.Search.func42 (6 handlers)
[GIN-debug] GET    /api/requesters/:id       --> github.com/mark3748/helpdesk-go/cmd/api.(*App).getRequester-fm (6 handlers)
[GIN-debug] POST   /api/requesters           --> github.com/mark3748/helpdesk-go/cmd/api.(*App).createRequester-fm (7 handlers)
[GIN-debug] PATCH  /api/requesters/:id       --> github.com/mark3748/helpdesk-go/cmd/api.(*App).updateRequester-fm (7 handlers)
[GIN-debug] GET    /api/teams                --> github.com/mark3748/helpdesk-go/cmd/api.(*App).mountAPI.List.func45 (6 handlers)
[GIN-debug] GET    /api/slas                 --> github.com/mark3748/helpdesk-go/cmd/api.(*App).mountAPI.List.func46 (6 handlers)
[GIN-debug] GET    /api/kb                   --> github.com/mark3748/helpdesk-go/cmd/api.(*App).mountAPI.Search.func47 (6 handlers)
[GIN-debug] GET    /api/kb/:slug             --> github.com/mark3748/helpdesk-go/cmd/api.(*App).mountAPI.Get.func48 (6 handlers)
[GIN-debug] POST   /api/kb                   --> github.com/mark3748/helpdesk-go/cmd/api.(*App).mountAPI.Create.func50 (7 handlers)
[GIN-debug] PUT    /api/kb/:slug             --> github.com/mark3748/helpdesk-go/cmd/api.(*App).mountAPI.Update.func52 (7 handlers)
[GIN-debug] DELETE /api/kb/:slug             --> github.com/mark3748/helpdesk-go/cmd/api.(*App).mountAPI.Delete.func54 (7 handlers)
[GIN-debug] GET    /api/tickets              --> github.com/mark3748/helpdesk-go/cmd/api.(*App).mountAPI.List.func55 (6 handlers)
[GIN-debug] POST   /api/tickets              --> github.com/mark3748/helpdesk-go/cmd/api.(*App).mountAPI.Create.func59 (6 handlers)
[GIN-debug] GET    /api/tickets/:id          --> github.com/mark3748/helpdesk-go/cmd/api.(*App).mountAPI.Get.func60 (6 handlers)
[GIN-debug] PATCH  /api/tickets/:id          --> github.com/mark3748/helpdesk-go/cmd/api.(*App).mountAPI.Update.func62 (7 handlers)
[GIN-debug] GET    /api/tickets/:id/comments --> github.com/mark3748/helpdesk-go/cmd/api.(*App).mountAPI.List.func63 (6 handlers)
[GIN-debug] POST   /api/tickets/:id/comments --> github.com/mark3748/helpdesk-go/cmd/api.(*App).mountAPI.Add.func64 (6 handlers)
[GIN-debug] GET    /api/tickets/:id/attachments --> github.com/mark3748/helpdesk-go/cmd/api.(*App).mountAPI.List.func65 (6 handlers)
[GIN-debug] POST   /api/tickets/:id/attachments/presign --> github.com/mark3748/helpdesk-go/cmd/api.(*App).mountAPI.Presign.func75 (6 handlers)
[GIN-debug] POST   /api/tickets/:id/attachments --> github.com/mark3748/helpdesk-go/cmd/api.(*App).mountAPI.Finalize.func76 (6 handlers)
[GIN-debug] GET    /api/tickets/:id/attachments/:attID --> github.com/mark3748/helpdesk-go/cmd/api.(*App).mountAPI.Get.func77 (6 handlers)
[GIN-debug] PUT    /api/attachments/upload/:objectKey --> github.com/mark3748/helpdesk-go/cmd/api.(*App).mountAPI.UploadObject.func78 (6 handlers)
[GIN-debug] DELETE /api/tickets/:id/attachments/:attID --> github.com/mark3748/helpdesk-go/cmd/api.(*App).mountAPI.Delete.func79 (6 handlers)
[GIN-debug] GET    /api/tickets/:id/watchers --> github.com/mark3748/helpdesk-go/cmd/api.(*App).mountAPI.List.func80 (6 handlers)
[GIN-debug] POST   /api/tickets/:id/watchers --> github.com/mark3748/helpdesk-go/cmd/api.(*App).mountAPI.Add.func81 (6 handlers)
[GIN-debug] DELETE /api/tickets/:id/watchers/:uid --> github.com/mark3748/helpdesk-go/cmd/api.(*App).mountAPI.Remove.func82 (6 handlers)
[GIN-debug] GET    /api/emails/outbound      --> github.com/mark3748/helpdesk-go/cmd/api.(*App).mountAPI.ListOutbound.func84 (7 handlers)
[GIN-debug] GET    /api/metrics/sla          --> github.com/mark3748/helpdesk-go/cmd/api.(*App).mountAPI.SLA.func86 (7 handlers)
[GIN-debug] GET    /api/metrics/resolution   --> github.com/mark3748/helpdesk-go/cmd/api.(*App).mountAPI.Resolution.func88 (7 handlers)
[GIN-debug] GET    /api/metrics/tickets      --> github.com/mark3748/helpdesk-go/cmd/api.(*App).mountAPI.TicketVolume.func90 (7 handlers)
[GIN-debug] GET    /api/metrics/dashboard    --> github.com/mark3748/helpdesk-go/cmd/api.(*App).mountAPI.Dashboard.func92 (7 handlers)
[GIN-debug] GET    /api/metrics/agent        --> github.com/mark3748/helpdesk-go/cmd/api.(*App).mountAPI.Agent.func94 (7 handlers)
[GIN-debug] GET    /api/metrics/manager      --> github.com/mark3748/helpdesk-go/cmd/api.(*App).mountAPI.Manager.func96 (7 handlers)
[GIN-debug] POST   /api/exports/tickets      --> github.com/mark3748/helpdesk-go/cmd/api.(*App).exportTicketsBridge-fm (7 handlers)
[GIN-debug] GET    /api/exports/tickets/:job_id --> github.com/mark3748/helpdesk-go/cmd/api.(*App).exportTicketsStatus-fm (7 handlers)
[GIN-debug] GET    /api/webhooks             --> github.com/mark3748/helpdesk-go/cmd/api.(*App).mountAPI.List.func100 (7 handlers)
[GIN-debug] POST   /api/webhooks             --> github.com/mark3748/helpdesk-go/cmd/api.(*App).mountAPI.Create.func102 (7 handlers)
[GIN-debug] DELETE /api/webhooks/:id         --> github.com/mark3748/helpdesk-go/cmd/api.(*App).mountAPI.Delete.func104 (7 handlers)
[GIN-debug] GET    /api/asset-categories     --> github.com/mark3748/helpdesk-go/cmd/api.(*App).mountAPI.ListCategories.func105 (6 handlers)
[GIN-debug] POST   /api/asset-categories     --> github.com/mark3748/helpdesk-go/cmd/api.(*App).mountAPI.CreateCategory.func107 (7 handlers)
[GIN-debug] GET    /api/asset-categories/:id --> github.com/mark3748/helpdesk-go/cmd/api.(*App).mountAPI.GetCategory.func108 (6 handlers)
[GIN-debug] GET    /api/assets               --> github.com/mark3748/helpdesk-go/cmd/api.(*App).mountAPI.ListAssets.func109 (6 handlers)
[GIN-debug] POST   /api/assets               --> github.com/mark3748/helpdesk-go/cmd/api.(*App).mountAPI.CreateAsset.func111 (7 handlers)
[GIN-debug] GET    /api/assets/:id           --> github.com/mark3748/helpdesk-go/cmd/api.(*App).mountAPI.GetAsset.func112 (6 handlers)
[GIN-debug] PATCH  /api/assets/:id           --> github.com/mark3748/helpdesk-go/cmd/api.(*App).mountAPI.UpdateAsset.func114 (7 handlers)
[GIN-debug] DELETE /api/assets/:id           --> github.com/mark3748/helpdesk-go/cmd/api.(*App).mountAPI.DeleteAsset.func116 (7 handlers)
[GIN-debug] POST   /api/assets/:id/assign    --> github.com/mark3748/helpdesk-go/cmd/api.(*App).mountAPI.AssignAsset.func118 (7 handlers)
[GIN-debug] GET    /api/assets/:id/history   --> github.com/mark3748/helpdesk-go/cmd/api.(*App).mountAPI.GetAssetHistory.func119 (6 handlers)
[GIN-debug] GET    /api/assets/:id/assignments --> github.com/mark3748/helpdesk-go/cmd/api.(*App).mountAPI.GetAssetAssignments.func120 (6 handlers)
[GIN-debug] GET    /api/assets/:id/attachments --> github.com/mark3748/helpdesk-go/cmd/api.(*App).mountAPI.ListAttachments.func121 (6 handlers)
[GIN-debug] POST   /api/assets/:id/attachments/presign --> github.com/mark3748/helpdesk-go/cmd/api.(*App).mountAPI.PresignAssetUpload.func123 (7 handlers)
[GIN-debug] POST   /api/assets/:id/attachments --> github.com/mark3748/helpdesk-go/cmd/api.(*App).mountAPI.FinalizeAssetAttachment.func125 (7 handlers)
[GIN-debug] GET    /api/assets/:id/attachments/:attachmentID --> github.com/mark3748/helpdesk-go/cmd/api.(*App).mountAPI.GetAssetAttachment.func126 (6 handlers)
[GIN-debug] DELETE /api/assets/:id/attachments/:attachmentID --> github.com/mark3748/helpdesk-go/cmd/api.(*App).mountAPI.DeleteAssetAttachment.func128 (7 handlers)
[GIN-debug] PUT    /api/assets/attachments/upload/:objectKey --> github.com/mark3748/helpdesk-go/cmd/api.(*App).mountAPI.UploadAssetObject.func129 (6 handlers)
[GIN-debug] POST   /api/assets/:id/status-change --> github.com/mark3748/helpdesk-go/cmd/api.(*App).mountAPI.RequestStatusChange.func131 (7 handlers)
[GIN-debug] POST   /api/workflows/:id/approve --> github.com/mark3748/helpdesk-go/cmd/api.(*App).mountAPI.ApproveWorkflow.func133 (7 handlers)
[GIN-debug] POST   /api/workflows/:id/reject --> github.com/mark3748/helpdesk-go/cmd/api.(*App).mountAPI.RejectWorkflow.func135 (7 handlers)
[GIN-debug] POST   /api/assets/:id/checkout  --> github.com/mark3748/helpdesk-go/cmd/api.(*App).mountAPI.CheckoutAsset.func137 (7 handlers)
[GIN-debug] POST   /api/assets/checkin       --> github.com/mark3748/helpdesk-go/cmd/api.(*App).mountAPI.CheckinAsset.func139 (7 handlers)
[GIN-debug] GET    /api/assets/checkouts/active --> github.com/mark3748/helpdesk-go/cmd/api.(*App).mountAPI.GetActiveCheckouts.func140 (6 handlers)
[GIN-debug] GET    /api/assets/checkouts/overdue --> github.com/mark3748/helpdesk-go/cmd/api.(*App).mountAPI.GetOverdueCheckouts.func141 (6 handlers)
[GIN-debug] POST   /api/assets/:id/relationships --> github.com/mark3748/helpdesk-go/cmd/api.(*App).mountAPI.CreateRelationship.func143 (7 handlers)
[GIN-debug] GET    /api/assets/:id/relationships/graph --> github.com/mark3748/helpdesk-go/cmd/api.(*App).mountAPI.GetRelationshipGraph.func144 (6 handlers)
[GIN-debug] GET    /api/assets/:id/impact-analysis --> github.com/mark3748/helpdesk-go/cmd/api.(*App).mountAPI.GetAssetImpactAnalysis.func145 (6 handlers)
[GIN-debug] POST   /api/assets/bulk/update   --> github.com/mark3748/helpdesk-go/cmd/api.(*App).mountAPI.BulkUpdateAssets.func147 (7 handlers)
[GIN-debug] POST   /api/assets/bulk/assign   --> github.com/mark3748/helpdesk-go/cmd/api.(*App).mountAPI.BulkAssignAssets.func149 (7 handlers)
[GIN-debug] GET    /api/assets/bulk/operations/:id --> github.com/mark3748/helpdesk-go/cmd/api.(*App).mountAPI.GetBulkOperation.func150 (6 handlers)
[GIN-debug] POST   /api/assets/import/preview --> github.com/mark3748/helpdesk-go/cmd/api.(*App).mountAPI.ImportAssetsPreview.func152 (7 handlers)
[GIN-debug] POST   /api/assets/import        --> github.com/mark3748/helpdesk-go/cmd/api.(*App).mountAPI.ImportAssets.func154 (7 handlers)
[GIN-debug] POST   /api/assets/export        --> github.com/mark3748/helpdesk-go/cmd/api.(*App).mountAPI.ExportAssets.func156 (7 handlers)
[GIN-debug] GET    /api/assets/:id/audit     --> github.com/mark3748/helpdesk-go/cmd/api.(*App).mountAPI.GetAuditHistory.func157 (6 handlers)
[GIN-debug] GET    /api/assets/audit/summary --> github.com/mark3748/helpdesk-go/cmd/api.(*App).mountAPI.GetAuditSummary.func159 (7 handlers)
[GIN-debug] GET    /api/assets/analytics     --> github.com/mark3748/helpdesk-go/cmd/api.(*App).mountAPI.GetAssetAnalytics.func161 (7 handlers)
[GIN-debug] GET    /api/problems             --> github.com/mark3748/helpdesk-go/cmd/api.(*App).mountAPI.List.func162 (6 handlers)
[GIN-debug] POST   /api/problems             --> github.com/mark3748/helpdesk-go/cmd/api.(*App).mountAPI.Create.func163 (6 handlers)
[GIN-debug] GET    /api/problems/:id         --> github.com/mark3748/helpdesk-go/cmd/api.(*App).mountAPI.Get.func164 (6 handlers)
[GIN-debug] PUT    /api/problems/:id         --> github.com/mark3748/helpdesk-go/cmd/api.(*App).mountAPI.Update.func165 (6 handlers)
[GIN-debug] DELETE /api/problems/:id         --> github.com/mark3748/helpdesk-go/cmd/api.(*App).mountAPI.Delete.func166 (6 handlers)
[GIN-debug] GET    /api/changes              --> github.com/mark3748/helpdesk-go/cmd/api.(*App).mountAPI.List.func167 (6 handlers)
[GIN-debug] POST   /api/changes              --> github.com/mark3748/helpdesk-go/cmd/api.(*App).mountAPI.Create.func168 (6 handlers)
[GIN-debug] GET    /api/changes/:id          --> github.com/mark3748/helpdesk-go/cmd/api.(*App).mountAPI.Get.func169 (6 handlers)
[GIN-debug] PUT    /api/changes/:id          --> github.com/mark3748/helpdesk-go/cmd/api.(*App).mountAPI.Update.func170 (6 handlers)
[GIN-debug] DELETE /api/changes/:id          --> github.com/mark3748/helpdesk-go/cmd/api.(*App).mountAPI.Delete.func171 (6 handlers)
[GIN-debug] GET    /api/releases             --> github.com/mark3748/helpdesk-go/cmd/api.(*App).mountAPI.List.func172 (6 handlers)
[GIN-debug] POST   /api/releases             --> github.com/mark3748/helpdesk-go/cmd/api.(*App).mountAPI.Create.func173 (6 handlers)
[GIN-debug] GET    /api/releases/:id         --> github.com/mark3748/helpdesk-go/cmd/api.(*App).mountAPI.Get.func174 (6 handlers)
[GIN-debug] PUT    /api/releases/:id         --> github.com/mark3748/helpdesk-go/cmd/api.(*App).mountAPI.Update.func175 (6 handlers)
[GIN-debug] DELETE /api/releases/:id         --> github.com/mark3748/helpdesk-go/cmd/api.(*App).mountAPI.Delete.func176 (6 handlers)
{"level":"error","error":"mkdir /dev/null: not a directory","dir":"/dev/null/b","time":"2025-12-20T00:53:51-07:00","message":"readyz filestore mkdir"}
{"level":"info","request_id":"2c730d2e-51db-4630-9d1d-31c64fe71d1e","method":"GET","path":"/readyz","status":500,"duration":0.054574,"time":"2025-12-20T00:53:51-07:00","message":"request"}
[GIN-debug] [WARNING] Running in "debug" mode. Switch to "release" mode in production.
 - using env:	export GIN_MODE=release
 - using code:	gin.SetMode(gin.ReleaseMode)

[GIN-debug] [WARNING] Running in "debug" mode. Switch to "release" mode in production.
 - using env:	export GIN_MODE=release
 - using code:	gin.SetMode(gin.ReleaseMode)

[GIN-debug] GET    /livez                    --> github.com/mark3748/helpdesk-go/cmd/api.(*App).mountAPI.func1 (5 handlers)
[GIN-debug] GET    /readyz                   --> github.com/mark3748/helpdesk-go/cmd/api.(*App).readyz-fm (5 handlers)
[GIN-debug] GET    /healthz                  --> github.com/mark3748/helpdesk-go/cmd/api.(*App).mountAPI.func2 (5 handlers)
[GIN-debug] GET    /csat/:token              --> github.com/mark3748/helpdesk-go/cmd/api.(*App).csatForm-fm (5 handlers)
[GIN-debug] POST   /csat/:token              --> github.com/mark3748/helpdesk-go/cmd/api.(*App).submitCSAT-fm (5 handlers)
[GIN-debug] GET    /metrics                  --> github.com/mark3748/helpdesk-go/cmd/api.(*App).mountAPI.WrapH.func9 (5 handlers)
[GIN-debug] GET    /swagger/*filepath        --> github.com/gin-gonic/gin.(*RouterGroup).createStaticHandler.func1 (5 handlers)
[GIN-debug] HEAD   /swagger/*filepath        --> github.com/gin-gonic/gin.(*RouterGroup).createStaticHandler.func1 (5 handlers)
[GIN-debug] GET    /docs                     --> github.com/mark3748/helpdesk-go/cmd/api.(*App).docsUI-fm (5 handlers)
[GIN-debug] GET    /openapi.yaml             --> github.com/mark3748/helpdesk-go/cmd/api.(*App).openapiSpec-fm (5 handlers)
[GIN-debug] POST   /webhooks/email-inbound   --> github.com/mark3748/helpdesk-go/cmd/api.(*App).mountAPI.EmailInbound.func18 (5 handlers)
[GIN-debug] GET    /me                       --> github.com/mark3748/helpdesk-go/cmd/api/auth.Me (6 handlers)
[GIN-debug] GET    /me/profile               --> github.com/mark3748/helpdesk-go/cmd/api.(*App).getMyProfile-fm (6 handlers)
[GIN-debug] PATCH  /me/profile               --> github.com/mark3748/helpdesk-go/cmd/api.(*App).updateMyProfile-fm (6 handlers)
[GIN-debug] POST   /me/password              --> github.com/mark3748/helpdesk-go/cmd/api.(*App).changeMyPassword-fm (6 handlers)
[GIN-debug] GET    /events                   --> github.com/mark3748/helpdesk-go/cmd/api.(*App).mountAPI.Events.func20 (6 handlers)
[GIN-debug] GET    /settings                 --> github.com/mark3748/helpdesk-go/cmd/api/handlers.GetSettings (7 handlers)
[GIN-debug] GET    /features                 --> github.com/mark3748/helpdesk-go/cmd/api.(*App).mountAPI.Features.func22 (6 handlers)
[GIN-debug] POST   /test-connection          --> github.com/mark3748/helpdesk-go/cmd/api/handlers.TestConnection (7 handlers)
[GIN-debug] POST   /settings/storage         --> github.com/mark3748/helpdesk-go/cmd/api/handlers.SaveStorageSettings (7 handlers)
[GIN-debug] POST   /settings/oidc            --> github.com/mark3748/helpdesk-go/cmd/api/handlers.SaveOIDCSettings (7 handlers)
[GIN-debug] POST   /settings/mail            --> github.com/mark3748/helpdesk-go/cmd/api/handlers.SaveMailSettings (7 handlers)
[GIN-debug] POST   /settings/mail/send-test  --> github.com/mark3748/helpdesk-go/cmd/api/handlers.SendTestMail (7 handlers)
[GIN-debug] GET    /users/:id/roles          --> github.com/mark3748/helpdesk-go/cmd/api.(*App).mountAPI.ListUserRoles.func29 (7 handlers)
[GIN-debug] POST   /users/:id/roles          --> github.com/mark3748/helpdesk-go/cmd/api.(*App).mountAPI.AddUserRole.func31 (7 handlers)
[GIN-debug] DELETE /users/:id/roles/:role    --> github.com/mark3748/helpdesk-go/cmd/api.(*App).mountAPI.RemoveUserRole.func33 (7 handlers)
[GIN-debug] GET    /users                    --> github.com/mark3748/helpdesk-go/cmd/api.(*App).mountAPI.List.func35 (7 handlers)
[GIN-debug] GET    /users/:id                --> github.com/mark3748/helpdesk-go/cmd/api.(*App).mountAPI.Get.func37 (7 handlers)
[GIN-debug] POST   /users                    --> github.com/mark3748/helpdesk-go/cmd/api.(*App).mountAPI.CreateLocal.func39 (7 handlers)
[GIN-debug] GET    /roles                    --> github.com/mark3748/helpdesk-go/cmd/api.(*App).mountAPI.List.func41 (7 handlers)
[GIN-debug] GET    /requesters               --> github.com/mark3748/helpdesk-go/cmd/api.(*App).mountAPI.Search.func42 (6 handlers)
[GIN-debug] GET    /requesters/:id           --> github.com/mark3748/helpdesk-go/cmd/api.(*App).getRequester-fm (6 handlers)
[GIN-debug] POST   /requesters               --> github.com/mark3748/helpdesk-go/cmd/api.(*App).createRequester-fm (7 handlers)
[GIN-debug] PATCH  /requesters/:id           --> github.com/mark3748/helpdesk-go/cmd/api.(*App).updateRequester-fm (7 handlers)
[GIN-debug] GET    /teams                    --> github.com/mark3748/helpdesk-go/cmd/api.(*App).mountAPI.List.func45 (6 handlers)
[GIN-debug] GET    /slas                     --> github.com/mark3748/helpdesk-go/cmd/api.(*App).mountAPI.List.func46 (6 handlers)
[GIN-debug] GET    /kb                       --> github.com/mark3748/helpdesk-go/cmd/api.(*App).mountAPI.Search.func47 (6 handlers)
[GIN-debug] GET    /kb/:slug                 --> github.com/mark3748/helpdesk-go/cmd/api.(*App).mountAPI.Get.func48 (6 handlers)
[GIN-debug] POST   /kb                       --> github.com/mark3748/helpdesk-go/cmd/api.(*App).mountAPI.Create.func50 (7 handlers)
[GIN-debug] PUT    /kb/:slug                 --> github.com/mark3748/helpdesk-go/cmd/api.(*App).mountAPI.Update.func52 (7 handlers)
[GIN-debug] DELETE /kb/:slug                 --> github.com/mark3748/helpdesk-go/cmd/api.(*App).mountAPI.Delete.func54 (7 handlers)
[GIN-debug] GET    /tickets                  --> github.com/mark3748/helpdesk-go/cmd/api.(*App).mountAPI.List.func55 (6 handlers)
[GIN-debug] POST   /tickets                  --> github.com/mark3748/helpdesk-go/cmd/api.(*App).mountAPI.Create.func59 (6 handlers)
[GIN-debug] GET    /tickets/:id              --> github.com/mark3748/helpdesk-go/cmd/api.(*App).mountAPI.Get.func60 (6 handlers)
[GIN-debug] PATCH  /tickets/:id              --> github.com/mark3748/helpdesk-go/cmd/api.(*App).mountAPI.Update.func62 (7 handlers)
[GIN-debug] GET    /tickets/:id/comments     --> github.com/mark3748/helpdesk-go/cmd/api.(*App).mountAPI.List.func63 (6 handlers)
[GIN-debug] POST   /tickets/:id/comments     --> github.com/mark3748/helpdesk-go/cmd/api.(*App).mountAPI.Add.func64 (6 handlers)
[GIN-debug] GET    /tickets/:id/attachments  --> github.com/mark3748/helpdesk-go/cmd/api.(*App).mountAPI.List.func65 (6 handlers)
[GIN-debug] POST   /tickets/:id/attachments/presign --> github.com/mark3748/helpdesk-go/cmd/api.(*App).mountAPI.Presign.func75 (6 handlers)
[GIN-debug] POST   /tickets/:id/attachments  --> github.com/mark3748/helpdesk-go/cmd/api.(*App).mountAPI.Finalize.func76 (6 handlers)
[GIN-debug] GET    /tickets/:id/attachments/:attID --> github.com/mark3748/helpdesk-go/cmd/api.(*App).mountAPI.Get.func77 (6 handlers)
[GIN-debug] PUT    /attachments/upload/:objectKey --> github.com/mark3748/helpdesk-go/cmd/api.(*App).mountAPI.UploadObject.func78 (6 handlers)
[GIN-debug] DELETE /tickets/:id/attachments/:attID --> github.com/mark3748/helpdesk-go/cmd/api.(*App).mountAPI.Delete.func79 (6 handlers)
[GIN-debug] GET    /tickets/:id/watchers     --> github.com/mark3748/helpdesk-go/cmd/api.(*App).mountAPI.List.func80 (6 handlers)
[GIN-debug] POST   /tickets/:id/watchers     --> github.com/mark3748/helpdesk-go/cmd/api.(*App).mountAPI.Add.func81 (6 handlers)
[GIN-debug] DELETE /tickets/:id/watchers/:uid --> github.com/mark3748/helpdesk-go/cmd/api.(*App).mountAPI.Remove.func82 (6 handlers)
[GIN-debug] GET    /emails/outbound          --> github.com/mark3748/helpdesk-go/cmd/api.(*App).mountAPI.ListOutbound.func84 (7 handlers)
[GIN-debug] GET    /metrics/sla              --> github.com/mark3748/helpdesk-go/cmd/api.(*App).mountAPI.SLA.func86 (7 handlers)
[GIN-debug] GET    /metrics/resolution       --> github.com/mark3748/helpdesk-go/cmd/api.(*App).mountAPI.Resolution.func88 (7 handlers)
[GIN-debug] GET    /metrics/tickets          --> github.com/mark3748/helpdesk-go/cmd/api.(*App).mountAPI.TicketVolume.func90 (7 handlers)
[GIN-debug] GET    /metrics/dashboard        --> github.com/mark3748/helpdesk-go/cmd/api.(*App).mountAPI.Dashboard.func92 (7 handlers)
[GIN-debug] GET    /metrics/agent            --> github.com/mark3748/helpdesk-go/cmd/api.(*App).mountAPI.Agent.func94 (7 handlers)
[GIN-debug] GET    /metrics/manager          --> github.com/mark3748/helpdesk-go/cmd/api.(*App).mountAPI.Manager.func96 (7 handlers)
[GIN-debug] POST   /exports/tickets          --> github.com/mark3748/helpdesk-go/cmd/api.(*App).exportTicketsBridge-fm (7 handlers)
[GIN-debug] GET    /exports/tickets/:job_id  --> github.com/mark3748/helpdesk-go/cmd/api.(*App).exportTicketsStatus-fm (7 handlers)
[GIN-debug] GET    /webhooks                 --> github.com/mark3748/helpdesk-go/cmd/api.(*App).mountAPI.List.func100 (7 handlers)
[GIN-debug] POST   /webhooks                 --> github.com/mark3748/helpdesk-go/cmd/api.(*App).mountAPI.Create.func102 (7 handlers)
[GIN-debug] DELETE /webhooks/:id             --> github.com/mark3748/helpdesk-go/cmd/api.(*App).mountAPI.Delete.func104 (7 handlers)
[GIN-debug] GET    /asset-categories         --> github.com/mark3748/helpdesk-go/cmd/api.(*App).mountAPI.ListCategories.func105 (6 handlers)
[GIN-debug] POST   /asset-categories         --> github.com/mark3748/helpdesk-go/cmd/api.(*App).mountAPI.CreateCategory.func107 (7 handlers)
[GIN-debug] GET    /asset-categories/:id     --> github.com/mark3748/helpdesk-go/cmd/api.(*App).mountAPI.GetCategory.func108 (6 handlers)
[GIN-debug] GET    /assets                   --> github.com/mark3748/helpdesk-go/cmd/api.(*App).mountAPI.ListAssets.func109 (6 handlers)
[GIN-debug] POST   /assets                   --> github.com/mark3748/helpdesk-go/cmd/api.(*App).mountAPI.CreateAsset.func111 (7 handlers)
[GIN-debug] GET    /assets/:id               --> github.com/mark3748/helpdesk-go/cmd/api.(*App).mountAPI.GetAsset.func112 (6 handlers)
[GIN-debug] PATCH  /assets/:id               --> github.com/mark3748/helpdesk-go/cmd/api.(*App).mountAPI.UpdateAsset.func114 (7 handlers)
[GIN-debug] DELETE /assets/:id               --> github.com/mark3748/helpdesk-go/cmd/api.(*App).mountAPI.DeleteAsset.func116 (7 handlers)
[GIN-debug] POST   /assets/:id/assign        --> github.com/mark3748/helpdesk-go/cmd/api.(*App).mountAPI.AssignAsset.func118 (7 handlers)
[GIN-debug] GET    /assets/:id/history       --> github.com/mark3748/helpdesk-go/cmd/api.(*App).mountAPI.GetAssetHistory.func119 (6 handlers)
[GIN-debug] GET    /assets/:id/assignments   --> github.com/mark3748/helpdesk-go/cmd/api.(*App).mountAPI.GetAssetAssignments.func120 (6 handlers)
[GIN-debug] GET    /assets/:id/attachments   --> github.com/mark3748/helpdesk-go/cmd/api.(*App).mountAPI.ListAttachments.func121 (6 handlers)
[GIN-debug] POST   /assets/:id/attachments/presign --> github.com/mark3748/helpdesk-go/cmd/api.(*App).mountAPI.PresignAssetUpload.func123 (7 handlers)
[GIN-debug] POST   /assets/:id/attachments   --> github.com/mark3748/helpdesk-go/cmd/api.(*App).mountAPI.FinalizeAssetAttachment.func125 (7 handlers)
[GIN-debug] GET    /assets/:id/attachments/:attachmentID --> github.com/mark3748/helpdesk-go/cmd/api.(*App).mountAPI.GetAssetAttachment.func126 (6 handlers)
[GIN-debug] DELETE /assets/:id/attachments/:attachmentID --> github.com/mark3748/helpdesk-go/cmd/api.(*App).mountAPI.DeleteAssetAttachment.func128 (7 handlers)
[GIN-debug] PUT    /assets/attachments/upload/:objectKey --> github.com/mark3748/helpdesk-go/cmd/api.(*App).mountAPI.UploadAssetObject.func129 (6 handlers)
[GIN-debug] POST   /assets/:id/status-change --> github.com/mark3748/helpdesk-go/cmd/api.(*App).mountAPI.RequestStatusChange.func131 (7 handlers)
[GIN-debug] POST   /workflows/:id/approve    --> github.com/mark3748/helpdesk-go/cmd/api.(*App).mountAPI.ApproveWorkflow.func133 (7 handlers)
[GIN-debug] POST   /workflows/:id/reject     --> github.com/mark3748/helpdesk-go/cmd/api.(*App).mountAPI.RejectWorkflow.func135 (7 handlers)
[GIN-debug] POST   /assets/:id/checkout      --> github.com/mark3748/helpdesk-go/cmd/api.(*App).mountAPI.CheckoutAsset.func137 (7 handlers)
[GIN-debug] POST   /assets/checkin           --> github.com/mark3748/helpdesk-go/cmd/api.(*App).mountAPI.CheckinAsset.func139 (7 handlers)
[GIN-debug] GET    /assets/checkouts/active  --> github.com/mark3748/helpdesk-go/cmd/api.(*App).mountAPI.GetActiveCheckouts.func140 (6 handlers)
[GIN-debug] GET    /assets/checkouts/overdue --> github.com/mark3748/helpdesk-go/cmd/api.(*App).mountAPI.GetOverdueCheckouts.func141 (6 handlers)
[GIN-debug] POST   /assets/:id/relationships --> github.com/mark3748/helpdesk-go/cmd/api.(*App).mountAPI.CreateRelationship.func143 (7 handlers)
[GIN-debug] GET    /assets/:id/relationships/graph --> github.com/mark3748/helpdesk-go/cmd/api.(*App).mountAPI.GetRelationshipGraph.func144 (6 handlers)
[GIN-debug] GET    /assets/:id/impact-analysis --> github.com/mark3748/helpdesk-go/cmd/api.(*App).mountAPI.GetAssetImpactAnalysis.func145 (6 handlers)
[GIN-debug] POST   /assets/bulk/update       --> github.com/mark3748/helpdesk-go/cmd/api.(*App).mountAPI.BulkUpdateAssets.func147 (7 handlers)
[GIN-debug] POST   /assets/bulk/assign       --> github.com/mark3748/helpdesk-go/cmd/api.(*App).mountAPI.BulkAssignAssets.func149 (7 handlers)
[GIN-debug] GET    /assets/bulk/operations/:id --> github.com/mark3748/helpdesk-go/cmd/api.(*App).mountAPI.GetBulkOperation.func150 (6 handlers)
[GIN-debug] POST   /assets/import/preview    --> github.com/mark3748/helpdesk-go/cmd/api.(*App).mountAPI.ImportAssetsPreview.func152 (7 handlers)
[GIN-debug] POST   /assets/import            --> github.com/mark3748/helpdesk-go/cmd/api.(*App).mountAPI.ImportAssets.func154 (7 handlers)
[GIN-debug] POST   /assets/export            --> github.com/mark3748/helpdesk-go/cmd/api.(*App).mountAPI.ExportAssets.func156 (7 handlers)
[GIN-debug] GET    /assets/:id/audit         --> github.com/mark3748/helpdesk-go/cmd/api.(*App).mountAPI.GetAuditHistory.func157 (6 handlers)
[GIN-debug] GET    /assets/audit/summary     --> github.com/mark3748/helpdesk-go/cmd/api.(*App).mountAPI.GetAuditSummary.func159 (7 handlers)
[GIN-debug] GET    /assets/analytics         --> github.com/mark3748/helpdesk-go/cmd/api.(*App).mountAPI.GetAssetAnalytics.func161 (7 handlers)
[GIN-debug] GET    /problems                 --> github.com/mark3748/helpdesk-go/cmd/api.(*App).mountAPI.List.func162 (6 handlers)
[GIN-debug] POST   /problems                 --> github.com/mark3748/helpdesk-go/cmd/api.(*App).mountAPI.Create.func163 (6 handlers)
[GIN-debug] GET    /problems/:id             --> github.com/mark3748/helpdesk-go/cmd/api.(*App).mountAPI.Get.func164 (6 handlers)
[GIN-debug] PUT    /problems/:id             --> github.com/mark3748/helpdesk-go/cmd/api.(*App).mountAPI.Update.func165 (6 handlers)
[GIN-debug] DELETE /problems/:id             --> github.com/mark3748/helpdesk-go/cmd/api.(*App).mountAPI.Delete.func166 (6 handlers)
[GIN-debug] GET    /changes                  --> github.com/mark3748/helpdesk-go/cmd/api.(*App).mountAPI.List.func167 (6 handlers)
[GIN-debug] POST   /changes                  --> github.com/mark3748/helpdesk-go/cmd/api.(*App).mountAPI.Create.func168 (6 handlers)
[GIN-debug] GET    /changes/:id              --> github.com/mark3748/helpdesk-go/cmd/api.(*App).mountAPI.Get.func169 (6 handlers)
[GIN-debug] PUT    /changes/:id              --> github.com/mark3748/helpdesk-go/cmd/api.(*App).mountAPI.Update.func170 (6 handlers)
[GIN-debug] DELETE /changes/:id              --> github.com/mark3748/helpdesk-go/cmd/api.(*App).mountAPI.Delete.func171 (6 handlers)
[GIN-debug] GET    /releases                 --> github.com/mark3748/helpdesk-go/cmd/api.(*App).mountAPI.List.func172 (6 handlers)
[GIN-debug] POST   /releases                 --> github.com/mark3748/helpdesk-go/cmd/api.(*App).mountAPI.Create.func173 (6 handlers)
[GIN-debug] GET    /releases/:id             --> github.com/mark3748/helpdesk-go/cmd/api.(*App).mountAPI.Get.func174 (6 handlers)
[GIN-debug] PUT    /releases/:id             --> github.com/mark3748/helpdesk-go/cmd/api.(*App).mountAPI.Update.func175 (6 handlers)
[GIN-debug] DELETE /releases/:id             --> github.com/mark3748/helpdesk-go/cmd/api.(*App).mountAPI.Delete.func176 (6 handlers)
[GIN-debug] GET    /api/livez                --> github.com/mark3748/helpdesk-go/cmd/api.(*App).mountAPI.func1 (5 handlers)
[GIN-debug] GET    /api/readyz               --> github.com/mark3748/helpdesk-go/cmd/api.(*App).readyz-fm (5 handlers)
[GIN-debug] GET    /api/healthz              --> github.com/mark3748/helpdesk-go/cmd/api.(*App).mountAPI.func2 (5 handlers)
[GIN-debug] GET    /api/csat/:token          --> github.com/mark3748/helpdesk-go/cmd/api.(*App).csatForm-fm (5 handlers)
[GIN-debug] POST   /api/csat/:token          --> github.com/mark3748/helpdesk-go/cmd/api.(*App).submitCSAT-fm (5 handlers)
[GIN-debug] GET    /api/metrics              --> github.com/mark3748/helpdesk-go/cmd/api.(*App).mountAPI.WrapH.func9 (5 handlers)
[GIN-debug] GET    /api/swagger/*filepath    --> github.com/gin-gonic/gin.(*RouterGroup).createStaticHandler.func1 (5 handlers)
[GIN-debug] HEAD   /api/swagger/*filepath    --> github.com/gin-gonic/gin.(*RouterGroup).createStaticHandler.func1 (5 handlers)
[GIN-debug] GET    /api/docs                 --> github.com/mark3748/helpdesk-go/cmd/api.(*App).docsUI-fm (5 handlers)
[GIN-debug] GET    /api/openapi.yaml         --> github.com/mark3748/helpdesk-go/cmd/api.(*App).openapiSpec-fm (5 handlers)
[GIN-debug] POST   /api/webhooks/email-inbound --> github.com/mark3748/helpdesk-go/cmd/api.(*App).mountAPI.EmailInbound.func18 (5 handlers)
[GIN-debug] GET    /api/me                   --> github.com/mark3748/helpdesk-go/cmd/api/auth.Me (6 handlers)
[GIN-debug] GET    /api/me/profile           --> github.com/mark3748/helpdesk-go/cmd/api.(*App).getMyProfile-fm (6 handlers)
[GIN-debug] PATCH  /api/me/profile           --> github.com/mark3748/helpdesk-go/cmd/api.(*App).updateMyProfile-fm (6 handlers)
[GIN-debug] POST   /api/me/password          --> github.com/mark3748/helpdesk-go/cmd/api.(*App).changeMyPassword-fm (6 handlers)
[GIN-debug] GET    /api/events               --> github.com/mark3748/helpdesk-go/cmd/api.(*App).mountAPI.Events.func20 (6 handlers)
[GIN-debug] GET    /api/settings             --> github.com/mark3748/helpdesk-go/cmd/api/handlers.GetSettings (7 handlers)
[GIN-debug] GET    /api/features             --> github.com/mark3748/helpdesk-go/cmd/api.(*App).mountAPI.Features.func22 (6 handlers)
[GIN-debug] POST   /api/test-connection      --> github.com/mark3748/helpdesk-go/cmd/api/handlers.TestConnection (7 handlers)
[GIN-debug] POST   /api/settings/storage     --> github.com/mark3748/helpdesk-go/cmd/api/handlers.SaveStorageSettings (7 handlers)
[GIN-debug] POST   /api/settings/oidc        --> github.com/mark3748/helpdesk-go/cmd/api/handlers.SaveOIDCSettings (7 handlers)
[GIN-debug] POST   /api/settings/mail        --> github.com/mark3748/helpdesk-go/cmd/api/handlers.SaveMailSettings (7 handlers)
[GIN-debug] POST   /api/settings/mail/send-test --> github.com/mark3748/helpdesk-go/cmd/api/handlers.SendTestMail (7 handlers)
[GIN-debug] GET    /api/users/:id/roles      --> github.com/mark3748/helpdesk-go/cmd/api.(*App).mountAPI.ListUserRoles.func29 (7 handlers)
[GIN-debug] POST   /api/users/:id/roles      --> github.com/mark3748/helpdesk-go/cmd/api.(*App).mountAPI.AddUserRole.func31 (7 handlers)
[GIN-debug] DELETE /api/users/:id/roles/:role --> github.com/mark3748/helpdesk-go/cmd/api.(*App).mountAPI.RemoveUserRole.func33 (7 handlers)
[GIN-debug] GET    /api/users                --> github.com/mark3748/helpdesk-go/cmd/api.(*App).mountAPI.List.func35 (7 handlers)
[GIN-debug] GET    /api/users/:id            --> github.com/mark3748/helpdesk-go/cmd/api.(*App).mountAPI.Get.func37 (7 handlers)
[GIN-debug] POST   /api/users                --> github.com/mark3748/helpdesk-go/cmd/api.(*App).mountAPI.CreateLocal.func39 (7 handlers)
[GIN-debug] GET    /api/roles                --> github.com/mark3748/helpdesk-go/cmd/api.(*App).mountAPI.List.func41 (7 handlers)
[GIN-debug] GET    /api/requesters           --> github.com/mark3748/helpdesk-go/cmd/api.(*App).mountAPI.Search.func42 (6 handlers)
[GIN-debug] GET    /api/requesters/:id       --> github.com/mark3748/helpdesk-go/cmd/api.(*App).getRequester-fm (6 handlers)
[GIN-debug] POST   /api/requesters           --> github.com/mark3748/helpdesk-go/cmd/api.(*App).createRequester-fm (7 handlers)
[GIN-debug] PATCH  /api/requesters/:id       --> github.com/mark3748/helpdesk-go/cmd/api.(*App).updateRequester-fm (7 handlers)
[GIN-debug] GET    /api/teams                --> github.com/mark3748/helpdesk-go/cmd/api.(*App).mountAPI.List.func45 (6 handlers)
[GIN-debug] GET    /api/slas                 --> github.com/mark3748/helpdesk-go/cmd/api.(*App).mountAPI.List.func46 (6 handlers)
[GIN-debug] GET    /api/kb                   --> github.com/mark3748/helpdesk-go/cmd/api.(*App).mountAPI.Search.func47 (6 handlers)
[GIN-debug] GET    /api/kb/:slug             --> github.com/mark3748/helpdesk-go/cmd/api.(*App).mountAPI.Get.func48 (6 handlers)
[GIN-debug] POST   /api/kb                   --> github.com/mark3748/helpdesk-go/cmd/api.(*App).mountAPI.Create.func50 (7 handlers)
[GIN-debug] PUT    /api/kb/:slug             --> github.com/mark3748/helpdesk-go/cmd/api.(*App).mountAPI.Update.func52 (7 handlers)
[GIN-debug] DELETE /api/kb/:slug             --> github.com/mark3748/helpdesk-go/cmd/api.(*App).mountAPI.Delete.func54 (7 handlers)
[GIN-debug] GET    /api/tickets              --> github.com/mark3748/helpdesk-go/cmd/api.(*App).mountAPI.List.func55 (6 handlers)
[GIN-debug] POST   /api/tickets              --> github.com/mark3748/helpdesk-go/cmd/api.(*App).mountAPI.Create.func59 (6 handlers)
[GIN-debug] GET    /api/tickets/:id          --> github.com/mark3748/helpdesk-go/cmd/api.(*App).mountAPI.Get.func60 (6 handlers)
[GIN-debug] PATCH  /api/tickets/:id          --> github.com/mark3748/helpdesk-go/cmd/api.(*App).mountAPI.Update.func62 (7 handlers)
[GIN-debug] GET    /api/tickets/:id/comments --> github.com/mark3748/helpdesk-go/cmd/api.(*App).mountAPI.List.func63 (6 handlers)
[GIN-debug] POST   /api/tickets/:id/comments --> github.com/mark3748/helpdesk-go/cmd/api.(*App).mountAPI.Add.func64 (6 handlers)
[GIN-debug] GET    /api/tickets/:id/attachments --> github.com/mark3748/helpdesk-go/cmd/api.(*App).mountAPI.List.func65 (6 handlers)
[GIN-debug] POST   /api/tickets/:id/attachments/presign --> github.com/mark3748/helpdesk-go/cmd/api.(*App).mountAPI.Presign.func75 (6 handlers)
[GIN-debug] POST   /api/tickets/:id/attachments --> github.com/mark3748/helpdesk-go/cmd/api.(*App).mountAPI.Finalize.func76 (6 handlers)
[GIN-debug] GET    /api/tickets/:id/attachments/:attID --> github.com/mark3748/helpdesk-go/cmd/api.(*App).mountAPI.Get.func77 (6 handlers)
[GIN-debug] PUT    /api/attachments/upload/:objectKey --> github.com/mark3748/helpdesk-go/cmd/api.(*App).mountAPI.UploadObject.func78 (6 handlers)
[GIN-debug] DELETE /api/tickets/:id/attachments/:attID --> github.com/mark3748/helpdesk-go/cmd/api.(*App).mountAPI.Delete.func79 (6 handlers)
[GIN-debug] GET    /api/tickets/:id/watchers --> github.com/mark3748/helpdesk-go/cmd/api.(*App).mountAPI.List.func80 (6 handlers)
[GIN-debug] POST   /api/tickets/:id/watchers --> github.com/mark3748/helpdesk-go/cmd/api.(*App).mountAPI.Add.func81 (6 handlers)
[GIN-debug] DELETE /api/tickets/:id/watchers/:uid --> github.com/mark3748/helpdesk-go/cmd/api.(*App).mountAPI.Remove.func82 (6 handlers)
[GIN-debug] GET    /api/emails/outbound      --> github.com/mark3748/helpdesk-go/cmd/api.(*App).mountAPI.ListOutbound.func84 (7 handlers)
[GIN-debug] GET    /api/metrics/sla          --> github.com/mark3748/helpdesk-go/cmd/api.(*App).mountAPI.SLA.func86 (7 handlers)
[GIN-debug] GET    /api/metrics/resolution   --> github.com/mark3748/helpdesk-go/cmd/api.(*App).mountAPI.Resolution.func88 (7 handlers)
[GIN-debug] GET    /api/metrics/tickets      --> github.com/mark3748/helpdesk-go/cmd/api.(*App).mountAPI.TicketVolume.func90 (7 handlers)
[GIN-debug] GET    /api/metrics/dashboard    --> github.com/mark3748/helpdesk-go/cmd/api.(*App).mountAPI.Dashboard.func92 (7 handlers)
[GIN-debug] GET    /api/metrics/agent        --> github.com/mark3748/helpdesk-go/cmd/api.(*App).mountAPI.Agent.func94 (7 handlers)
[GIN-debug] GET    /api/metrics/manager      --> github.com/mark3748/helpdesk-go/cmd/api.(*App).mountAPI.Manager.func96 (7 handlers)
[GIN-debug] POST   /api/exports/tickets      --> github.com/mark3748/helpdesk-go/cmd/api.(*App).exportTicketsBridge-fm (7 handlers)
[GIN-debug] GET    /api/exports/tickets/:job_id --> github.com/mark3748/helpdesk-go/cmd/api.(*App).exportTicketsStatus-fm (7 handlers)
[GIN-debug] GET    /api/webhooks             --> github.com/mark3748/helpdesk-go/cmd/api.(*App).mountAPI.List.func100 (7 handlers)
[GIN-debug] POST   /api/webhooks             --> github.com/mark3748/helpdesk-go/cmd/api.(*App).mountAPI.Create.func102 (7 handlers)
[GIN-debug] DELETE /api/webhooks/:id         --> github.com/mark3748/helpdesk-go/cmd/api.(*App).mountAPI.Delete.func104 (7 handlers)
[GIN-debug] GET    /api/asset-categories     --> github.com/mark3748/helpdesk-go/cmd/api.(*App).mountAPI.ListCategories.func105 (6 handlers)
[GIN-debug] POST   /api/asset-categories     --> github.com/mark3748/helpdesk-go/cmd/api.(*App).mountAPI.CreateCategory.func107 (7 handlers)
[GIN-debug] GET    /api/asset-categories/:id --> github.com/mark3748/helpdesk-go/cmd/api.(*App).mountAPI.GetCategory.func108 (6 handlers)
[GIN-debug] GET    /api/assets               --> github.com/mark3748/helpdesk-go/cmd/api.(*App).mountAPI.ListAssets.func109 (6 handlers)
[GIN-debug] POST   /api/assets               --> github.com/mark3748/helpdesk-go/cmd/api.(*App).mountAPI.CreateAsset.func111 (7 handlers)
[GIN-debug] GET    /api/assets/:id           --> github.com/mark3748/helpdesk-go/cmd/api.(*App).mountAPI.GetAsset.func112 (6 handlers)
[GIN-debug] PATCH  /api/assets/:id           --> github.com/mark3748/helpdesk-go/cmd/api.(*App).mountAPI.UpdateAsset.func114 (7 handlers)
[GIN-debug] DELETE /api/assets/:id           --> github.com/mark3748/helpdesk-go/cmd/api.(*App).mountAPI.DeleteAsset.func116 (7 handlers)
[GIN-debug] POST   /api/assets/:id/assign    --> github.com/mark3748/helpdesk-go/cmd/api.(*App).mountAPI.AssignAsset.func118 (7 handlers)
[GIN-debug] GET    /api/assets/:id/history   --> github.com/mark3748/helpdesk-go/cmd/api.(*App).mountAPI.GetAssetHistory.func119 (6 handlers)
[GIN-debug] GET    /api/assets/:id/assignments --> github.com/mark3748/helpdesk-go/cmd/api.(*App).mountAPI.GetAssetAssignments.func120 (6 handlers)
[GIN-debug] GET    /api/assets/:id/attachments --> github.com/mark3748/helpdesk-go/cmd/api.(*App).mountAPI.ListAttachments.func121 (6 handlers)
[GIN-debug] POST   /api/assets/:id/attachments/presign --> github.com/mark3748/helpdesk-go/cmd/api.(*App).mountAPI.PresignAssetUpload.func123 (7 handlers)
[GIN-debug] POST   /api/assets/:id/attachments --> github.com/mark3748/helpdesk-go/cmd/api.(*App).mountAPI.FinalizeAssetAttachment.func125 (7 handlers)
[GIN-debug] GET    /api/assets/:id/attachments/:attachmentID --> github.com/mark3748/helpdesk-go/cmd/api.(*App).mountAPI.GetAssetAttachment.func126 (6 handlers)
[GIN-debug] DELETE /api/assets/:id/attachments/:attachmentID --> github.com/mark3748/helpdesk-go/cmd/api.(*App).mountAPI.DeleteAssetAttachment.func128 (7 handlers)
[GIN-debug] PUT    /api/assets/attachments/upload/:objectKey --> github.com/mark3748/helpdesk-go/cmd/api.(*App).mountAPI.UploadAssetObject.func129 (6 handlers)
[GIN-debug] POST   /api/assets/:id/status-change --> github.com/mark3748/helpdesk-go/cmd/api.(*App).mountAPI.RequestStatusChange.func131 (7 handlers)
[GIN-debug] POST   /api/workflows/:id/approve --> github.com/mark3748/helpdesk-go/cmd/api.(*App).mountAPI.ApproveWorkflow.func133 (7 handlers)
[GIN-debug] POST   /api/workflows/:id/reject --> github.com/mark3748/helpdesk-go/cmd/api.(*App).mountAPI.RejectWorkflow.func135 (7 handlers)
[GIN-debug] POST   /api/assets/:id/checkout  --> github.com/mark3748/helpdesk-go/cmd/api.(*App).mountAPI.CheckoutAsset.func137 (7 handlers)
[GIN-debug] POST   /api/assets/checkin       --> github.com/mark3748/helpdesk-go/cmd/api.(*App).mountAPI.CheckinAsset.func139 (7 handlers)
[GIN-debug] GET    /api/assets/checkouts/active --> github.com/mark3748/helpdesk-go/cmd/api.(*App).mountAPI.GetActiveCheckouts.func140 (6 handlers)
[GIN-debug] GET    /api/assets/checkouts/overdue --> github.com/mark3748/helpdesk-go/cmd/api.(*App).mountAPI.GetOverdueCheckouts.func141 (6 handlers)
[GIN-debug] POST   /api/assets/:id/relationships --> github.com/mark3748/helpdesk-go/cmd/api.(*App).mountAPI.CreateRelationship.func143 (7 handlers)
[GIN-debug] GET    /api/assets/:id/relationships/graph --> github.com/mark3748/helpdesk-go/cmd/api.(*App).mountAPI.GetRelationshipGraph.func144 (6 handlers)
[GIN-debug] GET    /api/assets/:id/impact-analysis --> github.com/mark3748/helpdesk-go/cmd/api.(*App).mountAPI.GetAssetImpactAnalysis.func145 (6 handlers)
[GIN-debug] POST   /api/assets/bulk/update   --> github.com/mark3748/helpdesk-go/cmd/api.(*App).mountAPI.BulkUpdateAssets.func147 (7 handlers)
[GIN-debug] POST   /api/assets/bulk/assign   --> github.com/mark3748/helpdesk-go/cmd/api.(*App).mountAPI.BulkAssignAssets.func149 (7 handlers)
[GIN-debug] GET    /api/assets/bulk/operations/:id --> github.com/mark3748/helpdesk-go/cmd/api.(*App).mountAPI.GetBulkOperation.func150 (6 handlers)
[GIN-debug] POST   /api/assets/import/preview --> github.com/mark3748/helpdesk-go/cmd/api.(*App).mountAPI.ImportAssetsPreview.func152 (7 handlers)
[GIN-debug] POST   /api/assets/import        --> github.com/mark3748/helpdesk-go/cmd/api.(*App).mountAPI.ImportAssets.func154 (7 handlers)
[GIN-debug] POST   /api/assets/export        --> github.com/mark3748/helpdesk-go/cmd/api.(*App).mountAPI.ExportAssets.func156 (7 handlers)
[GIN-debug] GET    /api/assets/:id/audit     --> github.com/mark3748/helpdesk-go/cmd/api.(*App).mountAPI.GetAuditHistory.func157 (6 handlers)
[GIN-debug] GET    /api/assets/audit/summary --> github.com/mark3748/helpdesk-go/cmd/api.(*App).mountAPI.GetAuditSummary.func159 (7 handlers)
[GIN-debug] GET    /api/assets/analytics     --> github.com/mark3748/helpdesk-go/cmd/api.(*App).mountAPI.GetAssetAnalytics.func161 (7 handlers)
[GIN-debug] GET    /api/problems             --> github.com/mark3748/helpdesk-go/cmd/api.(*App).mountAPI.List.func162 (6 handlers)
[GIN-debug] POST   /api/problems             --> github.com/mark3748/helpdesk-go/cmd/api.(*App).mountAPI.Create.func163 (6 handlers)
[GIN-debug] GET    /api/problems/:id         --> github.com/mark3748/helpdesk-go/cmd/api.(*App).mountAPI.Get.func164 (6 handlers)
[GIN-debug] PUT    /api/problems/:id         --> github.com/mark3748/helpdesk-go/cmd/api.(*App).mountAPI.Update.func165 (6 handlers)
[GIN-debug] DELETE /api/problems/:id         --> github.com/mark3748/helpdesk-go/cmd/api.(*App).mountAPI.Delete.func166 (6 handlers)
[GIN-debug] GET    /api/changes              --> github.com/mark3748/helpdesk-go/cmd/api.(*App).mountAPI.List.func167 (6 handlers)
[GIN-debug] POST   /api/changes              --> github.com/mark3748/helpdesk-go/cmd/api.(*App).mountAPI.Create.func168 (6 handlers)
[GIN-debug] GET    /api/changes/:id          --> github.com/mark3748/helpdesk-go/cmd/api.(*App).mountAPI.Get.func169 (6 handlers)
[GIN-debug] PUT    /api/changes/:id          --> github.com/mark3748/helpdesk-go/cmd/api.(*App).mountAPI.Update.func170 (6 handlers)
[GIN-debug] DELETE /api/changes/:id          --> github.com/mark3748/helpdesk-go/cmd/api.(*App).mountAPI.Delete.func171 (6 handlers)
[GIN-debug] GET    /api/releases             --> github.com/mark3748/helpdesk-go/cmd/api.(*App).mountAPI.List.func172 (6 handlers)
[GIN-debug] POST   /api/releases             --> github.com/mark3748/helpdesk-go/cmd/api.(*App).mountAPI.Create.func173 (6 handlers)
[GIN-debug] GET    /api/releases/:id         --> github.com/mark3748/helpdesk-go/cmd/api.(*App).mountAPI.Get.func174 (6 handlers)
[GIN-debug] PUT    /api/releases/:id         --> github.com/mark3748/helpdesk-go/cmd/api.(*App).mountAPI.Update.func175 (6 handlers)
[GIN-debug] DELETE /api/releases/:id         --> github.com/mark3748/helpdesk-go/cmd/api.(*App).mountAPI.Delete.func176 (6 handlers)
{"level":"info","request_id":"40489598-b969-479e-853a-ca0d60d26428","method":"GET","path":"/readyz","status":500,"duration":0.014704,"time":"2025-12-20T00:53:51-07:00","message":"request"}
[GIN-debug] [WARNING] Running in "debug" mode. Switch to "release" mode in production.
 - using env:	export GIN_MODE=release
 - using code:	gin.SetMode(gin.ReleaseMode)

[GIN-debug] [WARNING] Running in "debug" mode. Switch to "release" mode in production.
 - using env:	export GIN_MODE=release
 - using code:	gin.SetMode(gin.ReleaseMode)

[GIN-debug] GET    /livez                    --> github.com/mark3748/helpdesk-go/cmd/api.(*App).mountAPI.func1 (5 handlers)
[GIN-debug] GET    /readyz                   --> github.com/mark3748/helpdesk-go/cmd/api.(*App).readyz-fm (5 handlers)
[GIN-debug] GET    /healthz                  --> github.com/mark3748/helpdesk-go/cmd/api.(*App).mountAPI.func2 (5 handlers)
[GIN-debug] GET    /csat/:token              --> github.com/mark3748/helpdesk-go/cmd/api.(*App).csatForm-fm (5 handlers)
[GIN-debug] POST   /csat/:token              --> github.com/mark3748/helpdesk-go/cmd/api.(*App).submitCSAT-fm (5 handlers)
[GIN-debug] GET    /metrics                  --> github.com/mark3748/helpdesk-go/cmd/api.(*App).mountAPI.WrapH.func9 (5 handlers)
[GIN-debug] GET    /swagger/*filepath        --> github.com/gin-gonic/gin.(*RouterGroup).createStaticHandler.func1 (5 handlers)
[GIN-debug] HEAD   /swagger/*filepath        --> github.com/gin-gonic/gin.(*RouterGroup).createStaticHandler.func1 (5 handlers)
[GIN-debug] GET    /docs                     --> github.com/mark3748/helpdesk-go/cmd/api.(*App).docsUI-fm (5 handlers)
[GIN-debug] GET    /openapi.yaml             --> github.com/mark3748/helpdesk-go/cmd/api.(*App).openapiSpec-fm (5 handlers)
[GIN-debug] POST   /webhooks/email-inbound   --> github.com/mark3748/helpdesk-go/cmd/api.(*App).mountAPI.EmailInbound.func18 (5 handlers)
[GIN-debug] GET    /me                       --> github.com/mark3748/helpdesk-go/cmd/api/auth.Me (6 handlers)
[GIN-debug] GET    /me/profile               --> github.com/mark3748/helpdesk-go/cmd/api.(*App).getMyProfile-fm (6 handlers)
[GIN-debug] PATCH  /me/profile               --> github.com/mark3748/helpdesk-go/cmd/api.(*App).updateMyProfile-fm (6 handlers)
[GIN-debug] POST   /me/password              --> github.com/mark3748/helpdesk-go/cmd/api.(*App).changeMyPassword-fm (6 handlers)
[GIN-debug] GET    /events                   --> github.com/mark3748/helpdesk-go/cmd/api.(*App).mountAPI.Events.func20 (6 handlers)
[GIN-debug] GET    /settings                 --> github.com/mark3748/helpdesk-go/cmd/api/handlers.GetSettings (7 handlers)
[GIN-debug] GET    /features                 --> github.com/mark3748/helpdesk-go/cmd/api.(*App).mountAPI.Features.func22 (6 handlers)
[GIN-debug] POST   /test-connection          --> github.com/mark3748/helpdesk-go/cmd/api/handlers.TestConnection (7 handlers)
[GIN-debug] POST   /settings/storage         --> github.com/mark3748/helpdesk-go/cmd/api/handlers.SaveStorageSettings (7 handlers)
[GIN-debug] POST   /settings/oidc            --> github.com/mark3748/helpdesk-go/cmd/api/handlers.SaveOIDCSettings (7 handlers)
[GIN-debug] POST   /settings/mail            --> github.com/mark3748/helpdesk-go/cmd/api/handlers.SaveMailSettings (7 handlers)
[GIN-debug] POST   /settings/mail/send-test  --> github.com/mark3748/helpdesk-go/cmd/api/handlers.SendTestMail (7 handlers)
[GIN-debug] GET    /users/:id/roles          --> github.com/mark3748/helpdesk-go/cmd/api.(*App).mountAPI.ListUserRoles.func29 (7 handlers)
[GIN-debug] POST   /users/:id/roles          --> github.com/mark3748/helpdesk-go/cmd/api.(*App).mountAPI.AddUserRole.func31 (7 handlers)
[GIN-debug] DELETE /users/:id/roles/:role    --> github.com/mark3748/helpdesk-go/cmd/api.(*App).mountAPI.RemoveUserRole.func33 (7 handlers)
[GIN-debug] GET    /users                    --> github.com/mark3748/helpdesk-go/cmd/api.(*App).mountAPI.List.func35 (7 handlers)
[GIN-debug] GET    /users/:id                --> github.com/mark3748/helpdesk-go/cmd/api.(*App).mountAPI.Get.func37 (7 handlers)
[GIN-debug] POST   /users                    --> github.com/mark3748/helpdesk-go/cmd/api.(*App).mountAPI.CreateLocal.func39 (7 handlers)
[GIN-debug] GET    /roles                    --> github.com/mark3748/helpdesk-go/cmd/api.(*App).mountAPI.List.func41 (7 handlers)
[GIN-debug] GET    /requesters               --> github.com/mark3748/helpdesk-go/cmd/api.(*App).mountAPI.Search.func42 (6 handlers)
[GIN-debug] GET    /requesters/:id           --> github.com/mark3748/helpdesk-go/cmd/api.(*App).getRequester-fm (6 handlers)
[GIN-debug] POST   /requesters               --> github.com/mark3748/helpdesk-go/cmd/api.(*App).createRequester-fm (7 handlers)
[GIN-debug] PATCH  /requesters/:id           --> github.com/mark3748/helpdesk-go/cmd/api.(*App).updateRequester-fm (7 handlers)
[GIN-debug] GET    /teams                    --> github.com/mark3748/helpdesk-go/cmd/api.(*App).mountAPI.List.func45 (6 handlers)
[GIN-debug] GET    /slas                     --> github.com/mark3748/helpdesk-go/cmd/api.(*App).mountAPI.List.func46 (6 handlers)
[GIN-debug] GET    /kb                       --> github.com/mark3748/helpdesk-go/cmd/api.(*App).mountAPI.Search.func47 (6 handlers)
[GIN-debug] GET    /kb/:slug                 --> github.com/mark3748/helpdesk-go/cmd/api.(*App).mountAPI.Get.func48 (6 handlers)
[GIN-debug] POST   /kb                       --> github.com/mark3748/helpdesk-go/cmd/api.(*App).mountAPI.Create.func50 (7 handlers)
[GIN-debug] PUT    /kb/:slug                 --> github.com/mark3748/helpdesk-go/cmd/api.(*App).mountAPI.Update.func52 (7 handlers)
[GIN-debug] DELETE /kb/:slug                 --> github.com/mark3748/helpdesk-go/cmd/api.(*App).mountAPI.Delete.func54 (7 handlers)
[GIN-debug] GET    /tickets                  --> github.com/mark3748/helpdesk-go/cmd/api.(*App).mountAPI.List.func55 (6 handlers)
[GIN-debug] POST   /tickets                  --> github.com/mark3748/helpdesk-go/cmd/api.(*App).mountAPI.Create.func59 (6 handlers)
[GIN-debug] GET    /tickets/:id              --> github.com/mark3748/helpdesk-go/cmd/api.(*App).mountAPI.Get.func60 (6 handlers)
[GIN-debug] PATCH  /tickets/:id              --> github.com/mark3748/helpdesk-go/cmd/api.(*App).mountAPI.Update.func62 (7 handlers)
[GIN-debug] GET    /tickets/:id/comments     --> github.com/mark3748/helpdesk-go/cmd/api.(*App).mountAPI.List.func63 (6 handlers)
[GIN-debug] POST   /tickets/:id/comments     --> github.com/mark3748/helpdesk-go/cmd/api.(*App).mountAPI.Add.func64 (6 handlers)
[GIN-debug] GET    /tickets/:id/attachments  --> github.com/mark3748/helpdesk-go/cmd/api.(*App).mountAPI.List.func65 (6 handlers)
[GIN-debug] POST   /tickets/:id/attachments/presign --> github.com/mark3748/helpdesk-go/cmd/api.(*App).mountAPI.Presign.func75 (6 handlers)
[GIN-debug] POST   /tickets/:id/attachments  --> github.com/mark3748/helpdesk-go/cmd/api.(*App).mountAPI.Finalize.func76 (6 handlers)
[GIN-debug] GET    /tickets/:id/attachments/:attID --> github.com/mark3748/helpdesk-go/cmd/api.(*App).mountAPI.Get.func77 (6 handlers)
[GIN-debug] PUT    /attachments/upload/:objectKey --> github.com/mark3748/helpdesk-go/cmd/api.(*App).mountAPI.UploadObject.func78 (6 handlers)
[GIN-debug] DELETE /tickets/:id/attachments/:attID --> github.com/mark3748/helpdesk-go/cmd/api.(*App).mountAPI.Delete.func79 (6 handlers)
[GIN-debug] GET    /tickets/:id/watchers     --> github.com/mark3748/helpdesk-go/cmd/api.(*App).mountAPI.List.func80 (6 handlers)
[GIN-debug] POST   /tickets/:id/watchers     --> github.com/mark3748/helpdesk-go/cmd/api.(*App).mountAPI.Add.func81 (6 handlers)
[GIN-debug] DELETE /tickets/:id/watchers/:uid --> github.com/mark3748/helpdesk-go/cmd/api.(*App).mountAPI.Remove.func82 (6 handlers)
[GIN-debug] GET    /emails/outbound          --> github.com/mark3748/helpdesk-go/cmd/api.(*App).mountAPI.ListOutbound.func84 (7 handlers)
[GIN-debug] GET    /metrics/sla              --> github.com/mark3748/helpdesk-go/cmd/api.(*App).mountAPI.SLA.func86 (7 handlers)
[GIN-debug] GET    /metrics/resolution       --> github.com/mark3748/helpdesk-go/cmd/api.(*App).mountAPI.Resolution.func88 (7 handlers)
[GIN-debug] GET    /metrics/tickets          --> github.com/mark3748/helpdesk-go/cmd/api.(*App).mountAPI.TicketVolume.func90 (7 handlers)
[GIN-debug] GET    /metrics/dashboard        --> github.com/mark3748/helpdesk-go/cmd/api.(*App).mountAPI.Dashboard.func92 (7 handlers)
[GIN-debug] GET    /metrics/agent            --> github.com/mark3748/helpdesk-go/cmd/api.(*App).mountAPI.Agent.func94 (7 handlers)
[GIN-debug] GET    /metrics/manager          --> github.com/mark3748/helpdesk-go/cmd/api.(*App).mountAPI.Manager.func96 (7 handlers)
[GIN-debug] POST   /exports/tickets          --> github.com/mark3748/helpdesk-go/cmd/api.(*App).exportTicketsBridge-fm (7 handlers)
[GIN-debug] GET    /exports/tickets/:job_id  --> github.com/mark3748/helpdesk-go/cmd/api.(*App).exportTicketsStatus-fm (7 handlers)
[GIN-debug] GET    /webhooks                 --> github.com/mark3748/helpdesk-go/cmd/api.(*App).mountAPI.List.func100 (7 handlers)
[GIN-debug] POST   /webhooks                 --> github.com/mark3748/helpdesk-go/cmd/api.(*App).mountAPI.Create.func102 (7 handlers)
[GIN-debug] DELETE /webhooks/:id             --> github.com/mark3748/helpdesk-go/cmd/api.(*App).mountAPI.Delete.func104 (7 handlers)
[GIN-debug] GET    /asset-categories         --> github.com/mark3748/helpdesk-go/cmd/api.(*App).mountAPI.ListCategories.func105 (6 handlers)
[GIN-debug] POST   /asset-categories         --> github.com/mark3748/helpdesk-go/cmd/api.(*App).mountAPI.CreateCategory.func107 (7 handlers)
[GIN-debug] GET    /asset-categories/:id     --> github.com/mark3748/helpdesk-go/cmd/api.(*App).mountAPI.GetCategory.func108 (6 handlers)
[GIN-debug] GET    /assets                   --> github.com/mark3748/helpdesk-go/cmd/api.(*App).mountAPI.ListAssets.func109 (6 handlers)
[GIN-debug] POST   /assets                   --> github.com/mark3748/helpdesk-go/cmd/api.(*App).mountAPI.CreateAsset.func111 (7 handlers)
[GIN-debug] GET    /assets/:id               --> github.com/mark3748/helpdesk-go/cmd/api.(*App).mountAPI.GetAsset.func112 (6 handlers)
[GIN-debug] PATCH  /assets/:id               --> github.com/mark3748/helpdesk-go/cmd/api.(*App).mountAPI.UpdateAsset.func114 (7 handlers)
[GIN-debug] DELETE /assets/:id               --> github.com/mark3748/helpdesk-go/cmd/api.(*App).mountAPI.DeleteAsset.func116 (7 handlers)
[GIN-debug] POST   /assets/:id/assign        --> github.com/mark3748/helpdesk-go/cmd/api.(*App).mountAPI.AssignAsset.func118 (7 handlers)
[GIN-debug] GET    /assets/:id/history       --> github.com/mark3748/helpdesk-go/cmd/api.(*App).mountAPI.GetAssetHistory.func119 (6 handlers)
[GIN-debug] GET    /assets/:id/assignments   --> github.com/mark3748/helpdesk-go/cmd/api.(*App).mountAPI.GetAssetAssignments.func120 (6 handlers)
[GIN-debug] GET    /assets/:id/attachments   --> github.com/mark3748/helpdesk-go/cmd/api.(*App).mountAPI.ListAttachments.func121 (6 handlers)
[GIN-debug] POST   /assets/:id/attachments/presign --> github.com/mark3748/helpdesk-go/cmd/api.(*App).mountAPI.PresignAssetUpload.func123 (7 handlers)
[GIN-debug] POST   /assets/:id/attachments   --> github.com/mark3748/helpdesk-go/cmd/api.(*App).mountAPI.FinalizeAssetAttachment.func125 (7 handlers)
[GIN-debug] GET    /assets/:id/attachments/:attachmentID --> github.com/mark3748/helpdesk-go/cmd/api.(*App).mountAPI.GetAssetAttachment.func126 (6 handlers)
[GIN-debug] DELETE /assets/:id/attachments/:attachmentID --> github.com/mark3748/helpdesk-go/cmd/api.(*App).mountAPI.DeleteAssetAttachment.func128 (7 handlers)
[GIN-debug] PUT    /assets/attachments/upload/:objectKey --> github.com/mark3748/helpdesk-go/cmd/api.(*App).mountAPI.UploadAssetObject.func129 (6 handlers)
[GIN-debug] POST   /assets/:id/status-change --> github.com/mark3748/helpdesk-go/cmd/api.(*App).mountAPI.RequestStatusChange.func131 (7 handlers)
[GIN-debug] POST   /workflows/:id/approve    --> github.com/mark3748/helpdesk-go/cmd/api.(*App).mountAPI.ApproveWorkflow.func133 (7 handlers)
[GIN-debug] POST   /workflows/:id/reject     --> github.com/mark3748/helpdesk-go/cmd/api.(*App).mountAPI.RejectWorkflow.func135 (7 handlers)
[GIN-debug] POST   /assets/:id/checkout      --> github.com/mark3748/helpdesk-go/cmd/api.(*App).mountAPI.CheckoutAsset.func137 (7 handlers)
[GIN-debug] POST   /assets/checkin           --> github.com/mark3748/helpdesk-go/cmd/api.(*App).mountAPI.CheckinAsset.func139 (7 handlers)
[GIN-debug] GET    /assets/checkouts/active  --> github.com/mark3748/helpdesk-go/cmd/api.(*App).mountAPI.GetActiveCheckouts.func140 (6 handlers)
[GIN-debug] GET    /assets/checkouts/overdue --> github.com/mark3748/helpdesk-go/cmd/api.(*App).mountAPI.GetOverdueCheckouts.func141 (6 handlers)
[GIN-debug] POST   /assets/:id/relationships --> github.com/mark3748/helpdesk-go/cmd/api.(*App).mountAPI.CreateRelationship.func143 (7 handlers)
[GIN-debug] GET    /assets/:id/relationships/graph --> github.com/mark3748/helpdesk-go/cmd/api.(*App).mountAPI.GetRelationshipGraph.func144 (6 handlers)
[GIN-debug] GET    /assets/:id/impact-analysis --> github.com/mark3748/helpdesk-go/cmd/api.(*App).mountAPI.GetAssetImpactAnalysis.func145 (6 handlers)
[GIN-debug] POST   /assets/bulk/update       --> github.com/mark3748/helpdesk-go/cmd/api.(*App).mountAPI.BulkUpdateAssets.func147 (7 handlers)
[GIN-debug] POST   /assets/bulk/assign       --> github.com/mark3748/helpdesk-go/cmd/api.(*App).mountAPI.BulkAssignAssets.func149 (7 handlers)
[GIN-debug] GET    /assets/bulk/operations/:id --> github.com/mark3748/helpdesk-go/cmd/api.(*App).mountAPI.GetBulkOperation.func150 (6 handlers)
[GIN-debug] POST   /assets/import/preview    --> github.com/mark3748/helpdesk-go/cmd/api.(*App).mountAPI.ImportAssetsPreview.func152 (7 handlers)
[GIN-debug] POST   /assets/import            --> github.com/mark3748/helpdesk-go/cmd/api.(*App).mountAPI.ImportAssets.func154 (7 handlers)
[GIN-debug] POST   /assets/export            --> github.com/mark3748/helpdesk-go/cmd/api.(*App).mountAPI.ExportAssets.func156 (7 handlers)
[GIN-debug] GET    /assets/:id/audit         --> github.com/mark3748/helpdesk-go/cmd/api.(*App).mountAPI.GetAuditHistory.func157 (6 handlers)
[GIN-debug] GET    /assets/audit/summary     --> github.com/mark3748/helpdesk-go/cmd/api.(*App).mountAPI.GetAuditSummary.func159 (7 handlers)
[GIN-debug] GET    /assets/analytics         --> github.com/mark3748/helpdesk-go/cmd/api.(*App).mountAPI.GetAssetAnalytics.func161 (7 handlers)
[GIN-debug] GET    /problems                 --> github.com/mark3748/helpdesk-go/cmd/api.(*App).mountAPI.List.func162 (6 handlers)
[GIN-debug] POST   /problems                 --> github.com/mark3748/helpdesk-go/cmd/api.(*App).mountAPI.Create.func163 (6 handlers)
[GIN-debug] GET    /problems/:id             --> github.com/mark3748/helpdesk-go/cmd/api.(*App).mountAPI.Get.func164 (6 handlers)
[GIN-debug] PUT    /problems/:id             --> github.com/mark3748/helpdesk-go/cmd/api.(*App).mountAPI.Update.func165 (6 handlers)
[GIN-debug] DELETE /problems/:id             --> github.com/mark3748/helpdesk-go/cmd/api.(*App).mountAPI.Delete.func166 (6 handlers)
[GIN-debug] GET    /changes                  --> github.com/mark3748/helpdesk-go/cmd/api.(*App).mountAPI.List.func167 (6 handlers)
[GIN-debug] POST   /changes                  --> github.com/mark3748/helpdesk-go/cmd/api.(*App).mountAPI.Create.func168 (6 handlers)
[GIN-debug] GET    /changes/:id              --> github.com/mark3748/helpdesk-go/cmd/api.(*App).mountAPI.Get.func169 (6 handlers)
[GIN-debug] PUT    /changes/:id              --> github.com/mark3748/helpdesk-go/cmd/api.(*App).mountAPI.Update.func170 (6 handlers)
[GIN-debug] DELETE /changes/:id              --> github.com/mark3748/helpdesk-go/cmd/api.(*App).mountAPI.Delete.func171 (6 handlers)
[GIN-debug] GET    /releases                 --> github.com/mark3748/helpdesk-go/cmd/api.(*App).mountAPI.List.func172 (6 handlers)
[GIN-debug] POST   /releases                 --> github.com/mark3748/helpdesk-go/cmd/api.(*App).mountAPI.Create.func173 (6 handlers)
[GIN-debug] GET    /releases/:id             --> github.com/mark3748/helpdesk-go/cmd/api.(*App).mountAPI.Get.func174 (6 handlers)
[GIN-debug] PUT    /releases/:id             --> github.com/mark3748/helpdesk-go/cmd/api.(*App).mountAPI.Update.func175 (6 handlers)
[GIN-debug] DELETE /releases/:id             --> github.com/mark3748/helpdesk-go/cmd/api.(*App).mountAPI.Delete.func176 (6 handlers)
[GIN-debug] GET    /api/livez                --> github.com/mark3748/helpdesk-go/cmd/api.(*App).mountAPI.func1 (5 handlers)
[GIN-debug] GET    /api/readyz               --> github.com/mark3748/helpdesk-go/cmd/api.(*App).readyz-fm (5 handlers)
[GIN-debug] GET    /api/healthz              --> github.com/mark3748/helpdesk-go/cmd/api.(*App).mountAPI.func2 (5 handlers)
[GIN-debug] GET    /api/csat/:token          --> github.com/mark3748/helpdesk-go/cmd/api.(*App).csatForm-fm (5 handlers)
[GIN-debug] POST   /api/csat/:token          --> github.com/mark3748/helpdesk-go/cmd/api.(*App).submitCSAT-fm (5 handlers)
[GIN-debug] GET    /api/metrics              --> github.com/mark3748/helpdesk-go/cmd/api.(*App).mountAPI.WrapH.func9 (5 handlers)
[GIN-debug] GET    /api/swagger/*filepath    --> github.com/gin-gonic/gin.(*RouterGroup).createStaticHandler.func1 (5 handlers)
[GIN-debug] HEAD   /api/swagger/*filepath    --> github.com/gin-gonic/gin.(*RouterGroup).createStaticHandler.func1 (5 handlers)
[GIN-debug] GET    /api/docs                 --> github.com/mark3748/helpdesk-go/cmd/api.(*App).docsUI-fm (5 handlers)
[GIN-debug] GET    /api/openapi.yaml         --> github.com/mark3748/helpdesk-go/cmd/api.(*App).openapiSpec-fm (5 handlers)
[GIN-debug] POST   /api/webhooks/email-inbound --> github.com/mark3748/helpdesk-go/cmd/api.(*App).mountAPI.EmailInbound.func18 (5 handlers)
[GIN-debug] GET    /api/me                   --> github.com/mark3748/helpdesk-go/cmd/api/auth.Me (6 handlers)
[GIN-debug] GET    /api/me/profile           --> github.com/mark3748/helpdesk-go/cmd/api.(*App).getMyProfile-fm (6 handlers)
[GIN-debug] PATCH  /api/me/profile           --> github.com/mark3748/helpdesk-go/cmd/api.(*App).updateMyProfile-fm (6 handlers)
[GIN-debug] POST   /api/me/password          --> github.com/mark3748/helpdesk-go/cmd/api.(*App).changeMyPassword-fm (6 handlers)
[GIN-debug] GET    /api/events               --> github.com/mark3748/helpdesk-go/cmd/api.(*App).mountAPI.Events.func20 (6 handlers)
[GIN-debug] GET    /api/settings             --> github.com/mark3748/helpdesk-go/cmd/api/handlers.GetSettings (7 handlers)
[GIN-debug] GET    /api/features             --> github.com/mark3748/helpdesk-go/cmd/api.(*App).mountAPI.Features.func22 (6 handlers)
[GIN-debug] POST   /api/test-connection      --> github.com/mark3748/helpdesk-go/cmd/api/handlers.TestConnection (7 handlers)
[GIN-debug] POST   /api/settings/storage     --> github.com/mark3748/helpdesk-go/cmd/api/handlers.SaveStorageSettings (7 handlers)
[GIN-debug] POST   /api/settings/oidc        --> github.com/mark3748/helpdesk-go/cmd/api/handlers.SaveOIDCSettings (7 handlers)
[GIN-debug] POST   /api/settings/mail        --> github.com/mark3748/helpdesk-go/cmd/api/handlers.SaveMailSettings (7 handlers)
[GIN-debug] POST   /api/settings/mail/send-test --> github.com/mark3748/helpdesk-go/cmd/api/handlers.SendTestMail (7 handlers)
[GIN-debug] GET    /api/users/:id/roles      --> github.com/mark3748/helpdesk-go/cmd/api.(*App).mountAPI.ListUserRoles.func29 (7 handlers)
[GIN-debug] POST   /api/users/:id/roles      --> github.com/mark3748/helpdesk-go/cmd/api.(*App).mountAPI.AddUserRole.func31 (7 handlers)
[GIN-debug] DELETE /api/users/:id/roles/:role --> github.com/mark3748/helpdesk-go/cmd/api.(*App).mountAPI.RemoveUserRole.func33 (7 handlers)
[GIN-debug] GET    /api/users                --> github.com/mark3748/helpdesk-go/cmd/api.(*App).mountAPI.List.func35 (7 handlers)
[GIN-debug] GET    /api/users/:id            --> github.com/mark3748/helpdesk-go/cmd/api.(*App).mountAPI.Get.func37 (7 handlers)
[GIN-debug] POST   /api/users                --> github.com/mark3748/helpdesk-go/cmd/api.(*App).mountAPI.CreateLocal.func39 (7 handlers)
[GIN-debug] GET    /api/roles                --> github.com/mark3748/helpdesk-go/cmd/api.(*App).mountAPI.List.func41 (7 handlers)
[GIN-debug] GET    /api/requesters           --> github.com/mark3748/helpdesk-go/cmd/api.(*App).mountAPI.Search.func42 (6 handlers)
[GIN-debug] GET    /api/requesters/:id       --> github.com/mark3748/helpdesk-go/cmd/api.(*App).getRequester-fm (6 handlers)
[GIN-debug] POST   /api/requesters           --> github.com/mark3748/helpdesk-go/cmd/api.(*App).createRequester-fm (7 handlers)
[GIN-debug] PATCH  /api/requesters/:id       --> github.com/mark3748/helpdesk-go/cmd/api.(*App).updateRequester-fm (7 handlers)
[GIN-debug] GET    /api/teams                --> github.com/mark3748/helpdesk-go/cmd/api.(*App).mountAPI.List.func45 (6 handlers)
[GIN-debug] GET    /api/slas                 --> github.com/mark3748/helpdesk-go/cmd/api.(*App).mountAPI.List.func46 (6 handlers)
[GIN-debug] GET    /api/kb                   --> github.com/mark3748/helpdesk-go/cmd/api.(*App).mountAPI.Search.func47 (6 handlers)
[GIN-debug] GET    /api/kb/:slug             --> github.com/mark3748/helpdesk-go/cmd/api.(*App).mountAPI.Get.func48 (6 handlers)
[GIN-debug] POST   /api/kb                   --> github.com/mark3748/helpdesk-go/cmd/api.(*App).mountAPI.Create.func50 (7 handlers)
[GIN-debug] PUT    /api/kb/:slug             --> github.com/mark3748/helpdesk-go/cmd/api.(*App).mountAPI.Update.func52 (7 handlers)
[GIN-debug] DELETE /api/kb/:slug             --> github.com/mark3748/helpdesk-go/cmd/api.(*App).mountAPI.Delete.func54 (7 handlers)
[GIN-debug] GET    /api/tickets              --> github.com/mark3748/helpdesk-go/cmd/api.(*App).mountAPI.List.func55 (6 handlers)
[GIN-debug] POST   /api/tickets              --> github.com/mark3748/helpdesk-go/cmd/api.(*App).mountAPI.Create.func59 (6 handlers)
[GIN-debug] GET    /api/tickets/:id          --> github.com/mark3748/helpdesk-go/cmd/api.(*App).mountAPI.Get.func60 (6 handlers)
[GIN-debug] PATCH  /api/tickets/:id          --> github.com/mark3748/helpdesk-go/cmd/api.(*App).mountAPI.Update.func62 (7 handlers)
[GIN-debug] GET    /api/tickets/:id/comments --> github.com/mark3748/helpdesk-go/cmd/api.(*App).mountAPI.List.func63 (6 handlers)
[GIN-debug] POST   /api/tickets/:id/comments --> github.com/mark3748/helpdesk-go/cmd/api.(*App).mountAPI.Add.func64 (6 handlers)
[GIN-debug] GET    /api/tickets/:id/attachments --> github.com/mark3748/helpdesk-go/cmd/api.(*App).mountAPI.List.func65 (6 handlers)
[GIN-debug] POST   /api/tickets/:id/attachments/presign --> github.com/mark3748/helpdesk-go/cmd/api.(*App).mountAPI.Presign.func75 (6 handlers)
[GIN-debug] POST   /api/tickets/:id/attachments --> github.com/mark3748/helpdesk-go/cmd/api.(*App).mountAPI.Finalize.func76 (6 handlers)
[GIN-debug] GET    /api/tickets/:id/attachments/:attID --> github.com/mark3748/helpdesk-go/cmd/api.(*App).mountAPI.Get.func77 (6 handlers)
[GIN-debug] PUT    /api/attachments/upload/:objectKey --> github.com/mark3748/helpdesk-go/cmd/api.(*App).mountAPI.UploadObject.func78 (6 handlers)
[GIN-debug] DELETE /api/tickets/:id/attachments/:attID --> github.com/mark3748/helpdesk-go/cmd/api.(*App).mountAPI.Delete.func79 (6 handlers)
[GIN-debug] GET    /api/tickets/:id/watchers --> github.com/mark3748/helpdesk-go/cmd/api.(*App).mountAPI.List.func80 (6 handlers)
[GIN-debug] POST   /api/tickets/:id/watchers --> github.com/mark3748/helpdesk-go/cmd/api.(*App).mountAPI.Add.func81 (6 handlers)
[GIN-debug] DELETE /api/tickets/:id/watchers/:uid --> github.com/mark3748/helpdesk-go/cmd/api.(*App).mountAPI.Remove.func82 (6 handlers)
[GIN-debug] GET    /api/emails/outbound      --> github.com/mark3748/helpdesk-go/cmd/api.(*App).mountAPI.ListOutbound.func84 (7 handlers)
[GIN-debug] GET    /api/metrics/sla          --> github.com/mark3748/helpdesk-go/cmd/api.(*App).mountAPI.SLA.func86 (7 handlers)
[GIN-debug] GET    /api/metrics/resolution   --> github.com/mark3748/helpdesk-go/cmd/api.(*App).mountAPI.Resolution.func88 (7 handlers)
[GIN-debug] GET    /api/metrics/tickets      --> github.com/mark3748/helpdesk-go/cmd/api.(*App).mountAPI.TicketVolume.func90 (7 handlers)
[GIN-debug] GET    /api/metrics/dashboard    --> github.com/mark3748/helpdesk-go/cmd/api.(*App).mountAPI.Dashboard.func92 (7 handlers)
[GIN-debug] GET    /api/metrics/agent        --> github.com/mark3748/helpdesk-go/cmd/api.(*App).mountAPI.Agent.func94 (7 handlers)
[GIN-debug] GET    /api/metrics/manager      --> github.com/mark3748/helpdesk-go/cmd/api.(*App).mountAPI.Manager.func96 (7 handlers)
[GIN-debug] POST   /api/exports/tickets      --> github.com/mark3748/helpdesk-go/cmd/api.(*App).exportTicketsBridge-fm (7 handlers)
[GIN-debug] GET    /api/exports/tickets/:job_id --> github.com/mark3748/helpdesk-go/cmd/api.(*App).exportTicketsStatus-fm (7 handlers)
[GIN-debug] GET    /api/webhooks             --> github.com/mark3748/helpdesk-go/cmd/api.(*App).mountAPI.List.func100 (7 handlers)
[GIN-debug] POST   /api/webhooks             --> github.com/mark3748/helpdesk-go/cmd/api.(*App).mountAPI.Create.func102 (7 handlers)
[GIN-debug] DELETE /api/webhooks/:id         --> github.com/mark3748/helpdesk-go/cmd/api.(*App).mountAPI.Delete.func104 (7 handlers)
[GIN-debug] GET    /api/asset-categories     --> github.com/mark3748/helpdesk-go/cmd/api.(*App).mountAPI.ListCategories.func105 (6 handlers)
[GIN-debug] POST   /api/asset-categories     --> github.com/mark3748/helpdesk-go/cmd/api.(*App).mountAPI.CreateCategory.func107 (7 handlers)
[GIN-debug] GET    /api/asset-categories/:id --> github.com/mark3748/helpdesk-go/cmd/api.(*App).mountAPI.GetCategory.func108 (6 handlers)
[GIN-debug] GET    /api/assets               --> github.com/mark3748/helpdesk-go/cmd/api.(*App).mountAPI.ListAssets.func109 (6 handlers)
[GIN-debug] POST   /api/assets               --> github.com/mark3748/helpdesk-go/cmd/api.(*App).mountAPI.CreateAsset.func111 (7 handlers)
[GIN-debug] GET    /api/assets/:id           --> github.com/mark3748/helpdesk-go/cmd/api.(*App).mountAPI.GetAsset.func112 (6 handlers)
[GIN-debug] PATCH  /api/assets/:id           --> github.com/mark3748/helpdesk-go/cmd/api.(*App).mountAPI.UpdateAsset.func114 (7 handlers)
[GIN-debug] DELETE /api/assets/:id           --> github.com/mark3748/helpdesk-go/cmd/api.(*App).mountAPI.DeleteAsset.func116 (7 handlers)
[GIN-debug] POST   /api/assets/:id/assign    --> github.com/mark3748/helpdesk-go/cmd/api.(*App).mountAPI.AssignAsset.func118 (7 handlers)
[GIN-debug] GET    /api/assets/:id/history   --> github.com/mark3748/helpdesk-go/cmd/api.(*App).mountAPI.GetAssetHistory.func119 (6 handlers)
[GIN-debug] GET    /api/assets/:id/assignments --> github.com/mark3748/helpdesk-go/cmd/api.(*App).mountAPI.GetAssetAssignments.func120 (6 handlers)
[GIN-debug] GET    /api/assets/:id/attachments --> github.com/mark3748/helpdesk-go/cmd/api.(*App).mountAPI.ListAttachments.func121 (6 handlers)
[GIN-debug] POST   /api/assets/:id/attachments/presign --> github.com/mark3748/helpdesk-go/cmd/api.(*App).mountAPI.PresignAssetUpload.func123 (7 handlers)
[GIN-debug] POST   /api/assets/:id/attachments --> github.com/mark3748/helpdesk-go/cmd/api.(*App).mountAPI.FinalizeAssetAttachment.func125 (7 handlers)
[GIN-debug] GET    /api/assets/:id/attachments/:attachmentID --> github.com/mark3748/helpdesk-go/cmd/api.(*App).mountAPI.GetAssetAttachment.func126 (6 handlers)
[GIN-debug] DELETE /api/assets/:id/attachments/:attachmentID --> github.com/mark3748/helpdesk-go/cmd/api.(*App).mountAPI.DeleteAssetAttachment.func128 (7 handlers)
[GIN-debug] PUT    /api/assets/attachments/upload/:objectKey --> github.com/mark3748/helpdesk-go/cmd/api.(*App).mountAPI.UploadAssetObject.func129 (6 handlers)
[GIN-debug] POST   /api/assets/:id/status-change --> github.com/mark3748/helpdesk-go/cmd/api.(*App).mountAPI.RequestStatusChange.func131 (7 handlers)
[GIN-debug] POST   /api/workflows/:id/approve --> github.com/mark3748/helpdesk-go/cmd/api.(*App).mountAPI.ApproveWorkflow.func133 (7 handlers)
[GIN-debug] POST   /api/workflows/:id/reject --> github.com/mark3748/helpdesk-go/cmd/api.(*App).mountAPI.RejectWorkflow.func135 (7 handlers)
[GIN-debug] POST   /api/assets/:id/checkout  --> github.com/mark3748/helpdesk-go/cmd/api.(*App).mountAPI.CheckoutAsset.func137 (7 handlers)
[GIN-debug] POST   /api/assets/checkin       --> github.com/mark3748/helpdesk-go/cmd/api.(*App).mountAPI.CheckinAsset.func139 (7 handlers)
[GIN-debug] GET    /api/assets/checkouts/active --> github.com/mark3748/helpdesk-go/cmd/api.(*App).mountAPI.GetActiveCheckouts.func140 (6 handlers)
[GIN-debug] GET    /api/assets/checkouts/overdue --> github.com/mark3748/helpdesk-go/cmd/api.(*App).mountAPI.GetOverdueCheckouts.func141 (6 handlers)
[GIN-debug] POST   /api/assets/:id/relationships --> github.com/mark3748/helpdesk-go/cmd/api.(*App).mountAPI.CreateRelationship.func143 (7 handlers)
[GIN-debug] GET    /api/assets/:id/relationships/graph --> github.com/mark3748/helpdesk-go/cmd/api.(*App).mountAPI.GetRelationshipGraph.func144 (6 handlers)
[GIN-debug] GET    /api/assets/:id/impact-analysis --> github.com/mark3748/helpdesk-go/cmd/api.(*App).mountAPI.GetAssetImpactAnalysis.func145 (6 handlers)
[GIN-debug] POST   /api/assets/bulk/update   --> github.com/mark3748/helpdesk-go/cmd/api.(*App).mountAPI.BulkUpdateAssets.func147 (7 handlers)
[GIN-debug] POST   /api/assets/bulk/assign   --> github.com/mark3748/helpdesk-go/cmd/api.(*App).mountAPI.BulkAssignAssets.func149 (7 handlers)
[GIN-debug] GET    /api/assets/bulk/operations/:id --> github.com/mark3748/helpdesk-go/cmd/api.(*App).mountAPI.GetBulkOperation.func150 (6 handlers)
[GIN-debug] POST   /api/assets/import/preview --> github.com/mark3748/helpdesk-go/cmd/api.(*App).mountAPI.ImportAssetsPreview.func152 (7 handlers)
[GIN-debug] POST   /api/assets/import        --> github.com/mark3748/helpdesk-go/cmd/api.(*App).mountAPI.ImportAssets.func154 (7 handlers)
[GIN-debug] POST   /api/assets/export        --> github.com/mark3748/helpdesk-go/cmd/api.(*App).mountAPI.ExportAssets.func156 (7 handlers)
[GIN-debug] GET    /api/assets/:id/audit     --> github.com/mark3748/helpdesk-go/cmd/api.(*App).mountAPI.GetAuditHistory.func157 (6 handlers)
[GIN-debug] GET    /api/assets/audit/summary --> github.com/mark3748/helpdesk-go/cmd/api.(*App).mountAPI.GetAuditSummary.func159 (7 handlers)
[GIN-debug] GET    /api/assets/analytics     --> github.com/mark3748/helpdesk-go/cmd/api.(*App).mountAPI.GetAssetAnalytics.func161 (7 handlers)
[GIN-debug] GET    /api/problems             --> github.com/mark3748/helpdesk-go/cmd/api.(*App).mountAPI.List.func162 (6 handlers)
[GIN-debug] POST   /api/problems             --> github.com/mark3748/helpdesk-go/cmd/api.(*App).mountAPI.Create.func163 (6 handlers)
[GIN-debug] GET    /api/problems/:id         --> github.com/mark3748/helpdesk-go/cmd/api.(*App).mountAPI.Get.func164 (6 handlers)
[GIN-debug] PUT    /api/problems/:id         --> github.com/mark3748/helpdesk-go/cmd/api.(*App).mountAPI.Update.func165 (6 handlers)
[GIN-debug] DELETE /api/problems/:id         --> github.com/mark3748/helpdesk-go/cmd/api.(*App).mountAPI.Delete.func166 (6 handlers)
[GIN-debug] GET    /api/changes              --> github.com/mark3748/helpdesk-go/cmd/api.(*App).mountAPI.List.func167 (6 handlers)
[GIN-debug] POST   /api/changes              --> github.com/mark3748/helpdesk-go/cmd/api.(*App).mountAPI.Create.func168 (6 handlers)
[GIN-debug] GET    /api/changes/:id          --> github.com/mark3748/helpdesk-go/cmd/api.(*App).mountAPI.Get.func169 (6 handlers)
[GIN-debug] PUT    /api/changes/:id          --> github.com/mark3748/helpdesk-go/cmd/api.(*App).mountAPI.Update.func170 (6 handlers)
[GIN-debug] DELETE /api/changes/:id          --> github.com/mark3748/helpdesk-go/cmd/api.(*App).mountAPI.Delete.func171 (6 handlers)
[GIN-debug] GET    /api/releases             --> github.com/mark3748/helpdesk-go/cmd/api.(*App).mountAPI.List.func172 (6 handlers)
[GIN-debug] POST   /api/releases             --> github.com/mark3748/helpdesk-go/cmd/api.(*App).mountAPI.Create.func173 (6 handlers)
[GIN-debug] GET    /api/releases/:id         --> github.com/mark3748/helpdesk-go/cmd/api.(*App).mountAPI.Get.func174 (6 handlers)
[GIN-debug] PUT    /api/releases/:id         --> github.com/mark3748/helpdesk-go/cmd/api.(*App).mountAPI.Update.func175 (6 handlers)
[GIN-debug] DELETE /api/releases/:id         --> github.com/mark3748/helpdesk-go/cmd/api.(*App).mountAPI.Delete.func176 (6 handlers)
{"level":"error","error":"redis down","time":"2025-12-20T00:53:51-07:00","message":"readyz redis"}
{"level":"info","request_id":"ba957856-29a2-419d-813f-819765f21447","method":"GET","path":"/readyz","status":500,"duration":0.023875,"time":"2025-12-20T00:53:51-07:00","message":"request"}
[GIN-debug] [WARNING] Running in "debug" mode. Switch to "release" mode in production.
 - using env:	export GIN_MODE=release
 - using code:	gin.SetMode(gin.ReleaseMode)

[GIN-debug] [WARNING] Running in "debug" mode. Switch to "release" mode in production.
 - using env:	export GIN_MODE=release
 - using code:	gin.SetMode(gin.ReleaseMode)

[GIN-debug] GET    /livez                    --> github.com/mark3748/helpdesk-go/cmd/api.(*App).mountAPI.func1 (5 handlers)
[GIN-debug] GET    /readyz                   --> github.com/mark3748/helpdesk-go/cmd/api.(*App).readyz-fm (5 handlers)
[GIN-debug] GET    /healthz                  --> github.com/mark3748/helpdesk-go/cmd/api.(*App).mountAPI.func2 (5 handlers)
[GIN-debug] GET    /csat/:token              --> github.com/mark3748/helpdesk-go/cmd/api.(*App).csatForm-fm (5 handlers)
[GIN-debug] POST   /csat/:token              --> github.com/mark3748/helpdesk-go/cmd/api.(*App).submitCSAT-fm (5 handlers)
[GIN-debug] GET    /metrics                  --> github.com/mark3748/helpdesk-go/cmd/api.(*App).mountAPI.WrapH.func9 (5 handlers)
[GIN-debug] GET    /swagger/*filepath        --> github.com/gin-gonic/gin.(*RouterGroup).createStaticHandler.func1 (5 handlers)
[GIN-debug] HEAD   /swagger/*filepath        --> github.com/gin-gonic/gin.(*RouterGroup).createStaticHandler.func1 (5 handlers)
[GIN-debug] GET    /docs                     --> github.com/mark3748/helpdesk-go/cmd/api.(*App).docsUI-fm (5 handlers)
[GIN-debug] GET    /openapi.yaml             --> github.com/mark3748/helpdesk-go/cmd/api.(*App).openapiSpec-fm (5 handlers)
[GIN-debug] POST   /webhooks/email-inbound   --> github.com/mark3748/helpdesk-go/cmd/api.(*App).mountAPI.EmailInbound.func18 (5 handlers)
[GIN-debug] GET    /me                       --> github.com/mark3748/helpdesk-go/cmd/api/auth.Me (6 handlers)
[GIN-debug] GET    /me/profile               --> github.com/mark3748/helpdesk-go/cmd/api.(*App).getMyProfile-fm (6 handlers)
[GIN-debug] PATCH  /me/profile               --> github.com/mark3748/helpdesk-go/cmd/api.(*App).updateMyProfile-fm (6 handlers)
[GIN-debug] POST   /me/password              --> github.com/mark3748/helpdesk-go/cmd/api.(*App).changeMyPassword-fm (6 handlers)
[GIN-debug] GET    /events                   --> github.com/mark3748/helpdesk-go/cmd/api.(*App).mountAPI.Events.func20 (6 handlers)
[GIN-debug] GET    /settings                 --> github.com/mark3748/helpdesk-go/cmd/api/handlers.GetSettings (7 handlers)
[GIN-debug] GET    /features                 --> github.com/mark3748/helpdesk-go/cmd/api.(*App).mountAPI.Features.func22 (6 handlers)
[GIN-debug] POST   /test-connection          --> github.com/mark3748/helpdesk-go/cmd/api/handlers.TestConnection (7 handlers)
[GIN-debug] POST   /settings/storage         --> github.com/mark3748/helpdesk-go/cmd/api/handlers.SaveStorageSettings (7 handlers)
[GIN-debug] POST   /settings/oidc            --> github.com/mark3748/helpdesk-go/cmd/api/handlers.SaveOIDCSettings (7 handlers)
[GIN-debug] POST   /settings/mail            --> github.com/mark3748/helpdesk-go/cmd/api/handlers.SaveMailSettings (7 handlers)
[GIN-debug] POST   /settings/mail/send-test  --> github.com/mark3748/helpdesk-go/cmd/api/handlers.SendTestMail (7 handlers)
[GIN-debug] GET    /users/:id/roles          --> github.com/mark3748/helpdesk-go/cmd/api.(*App).mountAPI.ListUserRoles.func29 (7 handlers)
[GIN-debug] POST   /users/:id/roles          --> github.com/mark3748/helpdesk-go/cmd/api.(*App).mountAPI.AddUserRole.func31 (7 handlers)
[GIN-debug] DELETE /users/:id/roles/:role    --> github.com/mark3748/helpdesk-go/cmd/api.(*App).mountAPI.RemoveUserRole.func33 (7 handlers)
[GIN-debug] GET    /users                    --> github.com/mark3748/helpdesk-go/cmd/api.(*App).mountAPI.List.func35 (7 handlers)
[GIN-debug] GET    /users/:id                --> github.com/mark3748/helpdesk-go/cmd/api.(*App).mountAPI.Get.func37 (7 handlers)
[GIN-debug] POST   /users                    --> github.com/mark3748/helpdesk-go/cmd/api.(*App).mountAPI.CreateLocal.func39 (7 handlers)
[GIN-debug] GET    /roles                    --> github.com/mark3748/helpdesk-go/cmd/api.(*App).mountAPI.List.func41 (7 handlers)
[GIN-debug] GET    /requesters               --> github.com/mark3748/helpdesk-go/cmd/api.(*App).mountAPI.Search.func42 (6 handlers)
[GIN-debug] GET    /requesters/:id           --> github.com/mark3748/helpdesk-go/cmd/api.(*App).getRequester-fm (6 handlers)
[GIN-debug] POST   /requesters               --> github.com/mark3748/helpdesk-go/cmd/api.(*App).createRequester-fm (7 handlers)
[GIN-debug] PATCH  /requesters/:id           --> github.com/mark3748/helpdesk-go/cmd/api.(*App).updateRequester-fm (7 handlers)
[GIN-debug] GET    /teams                    --> github.com/mark3748/helpdesk-go/cmd/api.(*App).mountAPI.List.func45 (6 handlers)
[GIN-debug] GET    /slas                     --> github.com/mark3748/helpdesk-go/cmd/api.(*App).mountAPI.List.func46 (6 handlers)
[GIN-debug] GET    /kb                       --> github.com/mark3748/helpdesk-go/cmd/api.(*App).mountAPI.Search.func47 (6 handlers)
[GIN-debug] GET    /kb/:slug                 --> github.com/mark3748/helpdesk-go/cmd/api.(*App).mountAPI.Get.func48 (6 handlers)
[GIN-debug] POST   /kb                       --> github.com/mark3748/helpdesk-go/cmd/api.(*App).mountAPI.Create.func50 (7 handlers)
[GIN-debug] PUT    /kb/:slug                 --> github.com/mark3748/helpdesk-go/cmd/api.(*App).mountAPI.Update.func52 (7 handlers)
[GIN-debug] DELETE /kb/:slug                 --> github.com/mark3748/helpdesk-go/cmd/api.(*App).mountAPI.Delete.func54 (7 handlers)
[GIN-debug] GET    /tickets                  --> github.com/mark3748/helpdesk-go/cmd/api.(*App).mountAPI.List.func55 (6 handlers)
[GIN-debug] POST   /tickets                  --> github.com/mark3748/helpdesk-go/cmd/api.(*App).mountAPI.Create.func59 (6 handlers)
[GIN-debug] GET    /tickets/:id              --> github.com/mark3748/helpdesk-go/cmd/api.(*App).mountAPI.Get.func60 (6 handlers)
[GIN-debug] PATCH  /tickets/:id              --> github.com/mark3748/helpdesk-go/cmd/api.(*App).mountAPI.Update.func62 (7 handlers)
[GIN-debug] GET    /tickets/:id/comments     --> github.com/mark3748/helpdesk-go/cmd/api.(*App).mountAPI.List.func63 (6 handlers)
[GIN-debug] POST   /tickets/:id/comments     --> github.com/mark3748/helpdesk-go/cmd/api.(*App).mountAPI.Add.func64 (6 handlers)
[GIN-debug] GET    /tickets/:id/attachments  --> github.com/mark3748/helpdesk-go/cmd/api.(*App).mountAPI.List.func65 (6 handlers)
[GIN-debug] POST   /tickets/:id/attachments/presign --> github.com/mark3748/helpdesk-go/cmd/api.(*App).mountAPI.Presign.func75 (6 handlers)
[GIN-debug] POST   /tickets/:id/attachments  --> github.com/mark3748/helpdesk-go/cmd/api.(*App).mountAPI.Finalize.func76 (6 handlers)
[GIN-debug] GET    /tickets/:id/attachments/:attID --> github.com/mark3748/helpdesk-go/cmd/api.(*App).mountAPI.Get.func77 (6 handlers)
[GIN-debug] PUT    /attachments/upload/:objectKey --> github.com/mark3748/helpdesk-go/cmd/api.(*App).mountAPI.UploadObject.func78 (6 handlers)
[GIN-debug] DELETE /tickets/:id/attachments/:attID --> github.com/mark3748/helpdesk-go/cmd/api.(*App).mountAPI.Delete.func79 (6 handlers)
[GIN-debug] GET    /tickets/:id/watchers     --> github.com/mark3748/helpdesk-go/cmd/api.(*App).mountAPI.List.func80 (6 handlers)
[GIN-debug] POST   /tickets/:id/watchers     --> github.com/mark3748/helpdesk-go/cmd/api.(*App).mountAPI.Add.func81 (6 handlers)
[GIN-debug] DELETE /tickets/:id/watchers/:uid --> github.com/mark3748/helpdesk-go/cmd/api.(*App).mountAPI.Remove.func82 (6 handlers)
[GIN-debug] GET    /emails/outbound          --> github.com/mark3748/helpdesk-go/cmd/api.(*App).mountAPI.ListOutbound.func84 (7 handlers)
[GIN-debug] GET    /metrics/sla              --> github.com/mark3748/helpdesk-go/cmd/api.(*App).mountAPI.SLA.func86 (7 handlers)
[GIN-debug] GET    /metrics/resolution       --> github.com/mark3748/helpdesk-go/cmd/api.(*App).mountAPI.Resolution.func88 (7 handlers)
[GIN-debug] GET    /metrics/tickets          --> github.com/mark3748/helpdesk-go/cmd/api.(*App).mountAPI.TicketVolume.func90 (7 handlers)
[GIN-debug] GET    /metrics/dashboard        --> github.com/mark3748/helpdesk-go/cmd/api.(*App).mountAPI.Dashboard.func92 (7 handlers)
[GIN-debug] GET    /metrics/agent            --> github.com/mark3748/helpdesk-go/cmd/api.(*App).mountAPI.Agent.func94 (7 handlers)
[GIN-debug] GET    /metrics/manager          --> github.com/mark3748/helpdesk-go/cmd/api.(*App).mountAPI.Manager.func96 (7 handlers)
[GIN-debug] POST   /exports/tickets          --> github.com/mark3748/helpdesk-go/cmd/api.(*App).exportTicketsBridge-fm (7 handlers)
[GIN-debug] GET    /exports/tickets/:job_id  --> github.com/mark3748/helpdesk-go/cmd/api.(*App).exportTicketsStatus-fm (7 handlers)
[GIN-debug] GET    /webhooks                 --> github.com/mark3748/helpdesk-go/cmd/api.(*App).mountAPI.List.func100 (7 handlers)
[GIN-debug] POST   /webhooks                 --> github.com/mark3748/helpdesk-go/cmd/api.(*App).mountAPI.Create.func102 (7 handlers)
[GIN-debug] DELETE /webhooks/:id             --> github.com/mark3748/helpdesk-go/cmd/api.(*App).mountAPI.Delete.func104 (7 handlers)
[GIN-debug] GET    /asset-categories         --> github.com/mark3748/helpdesk-go/cmd/api.(*App).mountAPI.ListCategories.func105 (6 handlers)
[GIN-debug] POST   /asset-categories         --> github.com/mark3748/helpdesk-go/cmd/api.(*App).mountAPI.CreateCategory.func107 (7 handlers)
[GIN-debug] GET    /asset-categories/:id     --> github.com/mark3748/helpdesk-go/cmd/api.(*App).mountAPI.GetCategory.func108 (6 handlers)
[GIN-debug] GET    /assets                   --> github.com/mark3748/helpdesk-go/cmd/api.(*App).mountAPI.ListAssets.func109 (6 handlers)
[GIN-debug] POST   /assets                   --> github.com/mark3748/helpdesk-go/cmd/api.(*App).mountAPI.CreateAsset.func111 (7 handlers)
[GIN-debug] GET    /assets/:id               --> github.com/mark3748/helpdesk-go/cmd/api.(*App).mountAPI.GetAsset.func112 (6 handlers)
[GIN-debug] PATCH  /assets/:id               --> github.com/mark3748/helpdesk-go/cmd/api.(*App).mountAPI.UpdateAsset.func114 (7 handlers)
[GIN-debug] DELETE /assets/:id               --> github.com/mark3748/helpdesk-go/cmd/api.(*App).mountAPI.DeleteAsset.func116 (7 handlers)
[GIN-debug] POST   /assets/:id/assign        --> github.com/mark3748/helpdesk-go/cmd/api.(*App).mountAPI.AssignAsset.func118 (7 handlers)
[GIN-debug] GET    /assets/:id/history       --> github.com/mark3748/helpdesk-go/cmd/api.(*App).mountAPI.GetAssetHistory.func119 (6 handlers)
[GIN-debug] GET    /assets/:id/assignments   --> github.com/mark3748/helpdesk-go/cmd/api.(*App).mountAPI.GetAssetAssignments.func120 (6 handlers)
[GIN-debug] GET    /assets/:id/attachments   --> github.com/mark3748/helpdesk-go/cmd/api.(*App).mountAPI.ListAttachments.func121 (6 handlers)
[GIN-debug] POST   /assets/:id/attachments/presign --> github.com/mark3748/helpdesk-go/cmd/api.(*App).mountAPI.PresignAssetUpload.func123 (7 handlers)
[GIN-debug] POST   /assets/:id/attachments   --> github.com/mark3748/helpdesk-go/cmd/api.(*App).mountAPI.FinalizeAssetAttachment.func125 (7 handlers)
[GIN-debug] GET    /assets/:id/attachments/:attachmentID --> github.com/mark3748/helpdesk-go/cmd/api.(*App).mountAPI.GetAssetAttachment.func126 (6 handlers)
[GIN-debug] DELETE /assets/:id/attachments/:attachmentID --> github.com/mark3748/helpdesk-go/cmd/api.(*App).mountAPI.DeleteAssetAttachment.func128 (7 handlers)
[GIN-debug] PUT    /assets/attachments/upload/:objectKey --> github.com/mark3748/helpdesk-go/cmd/api.(*App).mountAPI.UploadAssetObject.func129 (6 handlers)
[GIN-debug] POST   /assets/:id/status-change --> github.com/mark3748/helpdesk-go/cmd/api.(*App).mountAPI.RequestStatusChange.func131 (7 handlers)
[GIN-debug] POST   /workflows/:id/approve    --> github.com/mark3748/helpdesk-go/cmd/api.(*App).mountAPI.ApproveWorkflow.func133 (7 handlers)
[GIN-debug] POST   /workflows/:id/reject     --> github.com/mark3748/helpdesk-go/cmd/api.(*App).mountAPI.RejectWorkflow.func135 (7 handlers)
[GIN-debug] POST   /assets/:id/checkout      --> github.com/mark3748/helpdesk-go/cmd/api.(*App).mountAPI.CheckoutAsset.func137 (7 handlers)
[GIN-debug] POST   /assets/checkin           --> github.com/mark3748/helpdesk-go/cmd/api.(*App).mountAPI.CheckinAsset.func139 (7 handlers)
[GIN-debug] GET    /assets/checkouts/active  --> github.com/mark3748/helpdesk-go/cmd/api.(*App).mountAPI.GetActiveCheckouts.func140 (6 handlers)
[GIN-debug] GET    /assets/checkouts/overdue --> github.com/mark3748/helpdesk-go/cmd/api.(*App).mountAPI.GetOverdueCheckouts.func141 (6 handlers)
[GIN-debug] POST   /assets/:id/relationships --> github.com/mark3748/helpdesk-go/cmd/api.(*App).mountAPI.CreateRelationship.func143 (7 handlers)
[GIN-debug] GET    /assets/:id/relationships/graph --> github.com/mark3748/helpdesk-go/cmd/api.(*App).mountAPI.GetRelationshipGraph.func144 (6 handlers)
[GIN-debug] GET    /assets/:id/impact-analysis --> github.com/mark3748/helpdesk-go/cmd/api.(*App).mountAPI.GetAssetImpactAnalysis.func145 (6 handlers)
[GIN-debug] POST   /assets/bulk/update       --> github.com/mark3748/helpdesk-go/cmd/api.(*App).mountAPI.BulkUpdateAssets.func147 (7 handlers)
[GIN-debug] POST   /assets/bulk/assign       --> github.com/mark3748/helpdesk-go/cmd/api.(*App).mountAPI.BulkAssignAssets.func149 (7 handlers)
[GIN-debug] GET    /assets/bulk/operations/:id --> github.com/mark3748/helpdesk-go/cmd/api.(*App).mountAPI.GetBulkOperation.func150 (6 handlers)
[GIN-debug] POST   /assets/import/preview    --> github.com/mark3748/helpdesk-go/cmd/api.(*App).mountAPI.ImportAssetsPreview.func152 (7 handlers)
[GIN-debug] POST   /assets/import            --> github.com/mark3748/helpdesk-go/cmd/api.(*App).mountAPI.ImportAssets.func154 (7 handlers)
[GIN-debug] POST   /assets/export            --> github.com/mark3748/helpdesk-go/cmd/api.(*App).mountAPI.ExportAssets.func156 (7 handlers)
[GIN-debug] GET    /assets/:id/audit         --> github.com/mark3748/helpdesk-go/cmd/api.(*App).mountAPI.GetAuditHistory.func157 (6 handlers)
[GIN-debug] GET    /assets/audit/summary     --> github.com/mark3748/helpdesk-go/cmd/api.(*App).mountAPI.GetAuditSummary.func159 (7 handlers)
[GIN-debug] GET    /assets/analytics         --> github.com/mark3748/helpdesk-go/cmd/api.(*App).mountAPI.GetAssetAnalytics.func161 (7 handlers)
[GIN-debug] GET    /problems                 --> github.com/mark3748/helpdesk-go/cmd/api.(*App).mountAPI.List.func162 (6 handlers)
[GIN-debug] POST   /problems                 --> github.com/mark3748/helpdesk-go/cmd/api.(*App).mountAPI.Create.func163 (6 handlers)
[GIN-debug] GET    /problems/:id             --> github.com/mark3748/helpdesk-go/cmd/api.(*App).mountAPI.Get.func164 (6 handlers)
[GIN-debug] PUT    /problems/:id             --> github.com/mark3748/helpdesk-go/cmd/api.(*App).mountAPI.Update.func165 (6 handlers)
[GIN-debug] DELETE /problems/:id             --> github.com/mark3748/helpdesk-go/cmd/api.(*App).mountAPI.Delete.func166 (6 handlers)
[GIN-debug] GET    /changes                  --> github.com/mark3748/helpdesk-go/cmd/api.(*App).mountAPI.List.func167 (6 handlers)
[GIN-debug] POST   /changes                  --> github.com/mark3748/helpdesk-go/cmd/api.(*App).mountAPI.Create.func168 (6 handlers)
[GIN-debug] GET    /changes/:id              --> github.com/mark3748/helpdesk-go/cmd/api.(*App).mountAPI.Get.func169 (6 handlers)
[GIN-debug] PUT    /changes/:id              --> github.com/mark3748/helpdesk-go/cmd/api.(*App).mountAPI.Update.func170 (6 handlers)
[GIN-debug] DELETE /changes/:id              --> github.com/mark3748/helpdesk-go/cmd/api.(*App).mountAPI.Delete.func171 (6 handlers)
[GIN-debug] GET    /releases                 --> github.com/mark3748/helpdesk-go/cmd/api.(*App).mountAPI.List.func172 (6 handlers)
[GIN-debug] POST   /releases                 --> github.com/mark3748/helpdesk-go/cmd/api.(*App).mountAPI.Create.func173 (6 handlers)
[GIN-debug] GET    /releases/:id             --> github.com/mark3748/helpdesk-go/cmd/api.(*App).mountAPI.Get.func174 (6 handlers)
[GIN-debug] PUT    /releases/:id             --> github.com/mark3748/helpdesk-go/cmd/api.(*App).mountAPI.Update.func175 (6 handlers)
[GIN-debug] DELETE /releases/:id             --> github.com/mark3748/helpdesk-go/cmd/api.(*App).mountAPI.Delete.func176 (6 handlers)
[GIN-debug] GET    /api/livez                --> github.com/mark3748/helpdesk-go/cmd/api.(*App).mountAPI.func1 (5 handlers)
[GIN-debug] GET    /api/readyz               --> github.com/mark3748/helpdesk-go/cmd/api.(*App).readyz-fm (5 handlers)
[GIN-debug] GET    /api/healthz              --> github.com/mark3748/helpdesk-go/cmd/api.(*App).mountAPI.func2 (5 handlers)
[GIN-debug] GET    /api/csat/:token          --> github.com/mark3748/helpdesk-go/cmd/api.(*App).csatForm-fm (5 handlers)
[GIN-debug] POST   /api/csat/:token          --> github.com/mark3748/helpdesk-go/cmd/api.(*App).submitCSAT-fm (5 handlers)
[GIN-debug] GET    /api/metrics              --> github.com/mark3748/helpdesk-go/cmd/api.(*App).mountAPI.WrapH.func9 (5 handlers)
[GIN-debug] GET    /api/swagger/*filepath    --> github.com/gin-gonic/gin.(*RouterGroup).createStaticHandler.func1 (5 handlers)
[GIN-debug] HEAD   /api/swagger/*filepath    --> github.com/gin-gonic/gin.(*RouterGroup).createStaticHandler.func1 (5 handlers)
[GIN-debug] GET    /api/docs                 --> github.com/mark3748/helpdesk-go/cmd/api.(*App).docsUI-fm (5 handlers)
[GIN-debug] GET    /api/openapi.yaml         --> github.com/mark3748/helpdesk-go/cmd/api.(*App).openapiSpec-fm (5 handlers)
[GIN-debug] POST   /api/webhooks/email-inbound --> github.com/mark3748/helpdesk-go/cmd/api.(*App).mountAPI.EmailInbound.func18 (5 handlers)
[GIN-debug] GET    /api/me                   --> github.com/mark3748/helpdesk-go/cmd/api/auth.Me (6 handlers)
[GIN-debug] GET    /api/me/profile           --> github.com/mark3748/helpdesk-go/cmd/api.(*App).getMyProfile-fm (6 handlers)
[GIN-debug] PATCH  /api/me/profile           --> github.com/mark3748/helpdesk-go/cmd/api.(*App).updateMyProfile-fm (6 handlers)
[GIN-debug] POST   /api/me/password          --> github.com/mark3748/helpdesk-go/cmd/api.(*App).changeMyPassword-fm (6 handlers)
[GIN-debug] GET    /api/events               --> github.com/mark3748/helpdesk-go/cmd/api.(*App).mountAPI.Events.func20 (6 handlers)
[GIN-debug] GET    /api/settings             --> github.com/mark3748/helpdesk-go/cmd/api/handlers.GetSettings (7 handlers)
[GIN-debug] GET    /api/features             --> github.com/mark3748/helpdesk-go/cmd/api.(*App).mountAPI.Features.func22 (6 handlers)
[GIN-debug] POST   /api/test-connection      --> github.com/mark3748/helpdesk-go/cmd/api/handlers.TestConnection (7 handlers)
[GIN-debug] POST   /api/settings/storage     --> github.com/mark3748/helpdesk-go/cmd/api/handlers.SaveStorageSettings (7 handlers)
[GIN-debug] POST   /api/settings/oidc        --> github.com/mark3748/helpdesk-go/cmd/api/handlers.SaveOIDCSettings (7 handlers)
[GIN-debug] POST   /api/settings/mail        --> github.com/mark3748/helpdesk-go/cmd/api/handlers.SaveMailSettings (7 handlers)
[GIN-debug] POST   /api/settings/mail/send-test --> github.com/mark3748/helpdesk-go/cmd/api/handlers.SendTestMail (7 handlers)
[GIN-debug] GET    /api/users/:id/roles      --> github.com/mark3748/helpdesk-go/cmd/api.(*App).mountAPI.ListUserRoles.func29 (7 handlers)
[GIN-debug] POST   /api/users/:id/roles      --> github.com/mark3748/helpdesk-go/cmd/api.(*App).mountAPI.AddUserRole.func31 (7 handlers)
[GIN-debug] DELETE /api/users/:id/roles/:role --> github.com/mark3748/helpdesk-go/cmd/api.(*App).mountAPI.RemoveUserRole.func33 (7 handlers)
[GIN-debug] GET    /api/users                --> github.com/mark3748/helpdesk-go/cmd/api.(*App).mountAPI.List.func35 (7 handlers)
[GIN-debug] GET    /api/users/:id            --> github.com/mark3748/helpdesk-go/cmd/api.(*App).mountAPI.Get.func37 (7 handlers)
[GIN-debug] POST   /api/users                --> github.com/mark3748/helpdesk-go/cmd/api.(*App).mountAPI.CreateLocal.func39 (7 handlers)
[GIN-debug] GET    /api/roles                --> github.com/mark3748/helpdesk-go/cmd/api.(*App).mountAPI.List.func41 (7 handlers)
[GIN-debug] GET    /api/requesters           --> github.com/mark3748/helpdesk-go/cmd/api.(*App).mountAPI.Search.func42 (6 handlers)
[GIN-debug] GET    /api/requesters/:id       --> github.com/mark3748/helpdesk-go/cmd/api.(*App).getRequester-fm (6 handlers)
[GIN-debug] POST   /api/requesters           --> github.com/mark3748/helpdesk-go/cmd/api.(*App).createRequester-fm (7 handlers)
[GIN-debug] PATCH  /api/requesters/:id       --> github.com/mark3748/helpdesk-go/cmd/api.(*App).updateRequester-fm (7 handlers)
[GIN-debug] GET    /api/teams                --> github.com/mark3748/helpdesk-go/cmd/api.(*App).mountAPI.List.func45 (6 handlers)
[GIN-debug] GET    /api/slas                 --> github.com/mark3748/helpdesk-go/cmd/api.(*App).mountAPI.List.func46 (6 handlers)
[GIN-debug] GET    /api/kb                   --> github.com/mark3748/helpdesk-go/cmd/api.(*App).mountAPI.Search.func47 (6 handlers)
[GIN-debug] GET    /api/kb/:slug             --> github.com/mark3748/helpdesk-go/cmd/api.(*App).mountAPI.Get.func48 (6 handlers)
[GIN-debug] POST   /api/kb                   --> github.com/mark3748/helpdesk-go/cmd/api.(*App).mountAPI.Create.func50 (7 handlers)
[GIN-debug] PUT    /api/kb/:slug             --> github.com/mark3748/helpdesk-go/cmd/api.(*App).mountAPI.Update.func52 (7 handlers)
[GIN-debug] DELETE /api/kb/:slug             --> github.com/mark3748/helpdesk-go/cmd/api.(*App).mountAPI.Delete.func54 (7 handlers)
[GIN-debug] GET    /api/tickets              --> github.com/mark3748/helpdesk-go/cmd/api.(*App).mountAPI.List.func55 (6 handlers)
[GIN-debug] POST   /api/tickets              --> github.com/mark3748/helpdesk-go/cmd/api.(*App).mountAPI.Create.func59 (6 handlers)
[GIN-debug] GET    /api/tickets/:id          --> github.com/mark3748/helpdesk-go/cmd/api.(*App).mountAPI.Get.func60 (6 handlers)
[GIN-debug] PATCH  /api/tickets/:id          --> github.com/mark3748/helpdesk-go/cmd/api.(*App).mountAPI.Update.func62 (7 handlers)
[GIN-debug] GET    /api/tickets/:id/comments --> github.com/mark3748/helpdesk-go/cmd/api.(*App).mountAPI.List.func63 (6 handlers)
[GIN-debug] POST   /api/tickets/:id/comments --> github.com/mark3748/helpdesk-go/cmd/api.(*App).mountAPI.Add.func64 (6 handlers)
[GIN-debug] GET    /api/tickets/:id/attachments --> github.com/mark3748/helpdesk-go/cmd/api.(*App).mountAPI.List.func65 (6 handlers)
[GIN-debug] POST   /api/tickets/:id/attachments/presign --> github.com/mark3748/helpdesk-go/cmd/api.(*App).mountAPI.Presign.func75 (6 handlers)
[GIN-debug] POST   /api/tickets/:id/attachments --> github.com/mark3748/helpdesk-go/cmd/api.(*App).mountAPI.Finalize.func76 (6 handlers)
[GIN-debug] GET    /api/tickets/:id/attachments/:attID --> github.com/mark3748/helpdesk-go/cmd/api.(*App).mountAPI.Get.func77 (6 handlers)
[GIN-debug] PUT    /api/attachments/upload/:objectKey --> github.com/mark3748/helpdesk-go/cmd/api.(*App).mountAPI.UploadObject.func78 (6 handlers)
[GIN-debug] DELETE /api/tickets/:id/attachments/:attID --> github.com/mark3748/helpdesk-go/cmd/api.(*App).mountAPI.Delete.func79 (6 handlers)
[GIN-debug] GET    /api/tickets/:id/watchers --> github.com/mark3748/helpdesk-go/cmd/api.(*App).mountAPI.List.func80 (6 handlers)
[GIN-debug] POST   /api/tickets/:id/watchers --> github.com/mark3748/helpdesk-go/cmd/api.(*App).mountAPI.Add.func81 (6 handlers)
[GIN-debug] DELETE /api/tickets/:id/watchers/:uid --> github.com/mark3748/helpdesk-go/cmd/api.(*App).mountAPI.Remove.func82 (6 handlers)
[GIN-debug] GET    /api/emails/outbound      --> github.com/mark3748/helpdesk-go/cmd/api.(*App).mountAPI.ListOutbound.func84 (7 handlers)
[GIN-debug] GET    /api/metrics/sla          --> github.com/mark3748/helpdesk-go/cmd/api.(*App).mountAPI.SLA.func86 (7 handlers)
[GIN-debug] GET    /api/metrics/resolution   --> github.com/mark3748/helpdesk-go/cmd/api.(*App).mountAPI.Resolution.func88 (7 handlers)
[GIN-debug] GET    /api/metrics/tickets      --> github.com/mark3748/helpdesk-go/cmd/api.(*App).mountAPI.TicketVolume.func90 (7 handlers)
[GIN-debug] GET    /api/metrics/dashboard    --> github.com/mark3748/helpdesk-go/cmd/api.(*App).mountAPI.Dashboard.func92 (7 handlers)
[GIN-debug] GET    /api/metrics/agent        --> github.com/mark3748/helpdesk-go/cmd/api.(*App).mountAPI.Agent.func94 (7 handlers)
[GIN-debug] GET    /api/metrics/manager      --> github.com/mark3748/helpdesk-go/cmd/api.(*App).mountAPI.Manager.func96 (7 handlers)
[GIN-debug] POST   /api/exports/tickets      --> github.com/mark3748/helpdesk-go/cmd/api.(*App).exportTicketsBridge-fm (7 handlers)
[GIN-debug] GET    /api/exports/tickets/:job_id --> github.com/mark3748/helpdesk-go/cmd/api.(*App).exportTicketsStatus-fm (7 handlers)
[GIN-debug] GET    /api/webhooks             --> github.com/mark3748/helpdesk-go/cmd/api.(*App).mountAPI.List.func100 (7 handlers)
[GIN-debug] POST   /api/webhooks             --> github.com/mark3748/helpdesk-go/cmd/api.(*App).mountAPI.Create.func102 (7 handlers)
[GIN-debug] DELETE /api/webhooks/:id         --> github.com/mark3748/helpdesk-go/cmd/api.(*App).mountAPI.Delete.func104 (7 handlers)
[GIN-debug] GET    /api/asset-categories     --> github.com/mark3748/helpdesk-go/cmd/api.(*App).mountAPI.ListCategories.func105 (6 handlers)
[GIN-debug] POST   /api/asset-categories     --> github.com/mark3748/helpdesk-go/cmd/api.(*App).mountAPI.CreateCategory.func107 (7 handlers)
[GIN-debug] GET    /api/asset-categories/:id --> github.com/mark3748/helpdesk-go/cmd/api.(*App).mountAPI.GetCategory.func108 (6 handlers)
[GIN-debug] GET    /api/assets               --> github.com/mark3748/helpdesk-go/cmd/api.(*App).mountAPI.ListAssets.func109 (6 handlers)
[GIN-debug] POST   /api/assets               --> github.com/mark3748/helpdesk-go/cmd/api.(*App).mountAPI.CreateAsset.func111 (7 handlers)
[GIN-debug] GET    /api/assets/:id           --> github.com/mark3748/helpdesk-go/cmd/api.(*App).mountAPI.GetAsset.func112 (6 handlers)
[GIN-debug] PATCH  /api/assets/:id           --> github.com/mark3748/helpdesk-go/cmd/api.(*App).mountAPI.UpdateAsset.func114 (7 handlers)
[GIN-debug] DELETE /api/assets/:id           --> github.com/mark3748/helpdesk-go/cmd/api.(*App).mountAPI.DeleteAsset.func116 (7 handlers)
[GIN-debug] POST   /api/assets/:id/assign    --> github.com/mark3748/helpdesk-go/cmd/api.(*App).mountAPI.AssignAsset.func118 (7 handlers)
[GIN-debug] GET    /api/assets/:id/history   --> github.com/mark3748/helpdesk-go/cmd/api.(*App).mountAPI.GetAssetHistory.func119 (6 handlers)
[GIN-debug] GET    /api/assets/:id/assignments --> github.com/mark3748/helpdesk-go/cmd/api.(*App).mountAPI.GetAssetAssignments.func120 (6 handlers)
[GIN-debug] GET    /api/assets/:id/attachments --> github.com/mark3748/helpdesk-go/cmd/api.(*App).mountAPI.ListAttachments.func121 (6 handlers)
[GIN-debug] POST   /api/assets/:id/attachments/presign --> github.com/mark3748/helpdesk-go/cmd/api.(*App).mountAPI.PresignAssetUpload.func123 (7 handlers)
[GIN-debug] POST   /api/assets/:id/attachments --> github.com/mark3748/helpdesk-go/cmd/api.(*App).mountAPI.FinalizeAssetAttachment.func125 (7 handlers)
[GIN-debug] GET    /api/assets/:id/attachments/:attachmentID --> github.com/mark3748/helpdesk-go/cmd/api.(*App).mountAPI.GetAssetAttachment.func126 (6 handlers)
[GIN-debug] DELETE /api/assets/:id/attachments/:attachmentID --> github.com/mark3748/helpdesk-go/cmd/api.(*App).mountAPI.DeleteAssetAttachment.func128 (7 handlers)
[GIN-debug] PUT    /api/assets/attachments/upload/:objectKey --> github.com/mark3748/helpdesk-go/cmd/api.(*App).mountAPI.UploadAssetObject.func129 (6 handlers)
[GIN-debug] POST   /api/assets/:id/status-change --> github.com/mark3748/helpdesk-go/cmd/api.(*App).mountAPI.RequestStatusChange.func131 (7 handlers)
[GIN-debug] POST   /api/workflows/:id/approve --> github.com/mark3748/helpdesk-go/cmd/api.(*App).mountAPI.ApproveWorkflow.func133 (7 handlers)
[GIN-debug] POST   /api/workflows/:id/reject --> github.com/mark3748/helpdesk-go/cmd/api.(*App).mountAPI.RejectWorkflow.func135 (7 handlers)
[GIN-debug] POST   /api/assets/:id/checkout  --> github.com/mark3748/helpdesk-go/cmd/api.(*App).mountAPI.CheckoutAsset.func137 (7 handlers)
[GIN-debug] POST   /api/assets/checkin       --> github.com/mark3748/helpdesk-go/cmd/api.(*App).mountAPI.CheckinAsset.func139 (7 handlers)
[GIN-debug] GET    /api/assets/checkouts/active --> github.com/mark3748/helpdesk-go/cmd/api.(*App).mountAPI.GetActiveCheckouts.func140 (6 handlers)
[GIN-debug] GET    /api/assets/checkouts/overdue --> github.com/mark3748/helpdesk-go/cmd/api.(*App).mountAPI.GetOverdueCheckouts.func141 (6 handlers)
[GIN-debug] POST   /api/assets/:id/relationships --> github.com/mark3748/helpdesk-go/cmd/api.(*App).mountAPI.CreateRelationship.func143 (7 handlers)
[GIN-debug] GET    /api/assets/:id/relationships/graph --> github.com/mark3748/helpdesk-go/cmd/api.(*App).mountAPI.GetRelationshipGraph.func144 (6 handlers)
[GIN-debug] GET    /api/assets/:id/impact-analysis --> github.com/mark3748/helpdesk-go/cmd/api.(*App).mountAPI.GetAssetImpactAnalysis.func145 (6 handlers)
[GIN-debug] POST   /api/assets/bulk/update   --> github.com/mark3748/helpdesk-go/cmd/api.(*App).mountAPI.BulkUpdateAssets.func147 (7 handlers)
[GIN-debug] POST   /api/assets/bulk/assign   --> github.com/mark3748/helpdesk-go/cmd/api.(*App).mountAPI.BulkAssignAssets.func149 (7 handlers)
[GIN-debug] GET    /api/assets/bulk/operations/:id --> github.com/mark3748/helpdesk-go/cmd/api.(*App).mountAPI.GetBulkOperation.func150 (6 handlers)
[GIN-debug] POST   /api/assets/import/preview --> github.com/mark3748/helpdesk-go/cmd/api.(*App).mountAPI.ImportAssetsPreview.func152 (7 handlers)
[GIN-debug] POST   /api/assets/import        --> github.com/mark3748/helpdesk-go/cmd/api.(*App).mountAPI.ImportAssets.func154 (7 handlers)
[GIN-debug] POST   /api/assets/export        --> github.com/mark3748/helpdesk-go/cmd/api.(*App).mountAPI.ExportAssets.func156 (7 handlers)
[GIN-debug] GET    /api/assets/:id/audit     --> github.com/mark3748/helpdesk-go/cmd/api.(*App).mountAPI.GetAuditHistory.func157 (6 handlers)
[GIN-debug] GET    /api/assets/audit/summary --> github.com/mark3748/helpdesk-go/cmd/api.(*App).mountAPI.GetAuditSummary.func159 (7 handlers)
[GIN-debug] GET    /api/assets/analytics     --> github.com/mark3748/helpdesk-go/cmd/api.(*App).mountAPI.GetAssetAnalytics.func161 (7 handlers)
[GIN-debug] GET    /api/problems             --> github.com/mark3748/helpdesk-go/cmd/api.(*App).mountAPI.List.func162 (6 handlers)
[GIN-debug] POST   /api/problems             --> github.com/mark3748/helpdesk-go/cmd/api.(*App).mountAPI.Create.func163 (6 handlers)
[GIN-debug] GET    /api/problems/:id         --> github.com/mark3748/helpdesk-go/cmd/api.(*App).mountAPI.Get.func164 (6 handlers)
[GIN-debug] PUT    /api/problems/:id         --> github.com/mark3748/helpdesk-go/cmd/api.(*App).mountAPI.Update.func165 (6 handlers)
[GIN-debug] DELETE /api/problems/:id         --> github.com/mark3748/helpdesk-go/cmd/api.(*App).mountAPI.Delete.func166 (6 handlers)
[GIN-debug] GET    /api/changes              --> github.com/mark3748/helpdesk-go/cmd/api.(*App).mountAPI.List.func167 (6 handlers)
[GIN-debug] POST   /api/changes              --> github.com/mark3748/helpdesk-go/cmd/api.(*App).mountAPI.Create.func168 (6 handlers)
[GIN-debug] GET    /api/changes/:id          --> github.com/mark3748/helpdesk-go/cmd/api.(*App).mountAPI.Get.func169 (6 handlers)
[GIN-debug] PUT    /api/changes/:id          --> github.com/mark3748/helpdesk-go/cmd/api.(*App).mountAPI.Update.func170 (6 handlers)
[GIN-debug] DELETE /api/changes/:id          --> github.com/mark3748/helpdesk-go/cmd/api.(*App).mountAPI.Delete.func171 (6 handlers)
[GIN-debug] GET    /api/releases             --> github.com/mark3748/helpdesk-go/cmd/api.(*App).mountAPI.List.func172 (6 handlers)
[GIN-debug] POST   /api/releases             --> github.com/mark3748/helpdesk-go/cmd/api.(*App).mountAPI.Create.func173 (6 handlers)
[GIN-debug] GET    /api/releases/:id         --> github.com/mark3748/helpdesk-go/cmd/api.(*App).mountAPI.Get.func174 (6 handlers)
[GIN-debug] PUT    /api/releases/:id         --> github.com/mark3748/helpdesk-go/cmd/api.(*App).mountAPI.Update.func175 (6 handlers)
[GIN-debug] DELETE /api/releases/:id         --> github.com/mark3748/helpdesk-go/cmd/api.(*App).mountAPI.Delete.func176 (6 handlers)
{"level":"info","request_id":"93771b9a-e89d-4f59-a40e-51ed4d48407d","method":"GET","path":"/readyz","status":200,"duration":0.704043,"time":"2025-12-20T00:53:51-07:00","message":"request"}
[GIN-debug] [WARNING] Running in "debug" mode. Switch to "release" mode in production.
 - using env:	export GIN_MODE=release
 - using code:	gin.SetMode(gin.ReleaseMode)

[GIN-debug] GET    /livez                    --> github.com/mark3748/helpdesk-go/cmd/api.(*App).mountAPI.func1 (5 handlers)
[GIN-debug] GET    /readyz                   --> github.com/mark3748/helpdesk-go/cmd/api.(*App).readyz-fm (5 handlers)
[GIN-debug] GET    /healthz                  --> github.com/mark3748/helpdesk-go/cmd/api.(*App).mountAPI.func2 (5 handlers)
[GIN-debug] GET    /csat/:token              --> github.com/mark3748/helpdesk-go/cmd/api.(*App).csatForm-fm (5 handlers)
[GIN-debug] POST   /csat/:token              --> github.com/mark3748/helpdesk-go/cmd/api.(*App).submitCSAT-fm (5 handlers)
[GIN-debug] GET    /metrics                  --> github.com/mark3748/helpdesk-go/cmd/api.(*App).mountAPI.WrapH.func9 (5 handlers)
[GIN-debug] GET    /swagger/*filepath        --> github.com/gin-gonic/gin.(*RouterGroup).createStaticHandler.func1 (5 handlers)
[GIN-debug] HEAD   /swagger/*filepath        --> github.com/gin-gonic/gin.(*RouterGroup).createStaticHandler.func1 (5 handlers)
[GIN-debug] GET    /docs                     --> github.com/mark3748/helpdesk-go/cmd/api.(*App).docsUI-fm (5 handlers)
[GIN-debug] GET    /openapi.yaml             --> github.com/mark3748/helpdesk-go/cmd/api.(*App).openapiSpec-fm (5 handlers)
[GIN-debug] POST   /webhooks/email-inbound   --> github.com/mark3748/helpdesk-go/cmd/api.(*App).mountAPI.EmailInbound.func18 (5 handlers)
[GIN-debug] GET    /me                       --> github.com/mark3748/helpdesk-go/cmd/api/auth.Me (6 handlers)
[GIN-debug] GET    /me/profile               --> github.com/mark3748/helpdesk-go/cmd/api.(*App).getMyProfile-fm (6 handlers)
[GIN-debug] PATCH  /me/profile               --> github.com/mark3748/helpdesk-go/cmd/api.(*App).updateMyProfile-fm (6 handlers)
[GIN-debug] POST   /me/password              --> github.com/mark3748/helpdesk-go/cmd/api.(*App).changeMyPassword-fm (6 handlers)
[GIN-debug] GET    /events                   --> github.com/mark3748/helpdesk-go/cmd/api.(*App).mountAPI.Events.func20 (6 handlers)
[GIN-debug] GET    /settings                 --> github.com/mark3748/helpdesk-go/cmd/api/handlers.GetSettings (7 handlers)
[GIN-debug] GET    /features                 --> github.com/mark3748/helpdesk-go/cmd/api.(*App).mountAPI.Features.func22 (6 handlers)
[GIN-debug] POST   /test-connection          --> github.com/mark3748/helpdesk-go/cmd/api/handlers.TestConnection (7 handlers)
[GIN-debug] POST   /settings/storage         --> github.com/mark3748/helpdesk-go/cmd/api/handlers.SaveStorageSettings (7 handlers)
[GIN-debug] POST   /settings/oidc            --> github.com/mark3748/helpdesk-go/cmd/api/handlers.SaveOIDCSettings (7 handlers)
[GIN-debug] POST   /settings/mail            --> github.com/mark3748/helpdesk-go/cmd/api/handlers.SaveMailSettings (7 handlers)
[GIN-debug] POST   /settings/mail/send-test  --> github.com/mark3748/helpdesk-go/cmd/api/handlers.SendTestMail (7 handlers)
[GIN-debug] GET    /users/:id/roles          --> github.com/mark3748/helpdesk-go/cmd/api.(*App).mountAPI.ListUserRoles.func29 (7 handlers)
[GIN-debug] POST   /users/:id/roles          --> github.com/mark3748/helpdesk-go/cmd/api.(*App).mountAPI.AddUserRole.func31 (7 handlers)
[GIN-debug] DELETE /users/:id/roles/:role    --> github.com/mark3748/helpdesk-go/cmd/api.(*App).mountAPI.RemoveUserRole.func33 (7 handlers)
[GIN-debug] GET    /users                    --> github.com/mark3748/helpdesk-go/cmd/api.(*App).mountAPI.List.func35 (7 handlers)
[GIN-debug] GET    /users/:id                --> github.com/mark3748/helpdesk-go/cmd/api.(*App).mountAPI.Get.func37 (7 handlers)
[GIN-debug] POST   /users                    --> github.com/mark3748/helpdesk-go/cmd/api.(*App).mountAPI.CreateLocal.func39 (7 handlers)
[GIN-debug] GET    /roles                    --> github.com/mark3748/helpdesk-go/cmd/api.(*App).mountAPI.List.func41 (7 handlers)
[GIN-debug] GET    /requesters               --> github.com/mark3748/helpdesk-go/cmd/api.(*App).mountAPI.Search.func42 (6 handlers)
[GIN-debug] GET    /requesters/:id           --> github.com/mark3748/helpdesk-go/cmd/api.(*App).getRequester-fm (6 handlers)
[GIN-debug] POST   /requesters               --> github.com/mark3748/helpdesk-go/cmd/api.(*App).createRequester-fm (7 handlers)
[GIN-debug] PATCH  /requesters/:id           --> github.com/mark3748/helpdesk-go/cmd/api.(*App).updateRequester-fm (7 handlers)
[GIN-debug] GET    /teams                    --> github.com/mark3748/helpdesk-go/cmd/api.(*App).mountAPI.List.func45 (6 handlers)
[GIN-debug] GET    /slas                     --> github.com/mark3748/helpdesk-go/cmd/api.(*App).mountAPI.List.func46 (6 handlers)
[GIN-debug] GET    /kb                       --> github.com/mark3748/helpdesk-go/cmd/api.(*App).mountAPI.Search.func47 (6 handlers)
[GIN-debug] GET    /kb/:slug                 --> github.com/mark3748/helpdesk-go/cmd/api.(*App).mountAPI.Get.func48 (6 handlers)
[GIN-debug] POST   /kb                       --> github.com/mark3748/helpdesk-go/cmd/api.(*App).mountAPI.Create.func50 (7 handlers)
[GIN-debug] PUT    /kb/:slug                 --> github.com/mark3748/helpdesk-go/cmd/api.(*App).mountAPI.Update.func52 (7 handlers)
[GIN-debug] DELETE /kb/:slug                 --> github.com/mark3748/helpdesk-go/cmd/api.(*App).mountAPI.Delete.func54 (7 handlers)
[GIN-debug] GET    /tickets                  --> github.com/mark3748/helpdesk-go/cmd/api.(*App).mountAPI.List.func55 (6 handlers)
[GIN-debug] POST   /tickets                  --> github.com/mark3748/helpdesk-go/cmd/api.(*App).mountAPI.Create.func59 (6 handlers)
[GIN-debug] GET    /tickets/:id              --> github.com/mark3748/helpdesk-go/cmd/api.(*App).mountAPI.Get.func60 (6 handlers)
[GIN-debug] PATCH  /tickets/:id              --> github.com/mark3748/helpdesk-go/cmd/api.(*App).mountAPI.Update.func62 (7 handlers)
[GIN-debug] GET    /tickets/:id/comments     --> github.com/mark3748/helpdesk-go/cmd/api.(*App).mountAPI.List.func63 (6 handlers)
[GIN-debug] POST   /tickets/:id/comments     --> github.com/mark3748/helpdesk-go/cmd/api.(*App).mountAPI.Add.func64 (6 handlers)
[GIN-debug] GET    /tickets/:id/attachments  --> github.com/mark3748/helpdesk-go/cmd/api.(*App).mountAPI.List.func65 (6 handlers)
[GIN-debug] POST   /tickets/:id/attachments/presign --> github.com/mark3748/helpdesk-go/cmd/api.(*App).mountAPI.Presign.func75 (6 handlers)
[GIN-debug] POST   /tickets/:id/attachments  --> github.com/mark3748/helpdesk-go/cmd/api.(*App).mountAPI.Finalize.func76 (6 handlers)
[GIN-debug] GET    /tickets/:id/attachments/:attID --> github.com/mark3748/helpdesk-go/cmd/api.(*App).mountAPI.Get.func77 (6 handlers)
[GIN-debug] PUT    /attachments/upload/:objectKey --> github.com/mark3748/helpdesk-go/cmd/api.(*App).mountAPI.UploadObject.func78 (6 handlers)
[GIN-debug] DELETE /tickets/:id/attachments/:attID --> github.com/mark3748/helpdesk-go/cmd/api.(*App).mountAPI.Delete.func79 (6 handlers)
[GIN-debug] GET    /tickets/:id/watchers     --> github.com/mark3748/helpdesk-go/cmd/api.(*App).mountAPI.List.func80 (6 handlers)
[GIN-debug] POST   /tickets/:id/watchers     --> github.com/mark3748/helpdesk-go/cmd/api.(*App).mountAPI.Add.func81 (6 handlers)
[GIN-debug] DELETE /tickets/:id/watchers/:uid --> github.com/mark3748/helpdesk-go/cmd/api.(*App).mountAPI.Remove.func82 (6 handlers)
[GIN-debug] GET    /emails/outbound          --> github.com/mark3748/helpdesk-go/cmd/api.(*App).mountAPI.ListOutbound.func84 (7 handlers)
[GIN-debug] GET    /metrics/sla              --> github.com/mark3748/helpdesk-go/cmd/api.(*App).mountAPI.SLA.func86 (7 handlers)
[GIN-debug] GET    /metrics/resolution       --> github.com/mark3748/helpdesk-go/cmd/api.(*App).mountAPI.Resolution.func88 (7 handlers)
[GIN-debug] GET    /metrics/tickets          --> github.com/mark3748/helpdesk-go/cmd/api.(*App).mountAPI.TicketVolume.func90 (7 handlers)
[GIN-debug] GET    /metrics/dashboard        --> github.com/mark3748/helpdesk-go/cmd/api.(*App).mountAPI.Dashboard.func92 (7 handlers)
[GIN-debug] GET    /metrics/agent            --> github.com/mark3748/helpdesk-go/cmd/api.(*App).mountAPI.Agent.func94 (7 handlers)
[GIN-debug] GET    /metrics/manager          --> github.com/mark3748/helpdesk-go/cmd/api.(*App).mountAPI.Manager.func96 (7 handlers)
[GIN-debug] POST   /exports/tickets          --> github.com/mark3748/helpdesk-go/cmd/api.(*App).exportTicketsBridge-fm (7 handlers)
[GIN-debug] GET    /exports/tickets/:job_id  --> github.com/mark3748/helpdesk-go/cmd/api.(*App).exportTicketsStatus-fm (7 handlers)
[GIN-debug] GET    /webhooks                 --> github.com/mark3748/helpdesk-go/cmd/api.(*App).mountAPI.List.func100 (7 handlers)
[GIN-debug] POST   /webhooks                 --> github.com/mark3748/helpdesk-go/cmd/api.(*App).mountAPI.Create.func102 (7 handlers)
[GIN-debug] DELETE /webhooks/:id             --> github.com/mark3748/helpdesk-go/cmd/api.(*App).mountAPI.Delete.func104 (7 handlers)
[GIN-debug] GET    /asset-categories         --> github.com/mark3748/helpdesk-go/cmd/api.(*App).mountAPI.ListCategories.func105 (6 handlers)
[GIN-debug] POST   /asset-categories         --> github.com/mark3748/helpdesk-go/cmd/api.(*App).mountAPI.CreateCategory.func107 (7 handlers)
[GIN-debug] GET    /asset-categories/:id     --> github.com/mark3748/helpdesk-go/cmd/api.(*App).mountAPI.GetCategory.func108 (6 handlers)
[GIN-debug] GET    /assets                   --> github.com/mark3748/helpdesk-go/cmd/api.(*App).mountAPI.ListAssets.func109 (6 handlers)
[GIN-debug] POST   /assets                   --> github.com/mark3748/helpdesk-go/cmd/api.(*App).mountAPI.CreateAsset.func111 (7 handlers)
[GIN-debug] GET    /assets/:id               --> github.com/mark3748/helpdesk-go/cmd/api.(*App).mountAPI.GetAsset.func112 (6 handlers)
[GIN-debug] PATCH  /assets/:id               --> github.com/mark3748/helpdesk-go/cmd/api.(*App).mountAPI.UpdateAsset.func114 (7 handlers)
[GIN-debug] DELETE /assets/:id               --> github.com/mark3748/helpdesk-go/cmd/api.(*App).mountAPI.DeleteAsset.func116 (7 handlers)
[GIN-debug] POST   /assets/:id/assign        --> github.com/mark3748/helpdesk-go/cmd/api.(*App).mountAPI.AssignAsset.func118 (7 handlers)
[GIN-debug] GET    /assets/:id/history       --> github.com/mark3748/helpdesk-go/cmd/api.(*App).mountAPI.GetAssetHistory.func119 (6 handlers)
[GIN-debug] GET    /assets/:id/assignments   --> github.com/mark3748/helpdesk-go/cmd/api.(*App).mountAPI.GetAssetAssignments.func120 (6 handlers)
[GIN-debug] GET    /assets/:id/attachments   --> github.com/mark3748/helpdesk-go/cmd/api.(*App).mountAPI.ListAttachments.func121 (6 handlers)
[GIN-debug] POST   /assets/:id/attachments/presign --> github.com/mark3748/helpdesk-go/cmd/api.(*App).mountAPI.PresignAssetUpload.func123 (7 handlers)
[GIN-debug] POST   /assets/:id/attachments   --> github.com/mark3748/helpdesk-go/cmd/api.(*App).mountAPI.FinalizeAssetAttachment.func125 (7 handlers)
[GIN-debug] GET    /assets/:id/attachments/:attachmentID --> github.com/mark3748/helpdesk-go/cmd/api.(*App).mountAPI.GetAssetAttachment.func126 (6 handlers)
[GIN-debug] DELETE /assets/:id/attachments/:attachmentID --> github.com/mark3748/helpdesk-go/cmd/api.(*App).mountAPI.DeleteAssetAttachment.func128 (7 handlers)
[GIN-debug] PUT    /assets/attachments/upload/:objectKey --> github.com/mark3748/helpdesk-go/cmd/api.(*App).mountAPI.UploadAssetObject.func129 (6 handlers)
[GIN-debug] POST   /assets/:id/status-change --> github.com/mark3748/helpdesk-go/cmd/api.(*App).mountAPI.RequestStatusChange.func131 (7 handlers)
[GIN-debug] POST   /workflows/:id/approve    --> github.com/mark3748/helpdesk-go/cmd/api.(*App).mountAPI.ApproveWorkflow.func133 (7 handlers)
[GIN-debug] POST   /workflows/:id/reject     --> github.com/mark3748/helpdesk-go/cmd/api.(*App).mountAPI.RejectWorkflow.func135 (7 handlers)
[GIN-debug] POST   /assets/:id/checkout      --> github.com/mark3748/helpdesk-go/cmd/api.(*App).mountAPI.CheckoutAsset.func137 (7 handlers)
[GIN-debug] POST   /assets/checkin           --> github.com/mark3748/helpdesk-go/cmd/api.(*App).mountAPI.CheckinAsset.func139 (7 handlers)
[GIN-debug] GET    /assets/checkouts/active  --> github.com/mark3748/helpdesk-go/cmd/api.(*App).mountAPI.GetActiveCheckouts.func140 (6 handlers)
[GIN-debug] GET    /assets/checkouts/overdue --> github.com/mark3748/helpdesk-go/cmd/api.(*App).mountAPI.GetOverdueCheckouts.func141 (6 handlers)
[GIN-debug] POST   /assets/:id/relationships --> github.com/mark3748/helpdesk-go/cmd/api.(*App).mountAPI.CreateRelationship.func143 (7 handlers)
[GIN-debug] GET    /assets/:id/relationships/graph --> github.com/mark3748/helpdesk-go/cmd/api.(*App).mountAPI.GetRelationshipGraph.func144 (6 handlers)
[GIN-debug] GET    /assets/:id/impact-analysis --> github.com/mark3748/helpdesk-go/cmd/api.(*App).mountAPI.GetAssetImpactAnalysis.func145 (6 handlers)
[GIN-debug] POST   /assets/bulk/update       --> github.com/mark3748/helpdesk-go/cmd/api.(*App).mountAPI.BulkUpdateAssets.func147 (7 handlers)
[GIN-debug] POST   /assets/bulk/assign       --> github.com/mark3748/helpdesk-go/cmd/api.(*App).mountAPI.BulkAssignAssets.func149 (7 handlers)
[GIN-debug] GET    /assets/bulk/operations/:id --> github.com/mark3748/helpdesk-go/cmd/api.(*App).mountAPI.GetBulkOperation.func150 (6 handlers)
[GIN-debug] POST   /assets/import/preview    --> github.com/mark3748/helpdesk-go/cmd/api.(*App).mountAPI.ImportAssetsPreview.func152 (7 handlers)
[GIN-debug] POST   /assets/import            --> github.com/mark3748/helpdesk-go/cmd/api.(*App).mountAPI.ImportAssets.func154 (7 handlers)
[GIN-debug] POST   /assets/export            --> github.com/mark3748/helpdesk-go/cmd/api.(*App).mountAPI.ExportAssets.func156 (7 handlers)
[GIN-debug] GET    /assets/:id/audit         --> github.com/mark3748/helpdesk-go/cmd/api.(*App).mountAPI.GetAuditHistory.func157 (6 handlers)
[GIN-debug] GET    /assets/audit/summary     --> github.com/mark3748/helpdesk-go/cmd/api.(*App).mountAPI.GetAuditSummary.func159 (7 handlers)
[GIN-debug] GET    /assets/analytics         --> github.com/mark3748/helpdesk-go/cmd/api.(*App).mountAPI.GetAssetAnalytics.func161 (7 handlers)
[GIN-debug] GET    /problems                 --> github.com/mark3748/helpdesk-go/cmd/api.(*App).mountAPI.List.func162 (6 handlers)
[GIN-debug] POST   /problems                 --> github.com/mark3748/helpdesk-go/cmd/api.(*App).mountAPI.Create.func163 (6 handlers)
[GIN-debug] GET    /problems/:id             --> github.com/mark3748/helpdesk-go/cmd/api.(*App).mountAPI.Get.func164 (6 handlers)
[GIN-debug] PUT    /problems/:id             --> github.com/mark3748/helpdesk-go/cmd/api.(*App).mountAPI.Update.func165 (6 handlers)
[GIN-debug] DELETE /problems/:id             --> github.com/mark3748/helpdesk-go/cmd/api.(*App).mountAPI.Delete.func166 (6 handlers)
[GIN-debug] GET    /changes                  --> github.com/mark3748/helpdesk-go/cmd/api.(*App).mountAPI.List.func167 (6 handlers)
[GIN-debug] POST   /changes                  --> github.com/mark3748/helpdesk-go/cmd/api.(*App).mountAPI.Create.func168 (6 handlers)
[GIN-debug] GET    /changes/:id              --> github.com/mark3748/helpdesk-go/cmd/api.(*App).mountAPI.Get.func169 (6 handlers)
[GIN-debug] PUT    /changes/:id              --> github.com/mark3748/helpdesk-go/cmd/api.(*App).mountAPI.Update.func170 (6 handlers)
[GIN-debug] DELETE /changes/:id              --> github.com/mark3748/helpdesk-go/cmd/api.(*App).mountAPI.Delete.func171 (6 handlers)
[GIN-debug] GET    /releases                 --> github.com/mark3748/helpdesk-go/cmd/api.(*App).mountAPI.List.func172 (6 handlers)
[GIN-debug] POST   /releases                 --> github.com/mark3748/helpdesk-go/cmd/api.(*App).mountAPI.Create.func173 (6 handlers)
[GIN-debug] GET    /releases/:id             --> github.com/mark3748/helpdesk-go/cmd/api.(*App).mountAPI.Get.func174 (6 handlers)
[GIN-debug] PUT    /releases/:id             --> github.com/mark3748/helpdesk-go/cmd/api.(*App).mountAPI.Update.func175 (6 handlers)
[GIN-debug] DELETE /releases/:id             --> github.com/mark3748/helpdesk-go/cmd/api.(*App).mountAPI.Delete.func176 (6 handlers)
[GIN-debug] GET    /api/livez                --> github.com/mark3748/helpdesk-go/cmd/api.(*App).mountAPI.func1 (5 handlers)
[GIN-debug] GET    /api/readyz               --> github.com/mark3748/helpdesk-go/cmd/api.(*App).readyz-fm (5 handlers)
[GIN-debug] GET    /api/healthz              --> github.com/mark3748/helpdesk-go/cmd/api.(*App).mountAPI.func2 (5 handlers)
[GIN-debug] GET    /api/csat/:token          --> github.com/mark3748/helpdesk-go/cmd/api.(*App).csatForm-fm (5 handlers)
[GIN-debug] POST   /api/csat/:token          --> github.com/mark3748/helpdesk-go/cmd/api.(*App).submitCSAT-fm (5 handlers)
[GIN-debug] GET    /api/metrics              --> github.com/mark3748/helpdesk-go/cmd/api.(*App).mountAPI.WrapH.func9 (5 handlers)
[GIN-debug] GET    /api/swagger/*filepath    --> github.com/gin-gonic/gin.(*RouterGroup).createStaticHandler.func1 (5 handlers)
[GIN-debug] HEAD   /api/swagger/*filepath    --> github.com/gin-gonic/gin.(*RouterGroup).createStaticHandler.func1 (5 handlers)
[GIN-debug] GET    /api/docs                 --> github.com/mark3748/helpdesk-go/cmd/api.(*App).docsUI-fm (5 handlers)
[GIN-debug] GET    /api/openapi.yaml         --> github.com/mark3748/helpdesk-go/cmd/api.(*App).openapiSpec-fm (5 handlers)
[GIN-debug] POST   /api/webhooks/email-inbound --> github.com/mark3748/helpdesk-go/cmd/api.(*App).mountAPI.EmailInbound.func18 (5 handlers)
[GIN-debug] GET    /api/me                   --> github.com/mark3748/helpdesk-go/cmd/api/auth.Me (6 handlers)
[GIN-debug] GET    /api/me/profile           --> github.com/mark3748/helpdesk-go/cmd/api.(*App).getMyProfile-fm (6 handlers)
[GIN-debug] PATCH  /api/me/profile           --> github.com/mark3748/helpdesk-go/cmd/api.(*App).updateMyProfile-fm (6 handlers)
[GIN-debug] POST   /api/me/password          --> github.com/mark3748/helpdesk-go/cmd/api.(*App).changeMyPassword-fm (6 handlers)
[GIN-debug] GET    /api/events               --> github.com/mark3748/helpdesk-go/cmd/api.(*App).mountAPI.Events.func20 (6 handlers)
[GIN-debug] GET    /api/settings             --> github.com/mark3748/helpdesk-go/cmd/api/handlers.GetSettings (7 handlers)
[GIN-debug] GET    /api/features             --> github.com/mark3748/helpdesk-go/cmd/api.(*App).mountAPI.Features.func22 (6 handlers)
[GIN-debug] POST   /api/test-connection      --> github.com/mark3748/helpdesk-go/cmd/api/handlers.TestConnection (7 handlers)
[GIN-debug] POST   /api/settings/storage     --> github.com/mark3748/helpdesk-go/cmd/api/handlers.SaveStorageSettings (7 handlers)
[GIN-debug] POST   /api/settings/oidc        --> github.com/mark3748/helpdesk-go/cmd/api/handlers.SaveOIDCSettings (7 handlers)
[GIN-debug] POST   /api/settings/mail        --> github.com/mark3748/helpdesk-go/cmd/api/handlers.SaveMailSettings (7 handlers)
[GIN-debug] POST   /api/settings/mail/send-test --> github.com/mark3748/helpdesk-go/cmd/api/handlers.SendTestMail (7 handlers)
[GIN-debug] GET    /api/users/:id/roles      --> github.com/mark3748/helpdesk-go/cmd/api.(*App).mountAPI.ListUserRoles.func29 (7 handlers)
[GIN-debug] POST   /api/users/:id/roles      --> github.com/mark3748/helpdesk-go/cmd/api.(*App).mountAPI.AddUserRole.func31 (7 handlers)
[GIN-debug] DELETE /api/users/:id/roles/:role --> github.com/mark3748/helpdesk-go/cmd/api.(*App).mountAPI.RemoveUserRole.func33 (7 handlers)
[GIN-debug] GET    /api/users                --> github.com/mark3748/helpdesk-go/cmd/api.(*App).mountAPI.List.func35 (7 handlers)
[GIN-debug] GET    /api/users/:id            --> github.com/mark3748/helpdesk-go/cmd/api.(*App).mountAPI.Get.func37 (7 handlers)
[GIN-debug] POST   /api/users                --> github.com/mark3748/helpdesk-go/cmd/api.(*App).mountAPI.CreateLocal.func39 (7 handlers)
[GIN-debug] GET    /api/roles                --> github.com/mark3748/helpdesk-go/cmd/api.(*App).mountAPI.List.func41 (7 handlers)
[GIN-debug] GET    /api/requesters           --> github.com/mark3748/helpdesk-go/cmd/api.(*App).mountAPI.Search.func42 (6 handlers)
[GIN-debug] GET    /api/requesters/:id       --> github.com/mark3748/helpdesk-go/cmd/api.(*App).getRequester-fm (6 handlers)
[GIN-debug] POST   /api/requesters           --> github.com/mark3748/helpdesk-go/cmd/api.(*App).createRequester-fm (7 handlers)
[GIN-debug] PATCH  /api/requesters/:id       --> github.com/mark3748/helpdesk-go/cmd/api.(*App).updateRequester-fm (7 handlers)
[GIN-debug] GET    /api/teams                --> github.com/mark3748/helpdesk-go/cmd/api.(*App).mountAPI.List.func45 (6 handlers)
[GIN-debug] GET    /api/slas                 --> github.com/mark3748/helpdesk-go/cmd/api.(*App).mountAPI.List.func46 (6 handlers)
[GIN-debug] GET    /api/kb                   --> github.com/mark3748/helpdesk-go/cmd/api.(*App).mountAPI.Search.func47 (6 handlers)
[GIN-debug] GET    /api/kb/:slug             --> github.com/mark3748/helpdesk-go/cmd/api.(*App).mountAPI.Get.func48 (6 handlers)
[GIN-debug] POST   /api/kb                   --> github.com/mark3748/helpdesk-go/cmd/api.(*App).mountAPI.Create.func50 (7 handlers)
[GIN-debug] PUT    /api/kb/:slug             --> github.com/mark3748/helpdesk-go/cmd/api.(*App).mountAPI.Update.func52 (7 handlers)
[GIN-debug] DELETE /api/kb/:slug             --> github.com/mark3748/helpdesk-go/cmd/api.(*App).mountAPI.Delete.func54 (7 handlers)
[GIN-debug] GET    /api/tickets              --> github.com/mark3748/helpdesk-go/cmd/api.(*App).mountAPI.List.func55 (6 handlers)
[GIN-debug] POST   /api/tickets              --> github.com/mark3748/helpdesk-go/cmd/api.(*App).mountAPI.Create.func59 (6 handlers)
[GIN-debug] GET    /api/tickets/:id          --> github.com/mark3748/helpdesk-go/cmd/api.(*App).mountAPI.Get.func60 (6 handlers)
[GIN-debug] PATCH  /api/tickets/:id          --> github.com/mark3748/helpdesk-go/cmd/api.(*App).mountAPI.Update.func62 (7 handlers)
[GIN-debug] GET    /api/tickets/:id/comments --> github.com/mark3748/helpdesk-go/cmd/api.(*App).mountAPI.List.func63 (6 handlers)
[GIN-debug] POST   /api/tickets/:id/comments --> github.com/mark3748/helpdesk-go/cmd/api.(*App).mountAPI.Add.func64 (6 handlers)
[GIN-debug] GET    /api/tickets/:id/attachments --> github.com/mark3748/helpdesk-go/cmd/api.(*App).mountAPI.List.func65 (6 handlers)
[GIN-debug] POST   /api/tickets/:id/attachments/presign --> github.com/mark3748/helpdesk-go/cmd/api.(*App).mountAPI.Presign.func75 (6 handlers)
[GIN-debug] POST   /api/tickets/:id/attachments --> github.com/mark3748/helpdesk-go/cmd/api.(*App).mountAPI.Finalize.func76 (6 handlers)
[GIN-debug] GET    /api/tickets/:id/attachments/:attID --> github.com/mark3748/helpdesk-go/cmd/api.(*App).mountAPI.Get.func77 (6 handlers)
[GIN-debug] PUT    /api/attachments/upload/:objectKey --> github.com/mark3748/helpdesk-go/cmd/api.(*App).mountAPI.UploadObject.func78 (6 handlers)
[GIN-debug] DELETE /api/tickets/:id/attachments/:attID --> github.com/mark3748/helpdesk-go/cmd/api.(*App).mountAPI.Delete.func79 (6 handlers)
[GIN-debug] GET    /api/tickets/:id/watchers --> github.com/mark3748/helpdesk-go/cmd/api.(*App).mountAPI.List.func80 (6 handlers)
[GIN-debug] POST   /api/tickets/:id/watchers --> github.com/mark3748/helpdesk-go/cmd/api.(*App).mountAPI.Add.func81 (6 handlers)
[GIN-debug] DELETE /api/tickets/:id/watchers/:uid --> github.com/mark3748/helpdesk-go/cmd/api.(*App).mountAPI.Remove.func82 (6 handlers)
[GIN-debug] GET    /api/emails/outbound      --> github.com/mark3748/helpdesk-go/cmd/api.(*App).mountAPI.ListOutbound.func84 (7 handlers)
[GIN-debug] GET    /api/metrics/sla          --> github.com/mark3748/helpdesk-go/cmd/api.(*App).mountAPI.SLA.func86 (7 handlers)
[GIN-debug] GET    /api/metrics/resolution   --> github.com/mark3748/helpdesk-go/cmd/api.(*App).mountAPI.Resolution.func88 (7 handlers)
[GIN-debug] GET    /api/metrics/tickets      --> github.com/mark3748/helpdesk-go/cmd/api.(*App).mountAPI.TicketVolume.func90 (7 handlers)
[GIN-debug] GET    /api/metrics/dashboard    --> github.com/mark3748/helpdesk-go/cmd/api.(*App).mountAPI.Dashboard.func92 (7 handlers)
[GIN-debug] GET    /api/metrics/agent        --> github.com/mark3748/helpdesk-go/cmd/api.(*App).mountAPI.Agent.func94 (7 handlers)
[GIN-debug] GET    /api/metrics/manager      --> github.com/mark3748/helpdesk-go/cmd/api.(*App).mountAPI.Manager.func96 (7 handlers)
[GIN-debug] POST   /api/exports/tickets      --> github.com/mark3748/helpdesk-go/cmd/api.(*App).exportTicketsBridge-fm (7 handlers)
[GIN-debug] GET    /api/exports/tickets/:job_id --> github.com/mark3748/helpdesk-go/cmd/api.(*App).exportTicketsStatus-fm (7 handlers)
[GIN-debug] GET    /api/webhooks             --> github.com/mark3748/helpdesk-go/cmd/api.(*App).mountAPI.List.func100 (7 handlers)
[GIN-debug] POST   /api/webhooks             --> github.com/mark3748/helpdesk-go/cmd/api.(*App).mountAPI.Create.func102 (7 handlers)
[GIN-debug] DELETE /api/webhooks/:id         --> github.com/mark3748/helpdesk-go/cmd/api.(*App).mountAPI.Delete.func104 (7 handlers)
[GIN-debug] GET    /api/asset-categories     --> github.com/mark3748/helpdesk-go/cmd/api.(*App).mountAPI.ListCategories.func105 (6 handlers)
[GIN-debug] POST   /api/asset-categories     --> github.com/mark3748/helpdesk-go/cmd/api.(*App).mountAPI.CreateCategory.func107 (7 handlers)
[GIN-debug] GET    /api/asset-categories/:id --> github.com/mark3748/helpdesk-go/cmd/api.(*App).mountAPI.GetCategory.func108 (6 handlers)
[GIN-debug] GET    /api/assets               --> github.com/mark3748/helpdesk-go/cmd/api.(*App).mountAPI.ListAssets.func109 (6 handlers)
[GIN-debug] POST   /api/assets               --> github.com/mark3748/helpdesk-go/cmd/api.(*App).mountAPI.CreateAsset.func111 (7 handlers)
[GIN-debug] GET    /api/assets/:id           --> github.com/mark3748/helpdesk-go/cmd/api.(*App).mountAPI.GetAsset.func112 (6 handlers)
[GIN-debug] PATCH  /api/assets/:id           --> github.com/mark3748/helpdesk-go/cmd/api.(*App).mountAPI.UpdateAsset.func114 (7 handlers)
[GIN-debug] DELETE /api/assets/:id           --> github.com/mark3748/helpdesk-go/cmd/api.(*App).mountAPI.DeleteAsset.func116 (7 handlers)
[GIN-debug] POST   /api/assets/:id/assign    --> github.com/mark3748/helpdesk-go/cmd/api.(*App).mountAPI.AssignAsset.func118 (7 handlers)
[GIN-debug] GET    /api/assets/:id/history   --> github.com/mark3748/helpdesk-go/cmd/api.(*App).mountAPI.GetAssetHistory.func119 (6 handlers)
[GIN-debug] GET    /api/assets/:id/assignments --> github.com/mark3748/helpdesk-go/cmd/api.(*App).mountAPI.GetAssetAssignments.func120 (6 handlers)
[GIN-debug] GET    /api/assets/:id/attachments --> github.com/mark3748/helpdesk-go/cmd/api.(*App).mountAPI.ListAttachments.func121 (6 handlers)
[GIN-debug] POST   /api/assets/:id/attachments/presign --> github.com/mark3748/helpdesk-go/cmd/api.(*App).mountAPI.PresignAssetUpload.func123 (7 handlers)
[GIN-debug] POST   /api/assets/:id/attachments --> github.com/mark3748/helpdesk-go/cmd/api.(*App).mountAPI.FinalizeAssetAttachment.func125 (7 handlers)
[GIN-debug] GET    /api/assets/:id/attachments/:attachmentID --> github.com/mark3748/helpdesk-go/cmd/api.(*App).mountAPI.GetAssetAttachment.func126 (6 handlers)
[GIN-debug] DELETE /api/assets/:id/attachments/:attachmentID --> github.com/mark3748/helpdesk-go/cmd/api.(*App).mountAPI.DeleteAssetAttachment.func128 (7 handlers)
[GIN-debug] PUT    /api/assets/attachments/upload/:objectKey --> github.com/mark3748/helpdesk-go/cmd/api.(*App).mountAPI.UploadAssetObject.func129 (6 handlers)
[GIN-debug] POST   /api/assets/:id/status-change --> github.com/mark3748/helpdesk-go/cmd/api.(*App).mountAPI.RequestStatusChange.func131 (7 handlers)
[GIN-debug] POST   /api/workflows/:id/approve --> github.com/mark3748/helpdesk-go/cmd/api.(*App).mountAPI.ApproveWorkflow.func133 (7 handlers)
[GIN-debug] POST   /api/workflows/:id/reject --> github.com/mark3748/helpdesk-go/cmd/api.(*App).mountAPI.RejectWorkflow.func135 (7 handlers)
[GIN-debug] POST   /api/assets/:id/checkout  --> github.com/mark3748/helpdesk-go/cmd/api.(*App).mountAPI.CheckoutAsset.func137 (7 handlers)
[GIN-debug] POST   /api/assets/checkin       --> github.com/mark3748/helpdesk-go/cmd/api.(*App).mountAPI.CheckinAsset.func139 (7 handlers)
[GIN-debug] GET    /api/assets/checkouts/active --> github.com/mark3748/helpdesk-go/cmd/api.(*App).mountAPI.GetActiveCheckouts.func140 (6 handlers)
[GIN-debug] GET    /api/assets/checkouts/overdue --> github.com/mark3748/helpdesk-go/cmd/api.(*App).mountAPI.GetOverdueCheckouts.func141 (6 handlers)
[GIN-debug] POST   /api/assets/:id/relationships --> github.com/mark3748/helpdesk-go/cmd/api.(*App).mountAPI.CreateRelationship.func143 (7 handlers)
[GIN-debug] GET    /api/assets/:id/relationships/graph --> github.com/mark3748/helpdesk-go/cmd/api.(*App).mountAPI.GetRelationshipGraph.func144 (6 handlers)
[GIN-debug] GET    /api/assets/:id/impact-analysis --> github.com/mark3748/helpdesk-go/cmd/api.(*App).mountAPI.GetAssetImpactAnalysis.func145 (6 handlers)
[GIN-debug] POST   /api/assets/bulk/update   --> github.com/mark3748/helpdesk-go/cmd/api.(*App).mountAPI.BulkUpdateAssets.func147 (7 handlers)
[GIN-debug] POST   /api/assets/bulk/assign   --> github.com/mark3748/helpdesk-go/cmd/api.(*App).mountAPI.BulkAssignAssets.func149 (7 handlers)
[GIN-debug] GET    /api/assets/bulk/operations/:id --> github.com/mark3748/helpdesk-go/cmd/api.(*App).mountAPI.GetBulkOperation.func150 (6 handlers)
[GIN-debug] POST   /api/assets/import/preview --> github.com/mark3748/helpdesk-go/cmd/api.(*App).mountAPI.ImportAssetsPreview.func152 (7 handlers)
[GIN-debug] POST   /api/assets/import        --> github.com/mark3748/helpdesk-go/cmd/api.(*App).mountAPI.ImportAssets.func154 (7 handlers)
[GIN-debug] POST   /api/assets/export        --> github.com/mark3748/helpdesk-go/cmd/api.(*App).mountAPI.ExportAssets.func156 (7 handlers)
[GIN-debug] GET    /api/assets/:id/audit     --> github.com/mark3748/helpdesk-go/cmd/api.(*App).mountAPI.GetAuditHistory.func157 (6 handlers)
[GIN-debug] GET    /api/assets/audit/summary --> github.com/mark3748/helpdesk-go/cmd/api.(*App).mountAPI.GetAuditSummary.func159 (7 handlers)
[GIN-debug] GET    /api/assets/analytics     --> github.com/mark3748/helpdesk-go/cmd/api.(*App).mountAPI.GetAssetAnalytics.func161 (7 handlers)
[GIN-debug] GET    /api/problems             --> github.com/mark3748/helpdesk-go/cmd/api.(*App).mountAPI.List.func162 (6 handlers)
[GIN-debug] POST   /api/problems             --> github.com/mark3748/helpdesk-go/cmd/api.(*App).mountAPI.Create.func163 (6 handlers)
[GIN-debug] GET    /api/problems/:id         --> github.com/mark3748/helpdesk-go/cmd/api.(*App).mountAPI.Get.func164 (6 handlers)
[GIN-debug] PUT    /api/problems/:id         --> github.com/mark3748/helpdesk-go/cmd/api.(*App).mountAPI.Update.func165 (6 handlers)
[GIN-debug] DELETE /api/problems/:id         --> github.com/mark3748/helpdesk-go/cmd/api.(*App).mountAPI.Delete.func166 (6 handlers)
[GIN-debug] GET    /api/changes              --> github.com/mark3748/helpdesk-go/cmd/api.(*App).mountAPI.List.func167 (6 handlers)
[GIN-debug] POST   /api/changes              --> github.com/mark3748/helpdesk-go/cmd/api.(*App).mountAPI.Create.func168 (6 handlers)
[GIN-debug] GET    /api/changes/:id          --> github.com/mark3748/helpdesk-go/cmd/api.(*App).mountAPI.Get.func169 (6 handlers)
[GIN-debug] PUT    /api/changes/:id          --> github.com/mark3748/helpdesk-go/cmd/api.(*App).mountAPI.Update.func170 (6 handlers)
[GIN-debug] DELETE /api/changes/:id          --> github.com/mark3748/helpdesk-go/cmd/api.(*App).mountAPI.Delete.func171 (6 handlers)
[GIN-debug] GET    /api/releases             --> github.com/mark3748/helpdesk-go/cmd/api.(*App).mountAPI.List.func172 (6 handlers)
[GIN-debug] POST   /api/releases             --> github.com/mark3748/helpdesk-go/cmd/api.(*App).mountAPI.Create.func173 (6 handlers)
[GIN-debug] GET    /api/releases/:id         --> github.com/mark3748/helpdesk-go/cmd/api.(*App).mountAPI.Get.func174 (6 handlers)
[GIN-debug] PUT    /api/releases/:id         --> github.com/mark3748/helpdesk-go/cmd/api.(*App).mountAPI.Update.func175 (6 handlers)
[GIN-debug] DELETE /api/releases/:id         --> github.com/mark3748/helpdesk-go/cmd/api.(*App).mountAPI.Delete.func176 (6 handlers)
{"level":"info","request_id":"5de73263-6f65-4cbb-89df-6530223a2cbe","method":"GET","path":"/me","status":200,"duration":0.044804,"time":"2025-12-20T00:53:51-07:00","message":"request"}
[GIN-debug] [WARNING] Running in "debug" mode. Switch to "release" mode in production.
 - using env:	export GIN_MODE=release
 - using code:	gin.SetMode(gin.ReleaseMode)

[GIN-debug] GET    /livez                    --> github.com/mark3748/helpdesk-go/cmd/api.(*App).mountAPI.func1 (5 handlers)
[GIN-debug] GET    /readyz                   --> github.com/mark3748/helpdesk-go/cmd/api.(*App).readyz-fm (5 handlers)
[GIN-debug] GET    /healthz                  --> github.com/mark3748/helpdesk-go/cmd/api.(*App).mountAPI.func2 (5 handlers)
[GIN-debug] GET    /csat/:token              --> github.com/mark3748/helpdesk-go/cmd/api.(*App).csatForm-fm (5 handlers)
[GIN-debug] POST   /csat/:token              --> github.com/mark3748/helpdesk-go/cmd/api.(*App).submitCSAT-fm (5 handlers)
[GIN-debug] GET    /metrics                  --> github.com/mark3748/helpdesk-go/cmd/api.(*App).mountAPI.WrapH.func9 (5 handlers)
[GIN-debug] GET    /swagger/*filepath        --> github.com/gin-gonic/gin.(*RouterGroup).createStaticHandler.func1 (5 handlers)
[GIN-debug] HEAD   /swagger/*filepath        --> github.com/gin-gonic/gin.(*RouterGroup).createStaticHandler.func1 (5 handlers)
[GIN-debug] GET    /docs                     --> github.com/mark3748/helpdesk-go/cmd/api.(*App).docsUI-fm (5 handlers)
[GIN-debug] GET    /openapi.yaml             --> github.com/mark3748/helpdesk-go/cmd/api.(*App).openapiSpec-fm (5 handlers)
[GIN-debug] POST   /webhooks/email-inbound   --> github.com/mark3748/helpdesk-go/cmd/api.(*App).mountAPI.EmailInbound.func18 (5 handlers)
[GIN-debug] GET    /me                       --> github.com/mark3748/helpdesk-go/cmd/api/auth.Me (6 handlers)
[GIN-debug] GET    /me/profile               --> github.com/mark3748/helpdesk-go/cmd/api.(*App).getMyProfile-fm (6 handlers)
[GIN-debug] PATCH  /me/profile               --> github.com/mark3748/helpdesk-go/cmd/api.(*App).updateMyProfile-fm (6 handlers)
[GIN-debug] POST   /me/password              --> github.com/mark3748/helpdesk-go/cmd/api.(*App).changeMyPassword-fm (6 handlers)
[GIN-debug] GET    /events                   --> github.com/mark3748/helpdesk-go/cmd/api.(*App).mountAPI.Events.func20 (6 handlers)
[GIN-debug] GET    /settings                 --> github.com/mark3748/helpdesk-go/cmd/api/handlers.GetSettings (7 handlers)
[GIN-debug] GET    /features                 --> github.com/mark3748/helpdesk-go/cmd/api.(*App).mountAPI.Features.func22 (6 handlers)
[GIN-debug] POST   /test-connection          --> github.com/mark3748/helpdesk-go/cmd/api/handlers.TestConnection (7 handlers)
[GIN-debug] POST   /settings/storage         --> github.com/mark3748/helpdesk-go/cmd/api/handlers.SaveStorageSettings (7 handlers)
[GIN-debug] POST   /settings/oidc            --> github.com/mark3748/helpdesk-go/cmd/api/handlers.SaveOIDCSettings (7 handlers)
[GIN-debug] POST   /settings/mail            --> github.com/mark3748/helpdesk-go/cmd/api/handlers.SaveMailSettings (7 handlers)
[GIN-debug] POST   /settings/mail/send-test  --> github.com/mark3748/helpdesk-go/cmd/api/handlers.SendTestMail (7 handlers)
[GIN-debug] GET    /users/:id/roles          --> github.com/mark3748/helpdesk-go/cmd/api.(*App).mountAPI.ListUserRoles.func29 (7 handlers)
[GIN-debug] POST   /users/:id/roles          --> github.com/mark3748/helpdesk-go/cmd/api.(*App).mountAPI.AddUserRole.func31 (7 handlers)
[GIN-debug] DELETE /users/:id/roles/:role    --> github.com/mark3748/helpdesk-go/cmd/api.(*App).mountAPI.RemoveUserRole.func33 (7 handlers)
[GIN-debug] GET    /users                    --> github.com/mark3748/helpdesk-go/cmd/api.(*App).mountAPI.List.func35 (7 handlers)
[GIN-debug] GET    /users/:id                --> github.com/mark3748/helpdesk-go/cmd/api.(*App).mountAPI.Get.func37 (7 handlers)
[GIN-debug] POST   /users                    --> github.com/mark3748/helpdesk-go/cmd/api.(*App).mountAPI.CreateLocal.func39 (7 handlers)
[GIN-debug] GET    /roles                    --> github.com/mark3748/helpdesk-go/cmd/api.(*App).mountAPI.List.func41 (7 handlers)
[GIN-debug] GET    /requesters               --> github.com/mark3748/helpdesk-go/cmd/api.(*App).mountAPI.Search.func42 (6 handlers)
[GIN-debug] GET    /requesters/:id           --> github.com/mark3748/helpdesk-go/cmd/api.(*App).getRequester-fm (6 handlers)
[GIN-debug] POST   /requesters               --> github.com/mark3748/helpdesk-go/cmd/api.(*App).createRequester-fm (7 handlers)
[GIN-debug] PATCH  /requesters/:id           --> github.com/mark3748/helpdesk-go/cmd/api.(*App).updateRequester-fm (7 handlers)
[GIN-debug] GET    /teams                    --> github.com/mark3748/helpdesk-go/cmd/api.(*App).mountAPI.List.func45 (6 handlers)
[GIN-debug] GET    /slas                     --> github.com/mark3748/helpdesk-go/cmd/api.(*App).mountAPI.List.func46 (6 handlers)
[GIN-debug] GET    /kb                       --> github.com/mark3748/helpdesk-go/cmd/api.(*App).mountAPI.Search.func47 (6 handlers)
[GIN-debug] GET    /kb/:slug                 --> github.com/mark3748/helpdesk-go/cmd/api.(*App).mountAPI.Get.func48 (6 handlers)
[GIN-debug] POST   /kb                       --> github.com/mark3748/helpdesk-go/cmd/api.(*App).mountAPI.Create.func50 (7 handlers)
[GIN-debug] PUT    /kb/:slug                 --> github.com/mark3748/helpdesk-go/cmd/api.(*App).mountAPI.Update.func52 (7 handlers)
[GIN-debug] DELETE /kb/:slug                 --> github.com/mark3748/helpdesk-go/cmd/api.(*App).mountAPI.Delete.func54 (7 handlers)
[GIN-debug] GET    /tickets                  --> github.com/mark3748/helpdesk-go/cmd/api.(*App).mountAPI.List.func55 (6 handlers)
[GIN-debug] POST   /tickets                  --> github.com/mark3748/helpdesk-go/cmd/api.(*App).mountAPI.Create.func59 (6 handlers)
[GIN-debug] GET    /tickets/:id              --> github.com/mark3748/helpdesk-go/cmd/api.(*App).mountAPI.Get.func60 (6 handlers)
[GIN-debug] PATCH  /tickets/:id              --> github.com/mark3748/helpdesk-go/cmd/api.(*App).mountAPI.Update.func62 (7 handlers)
[GIN-debug] GET    /tickets/:id/comments     --> github.com/mark3748/helpdesk-go/cmd/api.(*App).mountAPI.List.func63 (6 handlers)
[GIN-debug] POST   /tickets/:id/comments     --> github.com/mark3748/helpdesk-go/cmd/api.(*App).mountAPI.Add.func64 (6 handlers)
[GIN-debug] GET    /tickets/:id/attachments  --> github.com/mark3748/helpdesk-go/cmd/api.(*App).mountAPI.List.func65 (6 handlers)
[GIN-debug] POST   /tickets/:id/attachments/presign --> github.com/mark3748/helpdesk-go/cmd/api.(*App).mountAPI.Presign.func75 (6 handlers)
[GIN-debug] POST   /tickets/:id/attachments  --> github.com/mark3748/helpdesk-go/cmd/api.(*App).mountAPI.Finalize.func76 (6 handlers)
[GIN-debug] GET    /tickets/:id/attachments/:attID --> github.com/mark3748/helpdesk-go/cmd/api.(*App).mountAPI.Get.func77 (6 handlers)
[GIN-debug] PUT    /attachments/upload/:objectKey --> github.com/mark3748/helpdesk-go/cmd/api.(*App).mountAPI.UploadObject.func78 (6 handlers)
[GIN-debug] DELETE /tickets/:id/attachments/:attID --> github.com/mark3748/helpdesk-go/cmd/api.(*App).mountAPI.Delete.func79 (6 handlers)
[GIN-debug] GET    /tickets/:id/watchers     --> github.com/mark3748/helpdesk-go/cmd/api.(*App).mountAPI.List.func80 (6 handlers)
[GIN-debug] POST   /tickets/:id/watchers     --> github.com/mark3748/helpdesk-go/cmd/api.(*App).mountAPI.Add.func81 (6 handlers)
[GIN-debug] DELETE /tickets/:id/watchers/:uid --> github.com/mark3748/helpdesk-go/cmd/api.(*App).mountAPI.Remove.func82 (6 handlers)
[GIN-debug] GET    /emails/outbound          --> github.com/mark3748/helpdesk-go/cmd/api.(*App).mountAPI.ListOutbound.func84 (7 handlers)
[GIN-debug] GET    /metrics/sla              --> github.com/mark3748/helpdesk-go/cmd/api.(*App).mountAPI.SLA.func86 (7 handlers)
[GIN-debug] GET    /metrics/resolution       --> github.com/mark3748/helpdesk-go/cmd/api.(*App).mountAPI.Resolution.func88 (7 handlers)
[GIN-debug] GET    /metrics/tickets          --> github.com/mark3748/helpdesk-go/cmd/api.(*App).mountAPI.TicketVolume.func90 (7 handlers)
[GIN-debug] GET    /metrics/dashboard        --> github.com/mark3748/helpdesk-go/cmd/api.(*App).mountAPI.Dashboard.func92 (7 handlers)
[GIN-debug] GET    /metrics/agent            --> github.com/mark3748/helpdesk-go/cmd/api.(*App).mountAPI.Agent.func94 (7 handlers)
[GIN-debug] GET    /metrics/manager          --> github.com/mark3748/helpdesk-go/cmd/api.(*App).mountAPI.Manager.func96 (7 handlers)
[GIN-debug] POST   /exports/tickets          --> github.com/mark3748/helpdesk-go/cmd/api.(*App).exportTicketsBridge-fm (7 handlers)
[GIN-debug] GET    /exports/tickets/:job_id  --> github.com/mark3748/helpdesk-go/cmd/api.(*App).exportTicketsStatus-fm (7 handlers)
[GIN-debug] GET    /webhooks                 --> github.com/mark3748/helpdesk-go/cmd/api.(*App).mountAPI.List.func100 (7 handlers)
[GIN-debug] POST   /webhooks                 --> github.com/mark3748/helpdesk-go/cmd/api.(*App).mountAPI.Create.func102 (7 handlers)
[GIN-debug] DELETE /webhooks/:id             --> github.com/mark3748/helpdesk-go/cmd/api.(*App).mountAPI.Delete.func104 (7 handlers)
[GIN-debug] GET    /asset-categories         --> github.com/mark3748/helpdesk-go/cmd/api.(*App).mountAPI.ListCategories.func105 (6 handlers)
[GIN-debug] POST   /asset-categories         --> github.com/mark3748/helpdesk-go/cmd/api.(*App).mountAPI.CreateCategory.func107 (7 handlers)
[GIN-debug] GET    /asset-categories/:id     --> github.com/mark3748/helpdesk-go/cmd/api.(*App).mountAPI.GetCategory.func108 (6 handlers)
[GIN-debug] GET    /assets                   --> github.com/mark3748/helpdesk-go/cmd/api.(*App).mountAPI.ListAssets.func109 (6 handlers)
[GIN-debug] POST   /assets                   --> github.com/mark3748/helpdesk-go/cmd/api.(*App).mountAPI.CreateAsset.func111 (7 handlers)
[GIN-debug] GET    /assets/:id               --> github.com/mark3748/helpdesk-go/cmd/api.(*App).mountAPI.GetAsset.func112 (6 handlers)
[GIN-debug] PATCH  /assets/:id               --> github.com/mark3748/helpdesk-go/cmd/api.(*App).mountAPI.UpdateAsset.func114 (7 handlers)
[GIN-debug] DELETE /assets/:id               --> github.com/mark3748/helpdesk-go/cmd/api.(*App).mountAPI.DeleteAsset.func116 (7 handlers)
[GIN-debug] POST   /assets/:id/assign        --> github.com/mark3748/helpdesk-go/cmd/api.(*App).mountAPI.AssignAsset.func118 (7 handlers)
[GIN-debug] GET    /assets/:id/history       --> github.com/mark3748/helpdesk-go/cmd/api.(*App).mountAPI.GetAssetHistory.func119 (6 handlers)
[GIN-debug] GET    /assets/:id/assignments   --> github.com/mark3748/helpdesk-go/cmd/api.(*App).mountAPI.GetAssetAssignments.func120 (6 handlers)
[GIN-debug] GET    /assets/:id/attachments   --> github.com/mark3748/helpdesk-go/cmd/api.(*App).mountAPI.ListAttachments.func121 (6 handlers)
[GIN-debug] POST   /assets/:id/attachments/presign --> github.com/mark3748/helpdesk-go/cmd/api.(*App).mountAPI.PresignAssetUpload.func123 (7 handlers)
[GIN-debug] POST   /assets/:id/attachments   --> github.com/mark3748/helpdesk-go/cmd/api.(*App).mountAPI.FinalizeAssetAttachment.func125 (7 handlers)
[GIN-debug] GET    /assets/:id/attachments/:attachmentID --> github.com/mark3748/helpdesk-go/cmd/api.(*App).mountAPI.GetAssetAttachment.func126 (6 handlers)
[GIN-debug] DELETE /assets/:id/attachments/:attachmentID --> github.com/mark3748/helpdesk-go/cmd/api.(*App).mountAPI.DeleteAssetAttachment.func128 (7 handlers)
[GIN-debug] PUT    /assets/attachments/upload/:objectKey --> github.com/mark3748/helpdesk-go/cmd/api.(*App).mountAPI.UploadAssetObject.func129 (6 handlers)
[GIN-debug] POST   /assets/:id/status-change --> github.com/mark3748/helpdesk-go/cmd/api.(*App).mountAPI.RequestStatusChange.func131 (7 handlers)
[GIN-debug] POST   /workflows/:id/approve    --> github.com/mark3748/helpdesk-go/cmd/api.(*App).mountAPI.ApproveWorkflow.func133 (7 handlers)
[GIN-debug] POST   /workflows/:id/reject     --> github.com/mark3748/helpdesk-go/cmd/api.(*App).mountAPI.RejectWorkflow.func135 (7 handlers)
[GIN-debug] POST   /assets/:id/checkout      --> github.com/mark3748/helpdesk-go/cmd/api.(*App).mountAPI.CheckoutAsset.func137 (7 handlers)
[GIN-debug] POST   /assets/checkin           --> github.com/mark3748/helpdesk-go/cmd/api.(*App).mountAPI.CheckinAsset.func139 (7 handlers)
[GIN-debug] GET    /assets/checkouts/active  --> github.com/mark3748/helpdesk-go/cmd/api.(*App).mountAPI.GetActiveCheckouts.func140 (6 handlers)
[GIN-debug] GET    /assets/checkouts/overdue --> github.com/mark3748/helpdesk-go/cmd/api.(*App).mountAPI.GetOverdueCheckouts.func141 (6 handlers)
[GIN-debug] POST   /assets/:id/relationships --> github.com/mark3748/helpdesk-go/cmd/api.(*App).mountAPI.CreateRelationship.func143 (7 handlers)
[GIN-debug] GET    /assets/:id/relationships/graph --> github.com/mark3748/helpdesk-go/cmd/api.(*App).mountAPI.GetRelationshipGraph.func144 (6 handlers)
[GIN-debug] GET    /assets/:id/impact-analysis --> github.com/mark3748/helpdesk-go/cmd/api.(*App).mountAPI.GetAssetImpactAnalysis.func145 (6 handlers)
[GIN-debug] POST   /assets/bulk/update       --> github.com/mark3748/helpdesk-go/cmd/api.(*App).mountAPI.BulkUpdateAssets.func147 (7 handlers)
[GIN-debug] POST   /assets/bulk/assign       --> github.com/mark3748/helpdesk-go/cmd/api.(*App).mountAPI.BulkAssignAssets.func149 (7 handlers)
[GIN-debug] GET    /assets/bulk/operations/:id --> github.com/mark3748/helpdesk-go/cmd/api.(*App).mountAPI.GetBulkOperation.func150 (6 handlers)
[GIN-debug] POST   /assets/import/preview    --> github.com/mark3748/helpdesk-go/cmd/api.(*App).mountAPI.ImportAssetsPreview.func152 (7 handlers)
[GIN-debug] POST   /assets/import            --> github.com/mark3748/helpdesk-go/cmd/api.(*App).mountAPI.ImportAssets.func154 (7 handlers)
[GIN-debug] POST   /assets/export            --> github.com/mark3748/helpdesk-go/cmd/api.(*App).mountAPI.ExportAssets.func156 (7 handlers)
[GIN-debug] GET    /assets/:id/audit         --> github.com/mark3748/helpdesk-go/cmd/api.(*App).mountAPI.GetAuditHistory.func157 (6 handlers)
[GIN-debug] GET    /assets/audit/summary     --> github.com/mark3748/helpdesk-go/cmd/api.(*App).mountAPI.GetAuditSummary.func159 (7 handlers)
[GIN-debug] GET    /assets/analytics         --> github.com/mark3748/helpdesk-go/cmd/api.(*App).mountAPI.GetAssetAnalytics.func161 (7 handlers)
[GIN-debug] GET    /problems                 --> github.com/mark3748/helpdesk-go/cmd/api.(*App).mountAPI.List.func162 (6 handlers)
[GIN-debug] POST   /problems                 --> github.com/mark3748/helpdesk-go/cmd/api.(*App).mountAPI.Create.func163 (6 handlers)
[GIN-debug] GET    /problems/:id             --> github.com/mark3748/helpdesk-go/cmd/api.(*App).mountAPI.Get.func164 (6 handlers)
[GIN-debug] PUT    /problems/:id             --> github.com/mark3748/helpdesk-go/cmd/api.(*App).mountAPI.Update.func165 (6 handlers)
[GIN-debug] DELETE /problems/:id             --> github.com/mark3748/helpdesk-go/cmd/api.(*App).mountAPI.Delete.func166 (6 handlers)
[GIN-debug] GET    /changes                  --> github.com/mark3748/helpdesk-go/cmd/api.(*App).mountAPI.List.func167 (6 handlers)
[GIN-debug] POST   /changes                  --> github.com/mark3748/helpdesk-go/cmd/api.(*App).mountAPI.Create.func168 (6 handlers)
[GIN-debug] GET    /changes/:id              --> github.com/mark3748/helpdesk-go/cmd/api.(*App).mountAPI.Get.func169 (6 handlers)
[GIN-debug] PUT    /changes/:id              --> github.com/mark3748/helpdesk-go/cmd/api.(*App).mountAPI.Update.func170 (6 handlers)
[GIN-debug] DELETE /changes/:id              --> github.com/mark3748/helpdesk-go/cmd/api.(*App).mountAPI.Delete.func171 (6 handlers)
[GIN-debug] GET    /releases                 --> github.com/mark3748/helpdesk-go/cmd/api.(*App).mountAPI.List.func172 (6 handlers)
[GIN-debug] POST   /releases                 --> github.com/mark3748/helpdesk-go/cmd/api.(*App).mountAPI.Create.func173 (6 handlers)
[GIN-debug] GET    /releases/:id             --> github.com/mark3748/helpdesk-go/cmd/api.(*App).mountAPI.Get.func174 (6 handlers)
[GIN-debug] PUT    /releases/:id             --> github.com/mark3748/helpdesk-go/cmd/api.(*App).mountAPI.Update.func175 (6 handlers)
[GIN-debug] DELETE /releases/:id             --> github.com/mark3748/helpdesk-go/cmd/api.(*App).mountAPI.Delete.func176 (6 handlers)
[GIN-debug] GET    /api/livez                --> github.com/mark3748/helpdesk-go/cmd/api.(*App).mountAPI.func1 (5 handlers)
[GIN-debug] GET    /api/readyz               --> github.com/mark3748/helpdesk-go/cmd/api.(*App).readyz-fm (5 handlers)
[GIN-debug] GET    /api/healthz              --> github.com/mark3748/helpdesk-go/cmd/api.(*App).mountAPI.func2 (5 handlers)
[GIN-debug] GET    /api/csat/:token          --> github.com/mark3748/helpdesk-go/cmd/api.(*App).csatForm-fm (5 handlers)
[GIN-debug] POST   /api/csat/:token          --> github.com/mark3748/helpdesk-go/cmd/api.(*App).submitCSAT-fm (5 handlers)
[GIN-debug] GET    /api/metrics              --> github.com/mark3748/helpdesk-go/cmd/api.(*App).mountAPI.WrapH.func9 (5 handlers)
[GIN-debug] GET    /api/swagger/*filepath    --> github.com/gin-gonic/gin.(*RouterGroup).createStaticHandler.func1 (5 handlers)
[GIN-debug] HEAD   /api/swagger/*filepath    --> github.com/gin-gonic/gin.(*RouterGroup).createStaticHandler.func1 (5 handlers)
[GIN-debug] GET    /api/docs                 --> github.com/mark3748/helpdesk-go/cmd/api.(*App).docsUI-fm (5 handlers)
[GIN-debug] GET    /api/openapi.yaml         --> github.com/mark3748/helpdesk-go/cmd/api.(*App).openapiSpec-fm (5 handlers)
[GIN-debug] POST   /api/webhooks/email-inbound --> github.com/mark3748/helpdesk-go/cmd/api.(*App).mountAPI.EmailInbound.func18 (5 handlers)
[GIN-debug] GET    /api/me                   --> github.com/mark3748/helpdesk-go/cmd/api/auth.Me (6 handlers)
[GIN-debug] GET    /api/me/profile           --> github.com/mark3748/helpdesk-go/cmd/api.(*App).getMyProfile-fm (6 handlers)
[GIN-debug] PATCH  /api/me/profile           --> github.com/mark3748/helpdesk-go/cmd/api.(*App).updateMyProfile-fm (6 handlers)
[GIN-debug] POST   /api/me/password          --> github.com/mark3748/helpdesk-go/cmd/api.(*App).changeMyPassword-fm (6 handlers)
[GIN-debug] GET    /api/events               --> github.com/mark3748/helpdesk-go/cmd/api.(*App).mountAPI.Events.func20 (6 handlers)
[GIN-debug] GET    /api/settings             --> github.com/mark3748/helpdesk-go/cmd/api/handlers.GetSettings (7 handlers)
[GIN-debug] GET    /api/features             --> github.com/mark3748/helpdesk-go/cmd/api.(*App).mountAPI.Features.func22 (6 handlers)
[GIN-debug] POST   /api/test-connection      --> github.com/mark3748/helpdesk-go/cmd/api/handlers.TestConnection (7 handlers)
[GIN-debug] POST   /api/settings/storage     --> github.com/mark3748/helpdesk-go/cmd/api/handlers.SaveStorageSettings (7 handlers)
[GIN-debug] POST   /api/settings/oidc        --> github.com/mark3748/helpdesk-go/cmd/api/handlers.SaveOIDCSettings (7 handlers)
[GIN-debug] POST   /api/settings/mail        --> github.com/mark3748/helpdesk-go/cmd/api/handlers.SaveMailSettings (7 handlers)
[GIN-debug] POST   /api/settings/mail/send-test --> github.com/mark3748/helpdesk-go/cmd/api/handlers.SendTestMail (7 handlers)
[GIN-debug] GET    /api/users/:id/roles      --> github.com/mark3748/helpdesk-go/cmd/api.(*App).mountAPI.ListUserRoles.func29 (7 handlers)
[GIN-debug] POST   /api/users/:id/roles      --> github.com/mark3748/helpdesk-go/cmd/api.(*App).mountAPI.AddUserRole.func31 (7 handlers)
[GIN-debug] DELETE /api/users/:id/roles/:role --> github.com/mark3748/helpdesk-go/cmd/api.(*App).mountAPI.RemoveUserRole.func33 (7 handlers)
[GIN-debug] GET    /api/users                --> github.com/mark3748/helpdesk-go/cmd/api.(*App).mountAPI.List.func35 (7 handlers)
[GIN-debug] GET    /api/users/:id            --> github.com/mark3748/helpdesk-go/cmd/api.(*App).mountAPI.Get.func37 (7 handlers)
[GIN-debug] POST   /api/users                --> github.com/mark3748/helpdesk-go/cmd/api.(*App).mountAPI.CreateLocal.func39 (7 handlers)
[GIN-debug] GET    /api/roles                --> github.com/mark3748/helpdesk-go/cmd/api.(*App).mountAPI.List.func41 (7 handlers)
[GIN-debug] GET    /api/requesters           --> github.com/mark3748/helpdesk-go/cmd/api.(*App).mountAPI.Search.func42 (6 handlers)
[GIN-debug] GET    /api/requesters/:id       --> github.com/mark3748/helpdesk-go/cmd/api.(*App).getRequester-fm (6 handlers)
[GIN-debug] POST   /api/requesters           --> github.com/mark3748/helpdesk-go/cmd/api.(*App).createRequester-fm (7 handlers)
[GIN-debug] PATCH  /api/requesters/:id       --> github.com/mark3748/helpdesk-go/cmd/api.(*App).updateRequester-fm (7 handlers)
[GIN-debug] GET    /api/teams                --> github.com/mark3748/helpdesk-go/cmd/api.(*App).mountAPI.List.func45 (6 handlers)
[GIN-debug] GET    /api/slas                 --> github.com/mark3748/helpdesk-go/cmd/api.(*App).mountAPI.List.func46 (6 handlers)
[GIN-debug] GET    /api/kb                   --> github.com/mark3748/helpdesk-go/cmd/api.(*App).mountAPI.Search.func47 (6 handlers)
[GIN-debug] GET    /api/kb/:slug             --> github.com/mark3748/helpdesk-go/cmd/api.(*App).mountAPI.Get.func48 (6 handlers)
[GIN-debug] POST   /api/kb                   --> github.com/mark3748/helpdesk-go/cmd/api.(*App).mountAPI.Create.func50 (7 handlers)
[GIN-debug] PUT    /api/kb/:slug             --> github.com/mark3748/helpdesk-go/cmd/api.(*App).mountAPI.Update.func52 (7 handlers)
[GIN-debug] DELETE /api/kb/:slug             --> github.com/mark3748/helpdesk-go/cmd/api.(*App).mountAPI.Delete.func54 (7 handlers)
[GIN-debug] GET    /api/tickets              --> github.com/mark3748/helpdesk-go/cmd/api.(*App).mountAPI.List.func55 (6 handlers)
[GIN-debug] POST   /api/tickets              --> github.com/mark3748/helpdesk-go/cmd/api.(*App).mountAPI.Create.func59 (6 handlers)
[GIN-debug] GET    /api/tickets/:id          --> github.com/mark3748/helpdesk-go/cmd/api.(*App).mountAPI.Get.func60 (6 handlers)
[GIN-debug] PATCH  /api/tickets/:id          --> github.com/mark3748/helpdesk-go/cmd/api.(*App).mountAPI.Update.func62 (7 handlers)
[GIN-debug] GET    /api/tickets/:id/comments --> github.com/mark3748/helpdesk-go/cmd/api.(*App).mountAPI.List.func63 (6 handlers)
[GIN-debug] POST   /api/tickets/:id/comments --> github.com/mark3748/helpdesk-go/cmd/api.(*App).mountAPI.Add.func64 (6 handlers)
[GIN-debug] GET    /api/tickets/:id/attachments --> github.com/mark3748/helpdesk-go/cmd/api.(*App).mountAPI.List.func65 (6 handlers)
[GIN-debug] POST   /api/tickets/:id/attachments/presign --> github.com/mark3748/helpdesk-go/cmd/api.(*App).mountAPI.Presign.func75 (6 handlers)
[GIN-debug] POST   /api/tickets/:id/attachments --> github.com/mark3748/helpdesk-go/cmd/api.(*App).mountAPI.Finalize.func76 (6 handlers)
[GIN-debug] GET    /api/tickets/:id/attachments/:attID --> github.com/mark3748/helpdesk-go/cmd/api.(*App).mountAPI.Get.func77 (6 handlers)
[GIN-debug] PUT    /api/attachments/upload/:objectKey --> github.com/mark3748/helpdesk-go/cmd/api.(*App).mountAPI.UploadObject.func78 (6 handlers)
[GIN-debug] DELETE /api/tickets/:id/attachments/:attID --> github.com/mark3748/helpdesk-go/cmd/api.(*App).mountAPI.Delete.func79 (6 handlers)
[GIN-debug] GET    /api/tickets/:id/watchers --> github.com/mark3748/helpdesk-go/cmd/api.(*App).mountAPI.List.func80 (6 handlers)
[GIN-debug] POST   /api/tickets/:id/watchers --> github.com/mark3748/helpdesk-go/cmd/api.(*App).mountAPI.Add.func81 (6 handlers)
[GIN-debug] DELETE /api/tickets/:id/watchers/:uid --> github.com/mark3748/helpdesk-go/cmd/api.(*App).mountAPI.Remove.func82 (6 handlers)
[GIN-debug] GET    /api/emails/outbound      --> github.com/mark3748/helpdesk-go/cmd/api.(*App).mountAPI.ListOutbound.func84 (7 handlers)
[GIN-debug] GET    /api/metrics/sla          --> github.com/mark3748/helpdesk-go/cmd/api.(*App).mountAPI.SLA.func86 (7 handlers)
[GIN-debug] GET    /api/metrics/resolution   --> github.com/mark3748/helpdesk-go/cmd/api.(*App).mountAPI.Resolution.func88 (7 handlers)
[GIN-debug] GET    /api/metrics/tickets      --> github.com/mark3748/helpdesk-go/cmd/api.(*App).mountAPI.TicketVolume.func90 (7 handlers)
[GIN-debug] GET    /api/metrics/dashboard    --> github.com/mark3748/helpdesk-go/cmd/api.(*App).mountAPI.Dashboard.func92 (7 handlers)
[GIN-debug] GET    /api/metrics/agent        --> github.com/mark3748/helpdesk-go/cmd/api.(*App).mountAPI.Agent.func94 (7 handlers)
[GIN-debug] GET    /api/metrics/manager      --> github.com/mark3748/helpdesk-go/cmd/api.(*App).mountAPI.Manager.func96 (7 handlers)
[GIN-debug] POST   /api/exports/tickets      --> github.com/mark3748/helpdesk-go/cmd/api.(*App).exportTicketsBridge-fm (7 handlers)
[GIN-debug] GET    /api/exports/tickets/:job_id --> github.com/mark3748/helpdesk-go/cmd/api.(*App).exportTicketsStatus-fm (7 handlers)
[GIN-debug] GET    /api/webhooks             --> github.com/mark3748/helpdesk-go/cmd/api.(*App).mountAPI.List.func100 (7 handlers)
[GIN-debug] POST   /api/webhooks             --> github.com/mark3748/helpdesk-go/cmd/api.(*App).mountAPI.Create.func102 (7 handlers)
[GIN-debug] DELETE /api/webhooks/:id         --> github.com/mark3748/helpdesk-go/cmd/api.(*App).mountAPI.Delete.func104 (7 handlers)
[GIN-debug] GET    /api/asset-categories     --> github.com/mark3748/helpdesk-go/cmd/api.(*App).mountAPI.ListCategories.func105 (6 handlers)
[GIN-debug] POST   /api/asset-categories     --> github.com/mark3748/helpdesk-go/cmd/api.(*App).mountAPI.CreateCategory.func107 (7 handlers)
[GIN-debug] GET    /api/asset-categories/:id --> github.com/mark3748/helpdesk-go/cmd/api.(*App).mountAPI.GetCategory.func108 (6 handlers)
[GIN-debug] GET    /api/assets               --> github.com/mark3748/helpdesk-go/cmd/api.(*App).mountAPI.ListAssets.func109 (6 handlers)
[GIN-debug] POST   /api/assets               --> github.com/mark3748/helpdesk-go/cmd/api.(*App).mountAPI.CreateAsset.func111 (7 handlers)
[GIN-debug] GET    /api/assets/:id           --> github.com/mark3748/helpdesk-go/cmd/api.(*App).mountAPI.GetAsset.func112 (6 handlers)
[GIN-debug] PATCH  /api/assets/:id           --> github.com/mark3748/helpdesk-go/cmd/api.(*App).mountAPI.UpdateAsset.func114 (7 handlers)
[GIN-debug] DELETE /api/assets/:id           --> github.com/mark3748/helpdesk-go/cmd/api.(*App).mountAPI.DeleteAsset.func116 (7 handlers)
[GIN-debug] POST   /api/assets/:id/assign    --> github.com/mark3748/helpdesk-go/cmd/api.(*App).mountAPI.AssignAsset.func118 (7 handlers)
[GIN-debug] GET    /api/assets/:id/history   --> github.com/mark3748/helpdesk-go/cmd/api.(*App).mountAPI.GetAssetHistory.func119 (6 handlers)
[GIN-debug] GET    /api/assets/:id/assignments --> github.com/mark3748/helpdesk-go/cmd/api.(*App).mountAPI.GetAssetAssignments.func120 (6 handlers)
[GIN-debug] GET    /api/assets/:id/attachments --> github.com/mark3748/helpdesk-go/cmd/api.(*App).mountAPI.ListAttachments.func121 (6 handlers)
[GIN-debug] POST   /api/assets/:id/attachments/presign --> github.com/mark3748/helpdesk-go/cmd/api.(*App).mountAPI.PresignAssetUpload.func123 (7 handlers)
[GIN-debug] POST   /api/assets/:id/attachments --> github.com/mark3748/helpdesk-go/cmd/api.(*App).mountAPI.FinalizeAssetAttachment.func125 (7 handlers)
[GIN-debug] GET    /api/assets/:id/attachments/:attachmentID --> github.com/mark3748/helpdesk-go/cmd/api.(*App).mountAPI.GetAssetAttachment.func126 (6 handlers)
[GIN-debug] DELETE /api/assets/:id/attachments/:attachmentID --> github.com/mark3748/helpdesk-go/cmd/api.(*App).mountAPI.DeleteAssetAttachment.func128 (7 handlers)
[GIN-debug] PUT    /api/assets/attachments/upload/:objectKey --> github.com/mark3748/helpdesk-go/cmd/api.(*App).mountAPI.UploadAssetObject.func129 (6 handlers)
[GIN-debug] POST   /api/assets/:id/status-change --> github.com/mark3748/helpdesk-go/cmd/api.(*App).mountAPI.RequestStatusChange.func131 (7 handlers)
[GIN-debug] POST   /api/workflows/:id/approve --> github.com/mark3748/helpdesk-go/cmd/api.(*App).mountAPI.ApproveWorkflow.func133 (7 handlers)
[GIN-debug] POST   /api/workflows/:id/reject --> github.com/mark3748/helpdesk-go/cmd/api.(*App).mountAPI.RejectWorkflow.func135 (7 handlers)
[GIN-debug] POST   /api/assets/:id/checkout  --> github.com/mark3748/helpdesk-go/cmd/api.(*App).mountAPI.CheckoutAsset.func137 (7 handlers)
[GIN-debug] POST   /api/assets/checkin       --> github.com/mark3748/helpdesk-go/cmd/api.(*App).mountAPI.CheckinAsset.func139 (7 handlers)
[GIN-debug] GET    /api/assets/checkouts/active --> github.com/mark3748/helpdesk-go/cmd/api.(*App).mountAPI.GetActiveCheckouts.func140 (6 handlers)
[GIN-debug] GET    /api/assets/checkouts/overdue --> github.com/mark3748/helpdesk-go/cmd/api.(*App).mountAPI.GetOverdueCheckouts.func141 (6 handlers)
[GIN-debug] POST   /api/assets/:id/relationships --> github.com/mark3748/helpdesk-go/cmd/api.(*App).mountAPI.CreateRelationship.func143 (7 handlers)
[GIN-debug] GET    /api/assets/:id/relationships/graph --> github.com/mark3748/helpdesk-go/cmd/api.(*App).mountAPI.GetRelationshipGraph.func144 (6 handlers)
[GIN-debug] GET    /api/assets/:id/impact-analysis --> github.com/mark3748/helpdesk-go/cmd/api.(*App).mountAPI.GetAssetImpactAnalysis.func145 (6 handlers)
[GIN-debug] POST   /api/assets/bulk/update   --> github.com/mark3748/helpdesk-go/cmd/api.(*App).mountAPI.BulkUpdateAssets.func147 (7 handlers)
[GIN-debug] POST   /api/assets/bulk/assign   --> github.com/mark3748/helpdesk-go/cmd/api.(*App).mountAPI.BulkAssignAssets.func149 (7 handlers)
[GIN-debug] GET    /api/assets/bulk/operations/:id --> github.com/mark3748/helpdesk-go/cmd/api.(*App).mountAPI.GetBulkOperation.func150 (6 handlers)
[GIN-debug] POST   /api/assets/import/preview --> github.com/mark3748/helpdesk-go/cmd/api.(*App).mountAPI.ImportAssetsPreview.func152 (7 handlers)
[GIN-debug] POST   /api/assets/import        --> github.com/mark3748/helpdesk-go/cmd/api.(*App).mountAPI.ImportAssets.func154 (7 handlers)
[GIN-debug] POST   /api/assets/export        --> github.com/mark3748/helpdesk-go/cmd/api.(*App).mountAPI.ExportAssets.func156 (7 handlers)
[GIN-debug] GET    /api/assets/:id/audit     --> github.com/mark3748/helpdesk-go/cmd/api.(*App).mountAPI.GetAuditHistory.func157 (6 handlers)
[GIN-debug] GET    /api/assets/audit/summary --> github.com/mark3748/helpdesk-go/cmd/api.(*App).mountAPI.GetAuditSummary.func159 (7 handlers)
[GIN-debug] GET    /api/assets/analytics     --> github.com/mark3748/helpdesk-go/cmd/api.(*App).mountAPI.GetAssetAnalytics.func161 (7 handlers)
[GIN-debug] GET    /api/problems             --> github.com/mark3748/helpdesk-go/cmd/api.(*App).mountAPI.List.func162 (6 handlers)
[GIN-debug] POST   /api/problems             --> github.com/mark3748/helpdesk-go/cmd/api.(*App).mountAPI.Create.func163 (6 handlers)
[GIN-debug] GET    /api/problems/:id         --> github.com/mark3748/helpdesk-go/cmd/api.(*App).mountAPI.Get.func164 (6 handlers)
[GIN-debug] PUT    /api/problems/:id         --> github.com/mark3748/helpdesk-go/cmd/api.(*App).mountAPI.Update.func165 (6 handlers)
[GIN-debug] DELETE /api/problems/:id         --> github.com/mark3748/helpdesk-go/cmd/api.(*App).mountAPI.Delete.func166 (6 handlers)
[GIN-debug] GET    /api/changes              --> github.com/mark3748/helpdesk-go/cmd/api.(*App).mountAPI.List.func167 (6 handlers)
[GIN-debug] POST   /api/changes              --> github.com/mark3748/helpdesk-go/cmd/api.(*App).mountAPI.Create.func168 (6 handlers)
[GIN-debug] GET    /api/changes/:id          --> github.com/mark3748/helpdesk-go/cmd/api.(*App).mountAPI.Get.func169 (6 handlers)
[GIN-debug] PUT    /api/changes/:id          --> github.com/mark3748/helpdesk-go/cmd/api.(*App).mountAPI.Update.func170 (6 handlers)
[GIN-debug] DELETE /api/changes/:id          --> github.com/mark3748/helpdesk-go/cmd/api.(*App).mountAPI.Delete.func171 (6 handlers)
[GIN-debug] GET    /api/releases             --> github.com/mark3748/helpdesk-go/cmd/api.(*App).mountAPI.List.func172 (6 handlers)
[GIN-debug] POST   /api/releases             --> github.com/mark3748/helpdesk-go/cmd/api.(*App).mountAPI.Create.func173 (6 handlers)
[GIN-debug] GET    /api/releases/:id         --> github.com/mark3748/helpdesk-go/cmd/api.(*App).mountAPI.Get.func174 (6 handlers)
[GIN-debug] PUT    /api/releases/:id         --> github.com/mark3748/helpdesk-go/cmd/api.(*App).mountAPI.Update.func175 (6 handlers)
[GIN-debug] DELETE /api/releases/:id         --> github.com/mark3748/helpdesk-go/cmd/api.(*App).mountAPI.Delete.func176 (6 handlers)
{"level":"info","request_id":"e6e070a6-db5a-4435-b41d-8d35f8e85c2d","method":"GET","path":"/me","status":500,"duration":0.003655,"time":"2025-12-20T00:53:51-07:00","message":"request"}
[GIN-debug] [WARNING] Running in "debug" mode. Switch to "release" mode in production.
 - using env:	export GIN_MODE=release
 - using code:	gin.SetMode(gin.ReleaseMode)

[GIN-debug] [WARNING] Running in "debug" mode. Switch to "release" mode in production.
 - using env:	export GIN_MODE=release
 - using code:	gin.SetMode(gin.ReleaseMode)

[GIN-debug] [WARNING] Running in "debug" mode. Switch to "release" mode in production.
 - using env:	export GIN_MODE=release
 - using code:	gin.SetMode(gin.ReleaseMode)

[GIN-debug] GET    /livez                    --> github.com/mark3748/helpdesk-go/cmd/api.(*App).mountAPI.func1 (5 handlers)
[GIN-debug] GET    /readyz                   --> github.com/mark3748/helpdesk-go/cmd/api.(*App).readyz-fm (5 handlers)
[GIN-debug] GET    /healthz                  --> github.com/mark3748/helpdesk-go/cmd/api.(*App).mountAPI.func2 (5 handlers)
[GIN-debug] GET    /csat/:token              --> github.com/mark3748/helpdesk-go/cmd/api.(*App).csatForm-fm (5 handlers)
[GIN-debug] POST   /csat/:token              --> github.com/mark3748/helpdesk-go/cmd/api.(*App).submitCSAT-fm (5 handlers)
[GIN-debug] GET    /metrics                  --> github.com/mark3748/helpdesk-go/cmd/api.(*App).mountAPI.WrapH.func9 (5 handlers)
[GIN-debug] GET    /swagger/*filepath        --> github.com/gin-gonic/gin.(*RouterGroup).createStaticHandler.func1 (5 handlers)
[GIN-debug] HEAD   /swagger/*filepath        --> github.com/gin-gonic/gin.(*RouterGroup).createStaticHandler.func1 (5 handlers)
[GIN-debug] GET    /docs                     --> github.com/mark3748/helpdesk-go/cmd/api.(*App).docsUI-fm (5 handlers)
[GIN-debug] GET    /openapi.yaml             --> github.com/mark3748/helpdesk-go/cmd/api.(*App).openapiSpec-fm (5 handlers)
[GIN-debug] POST   /webhooks/email-inbound   --> github.com/mark3748/helpdesk-go/cmd/api.(*App).mountAPI.EmailInbound.func18 (5 handlers)
[GIN-debug] GET    /me                       --> github.com/mark3748/helpdesk-go/cmd/api/auth.Me (6 handlers)
[GIN-debug] GET    /me/profile               --> github.com/mark3748/helpdesk-go/cmd/api.(*App).getMyProfile-fm (6 handlers)
[GIN-debug] PATCH  /me/profile               --> github.com/mark3748/helpdesk-go/cmd/api.(*App).updateMyProfile-fm (6 handlers)
[GIN-debug] POST   /me/password              --> github.com/mark3748/helpdesk-go/cmd/api.(*App).changeMyPassword-fm (6 handlers)
[GIN-debug] GET    /events                   --> github.com/mark3748/helpdesk-go/cmd/api.(*App).mountAPI.Events.func20 (6 handlers)
[GIN-debug] GET    /settings                 --> github.com/mark3748/helpdesk-go/cmd/api/handlers.GetSettings (7 handlers)
[GIN-debug] GET    /features                 --> github.com/mark3748/helpdesk-go/cmd/api.(*App).mountAPI.Features.func22 (6 handlers)
[GIN-debug] POST   /test-connection          --> github.com/mark3748/helpdesk-go/cmd/api/handlers.TestConnection (7 handlers)
[GIN-debug] POST   /settings/storage         --> github.com/mark3748/helpdesk-go/cmd/api/handlers.SaveStorageSettings (7 handlers)
[GIN-debug] POST   /settings/oidc            --> github.com/mark3748/helpdesk-go/cmd/api/handlers.SaveOIDCSettings (7 handlers)
[GIN-debug] POST   /settings/mail            --> github.com/mark3748/helpdesk-go/cmd/api/handlers.SaveMailSettings (7 handlers)
[GIN-debug] POST   /settings/mail/send-test  --> github.com/mark3748/helpdesk-go/cmd/api/handlers.SendTestMail (7 handlers)
[GIN-debug] GET    /users/:id/roles          --> github.com/mark3748/helpdesk-go/cmd/api.(*App).mountAPI.ListUserRoles.func29 (7 handlers)
[GIN-debug] POST   /users/:id/roles          --> github.com/mark3748/helpdesk-go/cmd/api.(*App).mountAPI.AddUserRole.func31 (7 handlers)
[GIN-debug] DELETE /users/:id/roles/:role    --> github.com/mark3748/helpdesk-go/cmd/api.(*App).mountAPI.RemoveUserRole.func33 (7 handlers)
[GIN-debug] GET    /users                    --> github.com/mark3748/helpdesk-go/cmd/api.(*App).mountAPI.List.func35 (7 handlers)
[GIN-debug] GET    /users/:id                --> github.com/mark3748/helpdesk-go/cmd/api.(*App).mountAPI.Get.func37 (7 handlers)
[GIN-debug] POST   /users                    --> github.com/mark3748/helpdesk-go/cmd/api.(*App).mountAPI.CreateLocal.func39 (7 handlers)
[GIN-debug] GET    /roles                    --> github.com/mark3748/helpdesk-go/cmd/api.(*App).mountAPI.List.func41 (7 handlers)
[GIN-debug] GET    /requesters               --> github.com/mark3748/helpdesk-go/cmd/api.(*App).mountAPI.Search.func42 (6 handlers)
[GIN-debug] GET    /requesters/:id           --> github.com/mark3748/helpdesk-go/cmd/api.(*App).getRequester-fm (6 handlers)
[GIN-debug] POST   /requesters               --> github.com/mark3748/helpdesk-go/cmd/api.(*App).createRequester-fm (7 handlers)
[GIN-debug] PATCH  /requesters/:id           --> github.com/mark3748/helpdesk-go/cmd/api.(*App).updateRequester-fm (7 handlers)
[GIN-debug] GET    /teams                    --> github.com/mark3748/helpdesk-go/cmd/api.(*App).mountAPI.List.func45 (6 handlers)
[GIN-debug] GET    /slas                     --> github.com/mark3748/helpdesk-go/cmd/api.(*App).mountAPI.List.func46 (6 handlers)
[GIN-debug] GET    /kb                       --> github.com/mark3748/helpdesk-go/cmd/api.(*App).mountAPI.Search.func47 (6 handlers)
[GIN-debug] GET    /kb/:slug                 --> github.com/mark3748/helpdesk-go/cmd/api.(*App).mountAPI.Get.func48 (6 handlers)
[GIN-debug] POST   /kb                       --> github.com/mark3748/helpdesk-go/cmd/api.(*App).mountAPI.Create.func50 (7 handlers)
[GIN-debug] PUT    /kb/:slug                 --> github.com/mark3748/helpdesk-go/cmd/api.(*App).mountAPI.Update.func52 (7 handlers)
[GIN-debug] DELETE /kb/:slug                 --> github.com/mark3748/helpdesk-go/cmd/api.(*App).mountAPI.Delete.func54 (7 handlers)
[GIN-debug] GET    /tickets                  --> github.com/mark3748/helpdesk-go/cmd/api.(*App).mountAPI.List.func55 (6 handlers)
[GIN-debug] POST   /tickets                  --> github.com/mark3748/helpdesk-go/cmd/api.(*App).mountAPI.Create.func59 (6 handlers)
[GIN-debug] GET    /tickets/:id              --> github.com/mark3748/helpdesk-go/cmd/api.(*App).mountAPI.Get.func60 (6 handlers)
[GIN-debug] PATCH  /tickets/:id              --> github.com/mark3748/helpdesk-go/cmd/api.(*App).mountAPI.Update.func62 (7 handlers)
[GIN-debug] GET    /tickets/:id/comments     --> github.com/mark3748/helpdesk-go/cmd/api.(*App).mountAPI.List.func63 (6 handlers)
[GIN-debug] POST   /tickets/:id/comments     --> github.com/mark3748/helpdesk-go/cmd/api.(*App).mountAPI.Add.func64 (6 handlers)
[GIN-debug] GET    /tickets/:id/attachments  --> github.com/mark3748/helpdesk-go/cmd/api.(*App).mountAPI.List.func65 (6 handlers)
[GIN-debug] POST   /tickets/:id/attachments/presign --> github.com/mark3748/helpdesk-go/cmd/api.(*App).mountAPI.Presign.func75 (6 handlers)
[GIN-debug] POST   /tickets/:id/attachments  --> github.com/mark3748/helpdesk-go/cmd/api.(*App).mountAPI.Finalize.func76 (6 handlers)
[GIN-debug] GET    /tickets/:id/attachments/:attID --> github.com/mark3748/helpdesk-go/cmd/api.(*App).mountAPI.Get.func77 (6 handlers)
[GIN-debug] PUT    /attachments/upload/:objectKey --> github.com/mark3748/helpdesk-go/cmd/api.(*App).mountAPI.UploadObject.func78 (6 handlers)
[GIN-debug] DELETE /tickets/:id/attachments/:attID --> github.com/mark3748/helpdesk-go/cmd/api.(*App).mountAPI.Delete.func79 (6 handlers)
[GIN-debug] GET    /tickets/:id/watchers     --> github.com/mark3748/helpdesk-go/cmd/api.(*App).mountAPI.List.func80 (6 handlers)
[GIN-debug] POST   /tickets/:id/watchers     --> github.com/mark3748/helpdesk-go/cmd/api.(*App).mountAPI.Add.func81 (6 handlers)
[GIN-debug] DELETE /tickets/:id/watchers/:uid --> github.com/mark3748/helpdesk-go/cmd/api.(*App).mountAPI.Remove.func82 (6 handlers)
[GIN-debug] GET    /emails/outbound          --> github.com/mark3748/helpdesk-go/cmd/api.(*App).mountAPI.ListOutbound.func84 (7 handlers)
[GIN-debug] GET    /metrics/sla              --> github.com/mark3748/helpdesk-go/cmd/api.(*App).mountAPI.SLA.func86 (7 handlers)
[GIN-debug] GET    /metrics/resolution       --> github.com/mark3748/helpdesk-go/cmd/api.(*App).mountAPI.Resolution.func88 (7 handlers)
[GIN-debug] GET    /metrics/tickets          --> github.com/mark3748/helpdesk-go/cmd/api.(*App).mountAPI.TicketVolume.func90 (7 handlers)
[GIN-debug] GET    /metrics/dashboard        --> github.com/mark3748/helpdesk-go/cmd/api.(*App).mountAPI.Dashboard.func92 (7 handlers)
[GIN-debug] GET    /metrics/agent            --> github.com/mark3748/helpdesk-go/cmd/api.(*App).mountAPI.Agent.func94 (7 handlers)
[GIN-debug] GET    /metrics/manager          --> github.com/mark3748/helpdesk-go/cmd/api.(*App).mountAPI.Manager.func96 (7 handlers)
[GIN-debug] POST   /exports/tickets          --> github.com/mark3748/helpdesk-go/cmd/api.(*App).exportTicketsBridge-fm (7 handlers)
[GIN-debug] GET    /exports/tickets/:job_id  --> github.com/mark3748/helpdesk-go/cmd/api.(*App).exportTicketsStatus-fm (7 handlers)
[GIN-debug] GET    /webhooks                 --> github.com/mark3748/helpdesk-go/cmd/api.(*App).mountAPI.List.func100 (7 handlers)
[GIN-debug] POST   /webhooks                 --> github.com/mark3748/helpdesk-go/cmd/api.(*App).mountAPI.Create.func102 (7 handlers)
[GIN-debug] DELETE /webhooks/:id             --> github.com/mark3748/helpdesk-go/cmd/api.(*App).mountAPI.Delete.func104 (7 handlers)
[GIN-debug] GET    /asset-categories         --> github.com/mark3748/helpdesk-go/cmd/api.(*App).mountAPI.ListCategories.func105 (6 handlers)
[GIN-debug] POST   /asset-categories         --> github.com/mark3748/helpdesk-go/cmd/api.(*App).mountAPI.CreateCategory.func107 (7 handlers)
[GIN-debug] GET    /asset-categories/:id     --> github.com/mark3748/helpdesk-go/cmd/api.(*App).mountAPI.GetCategory.func108 (6 handlers)
[GIN-debug] GET    /assets                   --> github.com/mark3748/helpdesk-go/cmd/api.(*App).mountAPI.ListAssets.func109 (6 handlers)
[GIN-debug] POST   /assets                   --> github.com/mark3748/helpdesk-go/cmd/api.(*App).mountAPI.CreateAsset.func111 (7 handlers)
[GIN-debug] GET    /assets/:id               --> github.com/mark3748/helpdesk-go/cmd/api.(*App).mountAPI.GetAsset.func112 (6 handlers)
[GIN-debug] PATCH  /assets/:id               --> github.com/mark3748/helpdesk-go/cmd/api.(*App).mountAPI.UpdateAsset.func114 (7 handlers)
[GIN-debug] DELETE /assets/:id               --> github.com/mark3748/helpdesk-go/cmd/api.(*App).mountAPI.DeleteAsset.func116 (7 handlers)
[GIN-debug] POST   /assets/:id/assign        --> github.com/mark3748/helpdesk-go/cmd/api.(*App).mountAPI.AssignAsset.func118 (7 handlers)
[GIN-debug] GET    /assets/:id/history       --> github.com/mark3748/helpdesk-go/cmd/api.(*App).mountAPI.GetAssetHistory.func119 (6 handlers)
[GIN-debug] GET    /assets/:id/assignments   --> github.com/mark3748/helpdesk-go/cmd/api.(*App).mountAPI.GetAssetAssignments.func120 (6 handlers)
[GIN-debug] GET    /assets/:id/attachments   --> github.com/mark3748/helpdesk-go/cmd/api.(*App).mountAPI.ListAttachments.func121 (6 handlers)
[GIN-debug] POST   /assets/:id/attachments/presign --> github.com/mark3748/helpdesk-go/cmd/api.(*App).mountAPI.PresignAssetUpload.func123 (7 handlers)
[GIN-debug] POST   /assets/:id/attachments   --> github.com/mark3748/helpdesk-go/cmd/api.(*App).mountAPI.FinalizeAssetAttachment.func125 (7 handlers)
[GIN-debug] GET    /assets/:id/attachments/:attachmentID --> github.com/mark3748/helpdesk-go/cmd/api.(*App).mountAPI.GetAssetAttachment.func126 (6 handlers)
[GIN-debug] DELETE /assets/:id/attachments/:attachmentID --> github.com/mark3748/helpdesk-go/cmd/api.(*App).mountAPI.DeleteAssetAttachment.func128 (7 handlers)
[GIN-debug] PUT    /assets/attachments/upload/:objectKey --> github.com/mark3748/helpdesk-go/cmd/api.(*App).mountAPI.UploadAssetObject.func129 (6 handlers)
[GIN-debug] POST   /assets/:id/status-change --> github.com/mark3748/helpdesk-go/cmd/api.(*App).mountAPI.RequestStatusChange.func131 (7 handlers)
[GIN-debug] POST   /workflows/:id/approve    --> github.com/mark3748/helpdesk-go/cmd/api.(*App).mountAPI.ApproveWorkflow.func133 (7 handlers)
[GIN-debug] POST   /workflows/:id/reject     --> github.com/mark3748/helpdesk-go/cmd/api.(*App).mountAPI.RejectWorkflow.func135 (7 handlers)
[GIN-debug] POST   /assets/:id/checkout      --> github.com/mark3748/helpdesk-go/cmd/api.(*App).mountAPI.CheckoutAsset.func137 (7 handlers)
[GIN-debug] POST   /assets/checkin           --> github.com/mark3748/helpdesk-go/cmd/api.(*App).mountAPI.CheckinAsset.func139 (7 handlers)
[GIN-debug] GET    /assets/checkouts/active  --> github.com/mark3748/helpdesk-go/cmd/api.(*App).mountAPI.GetActiveCheckouts.func140 (6 handlers)
[GIN-debug] GET    /assets/checkouts/overdue --> github.com/mark3748/helpdesk-go/cmd/api.(*App).mountAPI.GetOverdueCheckouts.func141 (6 handlers)
[GIN-debug] POST   /assets/:id/relationships --> github.com/mark3748/helpdesk-go/cmd/api.(*App).mountAPI.CreateRelationship.func143 (7 handlers)
[GIN-debug] GET    /assets/:id/relationships/graph --> github.com/mark3748/helpdesk-go/cmd/api.(*App).mountAPI.GetRelationshipGraph.func144 (6 handlers)
[GIN-debug] GET    /assets/:id/impact-analysis --> github.com/mark3748/helpdesk-go/cmd/api.(*App).mountAPI.GetAssetImpactAnalysis.func145 (6 handlers)
[GIN-debug] POST   /assets/bulk/update       --> github.com/mark3748/helpdesk-go/cmd/api.(*App).mountAPI.BulkUpdateAssets.func147 (7 handlers)
[GIN-debug] POST   /assets/bulk/assign       --> github.com/mark3748/helpdesk-go/cmd/api.(*App).mountAPI.BulkAssignAssets.func149 (7 handlers)
[GIN-debug] GET    /assets/bulk/operations/:id --> github.com/mark3748/helpdesk-go/cmd/api.(*App).mountAPI.GetBulkOperation.func150 (6 handlers)
[GIN-debug] POST   /assets/import/preview    --> github.com/mark3748/helpdesk-go/cmd/api.(*App).mountAPI.ImportAssetsPreview.func152 (7 handlers)
[GIN-debug] POST   /assets/import            --> github.com/mark3748/helpdesk-go/cmd/api.(*App).mountAPI.ImportAssets.func154 (7 handlers)
[GIN-debug] POST   /assets/export            --> github.com/mark3748/helpdesk-go/cmd/api.(*App).mountAPI.ExportAssets.func156 (7 handlers)
[GIN-debug] GET    /assets/:id/audit         --> github.com/mark3748/helpdesk-go/cmd/api.(*App).mountAPI.GetAuditHistory.func157 (6 handlers)
[GIN-debug] GET    /assets/audit/summary     --> github.com/mark3748/helpdesk-go/cmd/api.(*App).mountAPI.GetAuditSummary.func159 (7 handlers)
[GIN-debug] GET    /assets/analytics         --> github.com/mark3748/helpdesk-go/cmd/api.(*App).mountAPI.GetAssetAnalytics.func161 (7 handlers)
[GIN-debug] GET    /problems                 --> github.com/mark3748/helpdesk-go/cmd/api.(*App).mountAPI.List.func162 (6 handlers)
[GIN-debug] POST   /problems                 --> github.com/mark3748/helpdesk-go/cmd/api.(*App).mountAPI.Create.func163 (6 handlers)
[GIN-debug] GET    /problems/:id             --> github.com/mark3748/helpdesk-go/cmd/api.(*App).mountAPI.Get.func164 (6 handlers)
[GIN-debug] PUT    /problems/:id             --> github.com/mark3748/helpdesk-go/cmd/api.(*App).mountAPI.Update.func165 (6 handlers)
[GIN-debug] DELETE /problems/:id             --> github.com/mark3748/helpdesk-go/cmd/api.(*App).mountAPI.Delete.func166 (6 handlers)
[GIN-debug] GET    /changes                  --> github.com/mark3748/helpdesk-go/cmd/api.(*App).mountAPI.List.func167 (6 handlers)
[GIN-debug] POST   /changes                  --> github.com/mark3748/helpdesk-go/cmd/api.(*App).mountAPI.Create.func168 (6 handlers)
[GIN-debug] GET    /changes/:id              --> github.com/mark3748/helpdesk-go/cmd/api.(*App).mountAPI.Get.func169 (6 handlers)
[GIN-debug] PUT    /changes/:id              --> github.com/mark3748/helpdesk-go/cmd/api.(*App).mountAPI.Update.func170 (6 handlers)
[GIN-debug] DELETE /changes/:id              --> github.com/mark3748/helpdesk-go/cmd/api.(*App).mountAPI.Delete.func171 (6 handlers)
[GIN-debug] GET    /releases                 --> github.com/mark3748/helpdesk-go/cmd/api.(*App).mountAPI.List.func172 (6 handlers)
[GIN-debug] POST   /releases                 --> github.com/mark3748/helpdesk-go/cmd/api.(*App).mountAPI.Create.func173 (6 handlers)
[GIN-debug] GET    /releases/:id             --> github.com/mark3748/helpdesk-go/cmd/api.(*App).mountAPI.Get.func174 (6 handlers)
[GIN-debug] PUT    /releases/:id             --> github.com/mark3748/helpdesk-go/cmd/api.(*App).mountAPI.Update.func175 (6 handlers)
[GIN-debug] DELETE /releases/:id             --> github.com/mark3748/helpdesk-go/cmd/api.(*App).mountAPI.Delete.func176 (6 handlers)
[GIN-debug] GET    /api/livez                --> github.com/mark3748/helpdesk-go/cmd/api.(*App).mountAPI.func1 (5 handlers)
[GIN-debug] GET    /api/readyz               --> github.com/mark3748/helpdesk-go/cmd/api.(*App).readyz-fm (5 handlers)
[GIN-debug] GET    /api/healthz              --> github.com/mark3748/helpdesk-go/cmd/api.(*App).mountAPI.func2 (5 handlers)
[GIN-debug] GET    /api/csat/:token          --> github.com/mark3748/helpdesk-go/cmd/api.(*App).csatForm-fm (5 handlers)
[GIN-debug] POST   /api/csat/:token          --> github.com/mark3748/helpdesk-go/cmd/api.(*App).submitCSAT-fm (5 handlers)
[GIN-debug] GET    /api/metrics              --> github.com/mark3748/helpdesk-go/cmd/api.(*App).mountAPI.WrapH.func9 (5 handlers)
[GIN-debug] GET    /api/swagger/*filepath    --> github.com/gin-gonic/gin.(*RouterGroup).createStaticHandler.func1 (5 handlers)
[GIN-debug] HEAD   /api/swagger/*filepath    --> github.com/gin-gonic/gin.(*RouterGroup).createStaticHandler.func1 (5 handlers)
[GIN-debug] GET    /api/docs                 --> github.com/mark3748/helpdesk-go/cmd/api.(*App).docsUI-fm (5 handlers)
[GIN-debug] GET    /api/openapi.yaml         --> github.com/mark3748/helpdesk-go/cmd/api.(*App).openapiSpec-fm (5 handlers)
[GIN-debug] POST   /api/webhooks/email-inbound --> github.com/mark3748/helpdesk-go/cmd/api.(*App).mountAPI.EmailInbound.func18 (5 handlers)
[GIN-debug] GET    /api/me                   --> github.com/mark3748/helpdesk-go/cmd/api/auth.Me (6 handlers)
[GIN-debug] GET    /api/me/profile           --> github.com/mark3748/helpdesk-go/cmd/api.(*App).getMyProfile-fm (6 handlers)
[GIN-debug] PATCH  /api/me/profile           --> github.com/mark3748/helpdesk-go/cmd/api.(*App).updateMyProfile-fm (6 handlers)
[GIN-debug] POST   /api/me/password          --> github.com/mark3748/helpdesk-go/cmd/api.(*App).changeMyPassword-fm (6 handlers)
[GIN-debug] GET    /api/events               --> github.com/mark3748/helpdesk-go/cmd/api.(*App).mountAPI.Events.func20 (6 handlers)
[GIN-debug] GET    /api/settings             --> github.com/mark3748/helpdesk-go/cmd/api/handlers.GetSettings (7 handlers)
[GIN-debug] GET    /api/features             --> github.com/mark3748/helpdesk-go/cmd/api.(*App).mountAPI.Features.func22 (6 handlers)
[GIN-debug] POST   /api/test-connection      --> github.com/mark3748/helpdesk-go/cmd/api/handlers.TestConnection (7 handlers)
[GIN-debug] POST   /api/settings/storage     --> github.com/mark3748/helpdesk-go/cmd/api/handlers.SaveStorageSettings (7 handlers)
[GIN-debug] POST   /api/settings/oidc        --> github.com/mark3748/helpdesk-go/cmd/api/handlers.SaveOIDCSettings (7 handlers)
[GIN-debug] POST   /api/settings/mail        --> github.com/mark3748/helpdesk-go/cmd/api/handlers.SaveMailSettings (7 handlers)
[GIN-debug] POST   /api/settings/mail/send-test --> github.com/mark3748/helpdesk-go/cmd/api/handlers.SendTestMail (7 handlers)
[GIN-debug] GET    /api/users/:id/roles      --> github.com/mark3748/helpdesk-go/cmd/api.(*App).mountAPI.ListUserRoles.func29 (7 handlers)
[GIN-debug] POST   /api/users/:id/roles      --> github.com/mark3748/helpdesk-go/cmd/api.(*App).mountAPI.AddUserRole.func31 (7 handlers)
[GIN-debug] DELETE /api/users/:id/roles/:role --> github.com/mark3748/helpdesk-go/cmd/api.(*App).mountAPI.RemoveUserRole.func33 (7 handlers)
[GIN-debug] GET    /api/users                --> github.com/mark3748/helpdesk-go/cmd/api.(*App).mountAPI.List.func35 (7 handlers)
[GIN-debug] GET    /api/users/:id            --> github.com/mark3748/helpdesk-go/cmd/api.(*App).mountAPI.Get.func37 (7 handlers)
[GIN-debug] POST   /api/users                --> github.com/mark3748/helpdesk-go/cmd/api.(*App).mountAPI.CreateLocal.func39 (7 handlers)
[GIN-debug] GET    /api/roles                --> github.com/mark3748/helpdesk-go/cmd/api.(*App).mountAPI.List.func41 (7 handlers)
[GIN-debug] GET    /api/requesters           --> github.com/mark3748/helpdesk-go/cmd/api.(*App).mountAPI.Search.func42 (6 handlers)
[GIN-debug] GET    /api/requesters/:id       --> github.com/mark3748/helpdesk-go/cmd/api.(*App).getRequester-fm (6 handlers)
[GIN-debug] POST   /api/requesters           --> github.com/mark3748/helpdesk-go/cmd/api.(*App).createRequester-fm (7 handlers)
[GIN-debug] PATCH  /api/requesters/:id       --> github.com/mark3748/helpdesk-go/cmd/api.(*App).updateRequester-fm (7 handlers)
[GIN-debug] GET    /api/teams                --> github.com/mark3748/helpdesk-go/cmd/api.(*App).mountAPI.List.func45 (6 handlers)
[GIN-debug] GET    /api/slas                 --> github.com/mark3748/helpdesk-go/cmd/api.(*App).mountAPI.List.func46 (6 handlers)
[GIN-debug] GET    /api/kb                   --> github.com/mark3748/helpdesk-go/cmd/api.(*App).mountAPI.Search.func47 (6 handlers)
[GIN-debug] GET    /api/kb/:slug             --> github.com/mark3748/helpdesk-go/cmd/api.(*App).mountAPI.Get.func48 (6 handlers)
[GIN-debug] POST   /api/kb                   --> github.com/mark3748/helpdesk-go/cmd/api.(*App).mountAPI.Create.func50 (7 handlers)
[GIN-debug] PUT    /api/kb/:slug             --> github.com/mark3748/helpdesk-go/cmd/api.(*App).mountAPI.Update.func52 (7 handlers)
[GIN-debug] DELETE /api/kb/:slug             --> github.com/mark3748/helpdesk-go/cmd/api.(*App).mountAPI.Delete.func54 (7 handlers)
[GIN-debug] GET    /api/tickets              --> github.com/mark3748/helpdesk-go/cmd/api.(*App).mountAPI.List.func55 (6 handlers)
[GIN-debug] POST   /api/tickets              --> github.com/mark3748/helpdesk-go/cmd/api.(*App).mountAPI.Create.func59 (6 handlers)
[GIN-debug] GET    /api/tickets/:id          --> github.com/mark3748/helpdesk-go/cmd/api.(*App).mountAPI.Get.func60 (6 handlers)
[GIN-debug] PATCH  /api/tickets/:id          --> github.com/mark3748/helpdesk-go/cmd/api.(*App).mountAPI.Update.func62 (7 handlers)
[GIN-debug] GET    /api/tickets/:id/comments --> github.com/mark3748/helpdesk-go/cmd/api.(*App).mountAPI.List.func63 (6 handlers)
[GIN-debug] POST   /api/tickets/:id/comments --> github.com/mark3748/helpdesk-go/cmd/api.(*App).mountAPI.Add.func64 (6 handlers)
[GIN-debug] GET    /api/tickets/:id/attachments --> github.com/mark3748/helpdesk-go/cmd/api.(*App).mountAPI.List.func65 (6 handlers)
[GIN-debug] POST   /api/tickets/:id/attachments/presign --> github.com/mark3748/helpdesk-go/cmd/api.(*App).mountAPI.Presign.func75 (6 handlers)
[GIN-debug] POST   /api/tickets/:id/attachments --> github.com/mark3748/helpdesk-go/cmd/api.(*App).mountAPI.Finalize.func76 (6 handlers)
[GIN-debug] GET    /api/tickets/:id/attachments/:attID --> github.com/mark3748/helpdesk-go/cmd/api.(*App).mountAPI.Get.func77 (6 handlers)
[GIN-debug] PUT    /api/attachments/upload/:objectKey --> github.com/mark3748/helpdesk-go/cmd/api.(*App).mountAPI.UploadObject.func78 (6 handlers)
[GIN-debug] DELETE /api/tickets/:id/attachments/:attID --> github.com/mark3748/helpdesk-go/cmd/api.(*App).mountAPI.Delete.func79 (6 handlers)
[GIN-debug] GET    /api/tickets/:id/watchers --> github.com/mark3748/helpdesk-go/cmd/api.(*App).mountAPI.List.func80 (6 handlers)
[GIN-debug] POST   /api/tickets/:id/watchers --> github.com/mark3748/helpdesk-go/cmd/api.(*App).mountAPI.Add.func81 (6 handlers)
[GIN-debug] DELETE /api/tickets/:id/watchers/:uid --> github.com/mark3748/helpdesk-go/cmd/api.(*App).mountAPI.Remove.func82 (6 handlers)
[GIN-debug] GET    /api/emails/outbound      --> github.com/mark3748/helpdesk-go/cmd/api.(*App).mountAPI.ListOutbound.func84 (7 handlers)
[GIN-debug] GET    /api/metrics/sla          --> github.com/mark3748/helpdesk-go/cmd/api.(*App).mountAPI.SLA.func86 (7 handlers)
[GIN-debug] GET    /api/metrics/resolution   --> github.com/mark3748/helpdesk-go/cmd/api.(*App).mountAPI.Resolution.func88 (7 handlers)
[GIN-debug] GET    /api/metrics/tickets      --> github.com/mark3748/helpdesk-go/cmd/api.(*App).mountAPI.TicketVolume.func90 (7 handlers)
[GIN-debug] GET    /api/metrics/dashboard    --> github.com/mark3748/helpdesk-go/cmd/api.(*App).mountAPI.Dashboard.func92 (7 handlers)
[GIN-debug] GET    /api/metrics/agent        --> github.com/mark3748/helpdesk-go/cmd/api.(*App).mountAPI.Agent.func94 (7 handlers)
[GIN-debug] GET    /api/metrics/manager      --> github.com/mark3748/helpdesk-go/cmd/api.(*App).mountAPI.Manager.func96 (7 handlers)
[GIN-debug] POST   /api/exports/tickets      --> github.com/mark3748/helpdesk-go/cmd/api.(*App).exportTicketsBridge-fm (7 handlers)
[GIN-debug] GET    /api/exports/tickets/:job_id --> github.com/mark3748/helpdesk-go/cmd/api.(*App).exportTicketsStatus-fm (7 handlers)
[GIN-debug] GET    /api/webhooks             --> github.com/mark3748/helpdesk-go/cmd/api.(*App).mountAPI.List.func100 (7 handlers)
[GIN-debug] POST   /api/webhooks             --> github.com/mark3748/helpdesk-go/cmd/api.(*App).mountAPI.Create.func102 (7 handlers)
[GIN-debug] DELETE /api/webhooks/:id         --> github.com/mark3748/helpdesk-go/cmd/api.(*App).mountAPI.Delete.func104 (7 handlers)
[GIN-debug] GET    /api/asset-categories     --> github.com/mark3748/helpdesk-go/cmd/api.(*App).mountAPI.ListCategories.func105 (6 handlers)
[GIN-debug] POST   /api/asset-categories     --> github.com/mark3748/helpdesk-go/cmd/api.(*App).mountAPI.CreateCategory.func107 (7 handlers)
[GIN-debug] GET    /api/asset-categories/:id --> github.com/mark3748/helpdesk-go/cmd/api.(*App).mountAPI.GetCategory.func108 (6 handlers)
[GIN-debug] GET    /api/assets               --> github.com/mark3748/helpdesk-go/cmd/api.(*App).mountAPI.ListAssets.func109 (6 handlers)
[GIN-debug] POST   /api/assets               --> github.com/mark3748/helpdesk-go/cmd/api.(*App).mountAPI.CreateAsset.func111 (7 handlers)
[GIN-debug] GET    /api/assets/:id           --> github.com/mark3748/helpdesk-go/cmd/api.(*App).mountAPI.GetAsset.func112 (6 handlers)
[GIN-debug] PATCH  /api/assets/:id           --> github.com/mark3748/helpdesk-go/cmd/api.(*App).mountAPI.UpdateAsset.func114 (7 handlers)
[GIN-debug] DELETE /api/assets/:id           --> github.com/mark3748/helpdesk-go/cmd/api.(*App).mountAPI.DeleteAsset.func116 (7 handlers)
[GIN-debug] POST   /api/assets/:id/assign    --> github.com/mark3748/helpdesk-go/cmd/api.(*App).mountAPI.AssignAsset.func118 (7 handlers)
[GIN-debug] GET    /api/assets/:id/history   --> github.com/mark3748/helpdesk-go/cmd/api.(*App).mountAPI.GetAssetHistory.func119 (6 handlers)
[GIN-debug] GET    /api/assets/:id/assignments --> github.com/mark3748/helpdesk-go/cmd/api.(*App).mountAPI.GetAssetAssignments.func120 (6 handlers)
[GIN-debug] GET    /api/assets/:id/attachments --> github.com/mark3748/helpdesk-go/cmd/api.(*App).mountAPI.ListAttachments.func121 (6 handlers)
[GIN-debug] POST   /api/assets/:id/attachments/presign --> github.com/mark3748/helpdesk-go/cmd/api.(*App).mountAPI.PresignAssetUpload.func123 (7 handlers)
[GIN-debug] POST   /api/assets/:id/attachments --> github.com/mark3748/helpdesk-go/cmd/api.(*App).mountAPI.FinalizeAssetAttachment.func125 (7 handlers)
[GIN-debug] GET    /api/assets/:id/attachments/:attachmentID --> github.com/mark3748/helpdesk-go/cmd/api.(*App).mountAPI.GetAssetAttachment.func126 (6 handlers)
[GIN-debug] DELETE /api/assets/:id/attachments/:attachmentID --> github.com/mark3748/helpdesk-go/cmd/api.(*App).mountAPI.DeleteAssetAttachment.func128 (7 handlers)
[GIN-debug] PUT    /api/assets/attachments/upload/:objectKey --> github.com/mark3748/helpdesk-go/cmd/api.(*App).mountAPI.UploadAssetObject.func129 (6 handlers)
[GIN-debug] POST   /api/assets/:id/status-change --> github.com/mark3748/helpdesk-go/cmd/api.(*App).mountAPI.RequestStatusChange.func131 (7 handlers)
[GIN-debug] POST   /api/workflows/:id/approve --> github.com/mark3748/helpdesk-go/cmd/api.(*App).mountAPI.ApproveWorkflow.func133 (7 handlers)
[GIN-debug] POST   /api/workflows/:id/reject --> github.com/mark3748/helpdesk-go/cmd/api.(*App).mountAPI.RejectWorkflow.func135 (7 handlers)
[GIN-debug] POST   /api/assets/:id/checkout  --> github.com/mark3748/helpdesk-go/cmd/api.(*App).mountAPI.CheckoutAsset.func137 (7 handlers)
[GIN-debug] POST   /api/assets/checkin       --> github.com/mark3748/helpdesk-go/cmd/api.(*App).mountAPI.CheckinAsset.func139 (7 handlers)
[GIN-debug] GET    /api/assets/checkouts/active --> github.com/mark3748/helpdesk-go/cmd/api.(*App).mountAPI.GetActiveCheckouts.func140 (6 handlers)
[GIN-debug] GET    /api/assets/checkouts/overdue --> github.com/mark3748/helpdesk-go/cmd/api.(*App).mountAPI.GetOverdueCheckouts.func141 (6 handlers)
[GIN-debug] POST   /api/assets/:id/relationships --> github.com/mark3748/helpdesk-go/cmd/api.(*App).mountAPI.CreateRelationship.func143 (7 handlers)
[GIN-debug] GET    /api/assets/:id/relationships/graph --> github.com/mark3748/helpdesk-go/cmd/api.(*App).mountAPI.GetRelationshipGraph.func144 (6 handlers)
[GIN-debug] GET    /api/assets/:id/impact-analysis --> github.com/mark3748/helpdesk-go/cmd/api.(*App).mountAPI.GetAssetImpactAnalysis.func145 (6 handlers)
[GIN-debug] POST   /api/assets/bulk/update   --> github.com/mark3748/helpdesk-go/cmd/api.(*App).mountAPI.BulkUpdateAssets.func147 (7 handlers)
[GIN-debug] POST   /api/assets/bulk/assign   --> github.com/mark3748/helpdesk-go/cmd/api.(*App).mountAPI.BulkAssignAssets.func149 (7 handlers)
[GIN-debug] GET    /api/assets/bulk/operations/:id --> github.com/mark3748/helpdesk-go/cmd/api.(*App).mountAPI.GetBulkOperation.func150 (6 handlers)
[GIN-debug] POST   /api/assets/import/preview --> github.com/mark3748/helpdesk-go/cmd/api.(*App).mountAPI.ImportAssetsPreview.func152 (7 handlers)
[GIN-debug] POST   /api/assets/import        --> github.com/mark3748/helpdesk-go/cmd/api.(*App).mountAPI.ImportAssets.func154 (7 handlers)
[GIN-debug] POST   /api/assets/export        --> github.com/mark3748/helpdesk-go/cmd/api.(*App).mountAPI.ExportAssets.func156 (7 handlers)
[GIN-debug] GET    /api/assets/:id/audit     --> github.com/mark3748/helpdesk-go/cmd/api.(*App).mountAPI.GetAuditHistory.func157 (6 handlers)
[GIN-debug] GET    /api/assets/audit/summary --> github.com/mark3748/helpdesk-go/cmd/api.(*App).mountAPI.GetAuditSummary.func159 (7 handlers)
[GIN-debug] GET    /api/assets/analytics     --> github.com/mark3748/helpdesk-go/cmd/api.(*App).mountAPI.GetAssetAnalytics.func161 (7 handlers)
[GIN-debug] GET    /api/problems             --> github.com/mark3748/helpdesk-go/cmd/api.(*App).mountAPI.List.func162 (6 handlers)
[GIN-debug] POST   /api/problems             --> github.com/mark3748/helpdesk-go/cmd/api.(*App).mountAPI.Create.func163 (6 handlers)
[GIN-debug] GET    /api/problems/:id         --> github.com/mark3748/helpdesk-go/cmd/api.(*App).mountAPI.Get.func164 (6 handlers)
[GIN-debug] PUT    /api/problems/:id         --> github.com/mark3748/helpdesk-go/cmd/api.(*App).mountAPI.Update.func165 (6 handlers)
[GIN-debug] DELETE /api/problems/:id         --> github.com/mark3748/helpdesk-go/cmd/api.(*App).mountAPI.Delete.func166 (6 handlers)
[GIN-debug] GET    /api/changes              --> github.com/mark3748/helpdesk-go/cmd/api.(*App).mountAPI.List.func167 (6 handlers)
[GIN-debug] POST   /api/changes              --> github.com/mark3748/helpdesk-go/cmd/api.(*App).mountAPI.Create.func168 (6 handlers)
[GIN-debug] GET    /api/changes/:id          --> github.com/mark3748/helpdesk-go/cmd/api.(*App).mountAPI.Get.func169 (6 handlers)
[GIN-debug] PUT    /api/changes/:id          --> github.com/mark3748/helpdesk-go/cmd/api.(*App).mountAPI.Update.func170 (6 handlers)
[GIN-debug] DELETE /api/changes/:id          --> github.com/mark3748/helpdesk-go/cmd/api.(*App).mountAPI.Delete.func171 (6 handlers)
[GIN-debug] GET    /api/releases             --> github.com/mark3748/helpdesk-go/cmd/api.(*App).mountAPI.List.func172 (6 handlers)
[GIN-debug] POST   /api/releases             --> github.com/mark3748/helpdesk-go/cmd/api.(*App).mountAPI.Create.func173 (6 handlers)
[GIN-debug] GET    /api/releases/:id         --> github.com/mark3748/helpdesk-go/cmd/api.(*App).mountAPI.Get.func174 (6 handlers)
[GIN-debug] PUT    /api/releases/:id         --> github.com/mark3748/helpdesk-go/cmd/api.(*App).mountAPI.Update.func175 (6 handlers)
[GIN-debug] DELETE /api/releases/:id         --> github.com/mark3748/helpdesk-go/cmd/api.(*App).mountAPI.Delete.func176 (6 handlers)
{"level":"info","request_id":"b7937d17-608f-4821-bddc-1cc356c8a3c2","method":"POST","path":"/tickets","status":400,"duration":0.13881,"time":"2025-12-20T00:53:51-07:00","message":"request"}
{"level":"info","request_id":"a9fc12e1-26f5-4b4c-b231-f87852b1f269","method":"POST","path":"/tickets","status":400,"duration":0.034118,"time":"2025-12-20T00:53:51-07:00","message":"request"}
[GIN-debug] [WARNING] Running in "debug" mode. Switch to "release" mode in production.
 - using env:	export GIN_MODE=release
 - using code:	gin.SetMode(gin.ReleaseMode)

[GIN-debug] GET    /livez                    --> github.com/mark3748/helpdesk-go/cmd/api.(*App).mountAPI.func1 (5 handlers)
[GIN-debug] GET    /readyz                   --> github.com/mark3748/helpdesk-go/cmd/api.(*App).readyz-fm (5 handlers)
[GIN-debug] GET    /healthz                  --> github.com/mark3748/helpdesk-go/cmd/api.(*App).mountAPI.func2 (5 handlers)
[GIN-debug] GET    /csat/:token              --> github.com/mark3748/helpdesk-go/cmd/api.(*App).csatForm-fm (5 handlers)
[GIN-debug] POST   /csat/:token              --> github.com/mark3748/helpdesk-go/cmd/api.(*App).submitCSAT-fm (5 handlers)
[GIN-debug] GET    /metrics                  --> github.com/mark3748/helpdesk-go/cmd/api.(*App).mountAPI.WrapH.func9 (5 handlers)
[GIN-debug] GET    /swagger/*filepath        --> github.com/gin-gonic/gin.(*RouterGroup).createStaticHandler.func1 (5 handlers)
[GIN-debug] HEAD   /swagger/*filepath        --> github.com/gin-gonic/gin.(*RouterGroup).createStaticHandler.func1 (5 handlers)
[GIN-debug] GET    /docs                     --> github.com/mark3748/helpdesk-go/cmd/api.(*App).docsUI-fm (5 handlers)
[GIN-debug] GET    /openapi.yaml             --> github.com/mark3748/helpdesk-go/cmd/api.(*App).openapiSpec-fm (5 handlers)
[GIN-debug] POST   /webhooks/email-inbound   --> github.com/mark3748/helpdesk-go/cmd/api.(*App).mountAPI.EmailInbound.func18 (5 handlers)
[GIN-debug] GET    /me                       --> github.com/mark3748/helpdesk-go/cmd/api/auth.Me (6 handlers)
[GIN-debug] GET    /me/profile               --> github.com/mark3748/helpdesk-go/cmd/api.(*App).getMyProfile-fm (6 handlers)
[GIN-debug] PATCH  /me/profile               --> github.com/mark3748/helpdesk-go/cmd/api.(*App).updateMyProfile-fm (6 handlers)
[GIN-debug] POST   /me/password              --> github.com/mark3748/helpdesk-go/cmd/api.(*App).changeMyPassword-fm (6 handlers)
[GIN-debug] GET    /events                   --> github.com/mark3748/helpdesk-go/cmd/api.(*App).mountAPI.Events.func20 (6 handlers)
[GIN-debug] GET    /settings                 --> github.com/mark3748/helpdesk-go/cmd/api/handlers.GetSettings (7 handlers)
[GIN-debug] GET    /features                 --> github.com/mark3748/helpdesk-go/cmd/api.(*App).mountAPI.Features.func22 (6 handlers)
[GIN-debug] POST   /test-connection          --> github.com/mark3748/helpdesk-go/cmd/api/handlers.TestConnection (7 handlers)
[GIN-debug] POST   /settings/storage         --> github.com/mark3748/helpdesk-go/cmd/api/handlers.SaveStorageSettings (7 handlers)
[GIN-debug] POST   /settings/oidc            --> github.com/mark3748/helpdesk-go/cmd/api/handlers.SaveOIDCSettings (7 handlers)
[GIN-debug] POST   /settings/mail            --> github.com/mark3748/helpdesk-go/cmd/api/handlers.SaveMailSettings (7 handlers)
[GIN-debug] POST   /settings/mail/send-test  --> github.com/mark3748/helpdesk-go/cmd/api/handlers.SendTestMail (7 handlers)
[GIN-debug] GET    /users/:id/roles          --> github.com/mark3748/helpdesk-go/cmd/api.(*App).mountAPI.ListUserRoles.func29 (7 handlers)
[GIN-debug] POST   /users/:id/roles          --> github.com/mark3748/helpdesk-go/cmd/api.(*App).mountAPI.AddUserRole.func31 (7 handlers)
[GIN-debug] DELETE /users/:id/roles/:role    --> github.com/mark3748/helpdesk-go/cmd/api.(*App).mountAPI.RemoveUserRole.func33 (7 handlers)
[GIN-debug] GET    /users                    --> github.com/mark3748/helpdesk-go/cmd/api.(*App).mountAPI.List.func35 (7 handlers)
[GIN-debug] GET    /users/:id                --> github.com/mark3748/helpdesk-go/cmd/api.(*App).mountAPI.Get.func37 (7 handlers)
[GIN-debug] POST   /users                    --> github.com/mark3748/helpdesk-go/cmd/api.(*App).mountAPI.CreateLocal.func39 (7 handlers)
[GIN-debug] GET    /roles                    --> github.com/mark3748/helpdesk-go/cmd/api.(*App).mountAPI.List.func41 (7 handlers)
[GIN-debug] GET    /requesters               --> github.com/mark3748/helpdesk-go/cmd/api.(*App).mountAPI.Search.func42 (6 handlers)
[GIN-debug] GET    /requesters/:id           --> github.com/mark3748/helpdesk-go/cmd/api.(*App).getRequester-fm (6 handlers)
[GIN-debug] POST   /requesters               --> github.com/mark3748/helpdesk-go/cmd/api.(*App).createRequester-fm (7 handlers)
[GIN-debug] PATCH  /requesters/:id           --> github.com/mark3748/helpdesk-go/cmd/api.(*App).updateRequester-fm (7 handlers)
[GIN-debug] GET    /teams                    --> github.com/mark3748/helpdesk-go/cmd/api.(*App).mountAPI.List.func45 (6 handlers)
[GIN-debug] GET    /slas                     --> github.com/mark3748/helpdesk-go/cmd/api.(*App).mountAPI.List.func46 (6 handlers)
[GIN-debug] GET    /kb                       --> github.com/mark3748/helpdesk-go/cmd/api.(*App).mountAPI.Search.func47 (6 handlers)
[GIN-debug] GET    /kb/:slug                 --> github.com/mark3748/helpdesk-go/cmd/api.(*App).mountAPI.Get.func48 (6 handlers)
[GIN-debug] POST   /kb                       --> github.com/mark3748/helpdesk-go/cmd/api.(*App).mountAPI.Create.func50 (7 handlers)
[GIN-debug] PUT    /kb/:slug                 --> github.com/mark3748/helpdesk-go/cmd/api.(*App).mountAPI.Update.func52 (7 handlers)
[GIN-debug] DELETE /kb/:slug                 --> github.com/mark3748/helpdesk-go/cmd/api.(*App).mountAPI.Delete.func54 (7 handlers)
[GIN-debug] GET    /tickets                  --> github.com/mark3748/helpdesk-go/cmd/api.(*App).mountAPI.List.func55 (6 handlers)
[GIN-debug] POST   /tickets                  --> github.com/mark3748/helpdesk-go/cmd/api.(*App).mountAPI.Create.func59 (6 handlers)
[GIN-debug] GET    /tickets/:id              --> github.com/mark3748/helpdesk-go/cmd/api.(*App).mountAPI.Get.func60 (6 handlers)
[GIN-debug] PATCH  /tickets/:id              --> github.com/mark3748/helpdesk-go/cmd/api.(*App).mountAPI.Update.func62 (7 handlers)
[GIN-debug] GET    /tickets/:id/comments     --> github.com/mark3748/helpdesk-go/cmd/api.(*App).mountAPI.List.func63 (6 handlers)
[GIN-debug] POST   /tickets/:id/comments     --> github.com/mark3748/helpdesk-go/cmd/api.(*App).mountAPI.Add.func64 (6 handlers)
[GIN-debug] GET    /tickets/:id/attachments  --> github.com/mark3748/helpdesk-go/cmd/api.(*App).mountAPI.List.func65 (6 handlers)
[GIN-debug] POST   /tickets/:id/attachments/presign --> github.com/mark3748/helpdesk-go/cmd/api.(*App).mountAPI.Presign.func75 (6 handlers)
[GIN-debug] POST   /tickets/:id/attachments  --> github.com/mark3748/helpdesk-go/cmd/api.(*App).mountAPI.Finalize.func76 (6 handlers)
[GIN-debug] GET    /tickets/:id/attachments/:attID --> github.com/mark3748/helpdesk-go/cmd/api.(*App).mountAPI.Get.func77 (6 handlers)
[GIN-debug] PUT    /attachments/upload/:objectKey --> github.com/mark3748/helpdesk-go/cmd/api.(*App).mountAPI.UploadObject.func78 (6 handlers)
[GIN-debug] DELETE /tickets/:id/attachments/:attID --> github.com/mark3748/helpdesk-go/cmd/api.(*App).mountAPI.Delete.func79 (6 handlers)
[GIN-debug] GET    /tickets/:id/watchers     --> github.com/mark3748/helpdesk-go/cmd/api.(*App).mountAPI.List.func80 (6 handlers)
[GIN-debug] POST   /tickets/:id/watchers     --> github.com/mark3748/helpdesk-go/cmd/api.(*App).mountAPI.Add.func81 (6 handlers)
[GIN-debug] DELETE /tickets/:id/watchers/:uid --> github.com/mark3748/helpdesk-go/cmd/api.(*App).mountAPI.Remove.func82 (6 handlers)
[GIN-debug] GET    /emails/outbound          --> github.com/mark3748/helpdesk-go/cmd/api.(*App).mountAPI.ListOutbound.func84 (7 handlers)
[GIN-debug] GET    /metrics/sla              --> github.com/mark3748/helpdesk-go/cmd/api.(*App).mountAPI.SLA.func86 (7 handlers)
[GIN-debug] GET    /metrics/resolution       --> github.com/mark3748/helpdesk-go/cmd/api.(*App).mountAPI.Resolution.func88 (7 handlers)
[GIN-debug] GET    /metrics/tickets          --> github.com/mark3748/helpdesk-go/cmd/api.(*App).mountAPI.TicketVolume.func90 (7 handlers)
[GIN-debug] GET    /metrics/dashboard        --> github.com/mark3748/helpdesk-go/cmd/api.(*App).mountAPI.Dashboard.func92 (7 handlers)
[GIN-debug] GET    /metrics/agent            --> github.com/mark3748/helpdesk-go/cmd/api.(*App).mountAPI.Agent.func94 (7 handlers)
[GIN-debug] GET    /metrics/manager          --> github.com/mark3748/helpdesk-go/cmd/api.(*App).mountAPI.Manager.func96 (7 handlers)
[GIN-debug] POST   /exports/tickets          --> github.com/mark3748/helpdesk-go/cmd/api.(*App).exportTicketsBridge-fm (7 handlers)
[GIN-debug] GET    /exports/tickets/:job_id  --> github.com/mark3748/helpdesk-go/cmd/api.(*App).exportTicketsStatus-fm (7 handlers)
[GIN-debug] GET    /webhooks                 --> github.com/mark3748/helpdesk-go/cmd/api.(*App).mountAPI.List.func100 (7 handlers)
[GIN-debug] POST   /webhooks                 --> github.com/mark3748/helpdesk-go/cmd/api.(*App).mountAPI.Create.func102 (7 handlers)
[GIN-debug] DELETE /webhooks/:id             --> github.com/mark3748/helpdesk-go/cmd/api.(*App).mountAPI.Delete.func104 (7 handlers)
[GIN-debug] GET    /asset-categories         --> github.com/mark3748/helpdesk-go/cmd/api.(*App).mountAPI.ListCategories.func105 (6 handlers)
[GIN-debug] POST   /asset-categories         --> github.com/mark3748/helpdesk-go/cmd/api.(*App).mountAPI.CreateCategory.func107 (7 handlers)
[GIN-debug] GET    /asset-categories/:id     --> github.com/mark3748/helpdesk-go/cmd/api.(*App).mountAPI.GetCategory.func108 (6 handlers)
[GIN-debug] GET    /assets                   --> github.com/mark3748/helpdesk-go/cmd/api.(*App).mountAPI.ListAssets.func109 (6 handlers)
[GIN-debug] POST   /assets                   --> github.com/mark3748/helpdesk-go/cmd/api.(*App).mountAPI.CreateAsset.func111 (7 handlers)
[GIN-debug] GET    /assets/:id               --> github.com/mark3748/helpdesk-go/cmd/api.(*App).mountAPI.GetAsset.func112 (6 handlers)
[GIN-debug] PATCH  /assets/:id               --> github.com/mark3748/helpdesk-go/cmd/api.(*App).mountAPI.UpdateAsset.func114 (7 handlers)
[GIN-debug] DELETE /assets/:id               --> github.com/mark3748/helpdesk-go/cmd/api.(*App).mountAPI.DeleteAsset.func116 (7 handlers)
[GIN-debug] POST   /assets/:id/assign        --> github.com/mark3748/helpdesk-go/cmd/api.(*App).mountAPI.AssignAsset.func118 (7 handlers)
[GIN-debug] GET    /assets/:id/history       --> github.com/mark3748/helpdesk-go/cmd/api.(*App).mountAPI.GetAssetHistory.func119 (6 handlers)
[GIN-debug] GET    /assets/:id/assignments   --> github.com/mark3748/helpdesk-go/cmd/api.(*App).mountAPI.GetAssetAssignments.func120 (6 handlers)
[GIN-debug] GET    /assets/:id/attachments   --> github.com/mark3748/helpdesk-go/cmd/api.(*App).mountAPI.ListAttachments.func121 (6 handlers)
[GIN-debug] POST   /assets/:id/attachments/presign --> github.com/mark3748/helpdesk-go/cmd/api.(*App).mountAPI.PresignAssetUpload.func123 (7 handlers)
[GIN-debug] POST   /assets/:id/attachments   --> github.com/mark3748/helpdesk-go/cmd/api.(*App).mountAPI.FinalizeAssetAttachment.func125 (7 handlers)
[GIN-debug] GET    /assets/:id/attachments/:attachmentID --> github.com/mark3748/helpdesk-go/cmd/api.(*App).mountAPI.GetAssetAttachment.func126 (6 handlers)
[GIN-debug] DELETE /assets/:id/attachments/:attachmentID --> github.com/mark3748/helpdesk-go/cmd/api.(*App).mountAPI.DeleteAssetAttachment.func128 (7 handlers)
[GIN-debug] PUT    /assets/attachments/upload/:objectKey --> github.com/mark3748/helpdesk-go/cmd/api.(*App).mountAPI.UploadAssetObject.func129 (6 handlers)
[GIN-debug] POST   /assets/:id/status-change --> github.com/mark3748/helpdesk-go/cmd/api.(*App).mountAPI.RequestStatusChange.func131 (7 handlers)
[GIN-debug] POST   /workflows/:id/approve    --> github.com/mark3748/helpdesk-go/cmd/api.(*App).mountAPI.ApproveWorkflow.func133 (7 handlers)
[GIN-debug] POST   /workflows/:id/reject     --> github.com/mark3748/helpdesk-go/cmd/api.(*App).mountAPI.RejectWorkflow.func135 (7 handlers)
[GIN-debug] POST   /assets/:id/checkout      --> github.com/mark3748/helpdesk-go/cmd/api.(*App).mountAPI.CheckoutAsset.func137 (7 handlers)
[GIN-debug] POST   /assets/checkin           --> github.com/mark3748/helpdesk-go/cmd/api.(*App).mountAPI.CheckinAsset.func139 (7 handlers)
[GIN-debug] GET    /assets/checkouts/active  --> github.com/mark3748/helpdesk-go/cmd/api.(*App).mountAPI.GetActiveCheckouts.func140 (6 handlers)
[GIN-debug] GET    /assets/checkouts/overdue --> github.com/mark3748/helpdesk-go/cmd/api.(*App).mountAPI.GetOverdueCheckouts.func141 (6 handlers)
[GIN-debug] POST   /assets/:id/relationships --> github.com/mark3748/helpdesk-go/cmd/api.(*App).mountAPI.CreateRelationship.func143 (7 handlers)
[GIN-debug] GET    /assets/:id/relationships/graph --> github.com/mark3748/helpdesk-go/cmd/api.(*App).mountAPI.GetRelationshipGraph.func144 (6 handlers)
[GIN-debug] GET    /assets/:id/impact-analysis --> github.com/mark3748/helpdesk-go/cmd/api.(*App).mountAPI.GetAssetImpactAnalysis.func145 (6 handlers)
[GIN-debug] POST   /assets/bulk/update       --> github.com/mark3748/helpdesk-go/cmd/api.(*App).mountAPI.BulkUpdateAssets.func147 (7 handlers)
[GIN-debug] POST   /assets/bulk/assign       --> github.com/mark3748/helpdesk-go/cmd/api.(*App).mountAPI.BulkAssignAssets.func149 (7 handlers)
[GIN-debug] GET    /assets/bulk/operations/:id --> github.com/mark3748/helpdesk-go/cmd/api.(*App).mountAPI.GetBulkOperation.func150 (6 handlers)
[GIN-debug] POST   /assets/import/preview    --> github.com/mark3748/helpdesk-go/cmd/api.(*App).mountAPI.ImportAssetsPreview.func152 (7 handlers)
[GIN-debug] POST   /assets/import            --> github.com/mark3748/helpdesk-go/cmd/api.(*App).mountAPI.ImportAssets.func154 (7 handlers)
[GIN-debug] POST   /assets/export            --> github.com/mark3748/helpdesk-go/cmd/api.(*App).mountAPI.ExportAssets.func156 (7 handlers)
[GIN-debug] GET    /assets/:id/audit         --> github.com/mark3748/helpdesk-go/cmd/api.(*App).mountAPI.GetAuditHistory.func157 (6 handlers)
[GIN-debug] GET    /assets/audit/summary     --> github.com/mark3748/helpdesk-go/cmd/api.(*App).mountAPI.GetAuditSummary.func159 (7 handlers)
[GIN-debug] GET    /assets/analytics         --> github.com/mark3748/helpdesk-go/cmd/api.(*App).mountAPI.GetAssetAnalytics.func161 (7 handlers)
[GIN-debug] GET    /problems                 --> github.com/mark3748/helpdesk-go/cmd/api.(*App).mountAPI.List.func162 (6 handlers)
[GIN-debug] POST   /problems                 --> github.com/mark3748/helpdesk-go/cmd/api.(*App).mountAPI.Create.func163 (6 handlers)
[GIN-debug] GET    /problems/:id             --> github.com/mark3748/helpdesk-go/cmd/api.(*App).mountAPI.Get.func164 (6 handlers)
[GIN-debug] PUT    /problems/:id             --> github.com/mark3748/helpdesk-go/cmd/api.(*App).mountAPI.Update.func165 (6 handlers)
[GIN-debug] DELETE /problems/:id             --> github.com/mark3748/helpdesk-go/cmd/api.(*App).mountAPI.Delete.func166 (6 handlers)
[GIN-debug] GET    /changes                  --> github.com/mark3748/helpdesk-go/cmd/api.(*App).mountAPI.List.func167 (6 handlers)
[GIN-debug] POST   /changes                  --> github.com/mark3748/helpdesk-go/cmd/api.(*App).mountAPI.Create.func168 (6 handlers)
[GIN-debug] GET    /changes/:id              --> github.com/mark3748/helpdesk-go/cmd/api.(*App).mountAPI.Get.func169 (6 handlers)
[GIN-debug] PUT    /changes/:id              --> github.com/mark3748/helpdesk-go/cmd/api.(*App).mountAPI.Update.func170 (6 handlers)
[GIN-debug] DELETE /changes/:id              --> github.com/mark3748/helpdesk-go/cmd/api.(*App).mountAPI.Delete.func171 (6 handlers)
[GIN-debug] GET    /releases                 --> github.com/mark3748/helpdesk-go/cmd/api.(*App).mountAPI.List.func172 (6 handlers)
[GIN-debug] POST   /releases                 --> github.com/mark3748/helpdesk-go/cmd/api.(*App).mountAPI.Create.func173 (6 handlers)
[GIN-debug] GET    /releases/:id             --> github.com/mark3748/helpdesk-go/cmd/api.(*App).mountAPI.Get.func174 (6 handlers)
[GIN-debug] PUT    /releases/:id             --> github.com/mark3748/helpdesk-go/cmd/api.(*App).mountAPI.Update.func175 (6 handlers)
[GIN-debug] DELETE /releases/:id             --> github.com/mark3748/helpdesk-go/cmd/api.(*App).mountAPI.Delete.func176 (6 handlers)
[GIN-debug] GET    /api/livez                --> github.com/mark3748/helpdesk-go/cmd/api.(*App).mountAPI.func1 (5 handlers)
[GIN-debug] GET    /api/readyz               --> github.com/mark3748/helpdesk-go/cmd/api.(*App).readyz-fm (5 handlers)
[GIN-debug] GET    /api/healthz              --> github.com/mark3748/helpdesk-go/cmd/api.(*App).mountAPI.func2 (5 handlers)
[GIN-debug] GET    /api/csat/:token          --> github.com/mark3748/helpdesk-go/cmd/api.(*App).csatForm-fm (5 handlers)
[GIN-debug] POST   /api/csat/:token          --> github.com/mark3748/helpdesk-go/cmd/api.(*App).submitCSAT-fm (5 handlers)
[GIN-debug] GET    /api/metrics              --> github.com/mark3748/helpdesk-go/cmd/api.(*App).mountAPI.WrapH.func9 (5 handlers)
[GIN-debug] GET    /api/swagger/*filepath    --> github.com/gin-gonic/gin.(*RouterGroup).createStaticHandler.func1 (5 handlers)
[GIN-debug] HEAD   /api/swagger/*filepath    --> github.com/gin-gonic/gin.(*RouterGroup).createStaticHandler.func1 (5 handlers)
[GIN-debug] GET    /api/docs                 --> github.com/mark3748/helpdesk-go/cmd/api.(*App).docsUI-fm (5 handlers)
[GIN-debug] GET    /api/openapi.yaml         --> github.com/mark3748/helpdesk-go/cmd/api.(*App).openapiSpec-fm (5 handlers)
[GIN-debug] POST   /api/webhooks/email-inbound --> github.com/mark3748/helpdesk-go/cmd/api.(*App).mountAPI.EmailInbound.func18 (5 handlers)
[GIN-debug] GET    /api/me                   --> github.com/mark3748/helpdesk-go/cmd/api/auth.Me (6 handlers)
[GIN-debug] GET    /api/me/profile           --> github.com/mark3748/helpdesk-go/cmd/api.(*App).getMyProfile-fm (6 handlers)
[GIN-debug] PATCH  /api/me/profile           --> github.com/mark3748/helpdesk-go/cmd/api.(*App).updateMyProfile-fm (6 handlers)
[GIN-debug] POST   /api/me/password          --> github.com/mark3748/helpdesk-go/cmd/api.(*App).changeMyPassword-fm (6 handlers)
[GIN-debug] GET    /api/events               --> github.com/mark3748/helpdesk-go/cmd/api.(*App).mountAPI.Events.func20 (6 handlers)
[GIN-debug] GET    /api/settings             --> github.com/mark3748/helpdesk-go/cmd/api/handlers.GetSettings (7 handlers)
[GIN-debug] GET    /api/features             --> github.com/mark3748/helpdesk-go/cmd/api.(*App).mountAPI.Features.func22 (6 handlers)
[GIN-debug] POST   /api/test-connection      --> github.com/mark3748/helpdesk-go/cmd/api/handlers.TestConnection (7 handlers)
[GIN-debug] POST   /api/settings/storage     --> github.com/mark3748/helpdesk-go/cmd/api/handlers.SaveStorageSettings (7 handlers)
[GIN-debug] POST   /api/settings/oidc        --> github.com/mark3748/helpdesk-go/cmd/api/handlers.SaveOIDCSettings (7 handlers)
[GIN-debug] POST   /api/settings/mail        --> github.com/mark3748/helpdesk-go/cmd/api/handlers.SaveMailSettings (7 handlers)
[GIN-debug] POST   /api/settings/mail/send-test --> github.com/mark3748/helpdesk-go/cmd/api/handlers.SendTestMail (7 handlers)
[GIN-debug] GET    /api/users/:id/roles      --> github.com/mark3748/helpdesk-go/cmd/api.(*App).mountAPI.ListUserRoles.func29 (7 handlers)
[GIN-debug] POST   /api/users/:id/roles      --> github.com/mark3748/helpdesk-go/cmd/api.(*App).mountAPI.AddUserRole.func31 (7 handlers)
[GIN-debug] DELETE /api/users/:id/roles/:role --> github.com/mark3748/helpdesk-go/cmd/api.(*App).mountAPI.RemoveUserRole.func33 (7 handlers)
[GIN-debug] GET    /api/users                --> github.com/mark3748/helpdesk-go/cmd/api.(*App).mountAPI.List.func35 (7 handlers)
[GIN-debug] GET    /api/users/:id            --> github.com/mark3748/helpdesk-go/cmd/api.(*App).mountAPI.Get.func37 (7 handlers)
[GIN-debug] POST   /api/users                --> github.com/mark3748/helpdesk-go/cmd/api.(*App).mountAPI.CreateLocal.func39 (7 handlers)
[GIN-debug] GET    /api/roles                --> github.com/mark3748/helpdesk-go/cmd/api.(*App).mountAPI.List.func41 (7 handlers)
[GIN-debug] GET    /api/requesters           --> github.com/mark3748/helpdesk-go/cmd/api.(*App).mountAPI.Search.func42 (6 handlers)
[GIN-debug] GET    /api/requesters/:id       --> github.com/mark3748/helpdesk-go/cmd/api.(*App).getRequester-fm (6 handlers)
[GIN-debug] POST   /api/requesters           --> github.com/mark3748/helpdesk-go/cmd/api.(*App).createRequester-fm (7 handlers)
[GIN-debug] PATCH  /api/requesters/:id       --> github.com/mark3748/helpdesk-go/cmd/api.(*App).updateRequester-fm (7 handlers)
[GIN-debug] GET    /api/teams                --> github.com/mark3748/helpdesk-go/cmd/api.(*App).mountAPI.List.func45 (6 handlers)
[GIN-debug] GET    /api/slas                 --> github.com/mark3748/helpdesk-go/cmd/api.(*App).mountAPI.List.func46 (6 handlers)
[GIN-debug] GET    /api/kb                   --> github.com/mark3748/helpdesk-go/cmd/api.(*App).mountAPI.Search.func47 (6 handlers)
[GIN-debug] GET    /api/kb/:slug             --> github.com/mark3748/helpdesk-go/cmd/api.(*App).mountAPI.Get.func48 (6 handlers)
[GIN-debug] POST   /api/kb                   --> github.com/mark3748/helpdesk-go/cmd/api.(*App).mountAPI.Create.func50 (7 handlers)
[GIN-debug] PUT    /api/kb/:slug             --> github.com/mark3748/helpdesk-go/cmd/api.(*App).mountAPI.Update.func52 (7 handlers)
[GIN-debug] DELETE /api/kb/:slug             --> github.com/mark3748/helpdesk-go/cmd/api.(*App).mountAPI.Delete.func54 (7 handlers)
[GIN-debug] GET    /api/tickets              --> github.com/mark3748/helpdesk-go/cmd/api.(*App).mountAPI.List.func55 (6 handlers)
[GIN-debug] POST   /api/tickets              --> github.com/mark3748/helpdesk-go/cmd/api.(*App).mountAPI.Create.func59 (6 handlers)
[GIN-debug] GET    /api/tickets/:id          --> github.com/mark3748/helpdesk-go/cmd/api.(*App).mountAPI.Get.func60 (6 handlers)
[GIN-debug] PATCH  /api/tickets/:id          --> github.com/mark3748/helpdesk-go/cmd/api.(*App).mountAPI.Update.func62 (7 handlers)
[GIN-debug] GET    /api/tickets/:id/comments --> github.com/mark3748/helpdesk-go/cmd/api.(*App).mountAPI.List.func63 (6 handlers)
[GIN-debug] POST   /api/tickets/:id/comments --> github.com/mark3748/helpdesk-go/cmd/api.(*App).mountAPI.Add.func64 (6 handlers)
[GIN-debug] GET    /api/tickets/:id/attachments --> github.com/mark3748/helpdesk-go/cmd/api.(*App).mountAPI.List.func65 (6 handlers)
[GIN-debug] POST   /api/tickets/:id/attachments/presign --> github.com/mark3748/helpdesk-go/cmd/api.(*App).mountAPI.Presign.func75 (6 handlers)
[GIN-debug] POST   /api/tickets/:id/attachments --> github.com/mark3748/helpdesk-go/cmd/api.(*App).mountAPI.Finalize.func76 (6 handlers)
[GIN-debug] GET    /api/tickets/:id/attachments/:attID --> github.com/mark3748/helpdesk-go/cmd/api.(*App).mountAPI.Get.func77 (6 handlers)
[GIN-debug] PUT    /api/attachments/upload/:objectKey --> github.com/mark3748/helpdesk-go/cmd/api.(*App).mountAPI.UploadObject.func78 (6 handlers)
[GIN-debug] DELETE /api/tickets/:id/attachments/:attID --> github.com/mark3748/helpdesk-go/cmd/api.(*App).mountAPI.Delete.func79 (6 handlers)
[GIN-debug] GET    /api/tickets/:id/watchers --> github.com/mark3748/helpdesk-go/cmd/api.(*App).mountAPI.List.func80 (6 handlers)
[GIN-debug] POST   /api/tickets/:id/watchers --> github.com/mark3748/helpdesk-go/cmd/api.(*App).mountAPI.Add.func81 (6 handlers)
[GIN-debug] DELETE /api/tickets/:id/watchers/:uid --> github.com/mark3748/helpdesk-go/cmd/api.(*App).mountAPI.Remove.func82 (6 handlers)
[GIN-debug] GET    /api/emails/outbound      --> github.com/mark3748/helpdesk-go/cmd/api.(*App).mountAPI.ListOutbound.func84 (7 handlers)
[GIN-debug] GET    /api/metrics/sla          --> github.com/mark3748/helpdesk-go/cmd/api.(*App).mountAPI.SLA.func86 (7 handlers)
[GIN-debug] GET    /api/metrics/resolution   --> github.com/mark3748/helpdesk-go/cmd/api.(*App).mountAPI.Resolution.func88 (7 handlers)
[GIN-debug] GET    /api/metrics/tickets      --> github.com/mark3748/helpdesk-go/cmd/api.(*App).mountAPI.TicketVolume.func90 (7 handlers)
[GIN-debug] GET    /api/metrics/dashboard    --> github.com/mark3748/helpdesk-go/cmd/api.(*App).mountAPI.Dashboard.func92 (7 handlers)
[GIN-debug] GET    /api/metrics/agent        --> github.com/mark3748/helpdesk-go/cmd/api.(*App).mountAPI.Agent.func94 (7 handlers)
[GIN-debug] GET    /api/metrics/manager      --> github.com/mark3748/helpdesk-go/cmd/api.(*App).mountAPI.Manager.func96 (7 handlers)
[GIN-debug] POST   /api/exports/tickets      --> github.com/mark3748/helpdesk-go/cmd/api.(*App).exportTicketsBridge-fm (7 handlers)
[GIN-debug] GET    /api/exports/tickets/:job_id --> github.com/mark3748/helpdesk-go/cmd/api.(*App).exportTicketsStatus-fm (7 handlers)
[GIN-debug] GET    /api/webhooks             --> github.com/mark3748/helpdesk-go/cmd/api.(*App).mountAPI.List.func100 (7 handlers)
[GIN-debug] POST   /api/webhooks             --> github.com/mark3748/helpdesk-go/cmd/api.(*App).mountAPI.Create.func102 (7 handlers)
[GIN-debug] DELETE /api/webhooks/:id         --> github.com/mark3748/helpdesk-go/cmd/api.(*App).mountAPI.Delete.func104 (7 handlers)
[GIN-debug] GET    /api/asset-categories     --> github.com/mark3748/helpdesk-go/cmd/api.(*App).mountAPI.ListCategories.func105 (6 handlers)
[GIN-debug] POST   /api/asset-categories     --> github.com/mark3748/helpdesk-go/cmd/api.(*App).mountAPI.CreateCategory.func107 (7 handlers)
[GIN-debug] GET    /api/asset-categories/:id --> github.com/mark3748/helpdesk-go/cmd/api.(*App).mountAPI.GetCategory.func108 (6 handlers)
[GIN-debug] GET    /api/assets               --> github.com/mark3748/helpdesk-go/cmd/api.(*App).mountAPI.ListAssets.func109 (6 handlers)
[GIN-debug] POST   /api/assets               --> github.com/mark3748/helpdesk-go/cmd/api.(*App).mountAPI.CreateAsset.func111 (7 handlers)
[GIN-debug] GET    /api/assets/:id           --> github.com/mark3748/helpdesk-go/cmd/api.(*App).mountAPI.GetAsset.func112 (6 handlers)
[GIN-debug] PATCH  /api/assets/:id           --> github.com/mark3748/helpdesk-go/cmd/api.(*App).mountAPI.UpdateAsset.func114 (7 handlers)
[GIN-debug] DELETE /api/assets/:id           --> github.com/mark3748/helpdesk-go/cmd/api.(*App).mountAPI.DeleteAsset.func116 (7 handlers)
[GIN-debug] POST   /api/assets/:id/assign    --> github.com/mark3748/helpdesk-go/cmd/api.(*App).mountAPI.AssignAsset.func118 (7 handlers)
[GIN-debug] GET    /api/assets/:id/history   --> github.com/mark3748/helpdesk-go/cmd/api.(*App).mountAPI.GetAssetHistory.func119 (6 handlers)
[GIN-debug] GET    /api/assets/:id/assignments --> github.com/mark3748/helpdesk-go/cmd/api.(*App).mountAPI.GetAssetAssignments.func120 (6 handlers)
[GIN-debug] GET    /api/assets/:id/attachments --> github.com/mark3748/helpdesk-go/cmd/api.(*App).mountAPI.ListAttachments.func121 (6 handlers)
[GIN-debug] POST   /api/assets/:id/attachments/presign --> github.com/mark3748/helpdesk-go/cmd/api.(*App).mountAPI.PresignAssetUpload.func123 (7 handlers)
[GIN-debug] POST   /api/assets/:id/attachments --> github.com/mark3748/helpdesk-go/cmd/api.(*App).mountAPI.FinalizeAssetAttachment.func125 (7 handlers)
[GIN-debug] GET    /api/assets/:id/attachments/:attachmentID --> github.com/mark3748/helpdesk-go/cmd/api.(*App).mountAPI.GetAssetAttachment.func126 (6 handlers)
[GIN-debug] DELETE /api/assets/:id/attachments/:attachmentID --> github.com/mark3748/helpdesk-go/cmd/api.(*App).mountAPI.DeleteAssetAttachment.func128 (7 handlers)
[GIN-debug] PUT    /api/assets/attachments/upload/:objectKey --> github.com/mark3748/helpdesk-go/cmd/api.(*App).mountAPI.UploadAssetObject.func129 (6 handlers)
[GIN-debug] POST   /api/assets/:id/status-change --> github.com/mark3748/helpdesk-go/cmd/api.(*App).mountAPI.RequestStatusChange.func131 (7 handlers)
[GIN-debug] POST   /api/workflows/:id/approve --> github.com/mark3748/helpdesk-go/cmd/api.(*App).mountAPI.ApproveWorkflow.func133 (7 handlers)
[GIN-debug] POST   /api/workflows/:id/reject --> github.com/mark3748/helpdesk-go/cmd/api.(*App).mountAPI.RejectWorkflow.func135 (7 handlers)
[GIN-debug] POST   /api/assets/:id/checkout  --> github.com/mark3748/helpdesk-go/cmd/api.(*App).mountAPI.CheckoutAsset.func137 (7 handlers)
[GIN-debug] POST   /api/assets/checkin       --> github.com/mark3748/helpdesk-go/cmd/api.(*App).mountAPI.CheckinAsset.func139 (7 handlers)
[GIN-debug] GET    /api/assets/checkouts/active --> github.com/mark3748/helpdesk-go/cmd/api.(*App).mountAPI.GetActiveCheckouts.func140 (6 handlers)
[GIN-debug] GET    /api/assets/checkouts/overdue --> github.com/mark3748/helpdesk-go/cmd/api.(*App).mountAPI.GetOverdueCheckouts.func141 (6 handlers)
[GIN-debug] POST   /api/assets/:id/relationships --> github.com/mark3748/helpdesk-go/cmd/api.(*App).mountAPI.CreateRelationship.func143 (7 handlers)
[GIN-debug] GET    /api/assets/:id/relationships/graph --> github.com/mark3748/helpdesk-go/cmd/api.(*App).mountAPI.GetRelationshipGraph.func144 (6 handlers)
[GIN-debug] GET    /api/assets/:id/impact-analysis --> github.com/mark3748/helpdesk-go/cmd/api.(*App).mountAPI.GetAssetImpactAnalysis.func145 (6 handlers)
[GIN-debug] POST   /api/assets/bulk/update   --> github.com/mark3748/helpdesk-go/cmd/api.(*App).mountAPI.BulkUpdateAssets.func147 (7 handlers)
[GIN-debug] POST   /api/assets/bulk/assign   --> github.com/mark3748/helpdesk-go/cmd/api.(*App).mountAPI.BulkAssignAssets.func149 (7 handlers)
[GIN-debug] GET    /api/assets/bulk/operations/:id --> github.com/mark3748/helpdesk-go/cmd/api.(*App).mountAPI.GetBulkOperation.func150 (6 handlers)
[GIN-debug] POST   /api/assets/import/preview --> github.com/mark3748/helpdesk-go/cmd/api.(*App).mountAPI.ImportAssetsPreview.func152 (7 handlers)
[GIN-debug] POST   /api/assets/import        --> github.com/mark3748/helpdesk-go/cmd/api.(*App).mountAPI.ImportAssets.func154 (7 handlers)
[GIN-debug] POST   /api/assets/export        --> github.com/mark3748/helpdesk-go/cmd/api.(*App).mountAPI.ExportAssets.func156 (7 handlers)
[GIN-debug] GET    /api/assets/:id/audit     --> github.com/mark3748/helpdesk-go/cmd/api.(*App).mountAPI.GetAuditHistory.func157 (6 handlers)
[GIN-debug] GET    /api/assets/audit/summary --> github.com/mark3748/helpdesk-go/cmd/api.(*App).mountAPI.GetAuditSummary.func159 (7 handlers)
[GIN-debug] GET    /api/assets/analytics     --> github.com/mark3748/helpdesk-go/cmd/api.(*App).mountAPI.GetAssetAnalytics.func161 (7 handlers)
[GIN-debug] GET    /api/problems             --> github.com/mark3748/helpdesk-go/cmd/api.(*App).mountAPI.List.func162 (6 handlers)
[GIN-debug] POST   /api/problems             --> github.com/mark3748/helpdesk-go/cmd/api.(*App).mountAPI.Create.func163 (6 handlers)
[GIN-debug] GET    /api/problems/:id         --> github.com/mark3748/helpdesk-go/cmd/api.(*App).mountAPI.Get.func164 (6 handlers)
[GIN-debug] PUT    /api/problems/:id         --> github.com/mark3748/helpdesk-go/cmd/api.(*App).mountAPI.Update.func165 (6 handlers)
[GIN-debug] DELETE /api/problems/:id         --> github.com/mark3748/helpdesk-go/cmd/api.(*App).mountAPI.Delete.func166 (6 handlers)
[GIN-debug] GET    /api/changes              --> github.com/mark3748/helpdesk-go/cmd/api.(*App).mountAPI.List.func167 (6 handlers)
[GIN-debug] POST   /api/changes              --> github.com/mark3748/helpdesk-go/cmd/api.(*App).mountAPI.Create.func168 (6 handlers)
[GIN-debug] GET    /api/changes/:id          --> github.com/mark3748/helpdesk-go/cmd/api.(*App).mountAPI.Get.func169 (6 handlers)
[GIN-debug] PUT    /api/changes/:id          --> github.com/mark3748/helpdesk-go/cmd/api.(*App).mountAPI.Update.func170 (6 handlers)
[GIN-debug] DELETE /api/changes/:id          --> github.com/mark3748/helpdesk-go/cmd/api.(*App).mountAPI.Delete.func171 (6 handlers)
[GIN-debug] GET    /api/releases             --> github.com/mark3748/helpdesk-go/cmd/api.(*App).mountAPI.List.func172 (6 handlers)
[GIN-debug] POST   /api/releases             --> github.com/mark3748/helpdesk-go/cmd/api.(*App).mountAPI.Create.func173 (6 handlers)
[GIN-debug] GET    /api/releases/:id         --> github.com/mark3748/helpdesk-go/cmd/api.(*App).mountAPI.Get.func174 (6 handlers)
[GIN-debug] PUT    /api/releases/:id         --> github.com/mark3748/helpdesk-go/cmd/api.(*App).mountAPI.Update.func175 (6 handlers)
[GIN-debug] DELETE /api/releases/:id         --> github.com/mark3748/helpdesk-go/cmd/api.(*App).mountAPI.Delete.func176 (6 handlers)
{"level":"info","request_id":"126af82d-2e38-4f71-9e02-53b97d2542f4","method":"GET","path":"/csat/token123","status":200,"duration":0.011048,"time":"2025-12-20T00:53:51-07:00","message":"request"}
{"level":"info","request_id":"3e6d7f30-704f-4ebc-80fa-cd2b508b9eb2","method":"POST","path":"/csat/token123","status":200,"duration":0.027593,"time":"2025-12-20T00:53:51-07:00","message":"request"}
[GIN-debug] [WARNING] Running in "debug" mode. Switch to "release" mode in production.
 - using env:	export GIN_MODE=release
 - using code:	gin.SetMode(gin.ReleaseMode)

[GIN-debug] GET    /livez                    --> github.com/mark3748/helpdesk-go/cmd/api.(*App).mountAPI.func1 (5 handlers)
[GIN-debug] GET    /readyz                   --> github.com/mark3748/helpdesk-go/cmd/api.(*App).readyz-fm (5 handlers)
[GIN-debug] GET    /healthz                  --> github.com/mark3748/helpdesk-go/cmd/api.(*App).mountAPI.func2 (5 handlers)
[GIN-debug] GET    /csat/:token              --> github.com/mark3748/helpdesk-go/cmd/api.(*App).csatForm-fm (5 handlers)
[GIN-debug] POST   /csat/:token              --> github.com/mark3748/helpdesk-go/cmd/api.(*App).submitCSAT-fm (5 handlers)
[GIN-debug] GET    /metrics                  --> github.com/mark3748/helpdesk-go/cmd/api.(*App).mountAPI.WrapH.func9 (5 handlers)
[GIN-debug] GET    /swagger/*filepath        --> github.com/gin-gonic/gin.(*RouterGroup).createStaticHandler.func1 (5 handlers)
[GIN-debug] HEAD   /swagger/*filepath        --> github.com/gin-gonic/gin.(*RouterGroup).createStaticHandler.func1 (5 handlers)
[GIN-debug] GET    /docs                     --> github.com/mark3748/helpdesk-go/cmd/api.(*App).docsUI-fm (5 handlers)
[GIN-debug] GET    /openapi.yaml             --> github.com/mark3748/helpdesk-go/cmd/api.(*App).openapiSpec-fm (5 handlers)
[GIN-debug] POST   /webhooks/email-inbound   --> github.com/mark3748/helpdesk-go/cmd/api.(*App).mountAPI.EmailInbound.func18 (5 handlers)
[GIN-debug] GET    /me                       --> github.com/mark3748/helpdesk-go/cmd/api/auth.Me (6 handlers)
[GIN-debug] GET    /me/profile               --> github.com/mark3748/helpdesk-go/cmd/api.(*App).getMyProfile-fm (6 handlers)
[GIN-debug] PATCH  /me/profile               --> github.com/mark3748/helpdesk-go/cmd/api.(*App).updateMyProfile-fm (6 handlers)
[GIN-debug] POST   /me/password              --> github.com/mark3748/helpdesk-go/cmd/api.(*App).changeMyPassword-fm (6 handlers)
[GIN-debug] GET    /events                   --> github.com/mark3748/helpdesk-go/cmd/api.(*App).mountAPI.Events.func20 (6 handlers)
[GIN-debug] GET    /settings                 --> github.com/mark3748/helpdesk-go/cmd/api/handlers.GetSettings (7 handlers)
[GIN-debug] GET    /features                 --> github.com/mark3748/helpdesk-go/cmd/api.(*App).mountAPI.Features.func22 (6 handlers)
[GIN-debug] POST   /test-connection          --> github.com/mark3748/helpdesk-go/cmd/api/handlers.TestConnection (7 handlers)
[GIN-debug] POST   /settings/storage         --> github.com/mark3748/helpdesk-go/cmd/api/handlers.SaveStorageSettings (7 handlers)
[GIN-debug] POST   /settings/oidc            --> github.com/mark3748/helpdesk-go/cmd/api/handlers.SaveOIDCSettings (7 handlers)
[GIN-debug] POST   /settings/mail            --> github.com/mark3748/helpdesk-go/cmd/api/handlers.SaveMailSettings (7 handlers)
[GIN-debug] POST   /settings/mail/send-test  --> github.com/mark3748/helpdesk-go/cmd/api/handlers.SendTestMail (7 handlers)
[GIN-debug] GET    /users/:id/roles          --> github.com/mark3748/helpdesk-go/cmd/api.(*App).mountAPI.ListUserRoles.func29 (7 handlers)
[GIN-debug] POST   /users/:id/roles          --> github.com/mark3748/helpdesk-go/cmd/api.(*App).mountAPI.AddUserRole.func31 (7 handlers)
[GIN-debug] DELETE /users/:id/roles/:role    --> github.com/mark3748/helpdesk-go/cmd/api.(*App).mountAPI.RemoveUserRole.func33 (7 handlers)
[GIN-debug] GET    /users                    --> github.com/mark3748/helpdesk-go/cmd/api.(*App).mountAPI.List.func35 (7 handlers)
[GIN-debug] GET    /users/:id                --> github.com/mark3748/helpdesk-go/cmd/api.(*App).mountAPI.Get.func37 (7 handlers)
[GIN-debug] POST   /users                    --> github.com/mark3748/helpdesk-go/cmd/api.(*App).mountAPI.CreateLocal.func39 (7 handlers)
[GIN-debug] GET    /roles                    --> github.com/mark3748/helpdesk-go/cmd/api.(*App).mountAPI.List.func41 (7 handlers)
[GIN-debug] GET    /requesters               --> github.com/mark3748/helpdesk-go/cmd/api.(*App).mountAPI.Search.func42 (6 handlers)
[GIN-debug] GET    /requesters/:id           --> github.com/mark3748/helpdesk-go/cmd/api.(*App).getRequester-fm (6 handlers)
[GIN-debug] POST   /requesters               --> github.com/mark3748/helpdesk-go/cmd/api.(*App).createRequester-fm (7 handlers)
[GIN-debug] PATCH  /requesters/:id           --> github.com/mark3748/helpdesk-go/cmd/api.(*App).updateRequester-fm (7 handlers)
[GIN-debug] GET    /teams                    --> github.com/mark3748/helpdesk-go/cmd/api.(*App).mountAPI.List.func45 (6 handlers)
[GIN-debug] GET    /slas                     --> github.com/mark3748/helpdesk-go/cmd/api.(*App).mountAPI.List.func46 (6 handlers)
[GIN-debug] GET    /kb                       --> github.com/mark3748/helpdesk-go/cmd/api.(*App).mountAPI.Search.func47 (6 handlers)
[GIN-debug] GET    /kb/:slug                 --> github.com/mark3748/helpdesk-go/cmd/api.(*App).mountAPI.Get.func48 (6 handlers)
[GIN-debug] POST   /kb                       --> github.com/mark3748/helpdesk-go/cmd/api.(*App).mountAPI.Create.func50 (7 handlers)
[GIN-debug] PUT    /kb/:slug                 --> github.com/mark3748/helpdesk-go/cmd/api.(*App).mountAPI.Update.func52 (7 handlers)
[GIN-debug] DELETE /kb/:slug                 --> github.com/mark3748/helpdesk-go/cmd/api.(*App).mountAPI.Delete.func54 (7 handlers)
[GIN-debug] GET    /tickets                  --> github.com/mark3748/helpdesk-go/cmd/api.(*App).mountAPI.List.func55 (6 handlers)
[GIN-debug] POST   /tickets                  --> github.com/mark3748/helpdesk-go/cmd/api.(*App).mountAPI.Create.func59 (6 handlers)
[GIN-debug] GET    /tickets/:id              --> github.com/mark3748/helpdesk-go/cmd/api.(*App).mountAPI.Get.func60 (6 handlers)
[GIN-debug] PATCH  /tickets/:id              --> github.com/mark3748/helpdesk-go/cmd/api.(*App).mountAPI.Update.func62 (7 handlers)
[GIN-debug] GET    /tickets/:id/comments     --> github.com/mark3748/helpdesk-go/cmd/api.(*App).mountAPI.List.func63 (6 handlers)
[GIN-debug] POST   /tickets/:id/comments     --> github.com/mark3748/helpdesk-go/cmd/api.(*App).mountAPI.Add.func64 (6 handlers)
[GIN-debug] GET    /tickets/:id/attachments  --> github.com/mark3748/helpdesk-go/cmd/api.(*App).mountAPI.List.func65 (6 handlers)
[GIN-debug] POST   /tickets/:id/attachments/presign --> github.com/mark3748/helpdesk-go/cmd/api.(*App).mountAPI.Presign.func75 (6 handlers)
[GIN-debug] POST   /tickets/:id/attachments  --> github.com/mark3748/helpdesk-go/cmd/api.(*App).mountAPI.Finalize.func76 (6 handlers)
[GIN-debug] GET    /tickets/:id/attachments/:attID --> github.com/mark3748/helpdesk-go/cmd/api.(*App).mountAPI.Get.func77 (6 handlers)
[GIN-debug] PUT    /attachments/upload/:objectKey --> github.com/mark3748/helpdesk-go/cmd/api.(*App).mountAPI.UploadObject.func78 (6 handlers)
[GIN-debug] DELETE /tickets/:id/attachments/:attID --> github.com/mark3748/helpdesk-go/cmd/api.(*App).mountAPI.Delete.func79 (6 handlers)
[GIN-debug] GET    /tickets/:id/watchers     --> github.com/mark3748/helpdesk-go/cmd/api.(*App).mountAPI.List.func80 (6 handlers)
[GIN-debug] POST   /tickets/:id/watchers     --> github.com/mark3748/helpdesk-go/cmd/api.(*App).mountAPI.Add.func81 (6 handlers)
[GIN-debug] DELETE /tickets/:id/watchers/:uid --> github.com/mark3748/helpdesk-go/cmd/api.(*App).mountAPI.Remove.func82 (6 handlers)
[GIN-debug] GET    /emails/outbound          --> github.com/mark3748/helpdesk-go/cmd/api.(*App).mountAPI.ListOutbound.func84 (7 handlers)
[GIN-debug] GET    /metrics/sla              --> github.com/mark3748/helpdesk-go/cmd/api.(*App).mountAPI.SLA.func86 (7 handlers)
[GIN-debug] GET    /metrics/resolution       --> github.com/mark3748/helpdesk-go/cmd/api.(*App).mountAPI.Resolution.func88 (7 handlers)
[GIN-debug] GET    /metrics/tickets          --> github.com/mark3748/helpdesk-go/cmd/api.(*App).mountAPI.TicketVolume.func90 (7 handlers)
[GIN-debug] GET    /metrics/dashboard        --> github.com/mark3748/helpdesk-go/cmd/api.(*App).mountAPI.Dashboard.func92 (7 handlers)
[GIN-debug] GET    /metrics/agent            --> github.com/mark3748/helpdesk-go/cmd/api.(*App).mountAPI.Agent.func94 (7 handlers)
[GIN-debug] GET    /metrics/manager          --> github.com/mark3748/helpdesk-go/cmd/api.(*App).mountAPI.Manager.func96 (7 handlers)
[GIN-debug] POST   /exports/tickets          --> github.com/mark3748/helpdesk-go/cmd/api.(*App).exportTicketsBridge-fm (7 handlers)
[GIN-debug] GET    /exports/tickets/:job_id  --> github.com/mark3748/helpdesk-go/cmd/api.(*App).exportTicketsStatus-fm (7 handlers)
[GIN-debug] GET    /webhooks                 --> github.com/mark3748/helpdesk-go/cmd/api.(*App).mountAPI.List.func100 (7 handlers)
[GIN-debug] POST   /webhooks                 --> github.com/mark3748/helpdesk-go/cmd/api.(*App).mountAPI.Create.func102 (7 handlers)
[GIN-debug] DELETE /webhooks/:id             --> github.com/mark3748/helpdesk-go/cmd/api.(*App).mountAPI.Delete.func104 (7 handlers)
[GIN-debug] GET    /asset-categories         --> github.com/mark3748/helpdesk-go/cmd/api.(*App).mountAPI.ListCategories.func105 (6 handlers)
[GIN-debug] POST   /asset-categories         --> github.com/mark3748/helpdesk-go/cmd/api.(*App).mountAPI.CreateCategory.func107 (7 handlers)
[GIN-debug] GET    /asset-categories/:id     --> github.com/mark3748/helpdesk-go/cmd/api.(*App).mountAPI.GetCategory.func108 (6 handlers)
[GIN-debug] GET    /assets                   --> github.com/mark3748/helpdesk-go/cmd/api.(*App).mountAPI.ListAssets.func109 (6 handlers)
[GIN-debug] POST   /assets                   --> github.com/mark3748/helpdesk-go/cmd/api.(*App).mountAPI.CreateAsset.func111 (7 handlers)
[GIN-debug] GET    /assets/:id               --> github.com/mark3748/helpdesk-go/cmd/api.(*App).mountAPI.GetAsset.func112 (6 handlers)
[GIN-debug] PATCH  /assets/:id               --> github.com/mark3748/helpdesk-go/cmd/api.(*App).mountAPI.UpdateAsset.func114 (7 handlers)
[GIN-debug] DELETE /assets/:id               --> github.com/mark3748/helpdesk-go/cmd/api.(*App).mountAPI.DeleteAsset.func116 (7 handlers)
[GIN-debug] POST   /assets/:id/assign        --> github.com/mark3748/helpdesk-go/cmd/api.(*App).mountAPI.AssignAsset.func118 (7 handlers)
[GIN-debug] GET    /assets/:id/history       --> github.com/mark3748/helpdesk-go/cmd/api.(*App).mountAPI.GetAssetHistory.func119 (6 handlers)
[GIN-debug] GET    /assets/:id/assignments   --> github.com/mark3748/helpdesk-go/cmd/api.(*App).mountAPI.GetAssetAssignments.func120 (6 handlers)
[GIN-debug] GET    /assets/:id/attachments   --> github.com/mark3748/helpdesk-go/cmd/api.(*App).mountAPI.ListAttachments.func121 (6 handlers)
[GIN-debug] POST   /assets/:id/attachments/presign --> github.com/mark3748/helpdesk-go/cmd/api.(*App).mountAPI.PresignAssetUpload.func123 (7 handlers)
[GIN-debug] POST   /assets/:id/attachments   --> github.com/mark3748/helpdesk-go/cmd/api.(*App).mountAPI.FinalizeAssetAttachment.func125 (7 handlers)
[GIN-debug] GET    /assets/:id/attachments/:attachmentID --> github.com/mark3748/helpdesk-go/cmd/api.(*App).mountAPI.GetAssetAttachment.func126 (6 handlers)
[GIN-debug] DELETE /assets/:id/attachments/:attachmentID --> github.com/mark3748/helpdesk-go/cmd/api.(*App).mountAPI.DeleteAssetAttachment.func128 (7 handlers)
[GIN-debug] PUT    /assets/attachments/upload/:objectKey --> github.com/mark3748/helpdesk-go/cmd/api.(*App).mountAPI.UploadAssetObject.func129 (6 handlers)
[GIN-debug] POST   /assets/:id/status-change --> github.com/mark3748/helpdesk-go/cmd/api.(*App).mountAPI.RequestStatusChange.func131 (7 handlers)
[GIN-debug] POST   /workflows/:id/approve    --> github.com/mark3748/helpdesk-go/cmd/api.(*App).mountAPI.ApproveWorkflow.func133 (7 handlers)
[GIN-debug] POST   /workflows/:id/reject     --> github.com/mark3748/helpdesk-go/cmd/api.(*App).mountAPI.RejectWorkflow.func135 (7 handlers)
[GIN-debug] POST   /assets/:id/checkout      --> github.com/mark3748/helpdesk-go/cmd/api.(*App).mountAPI.CheckoutAsset.func137 (7 handlers)
[GIN-debug] POST   /assets/checkin           --> github.com/mark3748/helpdesk-go/cmd/api.(*App).mountAPI.CheckinAsset.func139 (7 handlers)
[GIN-debug] GET    /assets/checkouts/active  --> github.com/mark3748/helpdesk-go/cmd/api.(*App).mountAPI.GetActiveCheckouts.func140 (6 handlers)
[GIN-debug] GET    /assets/checkouts/overdue --> github.com/mark3748/helpdesk-go/cmd/api.(*App).mountAPI.GetOverdueCheckouts.func141 (6 handlers)
[GIN-debug] POST   /assets/:id/relationships --> github.com/mark3748/helpdesk-go/cmd/api.(*App).mountAPI.CreateRelationship.func143 (7 handlers)
[GIN-debug] GET    /assets/:id/relationships/graph --> github.com/mark3748/helpdesk-go/cmd/api.(*App).mountAPI.GetRelationshipGraph.func144 (6 handlers)
[GIN-debug] GET    /assets/:id/impact-analysis --> github.com/mark3748/helpdesk-go/cmd/api.(*App).mountAPI.GetAssetImpactAnalysis.func145 (6 handlers)
[GIN-debug] POST   /assets/bulk/update       --> github.com/mark3748/helpdesk-go/cmd/api.(*App).mountAPI.BulkUpdateAssets.func147 (7 handlers)
[GIN-debug] POST   /assets/bulk/assign       --> github.com/mark3748/helpdesk-go/cmd/api.(*App).mountAPI.BulkAssignAssets.func149 (7 handlers)
[GIN-debug] GET    /assets/bulk/operations/:id --> github.com/mark3748/helpdesk-go/cmd/api.(*App).mountAPI.GetBulkOperation.func150 (6 handlers)
[GIN-debug] POST   /assets/import/preview    --> github.com/mark3748/helpdesk-go/cmd/api.(*App).mountAPI.ImportAssetsPreview.func152 (7 handlers)
[GIN-debug] POST   /assets/import            --> github.com/mark3748/helpdesk-go/cmd/api.(*App).mountAPI.ImportAssets.func154 (7 handlers)
[GIN-debug] POST   /assets/export            --> github.com/mark3748/helpdesk-go/cmd/api.(*App).mountAPI.ExportAssets.func156 (7 handlers)
[GIN-debug] GET    /assets/:id/audit         --> github.com/mark3748/helpdesk-go/cmd/api.(*App).mountAPI.GetAuditHistory.func157 (6 handlers)
[GIN-debug] GET    /assets/audit/summary     --> github.com/mark3748/helpdesk-go/cmd/api.(*App).mountAPI.GetAuditSummary.func159 (7 handlers)
[GIN-debug] GET    /assets/analytics         --> github.com/mark3748/helpdesk-go/cmd/api.(*App).mountAPI.GetAssetAnalytics.func161 (7 handlers)
[GIN-debug] GET    /problems                 --> github.com/mark3748/helpdesk-go/cmd/api.(*App).mountAPI.List.func162 (6 handlers)
[GIN-debug] POST   /problems                 --> github.com/mark3748/helpdesk-go/cmd/api.(*App).mountAPI.Create.func163 (6 handlers)
[GIN-debug] GET    /problems/:id             --> github.com/mark3748/helpdesk-go/cmd/api.(*App).mountAPI.Get.func164 (6 handlers)
[GIN-debug] PUT    /problems/:id             --> github.com/mark3748/helpdesk-go/cmd/api.(*App).mountAPI.Update.func165 (6 handlers)
[GIN-debug] DELETE /problems/:id             --> github.com/mark3748/helpdesk-go/cmd/api.(*App).mountAPI.Delete.func166 (6 handlers)
[GIN-debug] GET    /changes                  --> github.com/mark3748/helpdesk-go/cmd/api.(*App).mountAPI.List.func167 (6 handlers)
[GIN-debug] POST   /changes                  --> github.com/mark3748/helpdesk-go/cmd/api.(*App).mountAPI.Create.func168 (6 handlers)
[GIN-debug] GET    /changes/:id              --> github.com/mark3748/helpdesk-go/cmd/api.(*App).mountAPI.Get.func169 (6 handlers)
[GIN-debug] PUT    /changes/:id              --> github.com/mark3748/helpdesk-go/cmd/api.(*App).mountAPI.Update.func170 (6 handlers)
[GIN-debug] DELETE /changes/:id              --> github.com/mark3748/helpdesk-go/cmd/api.(*App).mountAPI.Delete.func171 (6 handlers)
[GIN-debug] GET    /releases                 --> github.com/mark3748/helpdesk-go/cmd/api.(*App).mountAPI.List.func172 (6 handlers)
[GIN-debug] POST   /releases                 --> github.com/mark3748/helpdesk-go/cmd/api.(*App).mountAPI.Create.func173 (6 handlers)
[GIN-debug] GET    /releases/:id             --> github.com/mark3748/helpdesk-go/cmd/api.(*App).mountAPI.Get.func174 (6 handlers)
[GIN-debug] PUT    /releases/:id             --> github.com/mark3748/helpdesk-go/cmd/api.(*App).mountAPI.Update.func175 (6 handlers)
[GIN-debug] DELETE /releases/:id             --> github.com/mark3748/helpdesk-go/cmd/api.(*App).mountAPI.Delete.func176 (6 handlers)
[GIN-debug] GET    /api/livez                --> github.com/mark3748/helpdesk-go/cmd/api.(*App).mountAPI.func1 (5 handlers)
[GIN-debug] GET    /api/readyz               --> github.com/mark3748/helpdesk-go/cmd/api.(*App).readyz-fm (5 handlers)
[GIN-debug] GET    /api/healthz              --> github.com/mark3748/helpdesk-go/cmd/api.(*App).mountAPI.func2 (5 handlers)
[GIN-debug] GET    /api/csat/:token          --> github.com/mark3748/helpdesk-go/cmd/api.(*App).csatForm-fm (5 handlers)
[GIN-debug] POST   /api/csat/:token          --> github.com/mark3748/helpdesk-go/cmd/api.(*App).submitCSAT-fm (5 handlers)
[GIN-debug] GET    /api/metrics              --> github.com/mark3748/helpdesk-go/cmd/api.(*App).mountAPI.WrapH.func9 (5 handlers)
[GIN-debug] GET    /api/swagger/*filepath    --> github.com/gin-gonic/gin.(*RouterGroup).createStaticHandler.func1 (5 handlers)
[GIN-debug] HEAD   /api/swagger/*filepath    --> github.com/gin-gonic/gin.(*RouterGroup).createStaticHandler.func1 (5 handlers)
[GIN-debug] GET    /api/docs                 --> github.com/mark3748/helpdesk-go/cmd/api.(*App).docsUI-fm (5 handlers)
[GIN-debug] GET    /api/openapi.yaml         --> github.com/mark3748/helpdesk-go/cmd/api.(*App).openapiSpec-fm (5 handlers)
[GIN-debug] POST   /api/webhooks/email-inbound --> github.com/mark3748/helpdesk-go/cmd/api.(*App).mountAPI.EmailInbound.func18 (5 handlers)
[GIN-debug] GET    /api/me                   --> github.com/mark3748/helpdesk-go/cmd/api/auth.Me (6 handlers)
[GIN-debug] GET    /api/me/profile           --> github.com/mark3748/helpdesk-go/cmd/api.(*App).getMyProfile-fm (6 handlers)
[GIN-debug] PATCH  /api/me/profile           --> github.com/mark3748/helpdesk-go/cmd/api.(*App).updateMyProfile-fm (6 handlers)
[GIN-debug] POST   /api/me/password          --> github.com/mark3748/helpdesk-go/cmd/api.(*App).changeMyPassword-fm (6 handlers)
[GIN-debug] GET    /api/events               --> github.com/mark3748/helpdesk-go/cmd/api.(*App).mountAPI.Events.func20 (6 handlers)
[GIN-debug] GET    /api/settings             --> github.com/mark3748/helpdesk-go/cmd/api/handlers.GetSettings (7 handlers)
[GIN-debug] GET    /api/features             --> github.com/mark3748/helpdesk-go/cmd/api.(*App).mountAPI.Features.func22 (6 handlers)
[GIN-debug] POST   /api/test-connection      --> github.com/mark3748/helpdesk-go/cmd/api/handlers.TestConnection (7 handlers)
[GIN-debug] POST   /api/settings/storage     --> github.com/mark3748/helpdesk-go/cmd/api/handlers.SaveStorageSettings (7 handlers)
[GIN-debug] POST   /api/settings/oidc        --> github.com/mark3748/helpdesk-go/cmd/api/handlers.SaveOIDCSettings (7 handlers)
[GIN-debug] POST   /api/settings/mail        --> github.com/mark3748/helpdesk-go/cmd/api/handlers.SaveMailSettings (7 handlers)
[GIN-debug] POST   /api/settings/mail/send-test --> github.com/mark3748/helpdesk-go/cmd/api/handlers.SendTestMail (7 handlers)
[GIN-debug] GET    /api/users/:id/roles      --> github.com/mark3748/helpdesk-go/cmd/api.(*App).mountAPI.ListUserRoles.func29 (7 handlers)
[GIN-debug] POST   /api/users/:id/roles      --> github.com/mark3748/helpdesk-go/cmd/api.(*App).mountAPI.AddUserRole.func31 (7 handlers)
[GIN-debug] DELETE /api/users/:id/roles/:role --> github.com/mark3748/helpdesk-go/cmd/api.(*App).mountAPI.RemoveUserRole.func33 (7 handlers)
[GIN-debug] GET    /api/users                --> github.com/mark3748/helpdesk-go/cmd/api.(*App).mountAPI.List.func35 (7 handlers)
[GIN-debug] GET    /api/users/:id            --> github.com/mark3748/helpdesk-go/cmd/api.(*App).mountAPI.Get.func37 (7 handlers)
[GIN-debug] POST   /api/users                --> github.com/mark3748/helpdesk-go/cmd/api.(*App).mountAPI.CreateLocal.func39 (7 handlers)
[GIN-debug] GET    /api/roles                --> github.com/mark3748/helpdesk-go/cmd/api.(*App).mountAPI.List.func41 (7 handlers)
[GIN-debug] GET    /api/requesters           --> github.com/mark3748/helpdesk-go/cmd/api.(*App).mountAPI.Search.func42 (6 handlers)
[GIN-debug] GET    /api/requesters/:id       --> github.com/mark3748/helpdesk-go/cmd/api.(*App).getRequester-fm (6 handlers)
[GIN-debug] POST   /api/requesters           --> github.com/mark3748/helpdesk-go/cmd/api.(*App).createRequester-fm (7 handlers)
[GIN-debug] PATCH  /api/requesters/:id       --> github.com/mark3748/helpdesk-go/cmd/api.(*App).updateRequester-fm (7 handlers)
[GIN-debug] GET    /api/teams                --> github.com/mark3748/helpdesk-go/cmd/api.(*App).mountAPI.List.func45 (6 handlers)
[GIN-debug] GET    /api/slas                 --> github.com/mark3748/helpdesk-go/cmd/api.(*App).mountAPI.List.func46 (6 handlers)
[GIN-debug] GET    /api/kb                   --> github.com/mark3748/helpdesk-go/cmd/api.(*App).mountAPI.Search.func47 (6 handlers)
[GIN-debug] GET    /api/kb/:slug             --> github.com/mark3748/helpdesk-go/cmd/api.(*App).mountAPI.Get.func48 (6 handlers)
[GIN-debug] POST   /api/kb                   --> github.com/mark3748/helpdesk-go/cmd/api.(*App).mountAPI.Create.func50 (7 handlers)
[GIN-debug] PUT    /api/kb/:slug             --> github.com/mark3748/helpdesk-go/cmd/api.(*App).mountAPI.Update.func52 (7 handlers)
[GIN-debug] DELETE /api/kb/:slug             --> github.com/mark3748/helpdesk-go/cmd/api.(*App).mountAPI.Delete.func54 (7 handlers)
[GIN-debug] GET    /api/tickets              --> github.com/mark3748/helpdesk-go/cmd/api.(*App).mountAPI.List.func55 (6 handlers)
[GIN-debug] POST   /api/tickets              --> github.com/mark3748/helpdesk-go/cmd/api.(*App).mountAPI.Create.func59 (6 handlers)
[GIN-debug] GET    /api/tickets/:id          --> github.com/mark3748/helpdesk-go/cmd/api.(*App).mountAPI.Get.func60 (6 handlers)
[GIN-debug] PATCH  /api/tickets/:id          --> github.com/mark3748/helpdesk-go/cmd/api.(*App).mountAPI.Update.func62 (7 handlers)
[GIN-debug] GET    /api/tickets/:id/comments --> github.com/mark3748/helpdesk-go/cmd/api.(*App).mountAPI.List.func63 (6 handlers)
[GIN-debug] POST   /api/tickets/:id/comments --> github.com/mark3748/helpdesk-go/cmd/api.(*App).mountAPI.Add.func64 (6 handlers)
[GIN-debug] GET    /api/tickets/:id/attachments --> github.com/mark3748/helpdesk-go/cmd/api.(*App).mountAPI.List.func65 (6 handlers)
[GIN-debug] POST   /api/tickets/:id/attachments/presign --> github.com/mark3748/helpdesk-go/cmd/api.(*App).mountAPI.Presign.func75 (6 handlers)
[GIN-debug] POST   /api/tickets/:id/attachments --> github.com/mark3748/helpdesk-go/cmd/api.(*App).mountAPI.Finalize.func76 (6 handlers)
[GIN-debug] GET    /api/tickets/:id/attachments/:attID --> github.com/mark3748/helpdesk-go/cmd/api.(*App).mountAPI.Get.func77 (6 handlers)
[GIN-debug] PUT    /api/attachments/upload/:objectKey --> github.com/mark3748/helpdesk-go/cmd/api.(*App).mountAPI.UploadObject.func78 (6 handlers)
[GIN-debug] DELETE /api/tickets/:id/attachments/:attID --> github.com/mark3748/helpdesk-go/cmd/api.(*App).mountAPI.Delete.func79 (6 handlers)
[GIN-debug] GET    /api/tickets/:id/watchers --> github.com/mark3748/helpdesk-go/cmd/api.(*App).mountAPI.List.func80 (6 handlers)
[GIN-debug] POST   /api/tickets/:id/watchers --> github.com/mark3748/helpdesk-go/cmd/api.(*App).mountAPI.Add.func81 (6 handlers)
[GIN-debug] DELETE /api/tickets/:id/watchers/:uid --> github.com/mark3748/helpdesk-go/cmd/api.(*App).mountAPI.Remove.func82 (6 handlers)
[GIN-debug] GET    /api/emails/outbound      --> github.com/mark3748/helpdesk-go/cmd/api.(*App).mountAPI.ListOutbound.func84 (7 handlers)
[GIN-debug] GET    /api/metrics/sla          --> github.com/mark3748/helpdesk-go/cmd/api.(*App).mountAPI.SLA.func86 (7 handlers)
[GIN-debug] GET    /api/metrics/resolution   --> github.com/mark3748/helpdesk-go/cmd/api.(*App).mountAPI.Resolution.func88 (7 handlers)
[GIN-debug] GET    /api/metrics/tickets      --> github.com/mark3748/helpdesk-go/cmd/api.(*App).mountAPI.TicketVolume.func90 (7 handlers)
[GIN-debug] GET    /api/metrics/dashboard    --> github.com/mark3748/helpdesk-go/cmd/api.(*App).mountAPI.Dashboard.func92 (7 handlers)
[GIN-debug] GET    /api/metrics/agent        --> github.com/mark3748/helpdesk-go/cmd/api.(*App).mountAPI.Agent.func94 (7 handlers)
[GIN-debug] GET    /api/metrics/manager      --> github.com/mark3748/helpdesk-go/cmd/api.(*App).mountAPI.Manager.func96 (7 handlers)
[GIN-debug] POST   /api/exports/tickets      --> github.com/mark3748/helpdesk-go/cmd/api.(*App).exportTicketsBridge-fm (7 handlers)
[GIN-debug] GET    /api/exports/tickets/:job_id --> github.com/mark3748/helpdesk-go/cmd/api.(*App).exportTicketsStatus-fm (7 handlers)
[GIN-debug] GET    /api/webhooks             --> github.com/mark3748/helpdesk-go/cmd/api.(*App).mountAPI.List.func100 (7 handlers)
[GIN-debug] POST   /api/webhooks             --> github.com/mark3748/helpdesk-go/cmd/api.(*App).mountAPI.Create.func102 (7 handlers)
[GIN-debug] DELETE /api/webhooks/:id         --> github.com/mark3748/helpdesk-go/cmd/api.(*App).mountAPI.Delete.func104 (7 handlers)
[GIN-debug] GET    /api/asset-categories     --> github.com/mark3748/helpdesk-go/cmd/api.(*App).mountAPI.ListCategories.func105 (6 handlers)
[GIN-debug] POST   /api/asset-categories     --> github.com/mark3748/helpdesk-go/cmd/api.(*App).mountAPI.CreateCategory.func107 (7 handlers)
[GIN-debug] GET    /api/asset-categories/:id --> github.com/mark3748/helpdesk-go/cmd/api.(*App).mountAPI.GetCategory.func108 (6 handlers)
[GIN-debug] GET    /api/assets               --> github.com/mark3748/helpdesk-go/cmd/api.(*App).mountAPI.ListAssets.func109 (6 handlers)
[GIN-debug] POST   /api/assets               --> github.com/mark3748/helpdesk-go/cmd/api.(*App).mountAPI.CreateAsset.func111 (7 handlers)
[GIN-debug] GET    /api/assets/:id           --> github.com/mark3748/helpdesk-go/cmd/api.(*App).mountAPI.GetAsset.func112 (6 handlers)
[GIN-debug] PATCH  /api/assets/:id           --> github.com/mark3748/helpdesk-go/cmd/api.(*App).mountAPI.UpdateAsset.func114 (7 handlers)
[GIN-debug] DELETE /api/assets/:id           --> github.com/mark3748/helpdesk-go/cmd/api.(*App).mountAPI.DeleteAsset.func116 (7 handlers)
[GIN-debug] POST   /api/assets/:id/assign    --> github.com/mark3748/helpdesk-go/cmd/api.(*App).mountAPI.AssignAsset.func118 (7 handlers)
[GIN-debug] GET    /api/assets/:id/history   --> github.com/mark3748/helpdesk-go/cmd/api.(*App).mountAPI.GetAssetHistory.func119 (6 handlers)
[GIN-debug] GET    /api/assets/:id/assignments --> github.com/mark3748/helpdesk-go/cmd/api.(*App).mountAPI.GetAssetAssignments.func120 (6 handlers)
[GIN-debug] GET    /api/assets/:id/attachments --> github.com/mark3748/helpdesk-go/cmd/api.(*App).mountAPI.ListAttachments.func121 (6 handlers)
[GIN-debug] POST   /api/assets/:id/attachments/presign --> github.com/mark3748/helpdesk-go/cmd/api.(*App).mountAPI.PresignAssetUpload.func123 (7 handlers)
[GIN-debug] POST   /api/assets/:id/attachments --> github.com/mark3748/helpdesk-go/cmd/api.(*App).mountAPI.FinalizeAssetAttachment.func125 (7 handlers)
[GIN-debug] GET    /api/assets/:id/attachments/:attachmentID --> github.com/mark3748/helpdesk-go/cmd/api.(*App).mountAPI.GetAssetAttachment.func126 (6 handlers)
[GIN-debug] DELETE /api/assets/:id/attachments/:attachmentID --> github.com/mark3748/helpdesk-go/cmd/api.(*App).mountAPI.DeleteAssetAttachment.func128 (7 handlers)
[GIN-debug] PUT    /api/assets/attachments/upload/:objectKey --> github.com/mark3748/helpdesk-go/cmd/api.(*App).mountAPI.UploadAssetObject.func129 (6 handlers)
[GIN-debug] POST   /api/assets/:id/status-change --> github.com/mark3748/helpdesk-go/cmd/api.(*App).mountAPI.RequestStatusChange.func131 (7 handlers)
[GIN-debug] POST   /api/workflows/:id/approve --> github.com/mark3748/helpdesk-go/cmd/api.(*App).mountAPI.ApproveWorkflow.func133 (7 handlers)
[GIN-debug] POST   /api/workflows/:id/reject --> github.com/mark3748/helpdesk-go/cmd/api.(*App).mountAPI.RejectWorkflow.func135 (7 handlers)
[GIN-debug] POST   /api/assets/:id/checkout  --> github.com/mark3748/helpdesk-go/cmd/api.(*App).mountAPI.CheckoutAsset.func137 (7 handlers)
[GIN-debug] POST   /api/assets/checkin       --> github.com/mark3748/helpdesk-go/cmd/api.(*App).mountAPI.CheckinAsset.func139 (7 handlers)
[GIN-debug] GET    /api/assets/checkouts/active --> github.com/mark3748/helpdesk-go/cmd/api.(*App).mountAPI.GetActiveCheckouts.func140 (6 handlers)
[GIN-debug] GET    /api/assets/checkouts/overdue --> github.com/mark3748/helpdesk-go/cmd/api.(*App).mountAPI.GetOverdueCheckouts.func141 (6 handlers)
[GIN-debug] POST   /api/assets/:id/relationships --> github.com/mark3748/helpdesk-go/cmd/api.(*App).mountAPI.CreateRelationship.func143 (7 handlers)
[GIN-debug] GET    /api/assets/:id/relationships/graph --> github.com/mark3748/helpdesk-go/cmd/api.(*App).mountAPI.GetRelationshipGraph.func144 (6 handlers)
[GIN-debug] GET    /api/assets/:id/impact-analysis --> github.com/mark3748/helpdesk-go/cmd/api.(*App).mountAPI.GetAssetImpactAnalysis.func145 (6 handlers)
[GIN-debug] POST   /api/assets/bulk/update   --> github.com/mark3748/helpdesk-go/cmd/api.(*App).mountAPI.BulkUpdateAssets.func147 (7 handlers)
[GIN-debug] POST   /api/assets/bulk/assign   --> github.com/mark3748/helpdesk-go/cmd/api.(*App).mountAPI.BulkAssignAssets.func149 (7 handlers)
[GIN-debug] GET    /api/assets/bulk/operations/:id --> github.com/mark3748/helpdesk-go/cmd/api.(*App).mountAPI.GetBulkOperation.func150 (6 handlers)
[GIN-debug] POST   /api/assets/import/preview --> github.com/mark3748/helpdesk-go/cmd/api.(*App).mountAPI.ImportAssetsPreview.func152 (7 handlers)
[GIN-debug] POST   /api/assets/import        --> github.com/mark3748/helpdesk-go/cmd/api.(*App).mountAPI.ImportAssets.func154 (7 handlers)
[GIN-debug] POST   /api/assets/export        --> github.com/mark3748/helpdesk-go/cmd/api.(*App).mountAPI.ExportAssets.func156 (7 handlers)
[GIN-debug] GET    /api/assets/:id/audit     --> github.com/mark3748/helpdesk-go/cmd/api.(*App).mountAPI.GetAuditHistory.func157 (6 handlers)
[GIN-debug] GET    /api/assets/audit/summary --> github.com/mark3748/helpdesk-go/cmd/api.(*App).mountAPI.GetAuditSummary.func159 (7 handlers)
[GIN-debug] GET    /api/assets/analytics     --> github.com/mark3748/helpdesk-go/cmd/api.(*App).mountAPI.GetAssetAnalytics.func161 (7 handlers)
[GIN-debug] GET    /api/problems             --> github.com/mark3748/helpdesk-go/cmd/api.(*App).mountAPI.List.func162 (6 handlers)
[GIN-debug] POST   /api/problems             --> github.com/mark3748/helpdesk-go/cmd/api.(*App).mountAPI.Create.func163 (6 handlers)
[GIN-debug] GET    /api/problems/:id         --> github.com/mark3748/helpdesk-go/cmd/api.(*App).mountAPI.Get.func164 (6 handlers)
[GIN-debug] PUT    /api/problems/:id         --> github.com/mark3748/helpdesk-go/cmd/api.(*App).mountAPI.Update.func165 (6 handlers)
[GIN-debug] DELETE /api/problems/:id         --> github.com/mark3748/helpdesk-go/cmd/api.(*App).mountAPI.Delete.func166 (6 handlers)
[GIN-debug] GET    /api/changes              --> github.com/mark3748/helpdesk-go/cmd/api.(*App).mountAPI.List.func167 (6 handlers)
[GIN-debug] POST   /api/changes              --> github.com/mark3748/helpdesk-go/cmd/api.(*App).mountAPI.Create.func168 (6 handlers)
[GIN-debug] GET    /api/changes/:id          --> github.com/mark3748/helpdesk-go/cmd/api.(*App).mountAPI.Get.func169 (6 handlers)
[GIN-debug] PUT    /api/changes/:id          --> github.com/mark3748/helpdesk-go/cmd/api.(*App).mountAPI.Update.func170 (6 handlers)
[GIN-debug] DELETE /api/changes/:id          --> github.com/mark3748/helpdesk-go/cmd/api.(*App).mountAPI.Delete.func171 (6 handlers)
[GIN-debug] GET    /api/releases             --> github.com/mark3748/helpdesk-go/cmd/api.(*App).mountAPI.List.func172 (6 handlers)
[GIN-debug] POST   /api/releases             --> github.com/mark3748/helpdesk-go/cmd/api.(*App).mountAPI.Create.func173 (6 handlers)
[GIN-debug] GET    /api/releases/:id         --> github.com/mark3748/helpdesk-go/cmd/api.(*App).mountAPI.Get.func174 (6 handlers)
[GIN-debug] PUT    /api/releases/:id         --> github.com/mark3748/helpdesk-go/cmd/api.(*App).mountAPI.Update.func175 (6 handlers)
[GIN-debug] DELETE /api/releases/:id         --> github.com/mark3748/helpdesk-go/cmd/api.(*App).mountAPI.Delete.func176 (6 handlers)
{"level":"info","request_id":"a4dd22f8-0eff-47e5-aaf8-ab153297adb9","method":"GET","path":"/tickets","status":200,"duration":0.145371,"time":"2025-12-20T00:53:51-07:00","message":"request"}
[GIN-debug] [WARNING] Running in "debug" mode. Switch to "release" mode in production.
 - using env:	export GIN_MODE=release
 - using code:	gin.SetMode(gin.ReleaseMode)

[GIN-debug] GET    /livez                    --> github.com/mark3748/helpdesk-go/cmd/api.(*App).mountAPI.func1 (5 handlers)
[GIN-debug] GET    /readyz                   --> github.com/mark3748/helpdesk-go/cmd/api.(*App).readyz-fm (5 handlers)
[GIN-debug] GET    /healthz                  --> github.com/mark3748/helpdesk-go/cmd/api.(*App).mountAPI.func2 (5 handlers)
[GIN-debug] GET    /csat/:token              --> github.com/mark3748/helpdesk-go/cmd/api.(*App).csatForm-fm (5 handlers)
[GIN-debug] POST   /csat/:token              --> github.com/mark3748/helpdesk-go/cmd/api.(*App).submitCSAT-fm (5 handlers)
[GIN-debug] GET    /metrics                  --> github.com/mark3748/helpdesk-go/cmd/api.(*App).mountAPI.WrapH.func9 (5 handlers)
[GIN-debug] GET    /swagger/*filepath        --> github.com/gin-gonic/gin.(*RouterGroup).createStaticHandler.func1 (5 handlers)
[GIN-debug] HEAD   /swagger/*filepath        --> github.com/gin-gonic/gin.(*RouterGroup).createStaticHandler.func1 (5 handlers)
[GIN-debug] GET    /docs                     --> github.com/mark3748/helpdesk-go/cmd/api.(*App).docsUI-fm (5 handlers)
[GIN-debug] GET    /openapi.yaml             --> github.com/mark3748/helpdesk-go/cmd/api.(*App).openapiSpec-fm (5 handlers)
[GIN-debug] POST   /webhooks/email-inbound   --> github.com/mark3748/helpdesk-go/cmd/api.(*App).mountAPI.EmailInbound.func18 (5 handlers)
[GIN-debug] GET    /me                       --> github.com/mark3748/helpdesk-go/cmd/api/auth.Me (6 handlers)
[GIN-debug] GET    /me/profile               --> github.com/mark3748/helpdesk-go/cmd/api.(*App).getMyProfile-fm (6 handlers)
[GIN-debug] PATCH  /me/profile               --> github.com/mark3748/helpdesk-go/cmd/api.(*App).updateMyProfile-fm (6 handlers)
[GIN-debug] POST   /me/password              --> github.com/mark3748/helpdesk-go/cmd/api.(*App).changeMyPassword-fm (6 handlers)
[GIN-debug] GET    /events                   --> github.com/mark3748/helpdesk-go/cmd/api.(*App).mountAPI.Events.func20 (6 handlers)
[GIN-debug] GET    /settings                 --> github.com/mark3748/helpdesk-go/cmd/api/handlers.GetSettings (7 handlers)
[GIN-debug] GET    /features                 --> github.com/mark3748/helpdesk-go/cmd/api.(*App).mountAPI.Features.func22 (6 handlers)
[GIN-debug] POST   /test-connection          --> github.com/mark3748/helpdesk-go/cmd/api/handlers.TestConnection (7 handlers)
[GIN-debug] POST   /settings/storage         --> github.com/mark3748/helpdesk-go/cmd/api/handlers.SaveStorageSettings (7 handlers)
[GIN-debug] POST   /settings/oidc            --> github.com/mark3748/helpdesk-go/cmd/api/handlers.SaveOIDCSettings (7 handlers)
[GIN-debug] POST   /settings/mail            --> github.com/mark3748/helpdesk-go/cmd/api/handlers.SaveMailSettings (7 handlers)
[GIN-debug] POST   /settings/mail/send-test  --> github.com/mark3748/helpdesk-go/cmd/api/handlers.SendTestMail (7 handlers)
[GIN-debug] GET    /users/:id/roles          --> github.com/mark3748/helpdesk-go/cmd/api.(*App).mountAPI.ListUserRoles.func29 (7 handlers)
[GIN-debug] POST   /users/:id/roles          --> github.com/mark3748/helpdesk-go/cmd/api.(*App).mountAPI.AddUserRole.func31 (7 handlers)
[GIN-debug] DELETE /users/:id/roles/:role    --> github.com/mark3748/helpdesk-go/cmd/api.(*App).mountAPI.RemoveUserRole.func33 (7 handlers)
[GIN-debug] GET    /users                    --> github.com/mark3748/helpdesk-go/cmd/api.(*App).mountAPI.List.func35 (7 handlers)
[GIN-debug] GET    /users/:id                --> github.com/mark3748/helpdesk-go/cmd/api.(*App).mountAPI.Get.func37 (7 handlers)
[GIN-debug] POST   /users                    --> github.com/mark3748/helpdesk-go/cmd/api.(*App).mountAPI.CreateLocal.func39 (7 handlers)
[GIN-debug] GET    /roles                    --> github.com/mark3748/helpdesk-go/cmd/api.(*App).mountAPI.List.func41 (7 handlers)
[GIN-debug] GET    /requesters               --> github.com/mark3748/helpdesk-go/cmd/api.(*App).mountAPI.Search.func42 (6 handlers)
[GIN-debug] GET    /requesters/:id           --> github.com/mark3748/helpdesk-go/cmd/api.(*App).getRequester-fm (6 handlers)
[GIN-debug] POST   /requesters               --> github.com/mark3748/helpdesk-go/cmd/api.(*App).createRequester-fm (7 handlers)
[GIN-debug] PATCH  /requesters/:id           --> github.com/mark3748/helpdesk-go/cmd/api.(*App).updateRequester-fm (7 handlers)
[GIN-debug] GET    /teams                    --> github.com/mark3748/helpdesk-go/cmd/api.(*App).mountAPI.List.func45 (6 handlers)
[GIN-debug] GET    /slas                     --> github.com/mark3748/helpdesk-go/cmd/api.(*App).mountAPI.List.func46 (6 handlers)
[GIN-debug] GET    /kb                       --> github.com/mark3748/helpdesk-go/cmd/api.(*App).mountAPI.Search.func47 (6 handlers)
[GIN-debug] GET    /kb/:slug                 --> github.com/mark3748/helpdesk-go/cmd/api.(*App).mountAPI.Get.func48 (6 handlers)
[GIN-debug] POST   /kb                       --> github.com/mark3748/helpdesk-go/cmd/api.(*App).mountAPI.Create.func50 (7 handlers)
[GIN-debug] PUT    /kb/:slug                 --> github.com/mark3748/helpdesk-go/cmd/api.(*App).mountAPI.Update.func52 (7 handlers)
[GIN-debug] DELETE /kb/:slug                 --> github.com/mark3748/helpdesk-go/cmd/api.(*App).mountAPI.Delete.func54 (7 handlers)
[GIN-debug] GET    /tickets                  --> github.com/mark3748/helpdesk-go/cmd/api.(*App).mountAPI.List.func55 (6 handlers)
[GIN-debug] POST   /tickets                  --> github.com/mark3748/helpdesk-go/cmd/api.(*App).mountAPI.Create.func59 (6 handlers)
[GIN-debug] GET    /tickets/:id              --> github.com/mark3748/helpdesk-go/cmd/api.(*App).mountAPI.Get.func60 (6 handlers)
[GIN-debug] PATCH  /tickets/:id              --> github.com/mark3748/helpdesk-go/cmd/api.(*App).mountAPI.Update.func62 (7 handlers)
[GIN-debug] GET    /tickets/:id/comments     --> github.com/mark3748/helpdesk-go/cmd/api.(*App).mountAPI.List.func63 (6 handlers)
[GIN-debug] POST   /tickets/:id/comments     --> github.com/mark3748/helpdesk-go/cmd/api.(*App).mountAPI.Add.func64 (6 handlers)
[GIN-debug] GET    /tickets/:id/attachments  --> github.com/mark3748/helpdesk-go/cmd/api.(*App).mountAPI.List.func65 (6 handlers)
[GIN-debug] POST   /tickets/:id/attachments/presign --> github.com/mark3748/helpdesk-go/cmd/api.(*App).mountAPI.Presign.func75 (6 handlers)
[GIN-debug] POST   /tickets/:id/attachments  --> github.com/mark3748/helpdesk-go/cmd/api.(*App).mountAPI.Finalize.func76 (6 handlers)
[GIN-debug] GET    /tickets/:id/attachments/:attID --> github.com/mark3748/helpdesk-go/cmd/api.(*App).mountAPI.Get.func77 (6 handlers)
[GIN-debug] PUT    /attachments/upload/:objectKey --> github.com/mark3748/helpdesk-go/cmd/api.(*App).mountAPI.UploadObject.func78 (6 handlers)
[GIN-debug] DELETE /tickets/:id/attachments/:attID --> github.com/mark3748/helpdesk-go/cmd/api.(*App).mountAPI.Delete.func79 (6 handlers)
[GIN-debug] GET    /tickets/:id/watchers     --> github.com/mark3748/helpdesk-go/cmd/api.(*App).mountAPI.List.func80 (6 handlers)
[GIN-debug] POST   /tickets/:id/watchers     --> github.com/mark3748/helpdesk-go/cmd/api.(*App).mountAPI.Add.func81 (6 handlers)
[GIN-debug] DELETE /tickets/:id/watchers/:uid --> github.com/mark3748/helpdesk-go/cmd/api.(*App).mountAPI.Remove.func82 (6 handlers)
[GIN-debug] GET    /emails/outbound          --> github.com/mark3748/helpdesk-go/cmd/api.(*App).mountAPI.ListOutbound.func84 (7 handlers)
[GIN-debug] GET    /metrics/sla              --> github.com/mark3748/helpdesk-go/cmd/api.(*App).mountAPI.SLA.func86 (7 handlers)
[GIN-debug] GET    /metrics/resolution       --> github.com/mark3748/helpdesk-go/cmd/api.(*App).mountAPI.Resolution.func88 (7 handlers)
[GIN-debug] GET    /metrics/tickets          --> github.com/mark3748/helpdesk-go/cmd/api.(*App).mountAPI.TicketVolume.func90 (7 handlers)
[GIN-debug] GET    /metrics/dashboard        --> github.com/mark3748/helpdesk-go/cmd/api.(*App).mountAPI.Dashboard.func92 (7 handlers)
[GIN-debug] GET    /metrics/agent            --> github.com/mark3748/helpdesk-go/cmd/api.(*App).mountAPI.Agent.func94 (7 handlers)
[GIN-debug] GET    /metrics/manager          --> github.com/mark3748/helpdesk-go/cmd/api.(*App).mountAPI.Manager.func96 (7 handlers)
[GIN-debug] POST   /exports/tickets          --> github.com/mark3748/helpdesk-go/cmd/api.(*App).exportTicketsBridge-fm (7 handlers)
[GIN-debug] GET    /exports/tickets/:job_id  --> github.com/mark3748/helpdesk-go/cmd/api.(*App).exportTicketsStatus-fm (7 handlers)
[GIN-debug] GET    /webhooks                 --> github.com/mark3748/helpdesk-go/cmd/api.(*App).mountAPI.List.func100 (7 handlers)
[GIN-debug] POST   /webhooks                 --> github.com/mark3748/helpdesk-go/cmd/api.(*App).mountAPI.Create.func102 (7 handlers)
[GIN-debug] DELETE /webhooks/:id             --> github.com/mark3748/helpdesk-go/cmd/api.(*App).mountAPI.Delete.func104 (7 handlers)
[GIN-debug] GET    /asset-categories         --> github.com/mark3748/helpdesk-go/cmd/api.(*App).mountAPI.ListCategories.func105 (6 handlers)
[GIN-debug] POST   /asset-categories         --> github.com/mark3748/helpdesk-go/cmd/api.(*App).mountAPI.CreateCategory.func107 (7 handlers)
[GIN-debug] GET    /asset-categories/:id     --> github.com/mark3748/helpdesk-go/cmd/api.(*App).mountAPI.GetCategory.func108 (6 handlers)
[GIN-debug] GET    /assets                   --> github.com/mark3748/helpdesk-go/cmd/api.(*App).mountAPI.ListAssets.func109 (6 handlers)
[GIN-debug] POST   /assets                   --> github.com/mark3748/helpdesk-go/cmd/api.(*App).mountAPI.CreateAsset.func111 (7 handlers)
[GIN-debug] GET    /assets/:id               --> github.com/mark3748/helpdesk-go/cmd/api.(*App).mountAPI.GetAsset.func112 (6 handlers)
[GIN-debug] PATCH  /assets/:id               --> github.com/mark3748/helpdesk-go/cmd/api.(*App).mountAPI.UpdateAsset.func114 (7 handlers)
[GIN-debug] DELETE /assets/:id               --> github.com/mark3748/helpdesk-go/cmd/api.(*App).mountAPI.DeleteAsset.func116 (7 handlers)
[GIN-debug] POST   /assets/:id/assign        --> github.com/mark3748/helpdesk-go/cmd/api.(*App).mountAPI.AssignAsset.func118 (7 handlers)
[GIN-debug] GET    /assets/:id/history       --> github.com/mark3748/helpdesk-go/cmd/api.(*App).mountAPI.GetAssetHistory.func119 (6 handlers)
[GIN-debug] GET    /assets/:id/assignments   --> github.com/mark3748/helpdesk-go/cmd/api.(*App).mountAPI.GetAssetAssignments.func120 (6 handlers)
[GIN-debug] GET    /assets/:id/attachments   --> github.com/mark3748/helpdesk-go/cmd/api.(*App).mountAPI.ListAttachments.func121 (6 handlers)
[GIN-debug] POST   /assets/:id/attachments/presign --> github.com/mark3748/helpdesk-go/cmd/api.(*App).mountAPI.PresignAssetUpload.func123 (7 handlers)
[GIN-debug] POST   /assets/:id/attachments   --> github.com/mark3748/helpdesk-go/cmd/api.(*App).mountAPI.FinalizeAssetAttachment.func125 (7 handlers)
[GIN-debug] GET    /assets/:id/attachments/:attachmentID --> github.com/mark3748/helpdesk-go/cmd/api.(*App).mountAPI.GetAssetAttachment.func126 (6 handlers)
[GIN-debug] DELETE /assets/:id/attachments/:attachmentID --> github.com/mark3748/helpdesk-go/cmd/api.(*App).mountAPI.DeleteAssetAttachment.func128 (7 handlers)
[GIN-debug] PUT    /assets/attachments/upload/:objectKey --> github.com/mark3748/helpdesk-go/cmd/api.(*App).mountAPI.UploadAssetObject.func129 (6 handlers)
[GIN-debug] POST   /assets/:id/status-change --> github.com/mark3748/helpdesk-go/cmd/api.(*App).mountAPI.RequestStatusChange.func131 (7 handlers)
[GIN-debug] POST   /workflows/:id/approve    --> github.com/mark3748/helpdesk-go/cmd/api.(*App).mountAPI.ApproveWorkflow.func133 (7 handlers)
[GIN-debug] POST   /workflows/:id/reject     --> github.com/mark3748/helpdesk-go/cmd/api.(*App).mountAPI.RejectWorkflow.func135 (7 handlers)
[GIN-debug] POST   /assets/:id/checkout      --> github.com/mark3748/helpdesk-go/cmd/api.(*App).mountAPI.CheckoutAsset.func137 (7 handlers)
[GIN-debug] POST   /assets/checkin           --> github.com/mark3748/helpdesk-go/cmd/api.(*App).mountAPI.CheckinAsset.func139 (7 handlers)
[GIN-debug] GET    /assets/checkouts/active  --> github.com/mark3748/helpdesk-go/cmd/api.(*App).mountAPI.GetActiveCheckouts.func140 (6 handlers)
[GIN-debug] GET    /assets/checkouts/overdue --> github.com/mark3748/helpdesk-go/cmd/api.(*App).mountAPI.GetOverdueCheckouts.func141 (6 handlers)
[GIN-debug] POST   /assets/:id/relationships --> github.com/mark3748/helpdesk-go/cmd/api.(*App).mountAPI.CreateRelationship.func143 (7 handlers)
[GIN-debug] GET    /assets/:id/relationships/graph --> github.com/mark3748/helpdesk-go/cmd/api.(*App).mountAPI.GetRelationshipGraph.func144 (6 handlers)
[GIN-debug] GET    /assets/:id/impact-analysis --> github.com/mark3748/helpdesk-go/cmd/api.(*App).mountAPI.GetAssetImpactAnalysis.func145 (6 handlers)
[GIN-debug] POST   /assets/bulk/update       --> github.com/mark3748/helpdesk-go/cmd/api.(*App).mountAPI.BulkUpdateAssets.func147 (7 handlers)
[GIN-debug] POST   /assets/bulk/assign       --> github.com/mark3748/helpdesk-go/cmd/api.(*App).mountAPI.BulkAssignAssets.func149 (7 handlers)
[GIN-debug] GET    /assets/bulk/operations/:id --> github.com/mark3748/helpdesk-go/cmd/api.(*App).mountAPI.GetBulkOperation.func150 (6 handlers)
[GIN-debug] POST   /assets/import/preview    --> github.com/mark3748/helpdesk-go/cmd/api.(*App).mountAPI.ImportAssetsPreview.func152 (7 handlers)
[GIN-debug] POST   /assets/import            --> github.com/mark3748/helpdesk-go/cmd/api.(*App).mountAPI.ImportAssets.func154 (7 handlers)
[GIN-debug] POST   /assets/export            --> github.com/mark3748/helpdesk-go/cmd/api.(*App).mountAPI.ExportAssets.func156 (7 handlers)
[GIN-debug] GET    /assets/:id/audit         --> github.com/mark3748/helpdesk-go/cmd/api.(*App).mountAPI.GetAuditHistory.func157 (6 handlers)
[GIN-debug] GET    /assets/audit/summary     --> github.com/mark3748/helpdesk-go/cmd/api.(*App).mountAPI.GetAuditSummary.func159 (7 handlers)
[GIN-debug] GET    /assets/analytics         --> github.com/mark3748/helpdesk-go/cmd/api.(*App).mountAPI.GetAssetAnalytics.func161 (7 handlers)
[GIN-debug] GET    /problems                 --> github.com/mark3748/helpdesk-go/cmd/api.(*App).mountAPI.List.func162 (6 handlers)
[GIN-debug] POST   /problems                 --> github.com/mark3748/helpdesk-go/cmd/api.(*App).mountAPI.Create.func163 (6 handlers)
[GIN-debug] GET    /problems/:id             --> github.com/mark3748/helpdesk-go/cmd/api.(*App).mountAPI.Get.func164 (6 handlers)
[GIN-debug] PUT    /problems/:id             --> github.com/mark3748/helpdesk-go/cmd/api.(*App).mountAPI.Update.func165 (6 handlers)
[GIN-debug] DELETE /problems/:id             --> github.com/mark3748/helpdesk-go/cmd/api.(*App).mountAPI.Delete.func166 (6 handlers)
[GIN-debug] GET    /changes                  --> github.com/mark3748/helpdesk-go/cmd/api.(*App).mountAPI.List.func167 (6 handlers)
[GIN-debug] POST   /changes                  --> github.com/mark3748/helpdesk-go/cmd/api.(*App).mountAPI.Create.func168 (6 handlers)
[GIN-debug] GET    /changes/:id              --> github.com/mark3748/helpdesk-go/cmd/api.(*App).mountAPI.Get.func169 (6 handlers)
[GIN-debug] PUT    /changes/:id              --> github.com/mark3748/helpdesk-go/cmd/api.(*App).mountAPI.Update.func170 (6 handlers)
[GIN-debug] DELETE /changes/:id              --> github.com/mark3748/helpdesk-go/cmd/api.(*App).mountAPI.Delete.func171 (6 handlers)
[GIN-debug] GET    /releases                 --> github.com/mark3748/helpdesk-go/cmd/api.(*App).mountAPI.List.func172 (6 handlers)
[GIN-debug] POST   /releases                 --> github.com/mark3748/helpdesk-go/cmd/api.(*App).mountAPI.Create.func173 (6 handlers)
[GIN-debug] GET    /releases/:id             --> github.com/mark3748/helpdesk-go/cmd/api.(*App).mountAPI.Get.func174 (6 handlers)
[GIN-debug] PUT    /releases/:id             --> github.com/mark3748/helpdesk-go/cmd/api.(*App).mountAPI.Update.func175 (6 handlers)
[GIN-debug] DELETE /releases/:id             --> github.com/mark3748/helpdesk-go/cmd/api.(*App).mountAPI.Delete.func176 (6 handlers)
[GIN-debug] GET    /api/livez                --> github.com/mark3748/helpdesk-go/cmd/api.(*App).mountAPI.func1 (5 handlers)
[GIN-debug] GET    /api/readyz               --> github.com/mark3748/helpdesk-go/cmd/api.(*App).readyz-fm (5 handlers)
[GIN-debug] GET    /api/healthz              --> github.com/mark3748/helpdesk-go/cmd/api.(*App).mountAPI.func2 (5 handlers)
[GIN-debug] GET    /api/csat/:token          --> github.com/mark3748/helpdesk-go/cmd/api.(*App).csatForm-fm (5 handlers)
[GIN-debug] POST   /api/csat/:token          --> github.com/mark3748/helpdesk-go/cmd/api.(*App).submitCSAT-fm (5 handlers)
[GIN-debug] GET    /api/metrics              --> github.com/mark3748/helpdesk-go/cmd/api.(*App).mountAPI.WrapH.func9 (5 handlers)
[GIN-debug] GET    /api/swagger/*filepath    --> github.com/gin-gonic/gin.(*RouterGroup).createStaticHandler.func1 (5 handlers)
[GIN-debug] HEAD   /api/swagger/*filepath    --> github.com/gin-gonic/gin.(*RouterGroup).createStaticHandler.func1 (5 handlers)
[GIN-debug] GET    /api/docs                 --> github.com/mark3748/helpdesk-go/cmd/api.(*App).docsUI-fm (5 handlers)
[GIN-debug] GET    /api/openapi.yaml         --> github.com/mark3748/helpdesk-go/cmd/api.(*App).openapiSpec-fm (5 handlers)
[GIN-debug] POST   /api/webhooks/email-inbound --> github.com/mark3748/helpdesk-go/cmd/api.(*App).mountAPI.EmailInbound.func18 (5 handlers)
[GIN-debug] GET    /api/me                   --> github.com/mark3748/helpdesk-go/cmd/api/auth.Me (6 handlers)
[GIN-debug] GET    /api/me/profile           --> github.com/mark3748/helpdesk-go/cmd/api.(*App).getMyProfile-fm (6 handlers)
[GIN-debug] PATCH  /api/me/profile           --> github.com/mark3748/helpdesk-go/cmd/api.(*App).updateMyProfile-fm (6 handlers)
[GIN-debug] POST   /api/me/password          --> github.com/mark3748/helpdesk-go/cmd/api.(*App).changeMyPassword-fm (6 handlers)
[GIN-debug] GET    /api/events               --> github.com/mark3748/helpdesk-go/cmd/api.(*App).mountAPI.Events.func20 (6 handlers)
[GIN-debug] GET    /api/settings             --> github.com/mark3748/helpdesk-go/cmd/api/handlers.GetSettings (7 handlers)
[GIN-debug] GET    /api/features             --> github.com/mark3748/helpdesk-go/cmd/api.(*App).mountAPI.Features.func22 (6 handlers)
[GIN-debug] POST   /api/test-connection      --> github.com/mark3748/helpdesk-go/cmd/api/handlers.TestConnection (7 handlers)
[GIN-debug] POST   /api/settings/storage     --> github.com/mark3748/helpdesk-go/cmd/api/handlers.SaveStorageSettings (7 handlers)
[GIN-debug] POST   /api/settings/oidc        --> github.com/mark3748/helpdesk-go/cmd/api/handlers.SaveOIDCSettings (7 handlers)
[GIN-debug] POST   /api/settings/mail        --> github.com/mark3748/helpdesk-go/cmd/api/handlers.SaveMailSettings (7 handlers)
[GIN-debug] POST   /api/settings/mail/send-test --> github.com/mark3748/helpdesk-go/cmd/api/handlers.SendTestMail (7 handlers)
[GIN-debug] GET    /api/users/:id/roles      --> github.com/mark3748/helpdesk-go/cmd/api.(*App).mountAPI.ListUserRoles.func29 (7 handlers)
[GIN-debug] POST   /api/users/:id/roles      --> github.com/mark3748/helpdesk-go/cmd/api.(*App).mountAPI.AddUserRole.func31 (7 handlers)
[GIN-debug] DELETE /api/users/:id/roles/:role --> github.com/mark3748/helpdesk-go/cmd/api.(*App).mountAPI.RemoveUserRole.func33 (7 handlers)
[GIN-debug] GET    /api/users                --> github.com/mark3748/helpdesk-go/cmd/api.(*App).mountAPI.List.func35 (7 handlers)
[GIN-debug] GET    /api/users/:id            --> github.com/mark3748/helpdesk-go/cmd/api.(*App).mountAPI.Get.func37 (7 handlers)
[GIN-debug] POST   /api/users                --> github.com/mark3748/helpdesk-go/cmd/api.(*App).mountAPI.CreateLocal.func39 (7 handlers)
[GIN-debug] GET    /api/roles                --> github.com/mark3748/helpdesk-go/cmd/api.(*App).mountAPI.List.func41 (7 handlers)
[GIN-debug] GET    /api/requesters           --> github.com/mark3748/helpdesk-go/cmd/api.(*App).mountAPI.Search.func42 (6 handlers)
[GIN-debug] GET    /api/requesters/:id       --> github.com/mark3748/helpdesk-go/cmd/api.(*App).getRequester-fm (6 handlers)
[GIN-debug] POST   /api/requesters           --> github.com/mark3748/helpdesk-go/cmd/api.(*App).createRequester-fm (7 handlers)
[GIN-debug] PATCH  /api/requesters/:id       --> github.com/mark3748/helpdesk-go/cmd/api.(*App).updateRequester-fm (7 handlers)
[GIN-debug] GET    /api/teams                --> github.com/mark3748/helpdesk-go/cmd/api.(*App).mountAPI.List.func45 (6 handlers)
[GIN-debug] GET    /api/slas                 --> github.com/mark3748/helpdesk-go/cmd/api.(*App).mountAPI.List.func46 (6 handlers)
[GIN-debug] GET    /api/kb                   --> github.com/mark3748/helpdesk-go/cmd/api.(*App).mountAPI.Search.func47 (6 handlers)
[GIN-debug] GET    /api/kb/:slug             --> github.com/mark3748/helpdesk-go/cmd/api.(*App).mountAPI.Get.func48 (6 handlers)
[GIN-debug] POST   /api/kb                   --> github.com/mark3748/helpdesk-go/cmd/api.(*App).mountAPI.Create.func50 (7 handlers)
[GIN-debug] PUT    /api/kb/:slug             --> github.com/mark3748/helpdesk-go/cmd/api.(*App).mountAPI.Update.func52 (7 handlers)
[GIN-debug] DELETE /api/kb/:slug             --> github.com/mark3748/helpdesk-go/cmd/api.(*App).mountAPI.Delete.func54 (7 handlers)
[GIN-debug] GET    /api/tickets              --> github.com/mark3748/helpdesk-go/cmd/api.(*App).mountAPI.List.func55 (6 handlers)
[GIN-debug] POST   /api/tickets              --> github.com/mark3748/helpdesk-go/cmd/api.(*App).mountAPI.Create.func59 (6 handlers)
[GIN-debug] GET    /api/tickets/:id          --> github.com/mark3748/helpdesk-go/cmd/api.(*App).mountAPI.Get.func60 (6 handlers)
[GIN-debug] PATCH  /api/tickets/:id          --> github.com/mark3748/helpdesk-go/cmd/api.(*App).mountAPI.Update.func62 (7 handlers)
[GIN-debug] GET    /api/tickets/:id/comments --> github.com/mark3748/helpdesk-go/cmd/api.(*App).mountAPI.List.func63 (6 handlers)
[GIN-debug] POST   /api/tickets/:id/comments --> github.com/mark3748/helpdesk-go/cmd/api.(*App).mountAPI.Add.func64 (6 handlers)
[GIN-debug] GET    /api/tickets/:id/attachments --> github.com/mark3748/helpdesk-go/cmd/api.(*App).mountAPI.List.func65 (6 handlers)
[GIN-debug] POST   /api/tickets/:id/attachments/presign --> github.com/mark3748/helpdesk-go/cmd/api.(*App).mountAPI.Presign.func75 (6 handlers)
[GIN-debug] POST   /api/tickets/:id/attachments --> github.com/mark3748/helpdesk-go/cmd/api.(*App).mountAPI.Finalize.func76 (6 handlers)
[GIN-debug] GET    /api/tickets/:id/attachments/:attID --> github.com/mark3748/helpdesk-go/cmd/api.(*App).mountAPI.Get.func77 (6 handlers)
[GIN-debug] PUT    /api/attachments/upload/:objectKey --> github.com/mark3748/helpdesk-go/cmd/api.(*App).mountAPI.UploadObject.func78 (6 handlers)
[GIN-debug] DELETE /api/tickets/:id/attachments/:attID --> github.com/mark3748/helpdesk-go/cmd/api.(*App).mountAPI.Delete.func79 (6 handlers)
[GIN-debug] GET    /api/tickets/:id/watchers --> github.com/mark3748/helpdesk-go/cmd/api.(*App).mountAPI.List.func80 (6 handlers)
[GIN-debug] POST   /api/tickets/:id/watchers --> github.com/mark3748/helpdesk-go/cmd/api.(*App).mountAPI.Add.func81 (6 handlers)
[GIN-debug] DELETE /api/tickets/:id/watchers/:uid --> github.com/mark3748/helpdesk-go/cmd/api.(*App).mountAPI.Remove.func82 (6 handlers)
[GIN-debug] GET    /api/emails/outbound      --> github.com/mark3748/helpdesk-go/cmd/api.(*App).mountAPI.ListOutbound.func84 (7 handlers)
[GIN-debug] GET    /api/metrics/sla          --> github.com/mark3748/helpdesk-go/cmd/api.(*App).mountAPI.SLA.func86 (7 handlers)
[GIN-debug] GET    /api/metrics/resolution   --> github.com/mark3748/helpdesk-go/cmd/api.(*App).mountAPI.Resolution.func88 (7 handlers)
[GIN-debug] GET    /api/metrics/tickets      --> github.com/mark3748/helpdesk-go/cmd/api.(*App).mountAPI.TicketVolume.func90 (7 handlers)
[GIN-debug] GET    /api/metrics/dashboard    --> github.com/mark3748/helpdesk-go/cmd/api.(*App).mountAPI.Dashboard.func92 (7 handlers)
[GIN-debug] GET    /api/metrics/agent        --> github.com/mark3748/helpdesk-go/cmd/api.(*App).mountAPI.Agent.func94 (7 handlers)
[GIN-debug] GET    /api/metrics/manager      --> github.com/mark3748/helpdesk-go/cmd/api.(*App).mountAPI.Manager.func96 (7 handlers)
[GIN-debug] POST   /api/exports/tickets      --> github.com/mark3748/helpdesk-go/cmd/api.(*App).exportTicketsBridge-fm (7 handlers)
[GIN-debug] GET    /api/exports/tickets/:job_id --> github.com/mark3748/helpdesk-go/cmd/api.(*App).exportTicketsStatus-fm (7 handlers)
[GIN-debug] GET    /api/webhooks             --> github.com/mark3748/helpdesk-go/cmd/api.(*App).mountAPI.List.func100 (7 handlers)
[GIN-debug] POST   /api/webhooks             --> github.com/mark3748/helpdesk-go/cmd/api.(*App).mountAPI.Create.func102 (7 handlers)
[GIN-debug] DELETE /api/webhooks/:id         --> github.com/mark3748/helpdesk-go/cmd/api.(*App).mountAPI.Delete.func104 (7 handlers)
[GIN-debug] GET    /api/asset-categories     --> github.com/mark3748/helpdesk-go/cmd/api.(*App).mountAPI.ListCategories.func105 (6 handlers)
[GIN-debug] POST   /api/asset-categories     --> github.com/mark3748/helpdesk-go/cmd/api.(*App).mountAPI.CreateCategory.func107 (7 handlers)
[GIN-debug] GET    /api/asset-categories/:id --> github.com/mark3748/helpdesk-go/cmd/api.(*App).mountAPI.GetCategory.func108 (6 handlers)
[GIN-debug] GET    /api/assets               --> github.com/mark3748/helpdesk-go/cmd/api.(*App).mountAPI.ListAssets.func109 (6 handlers)
[GIN-debug] POST   /api/assets               --> github.com/mark3748/helpdesk-go/cmd/api.(*App).mountAPI.CreateAsset.func111 (7 handlers)
[GIN-debug] GET    /api/assets/:id           --> github.com/mark3748/helpdesk-go/cmd/api.(*App).mountAPI.GetAsset.func112 (6 handlers)
[GIN-debug] PATCH  /api/assets/:id           --> github.com/mark3748/helpdesk-go/cmd/api.(*App).mountAPI.UpdateAsset.func114 (7 handlers)
[GIN-debug] DELETE /api/assets/:id           --> github.com/mark3748/helpdesk-go/cmd/api.(*App).mountAPI.DeleteAsset.func116 (7 handlers)
[GIN-debug] POST   /api/assets/:id/assign    --> github.com/mark3748/helpdesk-go/cmd/api.(*App).mountAPI.AssignAsset.func118 (7 handlers)
[GIN-debug] GET    /api/assets/:id/history   --> github.com/mark3748/helpdesk-go/cmd/api.(*App).mountAPI.GetAssetHistory.func119 (6 handlers)
[GIN-debug] GET    /api/assets/:id/assignments --> github.com/mark3748/helpdesk-go/cmd/api.(*App).mountAPI.GetAssetAssignments.func120 (6 handlers)
[GIN-debug] GET    /api/assets/:id/attachments --> github.com/mark3748/helpdesk-go/cmd/api.(*App).mountAPI.ListAttachments.func121 (6 handlers)
[GIN-debug] POST   /api/assets/:id/attachments/presign --> github.com/mark3748/helpdesk-go/cmd/api.(*App).mountAPI.PresignAssetUpload.func123 (7 handlers)
[GIN-debug] POST   /api/assets/:id/attachments --> github.com/mark3748/helpdesk-go/cmd/api.(*App).mountAPI.FinalizeAssetAttachment.func125 (7 handlers)
[GIN-debug] GET    /api/assets/:id/attachments/:attachmentID --> github.com/mark3748/helpdesk-go/cmd/api.(*App).mountAPI.GetAssetAttachment.func126 (6 handlers)
[GIN-debug] DELETE /api/assets/:id/attachments/:attachmentID --> github.com/mark3748/helpdesk-go/cmd/api.(*App).mountAPI.DeleteAssetAttachment.func128 (7 handlers)
[GIN-debug] PUT    /api/assets/attachments/upload/:objectKey --> github.com/mark3748/helpdesk-go/cmd/api.(*App).mountAPI.UploadAssetObject.func129 (6 handlers)
[GIN-debug] POST   /api/assets/:id/status-change --> github.com/mark3748/helpdesk-go/cmd/api.(*App).mountAPI.RequestStatusChange.func131 (7 handlers)
[GIN-debug] POST   /api/workflows/:id/approve --> github.com/mark3748/helpdesk-go/cmd/api.(*App).mountAPI.ApproveWorkflow.func133 (7 handlers)
[GIN-debug] POST   /api/workflows/:id/reject --> github.com/mark3748/helpdesk-go/cmd/api.(*App).mountAPI.RejectWorkflow.func135 (7 handlers)
[GIN-debug] POST   /api/assets/:id/checkout  --> github.com/mark3748/helpdesk-go/cmd/api.(*App).mountAPI.CheckoutAsset.func137 (7 handlers)
[GIN-debug] POST   /api/assets/checkin       --> github.com/mark3748/helpdesk-go/cmd/api.(*App).mountAPI.CheckinAsset.func139 (7 handlers)
[GIN-debug] GET    /api/assets/checkouts/active --> github.com/mark3748/helpdesk-go/cmd/api.(*App).mountAPI.GetActiveCheckouts.func140 (6 handlers)
[GIN-debug] GET    /api/assets/checkouts/overdue --> github.com/mark3748/helpdesk-go/cmd/api.(*App).mountAPI.GetOverdueCheckouts.func141 (6 handlers)
[GIN-debug] POST   /api/assets/:id/relationships --> github.com/mark3748/helpdesk-go/cmd/api.(*App).mountAPI.CreateRelationship.func143 (7 handlers)
[GIN-debug] GET    /api/assets/:id/relationships/graph --> github.com/mark3748/helpdesk-go/cmd/api.(*App).mountAPI.GetRelationshipGraph.func144 (6 handlers)
[GIN-debug] GET    /api/assets/:id/impact-analysis --> github.com/mark3748/helpdesk-go/cmd/api.(*App).mountAPI.GetAssetImpactAnalysis.func145 (6 handlers)
[GIN-debug] POST   /api/assets/bulk/update   --> github.com/mark3748/helpdesk-go/cmd/api.(*App).mountAPI.BulkUpdateAssets.func147 (7 handlers)
[GIN-debug] POST   /api/assets/bulk/assign   --> github.com/mark3748/helpdesk-go/cmd/api.(*App).mountAPI.BulkAssignAssets.func149 (7 handlers)
[GIN-debug] GET    /api/assets/bulk/operations/:id --> github.com/mark3748/helpdesk-go/cmd/api.(*App).mountAPI.GetBulkOperation.func150 (6 handlers)
[GIN-debug] POST   /api/assets/import/preview --> github.com/mark3748/helpdesk-go/cmd/api.(*App).mountAPI.ImportAssetsPreview.func152 (7 handlers)
[GIN-debug] POST   /api/assets/import        --> github.com/mark3748/helpdesk-go/cmd/api.(*App).mountAPI.ImportAssets.func154 (7 handlers)
[GIN-debug] POST   /api/assets/export        --> github.com/mark3748/helpdesk-go/cmd/api.(*App).mountAPI.ExportAssets.func156 (7 handlers)
[GIN-debug] GET    /api/assets/:id/audit     --> github.com/mark3748/helpdesk-go/cmd/api.(*App).mountAPI.GetAuditHistory.func157 (6 handlers)
[GIN-debug] GET    /api/assets/audit/summary --> github.com/mark3748/helpdesk-go/cmd/api.(*App).mountAPI.GetAuditSummary.func159 (7 handlers)
[GIN-debug] GET    /api/assets/analytics     --> github.com/mark3748/helpdesk-go/cmd/api.(*App).mountAPI.GetAssetAnalytics.func161 (7 handlers)
[GIN-debug] GET    /api/problems             --> github.com/mark3748/helpdesk-go/cmd/api.(*App).mountAPI.List.func162 (6 handlers)
[GIN-debug] POST   /api/problems             --> github.com/mark3748/helpdesk-go/cmd/api.(*App).mountAPI.Create.func163 (6 handlers)
[GIN-debug] GET    /api/problems/:id         --> github.com/mark3748/helpdesk-go/cmd/api.(*App).mountAPI.Get.func164 (6 handlers)
[GIN-debug] PUT    /api/problems/:id         --> github.com/mark3748/helpdesk-go/cmd/api.(*App).mountAPI.Update.func165 (6 handlers)
[GIN-debug] DELETE /api/problems/:id         --> github.com/mark3748/helpdesk-go/cmd/api.(*App).mountAPI.Delete.func166 (6 handlers)
[GIN-debug] GET    /api/changes              --> github.com/mark3748/helpdesk-go/cmd/api.(*App).mountAPI.List.func167 (6 handlers)
[GIN-debug] POST   /api/changes              --> github.com/mark3748/helpdesk-go/cmd/api.(*App).mountAPI.Create.func168 (6 handlers)
[GIN-debug] GET    /api/changes/:id          --> github.com/mark3748/helpdesk-go/cmd/api.(*App).mountAPI.Get.func169 (6 handlers)
[GIN-debug] PUT    /api/changes/:id          --> github.com/mark3748/helpdesk-go/cmd/api.(*App).mountAPI.Update.func170 (6 handlers)
[GIN-debug] DELETE /api/changes/:id          --> github.com/mark3748/helpdesk-go/cmd/api.(*App).mountAPI.Delete.func171 (6 handlers)
[GIN-debug] GET    /api/releases             --> github.com/mark3748/helpdesk-go/cmd/api.(*App).mountAPI.List.func172 (6 handlers)
[GIN-debug] POST   /api/releases             --> github.com/mark3748/helpdesk-go/cmd/api.(*App).mountAPI.Create.func173 (6 handlers)
[GIN-debug] GET    /api/releases/:id         --> github.com/mark3748/helpdesk-go/cmd/api.(*App).mountAPI.Get.func174 (6 handlers)
[GIN-debug] PUT    /api/releases/:id         --> github.com/mark3748/helpdesk-go/cmd/api.(*App).mountAPI.Update.func175 (6 handlers)
[GIN-debug] DELETE /api/releases/:id         --> github.com/mark3748/helpdesk-go/cmd/api.(*App).mountAPI.Delete.func176 (6 handlers)
{"level":"info","request_id":"82e81b79-2fad-474f-8031-05d347c86da8","method":"GET","path":"/tickets","status":200,"duration":0.023177,"time":"2025-12-20T00:53:51-07:00","message":"request"}
[GIN-debug] [WARNING] Running in "debug" mode. Switch to "release" mode in production.
 - using env:	export GIN_MODE=release
 - using code:	gin.SetMode(gin.ReleaseMode)

[GIN-debug] GET    /livez                    --> github.com/mark3748/helpdesk-go/cmd/api.(*App).mountAPI.func1 (5 handlers)
[GIN-debug] GET    /readyz                   --> github.com/mark3748/helpdesk-go/cmd/api.(*App).readyz-fm (5 handlers)
[GIN-debug] GET    /healthz                  --> github.com/mark3748/helpdesk-go/cmd/api.(*App).mountAPI.func2 (5 handlers)
[GIN-debug] GET    /csat/:token              --> github.com/mark3748/helpdesk-go/cmd/api.(*App).csatForm-fm (5 handlers)
[GIN-debug] POST   /csat/:token              --> github.com/mark3748/helpdesk-go/cmd/api.(*App).submitCSAT-fm (5 handlers)
[GIN-debug] GET    /metrics                  --> github.com/mark3748/helpdesk-go/cmd/api.(*App).mountAPI.WrapH.func9 (5 handlers)
[GIN-debug] GET    /swagger/*filepath        --> github.com/gin-gonic/gin.(*RouterGroup).createStaticHandler.func1 (5 handlers)
[GIN-debug] HEAD   /swagger/*filepath        --> github.com/gin-gonic/gin.(*RouterGroup).createStaticHandler.func1 (5 handlers)
[GIN-debug] GET    /docs                     --> github.com/mark3748/helpdesk-go/cmd/api.(*App).docsUI-fm (5 handlers)
[GIN-debug] GET    /openapi.yaml             --> github.com/mark3748/helpdesk-go/cmd/api.(*App).openapiSpec-fm (5 handlers)
[GIN-debug] POST   /webhooks/email-inbound   --> github.com/mark3748/helpdesk-go/cmd/api.(*App).mountAPI.EmailInbound.func18 (5 handlers)
[GIN-debug] GET    /me                       --> github.com/mark3748/helpdesk-go/cmd/api/auth.Me (6 handlers)
[GIN-debug] GET    /me/profile               --> github.com/mark3748/helpdesk-go/cmd/api.(*App).getMyProfile-fm (6 handlers)
[GIN-debug] PATCH  /me/profile               --> github.com/mark3748/helpdesk-go/cmd/api.(*App).updateMyProfile-fm (6 handlers)
[GIN-debug] POST   /me/password              --> github.com/mark3748/helpdesk-go/cmd/api.(*App).changeMyPassword-fm (6 handlers)
[GIN-debug] GET    /events                   --> github.com/mark3748/helpdesk-go/cmd/api.(*App).mountAPI.Events.func20 (6 handlers)
[GIN-debug] GET    /settings                 --> github.com/mark3748/helpdesk-go/cmd/api/handlers.GetSettings (7 handlers)
[GIN-debug] GET    /features                 --> github.com/mark3748/helpdesk-go/cmd/api.(*App).mountAPI.Features.func22 (6 handlers)
[GIN-debug] POST   /test-connection          --> github.com/mark3748/helpdesk-go/cmd/api/handlers.TestConnection (7 handlers)
[GIN-debug] POST   /settings/storage         --> github.com/mark3748/helpdesk-go/cmd/api/handlers.SaveStorageSettings (7 handlers)
[GIN-debug] POST   /settings/oidc            --> github.com/mark3748/helpdesk-go/cmd/api/handlers.SaveOIDCSettings (7 handlers)
[GIN-debug] POST   /settings/mail            --> github.com/mark3748/helpdesk-go/cmd/api/handlers.SaveMailSettings (7 handlers)
[GIN-debug] POST   /settings/mail/send-test  --> github.com/mark3748/helpdesk-go/cmd/api/handlers.SendTestMail (7 handlers)
[GIN-debug] GET    /users/:id/roles          --> github.com/mark3748/helpdesk-go/cmd/api.(*App).mountAPI.ListUserRoles.func29 (7 handlers)
[GIN-debug] POST   /users/:id/roles          --> github.com/mark3748/helpdesk-go/cmd/api.(*App).mountAPI.AddUserRole.func31 (7 handlers)
[GIN-debug] DELETE /users/:id/roles/:role    --> github.com/mark3748/helpdesk-go/cmd/api.(*App).mountAPI.RemoveUserRole.func33 (7 handlers)
[GIN-debug] GET    /users                    --> github.com/mark3748/helpdesk-go/cmd/api.(*App).mountAPI.List.func35 (7 handlers)
[GIN-debug] GET    /users/:id                --> github.com/mark3748/helpdesk-go/cmd/api.(*App).mountAPI.Get.func37 (7 handlers)
[GIN-debug] POST   /users                    --> github.com/mark3748/helpdesk-go/cmd/api.(*App).mountAPI.CreateLocal.func39 (7 handlers)
[GIN-debug] GET    /roles                    --> github.com/mark3748/helpdesk-go/cmd/api.(*App).mountAPI.List.func41 (7 handlers)
[GIN-debug] GET    /requesters               --> github.com/mark3748/helpdesk-go/cmd/api.(*App).mountAPI.Search.func42 (6 handlers)
[GIN-debug] GET    /requesters/:id           --> github.com/mark3748/helpdesk-go/cmd/api.(*App).getRequester-fm (6 handlers)
[GIN-debug] POST   /requesters               --> github.com/mark3748/helpdesk-go/cmd/api.(*App).createRequester-fm (7 handlers)
[GIN-debug] PATCH  /requesters/:id           --> github.com/mark3748/helpdesk-go/cmd/api.(*App).updateRequester-fm (7 handlers)
[GIN-debug] GET    /teams                    --> github.com/mark3748/helpdesk-go/cmd/api.(*App).mountAPI.List.func45 (6 handlers)
[GIN-debug] GET    /slas                     --> github.com/mark3748/helpdesk-go/cmd/api.(*App).mountAPI.List.func46 (6 handlers)
[GIN-debug] GET    /kb                       --> github.com/mark3748/helpdesk-go/cmd/api.(*App).mountAPI.Search.func47 (6 handlers)
[GIN-debug] GET    /kb/:slug                 --> github.com/mark3748/helpdesk-go/cmd/api.(*App).mountAPI.Get.func48 (6 handlers)
[GIN-debug] POST   /kb                       --> github.com/mark3748/helpdesk-go/cmd/api.(*App).mountAPI.Create.func50 (7 handlers)
[GIN-debug] PUT    /kb/:slug                 --> github.com/mark3748/helpdesk-go/cmd/api.(*App).mountAPI.Update.func52 (7 handlers)
[GIN-debug] DELETE /kb/:slug                 --> github.com/mark3748/helpdesk-go/cmd/api.(*App).mountAPI.Delete.func54 (7 handlers)
[GIN-debug] GET    /tickets                  --> github.com/mark3748/helpdesk-go/cmd/api.(*App).mountAPI.List.func55 (6 handlers)
[GIN-debug] POST   /tickets                  --> github.com/mark3748/helpdesk-go/cmd/api.(*App).mountAPI.Create.func59 (6 handlers)
[GIN-debug] GET    /tickets/:id              --> github.com/mark3748/helpdesk-go/cmd/api.(*App).mountAPI.Get.func60 (6 handlers)
[GIN-debug] PATCH  /tickets/:id              --> github.com/mark3748/helpdesk-go/cmd/api.(*App).mountAPI.Update.func62 (7 handlers)
[GIN-debug] GET    /tickets/:id/comments     --> github.com/mark3748/helpdesk-go/cmd/api.(*App).mountAPI.List.func63 (6 handlers)
[GIN-debug] POST   /tickets/:id/comments     --> github.com/mark3748/helpdesk-go/cmd/api.(*App).mountAPI.Add.func64 (6 handlers)
[GIN-debug] GET    /tickets/:id/attachments  --> github.com/mark3748/helpdesk-go/cmd/api.(*App).mountAPI.List.func65 (6 handlers)
[GIN-debug] POST   /tickets/:id/attachments/presign --> github.com/mark3748/helpdesk-go/cmd/api.(*App).mountAPI.Presign.func75 (6 handlers)
[GIN-debug] POST   /tickets/:id/attachments  --> github.com/mark3748/helpdesk-go/cmd/api.(*App).mountAPI.Finalize.func76 (6 handlers)
[GIN-debug] GET    /tickets/:id/attachments/:attID --> github.com/mark3748/helpdesk-go/cmd/api.(*App).mountAPI.Get.func77 (6 handlers)
[GIN-debug] PUT    /attachments/upload/:objectKey --> github.com/mark3748/helpdesk-go/cmd/api.(*App).mountAPI.UploadObject.func78 (6 handlers)
[GIN-debug] DELETE /tickets/:id/attachments/:attID --> github.com/mark3748/helpdesk-go/cmd/api.(*App).mountAPI.Delete.func79 (6 handlers)
[GIN-debug] GET    /tickets/:id/watchers     --> github.com/mark3748/helpdesk-go/cmd/api.(*App).mountAPI.List.func80 (6 handlers)
[GIN-debug] POST   /tickets/:id/watchers     --> github.com/mark3748/helpdesk-go/cmd/api.(*App).mountAPI.Add.func81 (6 handlers)
[GIN-debug] DELETE /tickets/:id/watchers/:uid --> github.com/mark3748/helpdesk-go/cmd/api.(*App).mountAPI.Remove.func82 (6 handlers)
[GIN-debug] GET    /emails/outbound          --> github.com/mark3748/helpdesk-go/cmd/api.(*App).mountAPI.ListOutbound.func84 (7 handlers)
[GIN-debug] GET    /metrics/sla              --> github.com/mark3748/helpdesk-go/cmd/api.(*App).mountAPI.SLA.func86 (7 handlers)
[GIN-debug] GET    /metrics/resolution       --> github.com/mark3748/helpdesk-go/cmd/api.(*App).mountAPI.Resolution.func88 (7 handlers)
[GIN-debug] GET    /metrics/tickets          --> github.com/mark3748/helpdesk-go/cmd/api.(*App).mountAPI.TicketVolume.func90 (7 handlers)
[GIN-debug] GET    /metrics/dashboard        --> github.com/mark3748/helpdesk-go/cmd/api.(*App).mountAPI.Dashboard.func92 (7 handlers)
[GIN-debug] GET    /metrics/agent            --> github.com/mark3748/helpdesk-go/cmd/api.(*App).mountAPI.Agent.func94 (7 handlers)
[GIN-debug] GET    /metrics/manager          --> github.com/mark3748/helpdesk-go/cmd/api.(*App).mountAPI.Manager.func96 (7 handlers)
[GIN-debug] POST   /exports/tickets          --> github.com/mark3748/helpdesk-go/cmd/api.(*App).exportTicketsBridge-fm (7 handlers)
[GIN-debug] GET    /exports/tickets/:job_id  --> github.com/mark3748/helpdesk-go/cmd/api.(*App).exportTicketsStatus-fm (7 handlers)
[GIN-debug] GET    /webhooks                 --> github.com/mark3748/helpdesk-go/cmd/api.(*App).mountAPI.List.func100 (7 handlers)
[GIN-debug] POST   /webhooks                 --> github.com/mark3748/helpdesk-go/cmd/api.(*App).mountAPI.Create.func102 (7 handlers)
[GIN-debug] DELETE /webhooks/:id             --> github.com/mark3748/helpdesk-go/cmd/api.(*App).mountAPI.Delete.func104 (7 handlers)
[GIN-debug] GET    /asset-categories         --> github.com/mark3748/helpdesk-go/cmd/api.(*App).mountAPI.ListCategories.func105 (6 handlers)
[GIN-debug] POST   /asset-categories         --> github.com/mark3748/helpdesk-go/cmd/api.(*App).mountAPI.CreateCategory.func107 (7 handlers)
[GIN-debug] GET    /asset-categories/:id     --> github.com/mark3748/helpdesk-go/cmd/api.(*App).mountAPI.GetCategory.func108 (6 handlers)
[GIN-debug] GET    /assets                   --> github.com/mark3748/helpdesk-go/cmd/api.(*App).mountAPI.ListAssets.func109 (6 handlers)
[GIN-debug] POST   /assets                   --> github.com/mark3748/helpdesk-go/cmd/api.(*App).mountAPI.CreateAsset.func111 (7 handlers)
[GIN-debug] GET    /assets/:id               --> github.com/mark3748/helpdesk-go/cmd/api.(*App).mountAPI.GetAsset.func112 (6 handlers)
[GIN-debug] PATCH  /assets/:id               --> github.com/mark3748/helpdesk-go/cmd/api.(*App).mountAPI.UpdateAsset.func114 (7 handlers)
[GIN-debug] DELETE /assets/:id               --> github.com/mark3748/helpdesk-go/cmd/api.(*App).mountAPI.DeleteAsset.func116 (7 handlers)
[GIN-debug] POST   /assets/:id/assign        --> github.com/mark3748/helpdesk-go/cmd/api.(*App).mountAPI.AssignAsset.func118 (7 handlers)
[GIN-debug] GET    /assets/:id/history       --> github.com/mark3748/helpdesk-go/cmd/api.(*App).mountAPI.GetAssetHistory.func119 (6 handlers)
[GIN-debug] GET    /assets/:id/assignments   --> github.com/mark3748/helpdesk-go/cmd/api.(*App).mountAPI.GetAssetAssignments.func120 (6 handlers)
[GIN-debug] GET    /assets/:id/attachments   --> github.com/mark3748/helpdesk-go/cmd/api.(*App).mountAPI.ListAttachments.func121 (6 handlers)
[GIN-debug] POST   /assets/:id/attachments/presign --> github.com/mark3748/helpdesk-go/cmd/api.(*App).mountAPI.PresignAssetUpload.func123 (7 handlers)
[GIN-debug] POST   /assets/:id/attachments   --> github.com/mark3748/helpdesk-go/cmd/api.(*App).mountAPI.FinalizeAssetAttachment.func125 (7 handlers)
[GIN-debug] GET    /assets/:id/attachments/:attachmentID --> github.com/mark3748/helpdesk-go/cmd/api.(*App).mountAPI.GetAssetAttachment.func126 (6 handlers)
[GIN-debug] DELETE /assets/:id/attachments/:attachmentID --> github.com/mark3748/helpdesk-go/cmd/api.(*App).mountAPI.DeleteAssetAttachment.func128 (7 handlers)
[GIN-debug] PUT    /assets/attachments/upload/:objectKey --> github.com/mark3748/helpdesk-go/cmd/api.(*App).mountAPI.UploadAssetObject.func129 (6 handlers)
[GIN-debug] POST   /assets/:id/status-change --> github.com/mark3748/helpdesk-go/cmd/api.(*App).mountAPI.RequestStatusChange.func131 (7 handlers)
[GIN-debug] POST   /workflows/:id/approve    --> github.com/mark3748/helpdesk-go/cmd/api.(*App).mountAPI.ApproveWorkflow.func133 (7 handlers)
[GIN-debug] POST   /workflows/:id/reject     --> github.com/mark3748/helpdesk-go/cmd/api.(*App).mountAPI.RejectWorkflow.func135 (7 handlers)
[GIN-debug] POST   /assets/:id/checkout      --> github.com/mark3748/helpdesk-go/cmd/api.(*App).mountAPI.CheckoutAsset.func137 (7 handlers)
[GIN-debug] POST   /assets/checkin           --> github.com/mark3748/helpdesk-go/cmd/api.(*App).mountAPI.CheckinAsset.func139 (7 handlers)
[GIN-debug] GET    /assets/checkouts/active  --> github.com/mark3748/helpdesk-go/cmd/api.(*App).mountAPI.GetActiveCheckouts.func140 (6 handlers)
[GIN-debug] GET    /assets/checkouts/overdue --> github.com/mark3748/helpdesk-go/cmd/api.(*App).mountAPI.GetOverdueCheckouts.func141 (6 handlers)
[GIN-debug] POST   /assets/:id/relationships --> github.com/mark3748/helpdesk-go/cmd/api.(*App).mountAPI.CreateRelationship.func143 (7 handlers)
[GIN-debug] GET    /assets/:id/relationships/graph --> github.com/mark3748/helpdesk-go/cmd/api.(*App).mountAPI.GetRelationshipGraph.func144 (6 handlers)
[GIN-debug] GET    /assets/:id/impact-analysis --> github.com/mark3748/helpdesk-go/cmd/api.(*App).mountAPI.GetAssetImpactAnalysis.func145 (6 handlers)
[GIN-debug] POST   /assets/bulk/update       --> github.com/mark3748/helpdesk-go/cmd/api.(*App).mountAPI.BulkUpdateAssets.func147 (7 handlers)
[GIN-debug] POST   /assets/bulk/assign       --> github.com/mark3748/helpdesk-go/cmd/api.(*App).mountAPI.BulkAssignAssets.func149 (7 handlers)
[GIN-debug] GET    /assets/bulk/operations/:id --> github.com/mark3748/helpdesk-go/cmd/api.(*App).mountAPI.GetBulkOperation.func150 (6 handlers)
[GIN-debug] POST   /assets/import/preview    --> github.com/mark3748/helpdesk-go/cmd/api.(*App).mountAPI.ImportAssetsPreview.func152 (7 handlers)
[GIN-debug] POST   /assets/import            --> github.com/mark3748/helpdesk-go/cmd/api.(*App).mountAPI.ImportAssets.func154 (7 handlers)
[GIN-debug] POST   /assets/export            --> github.com/mark3748/helpdesk-go/cmd/api.(*App).mountAPI.ExportAssets.func156 (7 handlers)
[GIN-debug] GET    /assets/:id/audit         --> github.com/mark3748/helpdesk-go/cmd/api.(*App).mountAPI.GetAuditHistory.func157 (6 handlers)
[GIN-debug] GET    /assets/audit/summary     --> github.com/mark3748/helpdesk-go/cmd/api.(*App).mountAPI.GetAuditSummary.func159 (7 handlers)
[GIN-debug] GET    /assets/analytics         --> github.com/mark3748/helpdesk-go/cmd/api.(*App).mountAPI.GetAssetAnalytics.func161 (7 handlers)
[GIN-debug] GET    /problems                 --> github.com/mark3748/helpdesk-go/cmd/api.(*App).mountAPI.List.func162 (6 handlers)
[GIN-debug] POST   /problems                 --> github.com/mark3748/helpdesk-go/cmd/api.(*App).mountAPI.Create.func163 (6 handlers)
[GIN-debug] GET    /problems/:id             --> github.com/mark3748/helpdesk-go/cmd/api.(*App).mountAPI.Get.func164 (6 handlers)
[GIN-debug] PUT    /problems/:id             --> github.com/mark3748/helpdesk-go/cmd/api.(*App).mountAPI.Update.func165 (6 handlers)
[GIN-debug] DELETE /problems/:id             --> github.com/mark3748/helpdesk-go/cmd/api.(*App).mountAPI.Delete.func166 (6 handlers)
[GIN-debug] GET    /changes                  --> github.com/mark3748/helpdesk-go/cmd/api.(*App).mountAPI.List.func167 (6 handlers)
[GIN-debug] POST   /changes                  --> github.com/mark3748/helpdesk-go/cmd/api.(*App).mountAPI.Create.func168 (6 handlers)
[GIN-debug] GET    /changes/:id              --> github.com/mark3748/helpdesk-go/cmd/api.(*App).mountAPI.Get.func169 (6 handlers)
[GIN-debug] PUT    /changes/:id              --> github.com/mark3748/helpdesk-go/cmd/api.(*App).mountAPI.Update.func170 (6 handlers)
[GIN-debug] DELETE /changes/:id              --> github.com/mark3748/helpdesk-go/cmd/api.(*App).mountAPI.Delete.func171 (6 handlers)
[GIN-debug] GET    /releases                 --> github.com/mark3748/helpdesk-go/cmd/api.(*App).mountAPI.List.func172 (6 handlers)
[GIN-debug] POST   /releases                 --> github.com/mark3748/helpdesk-go/cmd/api.(*App).mountAPI.Create.func173 (6 handlers)
[GIN-debug] GET    /releases/:id             --> github.com/mark3748/helpdesk-go/cmd/api.(*App).mountAPI.Get.func174 (6 handlers)
[GIN-debug] PUT    /releases/:id             --> github.com/mark3748/helpdesk-go/cmd/api.(*App).mountAPI.Update.func175 (6 handlers)
[GIN-debug] DELETE /releases/:id             --> github.com/mark3748/helpdesk-go/cmd/api.(*App).mountAPI.Delete.func176 (6 handlers)
[GIN-debug] GET    /api/livez                --> github.com/mark3748/helpdesk-go/cmd/api.(*App).mountAPI.func1 (5 handlers)
[GIN-debug] GET    /api/readyz               --> github.com/mark3748/helpdesk-go/cmd/api.(*App).readyz-fm (5 handlers)
[GIN-debug] GET    /api/healthz              --> github.com/mark3748/helpdesk-go/cmd/api.(*App).mountAPI.func2 (5 handlers)
[GIN-debug] GET    /api/csat/:token          --> github.com/mark3748/helpdesk-go/cmd/api.(*App).csatForm-fm (5 handlers)
[GIN-debug] POST   /api/csat/:token          --> github.com/mark3748/helpdesk-go/cmd/api.(*App).submitCSAT-fm (5 handlers)
[GIN-debug] GET    /api/metrics              --> github.com/mark3748/helpdesk-go/cmd/api.(*App).mountAPI.WrapH.func9 (5 handlers)
[GIN-debug] GET    /api/swagger/*filepath    --> github.com/gin-gonic/gin.(*RouterGroup).createStaticHandler.func1 (5 handlers)
[GIN-debug] HEAD   /api/swagger/*filepath    --> github.com/gin-gonic/gin.(*RouterGroup).createStaticHandler.func1 (5 handlers)
[GIN-debug] GET    /api/docs                 --> github.com/mark3748/helpdesk-go/cmd/api.(*App).docsUI-fm (5 handlers)
[GIN-debug] GET    /api/openapi.yaml         --> github.com/mark3748/helpdesk-go/cmd/api.(*App).openapiSpec-fm (5 handlers)
[GIN-debug] POST   /api/webhooks/email-inbound --> github.com/mark3748/helpdesk-go/cmd/api.(*App).mountAPI.EmailInbound.func18 (5 handlers)
[GIN-debug] GET    /api/me                   --> github.com/mark3748/helpdesk-go/cmd/api/auth.Me (6 handlers)
[GIN-debug] GET    /api/me/profile           --> github.com/mark3748/helpdesk-go/cmd/api.(*App).getMyProfile-fm (6 handlers)
[GIN-debug] PATCH  /api/me/profile           --> github.com/mark3748/helpdesk-go/cmd/api.(*App).updateMyProfile-fm (6 handlers)
[GIN-debug] POST   /api/me/password          --> github.com/mark3748/helpdesk-go/cmd/api.(*App).changeMyPassword-fm (6 handlers)
[GIN-debug] GET    /api/events               --> github.com/mark3748/helpdesk-go/cmd/api.(*App).mountAPI.Events.func20 (6 handlers)
[GIN-debug] GET    /api/settings             --> github.com/mark3748/helpdesk-go/cmd/api/handlers.GetSettings (7 handlers)
[GIN-debug] GET    /api/features             --> github.com/mark3748/helpdesk-go/cmd/api.(*App).mountAPI.Features.func22 (6 handlers)
[GIN-debug] POST   /api/test-connection      --> github.com/mark3748/helpdesk-go/cmd/api/handlers.TestConnection (7 handlers)
[GIN-debug] POST   /api/settings/storage     --> github.com/mark3748/helpdesk-go/cmd/api/handlers.SaveStorageSettings (7 handlers)
[GIN-debug] POST   /api/settings/oidc        --> github.com/mark3748/helpdesk-go/cmd/api/handlers.SaveOIDCSettings (7 handlers)
[GIN-debug] POST   /api/settings/mail        --> github.com/mark3748/helpdesk-go/cmd/api/handlers.SaveMailSettings (7 handlers)
[GIN-debug] POST   /api/settings/mail/send-test --> github.com/mark3748/helpdesk-go/cmd/api/handlers.SendTestMail (7 handlers)
[GIN-debug] GET    /api/users/:id/roles      --> github.com/mark3748/helpdesk-go/cmd/api.(*App).mountAPI.ListUserRoles.func29 (7 handlers)
[GIN-debug] POST   /api/users/:id/roles      --> github.com/mark3748/helpdesk-go/cmd/api.(*App).mountAPI.AddUserRole.func31 (7 handlers)
[GIN-debug] DELETE /api/users/:id/roles/:role --> github.com/mark3748/helpdesk-go/cmd/api.(*App).mountAPI.RemoveUserRole.func33 (7 handlers)
[GIN-debug] GET    /api/users                --> github.com/mark3748/helpdesk-go/cmd/api.(*App).mountAPI.List.func35 (7 handlers)
[GIN-debug] GET    /api/users/:id            --> github.com/mark3748/helpdesk-go/cmd/api.(*App).mountAPI.Get.func37 (7 handlers)
[GIN-debug] POST   /api/users                --> github.com/mark3748/helpdesk-go/cmd/api.(*App).mountAPI.CreateLocal.func39 (7 handlers)
[GIN-debug] GET    /api/roles                --> github.com/mark3748/helpdesk-go/cmd/api.(*App).mountAPI.List.func41 (7 handlers)
[GIN-debug] GET    /api/requesters           --> github.com/mark3748/helpdesk-go/cmd/api.(*App).mountAPI.Search.func42 (6 handlers)
[GIN-debug] GET    /api/requesters/:id       --> github.com/mark3748/helpdesk-go/cmd/api.(*App).getRequester-fm (6 handlers)
[GIN-debug] POST   /api/requesters           --> github.com/mark3748/helpdesk-go/cmd/api.(*App).createRequester-fm (7 handlers)
[GIN-debug] PATCH  /api/requesters/:id       --> github.com/mark3748/helpdesk-go/cmd/api.(*App).updateRequester-fm (7 handlers)
[GIN-debug] GET    /api/teams                --> github.com/mark3748/helpdesk-go/cmd/api.(*App).mountAPI.List.func45 (6 handlers)
[GIN-debug] GET    /api/slas                 --> github.com/mark3748/helpdesk-go/cmd/api.(*App).mountAPI.List.func46 (6 handlers)
[GIN-debug] GET    /api/kb                   --> github.com/mark3748/helpdesk-go/cmd/api.(*App).mountAPI.Search.func47 (6 handlers)
[GIN-debug] GET    /api/kb/:slug             --> github.com/mark3748/helpdesk-go/cmd/api.(*App).mountAPI.Get.func48 (6 handlers)
[GIN-debug] POST   /api/kb                   --> github.com/mark3748/helpdesk-go/cmd/api.(*App).mountAPI.Create.func50 (7 handlers)
[GIN-debug] PUT    /api/kb/:slug             --> github.com/mark3748/helpdesk-go/cmd/api.(*App).mountAPI.Update.func52 (7 handlers)
[GIN-debug] DELETE /api/kb/:slug             --> github.com/mark3748/helpdesk-go/cmd/api.(*App).mountAPI.Delete.func54 (7 handlers)
[GIN-debug] GET    /api/tickets              --> github.com/mark3748/helpdesk-go/cmd/api.(*App).mountAPI.List.func55 (6 handlers)
[GIN-debug] POST   /api/tickets              --> github.com/mark3748/helpdesk-go/cmd/api.(*App).mountAPI.Create.func59 (6 handlers)
[GIN-debug] GET    /api/tickets/:id          --> github.com/mark3748/helpdesk-go/cmd/api.(*App).mountAPI.Get.func60 (6 handlers)
[GIN-debug] PATCH  /api/tickets/:id          --> github.com/mark3748/helpdesk-go/cmd/api.(*App).mountAPI.Update.func62 (7 handlers)
[GIN-debug] GET    /api/tickets/:id/comments --> github.com/mark3748/helpdesk-go/cmd/api.(*App).mountAPI.List.func63 (6 handlers)
[GIN-debug] POST   /api/tickets/:id/comments --> github.com/mark3748/helpdesk-go/cmd/api.(*App).mountAPI.Add.func64 (6 handlers)
[GIN-debug] GET    /api/tickets/:id/attachments --> github.com/mark3748/helpdesk-go/cmd/api.(*App).mountAPI.List.func65 (6 handlers)
[GIN-debug] POST   /api/tickets/:id/attachments/presign --> github.com/mark3748/helpdesk-go/cmd/api.(*App).mountAPI.Presign.func75 (6 handlers)
[GIN-debug] POST   /api/tickets/:id/attachments --> github.com/mark3748/helpdesk-go/cmd/api.(*App).mountAPI.Finalize.func76 (6 handlers)
[GIN-debug] GET    /api/tickets/:id/attachments/:attID --> github.com/mark3748/helpdesk-go/cmd/api.(*App).mountAPI.Get.func77 (6 handlers)
[GIN-debug] PUT    /api/attachments/upload/:objectKey --> github.com/mark3748/helpdesk-go/cmd/api.(*App).mountAPI.UploadObject.func78 (6 handlers)
[GIN-debug] DELETE /api/tickets/:id/attachments/:attID --> github.com/mark3748/helpdesk-go/cmd/api.(*App).mountAPI.Delete.func79 (6 handlers)
[GIN-debug] GET    /api/tickets/:id/watchers --> github.com/mark3748/helpdesk-go/cmd/api.(*App).mountAPI.List.func80 (6 handlers)
[GIN-debug] POST   /api/tickets/:id/watchers --> github.com/mark3748/helpdesk-go/cmd/api.(*App).mountAPI.Add.func81 (6 handlers)
[GIN-debug] DELETE /api/tickets/:id/watchers/:uid --> github.com/mark3748/helpdesk-go/cmd/api.(*App).mountAPI.Remove.func82 (6 handlers)
[GIN-debug] GET    /api/emails/outbound      --> github.com/mark3748/helpdesk-go/cmd/api.(*App).mountAPI.ListOutbound.func84 (7 handlers)
[GIN-debug] GET    /api/metrics/sla          --> github.com/mark3748/helpdesk-go/cmd/api.(*App).mountAPI.SLA.func86 (7 handlers)
[GIN-debug] GET    /api/metrics/resolution   --> github.com/mark3748/helpdesk-go/cmd/api.(*App).mountAPI.Resolution.func88 (7 handlers)
[GIN-debug] GET    /api/metrics/tickets      --> github.com/mark3748/helpdesk-go/cmd/api.(*App).mountAPI.TicketVolume.func90 (7 handlers)
[GIN-debug] GET    /api/metrics/dashboard    --> github.com/mark3748/helpdesk-go/cmd/api.(*App).mountAPI.Dashboard.func92 (7 handlers)
[GIN-debug] GET    /api/metrics/agent        --> github.com/mark3748/helpdesk-go/cmd/api.(*App).mountAPI.Agent.func94 (7 handlers)
[GIN-debug] GET    /api/metrics/manager      --> github.com/mark3748/helpdesk-go/cmd/api.(*App).mountAPI.Manager.func96 (7 handlers)
[GIN-debug] POST   /api/exports/tickets      --> github.com/mark3748/helpdesk-go/cmd/api.(*App).exportTicketsBridge-fm (7 handlers)
[GIN-debug] GET    /api/exports/tickets/:job_id --> github.com/mark3748/helpdesk-go/cmd/api.(*App).exportTicketsStatus-fm (7 handlers)
[GIN-debug] GET    /api/webhooks             --> github.com/mark3748/helpdesk-go/cmd/api.(*App).mountAPI.List.func100 (7 handlers)
[GIN-debug] POST   /api/webhooks             --> github.com/mark3748/helpdesk-go/cmd/api.(*App).mountAPI.Create.func102 (7 handlers)
[GIN-debug] DELETE /api/webhooks/:id         --> github.com/mark3748/helpdesk-go/cmd/api.(*App).mountAPI.Delete.func104 (7 handlers)
[GIN-debug] GET    /api/asset-categories     --> github.com/mark3748/helpdesk-go/cmd/api.(*App).mountAPI.ListCategories.func105 (6 handlers)
[GIN-debug] POST   /api/asset-categories     --> github.com/mark3748/helpdesk-go/cmd/api.(*App).mountAPI.CreateCategory.func107 (7 handlers)
[GIN-debug] GET    /api/asset-categories/:id --> github.com/mark3748/helpdesk-go/cmd/api.(*App).mountAPI.GetCategory.func108 (6 handlers)
[GIN-debug] GET    /api/assets               --> github.com/mark3748/helpdesk-go/cmd/api.(*App).mountAPI.ListAssets.func109 (6 handlers)
[GIN-debug] POST   /api/assets               --> github.com/mark3748/helpdesk-go/cmd/api.(*App).mountAPI.CreateAsset.func111 (7 handlers)
[GIN-debug] GET    /api/assets/:id           --> github.com/mark3748/helpdesk-go/cmd/api.(*App).mountAPI.GetAsset.func112 (6 handlers)
[GIN-debug] PATCH  /api/assets/:id           --> github.com/mark3748/helpdesk-go/cmd/api.(*App).mountAPI.UpdateAsset.func114 (7 handlers)
[GIN-debug] DELETE /api/assets/:id           --> github.com/mark3748/helpdesk-go/cmd/api.(*App).mountAPI.DeleteAsset.func116 (7 handlers)
[GIN-debug] POST   /api/assets/:id/assign    --> github.com/mark3748/helpdesk-go/cmd/api.(*App).mountAPI.AssignAsset.func118 (7 handlers)
[GIN-debug] GET    /api/assets/:id/history   --> github.com/mark3748/helpdesk-go/cmd/api.(*App).mountAPI.GetAssetHistory.func119 (6 handlers)
[GIN-debug] GET    /api/assets/:id/assignments --> github.com/mark3748/helpdesk-go/cmd/api.(*App).mountAPI.GetAssetAssignments.func120 (6 handlers)
[GIN-debug] GET    /api/assets/:id/attachments --> github.com/mark3748/helpdesk-go/cmd/api.(*App).mountAPI.ListAttachments.func121 (6 handlers)
[GIN-debug] POST   /api/assets/:id/attachments/presign --> github.com/mark3748/helpdesk-go/cmd/api.(*App).mountAPI.PresignAssetUpload.func123 (7 handlers)
[GIN-debug] POST   /api/assets/:id/attachments --> github.com/mark3748/helpdesk-go/cmd/api.(*App).mountAPI.FinalizeAssetAttachment.func125 (7 handlers)
[GIN-debug] GET    /api/assets/:id/attachments/:attachmentID --> github.com/mark3748/helpdesk-go/cmd/api.(*App).mountAPI.GetAssetAttachment.func126 (6 handlers)
[GIN-debug] DELETE /api/assets/:id/attachments/:attachmentID --> github.com/mark3748/helpdesk-go/cmd/api.(*App).mountAPI.DeleteAssetAttachment.func128 (7 handlers)
[GIN-debug] PUT    /api/assets/attachments/upload/:objectKey --> github.com/mark3748/helpdesk-go/cmd/api.(*App).mountAPI.UploadAssetObject.func129 (6 handlers)
[GIN-debug] POST   /api/assets/:id/status-change --> github.com/mark3748/helpdesk-go/cmd/api.(*App).mountAPI.RequestStatusChange.func131 (7 handlers)
[GIN-debug] POST   /api/workflows/:id/approve --> github.com/mark3748/helpdesk-go/cmd/api.(*App).mountAPI.ApproveWorkflow.func133 (7 handlers)
[GIN-debug] POST   /api/workflows/:id/reject --> github.com/mark3748/helpdesk-go/cmd/api.(*App).mountAPI.RejectWorkflow.func135 (7 handlers)
[GIN-debug] POST   /api/assets/:id/checkout  --> github.com/mark3748/helpdesk-go/cmd/api.(*App).mountAPI.CheckoutAsset.func137 (7 handlers)
[GIN-debug] POST   /api/assets/checkin       --> github.com/mark3748/helpdesk-go/cmd/api.(*App).mountAPI.CheckinAsset.func139 (7 handlers)
[GIN-debug] GET    /api/assets/checkouts/active --> github.com/mark3748/helpdesk-go/cmd/api.(*App).mountAPI.GetActiveCheckouts.func140 (6 handlers)
[GIN-debug] GET    /api/assets/checkouts/overdue --> github.com/mark3748/helpdesk-go/cmd/api.(*App).mountAPI.GetOverdueCheckouts.func141 (6 handlers)
[GIN-debug] POST   /api/assets/:id/relationships --> github.com/mark3748/helpdesk-go/cmd/api.(*App).mountAPI.CreateRelationship.func143 (7 handlers)
[GIN-debug] GET    /api/assets/:id/relationships/graph --> github.com/mark3748/helpdesk-go/cmd/api.(*App).mountAPI.GetRelationshipGraph.func144 (6 handlers)
[GIN-debug] GET    /api/assets/:id/impact-analysis --> github.com/mark3748/helpdesk-go/cmd/api.(*App).mountAPI.GetAssetImpactAnalysis.func145 (6 handlers)
[GIN-debug] POST   /api/assets/bulk/update   --> github.com/mark3748/helpdesk-go/cmd/api.(*App).mountAPI.BulkUpdateAssets.func147 (7 handlers)
[GIN-debug] POST   /api/assets/bulk/assign   --> github.com/mark3748/helpdesk-go/cmd/api.(*App).mountAPI.BulkAssignAssets.func149 (7 handlers)
[GIN-debug] GET    /api/assets/bulk/operations/:id --> github.com/mark3748/helpdesk-go/cmd/api.(*App).mountAPI.GetBulkOperation.func150 (6 handlers)
[GIN-debug] POST   /api/assets/import/preview --> github.com/mark3748/helpdesk-go/cmd/api.(*App).mountAPI.ImportAssetsPreview.func152 (7 handlers)
[GIN-debug] POST   /api/assets/import        --> github.com/mark3748/helpdesk-go/cmd/api.(*App).mountAPI.ImportAssets.func154 (7 handlers)
[GIN-debug] POST   /api/assets/export        --> github.com/mark3748/helpdesk-go/cmd/api.(*App).mountAPI.ExportAssets.func156 (7 handlers)
[GIN-debug] GET    /api/assets/:id/audit     --> github.com/mark3748/helpdesk-go/cmd/api.(*App).mountAPI.GetAuditHistory.func157 (6 handlers)
[GIN-debug] GET    /api/assets/audit/summary --> github.com/mark3748/helpdesk-go/cmd/api.(*App).mountAPI.GetAuditSummary.func159 (7 handlers)
[GIN-debug] GET    /api/assets/analytics     --> github.com/mark3748/helpdesk-go/cmd/api.(*App).mountAPI.GetAssetAnalytics.func161 (7 handlers)
[GIN-debug] GET    /api/problems             --> github.com/mark3748/helpdesk-go/cmd/api.(*App).mountAPI.List.func162 (6 handlers)
[GIN-debug] POST   /api/problems             --> github.com/mark3748/helpdesk-go/cmd/api.(*App).mountAPI.Create.func163 (6 handlers)
[GIN-debug] GET    /api/problems/:id         --> github.com/mark3748/helpdesk-go/cmd/api.(*App).mountAPI.Get.func164 (6 handlers)
[GIN-debug] PUT    /api/problems/:id         --> github.com/mark3748/helpdesk-go/cmd/api.(*App).mountAPI.Update.func165 (6 handlers)
[GIN-debug] DELETE /api/problems/:id         --> github.com/mark3748/helpdesk-go/cmd/api.(*App).mountAPI.Delete.func166 (6 handlers)
[GIN-debug] GET    /api/changes              --> github.com/mark3748/helpdesk-go/cmd/api.(*App).mountAPI.List.func167 (6 handlers)
[GIN-debug] POST   /api/changes              --> github.com/mark3748/helpdesk-go/cmd/api.(*App).mountAPI.Create.func168 (6 handlers)
[GIN-debug] GET    /api/changes/:id          --> github.com/mark3748/helpdesk-go/cmd/api.(*App).mountAPI.Get.func169 (6 handlers)
[GIN-debug] PUT    /api/changes/:id          --> github.com/mark3748/helpdesk-go/cmd/api.(*App).mountAPI.Update.func170 (6 handlers)
[GIN-debug] DELETE /api/changes/:id          --> github.com/mark3748/helpdesk-go/cmd/api.(*App).mountAPI.Delete.func171 (6 handlers)
[GIN-debug] GET    /api/releases             --> github.com/mark3748/helpdesk-go/cmd/api.(*App).mountAPI.List.func172 (6 handlers)
[GIN-debug] POST   /api/releases             --> github.com/mark3748/helpdesk-go/cmd/api.(*App).mountAPI.Create.func173 (6 handlers)
[GIN-debug] GET    /api/releases/:id         --> github.com/mark3748/helpdesk-go/cmd/api.(*App).mountAPI.Get.func174 (6 handlers)
[GIN-debug] PUT    /api/releases/:id         --> github.com/mark3748/helpdesk-go/cmd/api.(*App).mountAPI.Update.func175 (6 handlers)
[GIN-debug] DELETE /api/releases/:id         --> github.com/mark3748/helpdesk-go/cmd/api.(*App).mountAPI.Delete.func176 (6 handlers)
{"level":"info","request_id":"31836b4f-d05e-4f18-abda-63a955dd5ba4","method":"GET","path":"/tickets","status":200,"duration":0.022393,"time":"2025-12-20T00:53:51-07:00","message":"request"}
[GIN-debug] [WARNING] Running in "debug" mode. Switch to "release" mode in production.
 - using env:	export GIN_MODE=release
 - using code:	gin.SetMode(gin.ReleaseMode)

[GIN-debug] GET    /livez                    --> github.com/mark3748/helpdesk-go/cmd/api.(*App).mountAPI.func1 (5 handlers)
[GIN-debug] GET    /readyz                   --> github.com/mark3748/helpdesk-go/cmd/api.(*App).readyz-fm (5 handlers)
[GIN-debug] GET    /healthz                  --> github.com/mark3748/helpdesk-go/cmd/api.(*App).mountAPI.func2 (5 handlers)
[GIN-debug] GET    /csat/:token              --> github.com/mark3748/helpdesk-go/cmd/api.(*App).csatForm-fm (5 handlers)
[GIN-debug] POST   /csat/:token              --> github.com/mark3748/helpdesk-go/cmd/api.(*App).submitCSAT-fm (5 handlers)
[GIN-debug] GET    /metrics                  --> github.com/mark3748/helpdesk-go/cmd/api.(*App).mountAPI.WrapH.func9 (5 handlers)
[GIN-debug] GET    /swagger/*filepath        --> github.com/gin-gonic/gin.(*RouterGroup).createStaticHandler.func1 (5 handlers)
[GIN-debug] HEAD   /swagger/*filepath        --> github.com/gin-gonic/gin.(*RouterGroup).createStaticHandler.func1 (5 handlers)
[GIN-debug] GET    /docs                     --> github.com/mark3748/helpdesk-go/cmd/api.(*App).docsUI-fm (5 handlers)
[GIN-debug] GET    /openapi.yaml             --> github.com/mark3748/helpdesk-go/cmd/api.(*App).openapiSpec-fm (5 handlers)
[GIN-debug] POST   /webhooks/email-inbound   --> github.com/mark3748/helpdesk-go/cmd/api.(*App).mountAPI.EmailInbound.func18 (5 handlers)
[GIN-debug] GET    /me                       --> github.com/mark3748/helpdesk-go/cmd/api/auth.Me (6 handlers)
[GIN-debug] GET    /me/profile               --> github.com/mark3748/helpdesk-go/cmd/api.(*App).getMyProfile-fm (6 handlers)
[GIN-debug] PATCH  /me/profile               --> github.com/mark3748/helpdesk-go/cmd/api.(*App).updateMyProfile-fm (6 handlers)
[GIN-debug] POST   /me/password              --> github.com/mark3748/helpdesk-go/cmd/api.(*App).changeMyPassword-fm (6 handlers)
[GIN-debug] GET    /events                   --> github.com/mark3748/helpdesk-go/cmd/api.(*App).mountAPI.Events.func20 (6 handlers)
[GIN-debug] GET    /settings                 --> github.com/mark3748/helpdesk-go/cmd/api/handlers.GetSettings (7 handlers)
[GIN-debug] GET    /features                 --> github.com/mark3748/helpdesk-go/cmd/api.(*App).mountAPI.Features.func22 (6 handlers)
[GIN-debug] POST   /test-connection          --> github.com/mark3748/helpdesk-go/cmd/api/handlers.TestConnection (7 handlers)
[GIN-debug] POST   /settings/storage         --> github.com/mark3748/helpdesk-go/cmd/api/handlers.SaveStorageSettings (7 handlers)
[GIN-debug] POST   /settings/oidc            --> github.com/mark3748/helpdesk-go/cmd/api/handlers.SaveOIDCSettings (7 handlers)
[GIN-debug] POST   /settings/mail            --> github.com/mark3748/helpdesk-go/cmd/api/handlers.SaveMailSettings (7 handlers)
[GIN-debug] POST   /settings/mail/send-test  --> github.com/mark3748/helpdesk-go/cmd/api/handlers.SendTestMail (7 handlers)
[GIN-debug] GET    /users/:id/roles          --> github.com/mark3748/helpdesk-go/cmd/api.(*App).mountAPI.ListUserRoles.func29 (7 handlers)
[GIN-debug] POST   /users/:id/roles          --> github.com/mark3748/helpdesk-go/cmd/api.(*App).mountAPI.AddUserRole.func31 (7 handlers)
[GIN-debug] DELETE /users/:id/roles/:role    --> github.com/mark3748/helpdesk-go/cmd/api.(*App).mountAPI.RemoveUserRole.func33 (7 handlers)
[GIN-debug] GET    /users                    --> github.com/mark3748/helpdesk-go/cmd/api.(*App).mountAPI.List.func35 (7 handlers)
[GIN-debug] GET    /users/:id                --> github.com/mark3748/helpdesk-go/cmd/api.(*App).mountAPI.Get.func37 (7 handlers)
[GIN-debug] POST   /users                    --> github.com/mark3748/helpdesk-go/cmd/api.(*App).mountAPI.CreateLocal.func39 (7 handlers)
[GIN-debug] GET    /roles                    --> github.com/mark3748/helpdesk-go/cmd/api.(*App).mountAPI.List.func41 (7 handlers)
[GIN-debug] GET    /requesters               --> github.com/mark3748/helpdesk-go/cmd/api.(*App).mountAPI.Search.func42 (6 handlers)
[GIN-debug] GET    /requesters/:id           --> github.com/mark3748/helpdesk-go/cmd/api.(*App).getRequester-fm (6 handlers)
[GIN-debug] POST   /requesters               --> github.com/mark3748/helpdesk-go/cmd/api.(*App).createRequester-fm (7 handlers)
[GIN-debug] PATCH  /requesters/:id           --> github.com/mark3748/helpdesk-go/cmd/api.(*App).updateRequester-fm (7 handlers)
[GIN-debug] GET    /teams                    --> github.com/mark3748/helpdesk-go/cmd/api.(*App).mountAPI.List.func45 (6 handlers)
[GIN-debug] GET    /slas                     --> github.com/mark3748/helpdesk-go/cmd/api.(*App).mountAPI.List.func46 (6 handlers)
[GIN-debug] GET    /kb                       --> github.com/mark3748/helpdesk-go/cmd/api.(*App).mountAPI.Search.func47 (6 handlers)
[GIN-debug] GET    /kb/:slug                 --> github.com/mark3748/helpdesk-go/cmd/api.(*App).mountAPI.Get.func48 (6 handlers)
[GIN-debug] POST   /kb                       --> github.com/mark3748/helpdesk-go/cmd/api.(*App).mountAPI.Create.func50 (7 handlers)
[GIN-debug] PUT    /kb/:slug                 --> github.com/mark3748/helpdesk-go/cmd/api.(*App).mountAPI.Update.func52 (7 handlers)
[GIN-debug] DELETE /kb/:slug                 --> github.com/mark3748/helpdesk-go/cmd/api.(*App).mountAPI.Delete.func54 (7 handlers)
[GIN-debug] GET    /tickets                  --> github.com/mark3748/helpdesk-go/cmd/api.(*App).mountAPI.List.func55 (6 handlers)
[GIN-debug] POST   /tickets                  --> github.com/mark3748/helpdesk-go/cmd/api.(*App).mountAPI.Create.func59 (6 handlers)
[GIN-debug] GET    /tickets/:id              --> github.com/mark3748/helpdesk-go/cmd/api.(*App).mountAPI.Get.func60 (6 handlers)
[GIN-debug] PATCH  /tickets/:id              --> github.com/mark3748/helpdesk-go/cmd/api.(*App).mountAPI.Update.func62 (7 handlers)
[GIN-debug] GET    /tickets/:id/comments     --> github.com/mark3748/helpdesk-go/cmd/api.(*App).mountAPI.List.func63 (6 handlers)
[GIN-debug] POST   /tickets/:id/comments     --> github.com/mark3748/helpdesk-go/cmd/api.(*App).mountAPI.Add.func64 (6 handlers)
[GIN-debug] GET    /tickets/:id/attachments  --> github.com/mark3748/helpdesk-go/cmd/api.(*App).mountAPI.List.func65 (6 handlers)
[GIN-debug] POST   /tickets/:id/attachments/presign --> github.com/mark3748/helpdesk-go/cmd/api.(*App).mountAPI.Presign.func75 (6 handlers)
[GIN-debug] POST   /tickets/:id/attachments  --> github.com/mark3748/helpdesk-go/cmd/api.(*App).mountAPI.Finalize.func76 (6 handlers)
[GIN-debug] GET    /tickets/:id/attachments/:attID --> github.com/mark3748/helpdesk-go/cmd/api.(*App).mountAPI.Get.func77 (6 handlers)
[GIN-debug] PUT    /attachments/upload/:objectKey --> github.com/mark3748/helpdesk-go/cmd/api.(*App).mountAPI.UploadObject.func78 (6 handlers)
[GIN-debug] DELETE /tickets/:id/attachments/:attID --> github.com/mark3748/helpdesk-go/cmd/api.(*App).mountAPI.Delete.func79 (6 handlers)
[GIN-debug] GET    /tickets/:id/watchers     --> github.com/mark3748/helpdesk-go/cmd/api.(*App).mountAPI.List.func80 (6 handlers)
[GIN-debug] POST   /tickets/:id/watchers     --> github.com/mark3748/helpdesk-go/cmd/api.(*App).mountAPI.Add.func81 (6 handlers)
[GIN-debug] DELETE /tickets/:id/watchers/:uid --> github.com/mark3748/helpdesk-go/cmd/api.(*App).mountAPI.Remove.func82 (6 handlers)
[GIN-debug] GET    /emails/outbound          --> github.com/mark3748/helpdesk-go/cmd/api.(*App).mountAPI.ListOutbound.func84 (7 handlers)
[GIN-debug] GET    /metrics/sla              --> github.com/mark3748/helpdesk-go/cmd/api.(*App).mountAPI.SLA.func86 (7 handlers)
[GIN-debug] GET    /metrics/resolution       --> github.com/mark3748/helpdesk-go/cmd/api.(*App).mountAPI.Resolution.func88 (7 handlers)
[GIN-debug] GET    /metrics/tickets          --> github.com/mark3748/helpdesk-go/cmd/api.(*App).mountAPI.TicketVolume.func90 (7 handlers)
[GIN-debug] GET    /metrics/dashboard        --> github.com/mark3748/helpdesk-go/cmd/api.(*App).mountAPI.Dashboard.func92 (7 handlers)
[GIN-debug] GET    /metrics/agent            --> github.com/mark3748/helpdesk-go/cmd/api.(*App).mountAPI.Agent.func94 (7 handlers)
[GIN-debug] GET    /metrics/manager          --> github.com/mark3748/helpdesk-go/cmd/api.(*App).mountAPI.Manager.func96 (7 handlers)
[GIN-debug] POST   /exports/tickets          --> github.com/mark3748/helpdesk-go/cmd/api.(*App).exportTicketsBridge-fm (7 handlers)
[GIN-debug] GET    /exports/tickets/:job_id  --> github.com/mark3748/helpdesk-go/cmd/api.(*App).exportTicketsStatus-fm (7 handlers)
[GIN-debug] GET    /webhooks                 --> github.com/mark3748/helpdesk-go/cmd/api.(*App).mountAPI.List.func100 (7 handlers)
[GIN-debug] POST   /webhooks                 --> github.com/mark3748/helpdesk-go/cmd/api.(*App).mountAPI.Create.func102 (7 handlers)
[GIN-debug] DELETE /webhooks/:id             --> github.com/mark3748/helpdesk-go/cmd/api.(*App).mountAPI.Delete.func104 (7 handlers)
[GIN-debug] GET    /asset-categories         --> github.com/mark3748/helpdesk-go/cmd/api.(*App).mountAPI.ListCategories.func105 (6 handlers)
[GIN-debug] POST   /asset-categories         --> github.com/mark3748/helpdesk-go/cmd/api.(*App).mountAPI.CreateCategory.func107 (7 handlers)
[GIN-debug] GET    /asset-categories/:id     --> github.com/mark3748/helpdesk-go/cmd/api.(*App).mountAPI.GetCategory.func108 (6 handlers)
[GIN-debug] GET    /assets                   --> github.com/mark3748/helpdesk-go/cmd/api.(*App).mountAPI.ListAssets.func109 (6 handlers)
[GIN-debug] POST   /assets                   --> github.com/mark3748/helpdesk-go/cmd/api.(*App).mountAPI.CreateAsset.func111 (7 handlers)
[GIN-debug] GET    /assets/:id               --> github.com/mark3748/helpdesk-go/cmd/api.(*App).mountAPI.GetAsset.func112 (6 handlers)
[GIN-debug] PATCH  /assets/:id               --> github.com/mark3748/helpdesk-go/cmd/api.(*App).mountAPI.UpdateAsset.func114 (7 handlers)
[GIN-debug] DELETE /assets/:id               --> github.com/mark3748/helpdesk-go/cmd/api.(*App).mountAPI.DeleteAsset.func116 (7 handlers)
[GIN-debug] POST   /assets/:id/assign        --> github.com/mark3748/helpdesk-go/cmd/api.(*App).mountAPI.AssignAsset.func118 (7 handlers)
[GIN-debug] GET    /assets/:id/history       --> github.com/mark3748/helpdesk-go/cmd/api.(*App).mountAPI.GetAssetHistory.func119 (6 handlers)
[GIN-debug] GET    /assets/:id/assignments   --> github.com/mark3748/helpdesk-go/cmd/api.(*App).mountAPI.GetAssetAssignments.func120 (6 handlers)
[GIN-debug] GET    /assets/:id/attachments   --> github.com/mark3748/helpdesk-go/cmd/api.(*App).mountAPI.ListAttachments.func121 (6 handlers)
[GIN-debug] POST   /assets/:id/attachments/presign --> github.com/mark3748/helpdesk-go/cmd/api.(*App).mountAPI.PresignAssetUpload.func123 (7 handlers)
[GIN-debug] POST   /assets/:id/attachments   --> github.com/mark3748/helpdesk-go/cmd/api.(*App).mountAPI.FinalizeAssetAttachment.func125 (7 handlers)
[GIN-debug] GET    /assets/:id/attachments/:attachmentID --> github.com/mark3748/helpdesk-go/cmd/api.(*App).mountAPI.GetAssetAttachment.func126 (6 handlers)
[GIN-debug] DELETE /assets/:id/attachments/:attachmentID --> github.com/mark3748/helpdesk-go/cmd/api.(*App).mountAPI.DeleteAssetAttachment.func128 (7 handlers)
[GIN-debug] PUT    /assets/attachments/upload/:objectKey --> github.com/mark3748/helpdesk-go/cmd/api.(*App).mountAPI.UploadAssetObject.func129 (6 handlers)
[GIN-debug] POST   /assets/:id/status-change --> github.com/mark3748/helpdesk-go/cmd/api.(*App).mountAPI.RequestStatusChange.func131 (7 handlers)
[GIN-debug] POST   /workflows/:id/approve    --> github.com/mark3748/helpdesk-go/cmd/api.(*App).mountAPI.ApproveWorkflow.func133 (7 handlers)
[GIN-debug] POST   /workflows/:id/reject     --> github.com/mark3748/helpdesk-go/cmd/api.(*App).mountAPI.RejectWorkflow.func135 (7 handlers)
[GIN-debug] POST   /assets/:id/checkout      --> github.com/mark3748/helpdesk-go/cmd/api.(*App).mountAPI.CheckoutAsset.func137 (7 handlers)
[GIN-debug] POST   /assets/checkin           --> github.com/mark3748/helpdesk-go/cmd/api.(*App).mountAPI.CheckinAsset.func139 (7 handlers)
[GIN-debug] GET    /assets/checkouts/active  --> github.com/mark3748/helpdesk-go/cmd/api.(*App).mountAPI.GetActiveCheckouts.func140 (6 handlers)
[GIN-debug] GET    /assets/checkouts/overdue --> github.com/mark3748/helpdesk-go/cmd/api.(*App).mountAPI.GetOverdueCheckouts.func141 (6 handlers)
[GIN-debug] POST   /assets/:id/relationships --> github.com/mark3748/helpdesk-go/cmd/api.(*App).mountAPI.CreateRelationship.func143 (7 handlers)
[GIN-debug] GET    /assets/:id/relationships/graph --> github.com/mark3748/helpdesk-go/cmd/api.(*App).mountAPI.GetRelationshipGraph.func144 (6 handlers)
[GIN-debug] GET    /assets/:id/impact-analysis --> github.com/mark3748/helpdesk-go/cmd/api.(*App).mountAPI.GetAssetImpactAnalysis.func145 (6 handlers)
[GIN-debug] POST   /assets/bulk/update       --> github.com/mark3748/helpdesk-go/cmd/api.(*App).mountAPI.BulkUpdateAssets.func147 (7 handlers)
[GIN-debug] POST   /assets/bulk/assign       --> github.com/mark3748/helpdesk-go/cmd/api.(*App).mountAPI.BulkAssignAssets.func149 (7 handlers)
[GIN-debug] GET    /assets/bulk/operations/:id --> github.com/mark3748/helpdesk-go/cmd/api.(*App).mountAPI.GetBulkOperation.func150 (6 handlers)
[GIN-debug] POST   /assets/import/preview    --> github.com/mark3748/helpdesk-go/cmd/api.(*App).mountAPI.ImportAssetsPreview.func152 (7 handlers)
[GIN-debug] POST   /assets/import            --> github.com/mark3748/helpdesk-go/cmd/api.(*App).mountAPI.ImportAssets.func154 (7 handlers)
[GIN-debug] POST   /assets/export            --> github.com/mark3748/helpdesk-go/cmd/api.(*App).mountAPI.ExportAssets.func156 (7 handlers)
[GIN-debug] GET    /assets/:id/audit         --> github.com/mark3748/helpdesk-go/cmd/api.(*App).mountAPI.GetAuditHistory.func157 (6 handlers)
[GIN-debug] GET    /assets/audit/summary     --> github.com/mark3748/helpdesk-go/cmd/api.(*App).mountAPI.GetAuditSummary.func159 (7 handlers)
[GIN-debug] GET    /assets/analytics         --> github.com/mark3748/helpdesk-go/cmd/api.(*App).mountAPI.GetAssetAnalytics.func161 (7 handlers)
[GIN-debug] GET    /problems                 --> github.com/mark3748/helpdesk-go/cmd/api.(*App).mountAPI.List.func162 (6 handlers)
[GIN-debug] POST   /problems                 --> github.com/mark3748/helpdesk-go/cmd/api.(*App).mountAPI.Create.func163 (6 handlers)
[GIN-debug] GET    /problems/:id             --> github.com/mark3748/helpdesk-go/cmd/api.(*App).mountAPI.Get.func164 (6 handlers)
[GIN-debug] PUT    /problems/:id             --> github.com/mark3748/helpdesk-go/cmd/api.(*App).mountAPI.Update.func165 (6 handlers)
[GIN-debug] DELETE /problems/:id             --> github.com/mark3748/helpdesk-go/cmd/api.(*App).mountAPI.Delete.func166 (6 handlers)
[GIN-debug] GET    /changes                  --> github.com/mark3748/helpdesk-go/cmd/api.(*App).mountAPI.List.func167 (6 handlers)
[GIN-debug] POST   /changes                  --> github.com/mark3748/helpdesk-go/cmd/api.(*App).mountAPI.Create.func168 (6 handlers)
[GIN-debug] GET    /changes/:id              --> github.com/mark3748/helpdesk-go/cmd/api.(*App).mountAPI.Get.func169 (6 handlers)
[GIN-debug] PUT    /changes/:id              --> github.com/mark3748/helpdesk-go/cmd/api.(*App).mountAPI.Update.func170 (6 handlers)
[GIN-debug] DELETE /changes/:id              --> github.com/mark3748/helpdesk-go/cmd/api.(*App).mountAPI.Delete.func171 (6 handlers)
[GIN-debug] GET    /releases                 --> github.com/mark3748/helpdesk-go/cmd/api.(*App).mountAPI.List.func172 (6 handlers)
[GIN-debug] POST   /releases                 --> github.com/mark3748/helpdesk-go/cmd/api.(*App).mountAPI.Create.func173 (6 handlers)
[GIN-debug] GET    /releases/:id             --> github.com/mark3748/helpdesk-go/cmd/api.(*App).mountAPI.Get.func174 (6 handlers)
[GIN-debug] PUT    /releases/:id             --> github.com/mark3748/helpdesk-go/cmd/api.(*App).mountAPI.Update.func175 (6 handlers)
[GIN-debug] DELETE /releases/:id             --> github.com/mark3748/helpdesk-go/cmd/api.(*App).mountAPI.Delete.func176 (6 handlers)
[GIN-debug] GET    /api/livez                --> github.com/mark3748/helpdesk-go/cmd/api.(*App).mountAPI.func1 (5 handlers)
[GIN-debug] GET    /api/readyz               --> github.com/mark3748/helpdesk-go/cmd/api.(*App).readyz-fm (5 handlers)
[GIN-debug] GET    /api/healthz              --> github.com/mark3748/helpdesk-go/cmd/api.(*App).mountAPI.func2 (5 handlers)
[GIN-debug] GET    /api/csat/:token          --> github.com/mark3748/helpdesk-go/cmd/api.(*App).csatForm-fm (5 handlers)
[GIN-debug] POST   /api/csat/:token          --> github.com/mark3748/helpdesk-go/cmd/api.(*App).submitCSAT-fm (5 handlers)
[GIN-debug] GET    /api/metrics              --> github.com/mark3748/helpdesk-go/cmd/api.(*App).mountAPI.WrapH.func9 (5 handlers)
[GIN-debug] GET    /api/swagger/*filepath    --> github.com/gin-gonic/gin.(*RouterGroup).createStaticHandler.func1 (5 handlers)
[GIN-debug] HEAD   /api/swagger/*filepath    --> github.com/gin-gonic/gin.(*RouterGroup).createStaticHandler.func1 (5 handlers)
[GIN-debug] GET    /api/docs                 --> github.com/mark3748/helpdesk-go/cmd/api.(*App).docsUI-fm (5 handlers)
[GIN-debug] GET    /api/openapi.yaml         --> github.com/mark3748/helpdesk-go/cmd/api.(*App).openapiSpec-fm (5 handlers)
[GIN-debug] POST   /api/webhooks/email-inbound --> github.com/mark3748/helpdesk-go/cmd/api.(*App).mountAPI.EmailInbound.func18 (5 handlers)
[GIN-debug] GET    /api/me                   --> github.com/mark3748/helpdesk-go/cmd/api/auth.Me (6 handlers)
[GIN-debug] GET    /api/me/profile           --> github.com/mark3748/helpdesk-go/cmd/api.(*App).getMyProfile-fm (6 handlers)
[GIN-debug] PATCH  /api/me/profile           --> github.com/mark3748/helpdesk-go/cmd/api.(*App).updateMyProfile-fm (6 handlers)
[GIN-debug] POST   /api/me/password          --> github.com/mark3748/helpdesk-go/cmd/api.(*App).changeMyPassword-fm (6 handlers)
[GIN-debug] GET    /api/events               --> github.com/mark3748/helpdesk-go/cmd/api.(*App).mountAPI.Events.func20 (6 handlers)
[GIN-debug] GET    /api/settings             --> github.com/mark3748/helpdesk-go/cmd/api/handlers.GetSettings (7 handlers)
[GIN-debug] GET    /api/features             --> github.com/mark3748/helpdesk-go/cmd/api.(*App).mountAPI.Features.func22 (6 handlers)
[GIN-debug] POST   /api/test-connection      --> github.com/mark3748/helpdesk-go/cmd/api/handlers.TestConnection (7 handlers)
[GIN-debug] POST   /api/settings/storage     --> github.com/mark3748/helpdesk-go/cmd/api/handlers.SaveStorageSettings (7 handlers)
[GIN-debug] POST   /api/settings/oidc        --> github.com/mark3748/helpdesk-go/cmd/api/handlers.SaveOIDCSettings (7 handlers)
[GIN-debug] POST   /api/settings/mail        --> github.com/mark3748/helpdesk-go/cmd/api/handlers.SaveMailSettings (7 handlers)
[GIN-debug] POST   /api/settings/mail/send-test --> github.com/mark3748/helpdesk-go/cmd/api/handlers.SendTestMail (7 handlers)
[GIN-debug] GET    /api/users/:id/roles      --> github.com/mark3748/helpdesk-go/cmd/api.(*App).mountAPI.ListUserRoles.func29 (7 handlers)
[GIN-debug] POST   /api/users/:id/roles      --> github.com/mark3748/helpdesk-go/cmd/api.(*App).mountAPI.AddUserRole.func31 (7 handlers)
[GIN-debug] DELETE /api/users/:id/roles/:role --> github.com/mark3748/helpdesk-go/cmd/api.(*App).mountAPI.RemoveUserRole.func33 (7 handlers)
[GIN-debug] GET    /api/users                --> github.com/mark3748/helpdesk-go/cmd/api.(*App).mountAPI.List.func35 (7 handlers)
[GIN-debug] GET    /api/users/:id            --> github.com/mark3748/helpdesk-go/cmd/api.(*App).mountAPI.Get.func37 (7 handlers)
[GIN-debug] POST   /api/users                --> github.com/mark3748/helpdesk-go/cmd/api.(*App).mountAPI.CreateLocal.func39 (7 handlers)
[GIN-debug] GET    /api/roles                --> github.com/mark3748/helpdesk-go/cmd/api.(*App).mountAPI.List.func41 (7 handlers)
[GIN-debug] GET    /api/requesters           --> github.com/mark3748/helpdesk-go/cmd/api.(*App).mountAPI.Search.func42 (6 handlers)
[GIN-debug] GET    /api/requesters/:id       --> github.com/mark3748/helpdesk-go/cmd/api.(*App).getRequester-fm (6 handlers)
[GIN-debug] POST   /api/requesters           --> github.com/mark3748/helpdesk-go/cmd/api.(*App).createRequester-fm (7 handlers)
[GIN-debug] PATCH  /api/requesters/:id       --> github.com/mark3748/helpdesk-go/cmd/api.(*App).updateRequester-fm (7 handlers)
[GIN-debug] GET    /api/teams                --> github.com/mark3748/helpdesk-go/cmd/api.(*App).mountAPI.List.func45 (6 handlers)
[GIN-debug] GET    /api/slas                 --> github.com/mark3748/helpdesk-go/cmd/api.(*App).mountAPI.List.func46 (6 handlers)
[GIN-debug] GET    /api/kb                   --> github.com/mark3748/helpdesk-go/cmd/api.(*App).mountAPI.Search.func47 (6 handlers)
[GIN-debug] GET    /api/kb/:slug             --> github.com/mark3748/helpdesk-go/cmd/api.(*App).mountAPI.Get.func48 (6 handlers)
[GIN-debug] POST   /api/kb                   --> github.com/mark3748/helpdesk-go/cmd/api.(*App).mountAPI.Create.func50 (7 handlers)
[GIN-debug] PUT    /api/kb/:slug             --> github.com/mark3748/helpdesk-go/cmd/api.(*App).mountAPI.Update.func52 (7 handlers)
[GIN-debug] DELETE /api/kb/:slug             --> github.com/mark3748/helpdesk-go/cmd/api.(*App).mountAPI.Delete.func54 (7 handlers)
[GIN-debug] GET    /api/tickets              --> github.com/mark3748/helpdesk-go/cmd/api.(*App).mountAPI.List.func55 (6 handlers)
[GIN-debug] POST   /api/tickets              --> github.com/mark3748/helpdesk-go/cmd/api.(*App).mountAPI.Create.func59 (6 handlers)
[GIN-debug] GET    /api/tickets/:id          --> github.com/mark3748/helpdesk-go/cmd/api.(*App).mountAPI.Get.func60 (6 handlers)
[GIN-debug] PATCH  /api/tickets/:id          --> github.com/mark3748/helpdesk-go/cmd/api.(*App).mountAPI.Update.func62 (7 handlers)
[GIN-debug] GET    /api/tickets/:id/comments --> github.com/mark3748/helpdesk-go/cmd/api.(*App).mountAPI.List.func63 (6 handlers)
[GIN-debug] POST   /api/tickets/:id/comments --> github.com/mark3748/helpdesk-go/cmd/api.(*App).mountAPI.Add.func64 (6 handlers)
[GIN-debug] GET    /api/tickets/:id/attachments --> github.com/mark3748/helpdesk-go/cmd/api.(*App).mountAPI.List.func65 (6 handlers)
[GIN-debug] POST   /api/tickets/:id/attachments/presign --> github.com/mark3748/helpdesk-go/cmd/api.(*App).mountAPI.Presign.func75 (6 handlers)
[GIN-debug] POST   /api/tickets/:id/attachments --> github.com/mark3748/helpdesk-go/cmd/api.(*App).mountAPI.Finalize.func76 (6 handlers)
[GIN-debug] GET    /api/tickets/:id/attachments/:attID --> github.com/mark3748/helpdesk-go/cmd/api.(*App).mountAPI.Get.func77 (6 handlers)
[GIN-debug] PUT    /api/attachments/upload/:objectKey --> github.com/mark3748/helpdesk-go/cmd/api.(*App).mountAPI.UploadObject.func78 (6 handlers)
[GIN-debug] DELETE /api/tickets/:id/attachments/:attID --> github.com/mark3748/helpdesk-go/cmd/api.(*App).mountAPI.Delete.func79 (6 handlers)
[GIN-debug] GET    /api/tickets/:id/watchers --> github.com/mark3748/helpdesk-go/cmd/api.(*App).mountAPI.List.func80 (6 handlers)
[GIN-debug] POST   /api/tickets/:id/watchers --> github.com/mark3748/helpdesk-go/cmd/api.(*App).mountAPI.Add.func81 (6 handlers)
[GIN-debug] DELETE /api/tickets/:id/watchers/:uid --> github.com/mark3748/helpdesk-go/cmd/api.(*App).mountAPI.Remove.func82 (6 handlers)
[GIN-debug] GET    /api/emails/outbound      --> github.com/mark3748/helpdesk-go/cmd/api.(*App).mountAPI.ListOutbound.func84 (7 handlers)
[GIN-debug] GET    /api/metrics/sla          --> github.com/mark3748/helpdesk-go/cmd/api.(*App).mountAPI.SLA.func86 (7 handlers)
[GIN-debug] GET    /api/metrics/resolution   --> github.com/mark3748/helpdesk-go/cmd/api.(*App).mountAPI.Resolution.func88 (7 handlers)
[GIN-debug] GET    /api/metrics/tickets      --> github.com/mark3748/helpdesk-go/cmd/api.(*App).mountAPI.TicketVolume.func90 (7 handlers)
[GIN-debug] GET    /api/metrics/dashboard    --> github.com/mark3748/helpdesk-go/cmd/api.(*App).mountAPI.Dashboard.func92 (7 handlers)
[GIN-debug] GET    /api/metrics/agent        --> github.com/mark3748/helpdesk-go/cmd/api.(*App).mountAPI.Agent.func94 (7 handlers)
[GIN-debug] GET    /api/metrics/manager      --> github.com/mark3748/helpdesk-go/cmd/api.(*App).mountAPI.Manager.func96 (7 handlers)
[GIN-debug] POST   /api/exports/tickets      --> github.com/mark3748/helpdesk-go/cmd/api.(*App).exportTicketsBridge-fm (7 handlers)
[GIN-debug] GET    /api/exports/tickets/:job_id --> github.com/mark3748/helpdesk-go/cmd/api.(*App).exportTicketsStatus-fm (7 handlers)
[GIN-debug] GET    /api/webhooks             --> github.com/mark3748/helpdesk-go/cmd/api.(*App).mountAPI.List.func100 (7 handlers)
[GIN-debug] POST   /api/webhooks             --> github.com/mark3748/helpdesk-go/cmd/api.(*App).mountAPI.Create.func102 (7 handlers)
[GIN-debug] DELETE /api/webhooks/:id         --> github.com/mark3748/helpdesk-go/cmd/api.(*App).mountAPI.Delete.func104 (7 handlers)
[GIN-debug] GET    /api/asset-categories     --> github.com/mark3748/helpdesk-go/cmd/api.(*App).mountAPI.ListCategories.func105 (6 handlers)
[GIN-debug] POST   /api/asset-categories     --> github.com/mark3748/helpdesk-go/cmd/api.(*App).mountAPI.CreateCategory.func107 (7 handlers)
[GIN-debug] GET    /api/asset-categories/:id --> github.com/mark3748/helpdesk-go/cmd/api.(*App).mountAPI.GetCategory.func108 (6 handlers)
[GIN-debug] GET    /api/assets               --> github.com/mark3748/helpdesk-go/cmd/api.(*App).mountAPI.ListAssets.func109 (6 handlers)
[GIN-debug] POST   /api/assets               --> github.com/mark3748/helpdesk-go/cmd/api.(*App).mountAPI.CreateAsset.func111 (7 handlers)
[GIN-debug] GET    /api/assets/:id           --> github.com/mark3748/helpdesk-go/cmd/api.(*App).mountAPI.GetAsset.func112 (6 handlers)
[GIN-debug] PATCH  /api/assets/:id           --> github.com/mark3748/helpdesk-go/cmd/api.(*App).mountAPI.UpdateAsset.func114 (7 handlers)
[GIN-debug] DELETE /api/assets/:id           --> github.com/mark3748/helpdesk-go/cmd/api.(*App).mountAPI.DeleteAsset.func116 (7 handlers)
[GIN-debug] POST   /api/assets/:id/assign    --> github.com/mark3748/helpdesk-go/cmd/api.(*App).mountAPI.AssignAsset.func118 (7 handlers)
[GIN-debug] GET    /api/assets/:id/history   --> github.com/mark3748/helpdesk-go/cmd/api.(*App).mountAPI.GetAssetHistory.func119 (6 handlers)
[GIN-debug] GET    /api/assets/:id/assignments --> github.com/mark3748/helpdesk-go/cmd/api.(*App).mountAPI.GetAssetAssignments.func120 (6 handlers)
[GIN-debug] GET    /api/assets/:id/attachments --> github.com/mark3748/helpdesk-go/cmd/api.(*App).mountAPI.ListAttachments.func121 (6 handlers)
[GIN-debug] POST   /api/assets/:id/attachments/presign --> github.com/mark3748/helpdesk-go/cmd/api.(*App).mountAPI.PresignAssetUpload.func123 (7 handlers)
[GIN-debug] POST   /api/assets/:id/attachments --> github.com/mark3748/helpdesk-go/cmd/api.(*App).mountAPI.FinalizeAssetAttachment.func125 (7 handlers)
[GIN-debug] GET    /api/assets/:id/attachments/:attachmentID --> github.com/mark3748/helpdesk-go/cmd/api.(*App).mountAPI.GetAssetAttachment.func126 (6 handlers)
[GIN-debug] DELETE /api/assets/:id/attachments/:attachmentID --> github.com/mark3748/helpdesk-go/cmd/api.(*App).mountAPI.DeleteAssetAttachment.func128 (7 handlers)
[GIN-debug] PUT    /api/assets/attachments/upload/:objectKey --> github.com/mark3748/helpdesk-go/cmd/api.(*App).mountAPI.UploadAssetObject.func129 (6 handlers)
[GIN-debug] POST   /api/assets/:id/status-change --> github.com/mark3748/helpdesk-go/cmd/api.(*App).mountAPI.RequestStatusChange.func131 (7 handlers)
[GIN-debug] POST   /api/workflows/:id/approve --> github.com/mark3748/helpdesk-go/cmd/api.(*App).mountAPI.ApproveWorkflow.func133 (7 handlers)
[GIN-debug] POST   /api/workflows/:id/reject --> github.com/mark3748/helpdesk-go/cmd/api.(*App).mountAPI.RejectWorkflow.func135 (7 handlers)
[GIN-debug] POST   /api/assets/:id/checkout  --> github.com/mark3748/helpdesk-go/cmd/api.(*App).mountAPI.CheckoutAsset.func137 (7 handlers)
[GIN-debug] POST   /api/assets/checkin       --> github.com/mark3748/helpdesk-go/cmd/api.(*App).mountAPI.CheckinAsset.func139 (7 handlers)
[GIN-debug] GET    /api/assets/checkouts/active --> github.com/mark3748/helpdesk-go/cmd/api.(*App).mountAPI.GetActiveCheckouts.func140 (6 handlers)
[GIN-debug] GET    /api/assets/checkouts/overdue --> github.com/mark3748/helpdesk-go/cmd/api.(*App).mountAPI.GetOverdueCheckouts.func141 (6 handlers)
[GIN-debug] POST   /api/assets/:id/relationships --> github.com/mark3748/helpdesk-go/cmd/api.(*App).mountAPI.CreateRelationship.func143 (7 handlers)
[GIN-debug] GET    /api/assets/:id/relationships/graph --> github.com/mark3748/helpdesk-go/cmd/api.(*App).mountAPI.GetRelationshipGraph.func144 (6 handlers)
[GIN-debug] GET    /api/assets/:id/impact-analysis --> github.com/mark3748/helpdesk-go/cmd/api.(*App).mountAPI.GetAssetImpactAnalysis.func145 (6 handlers)
[GIN-debug] POST   /api/assets/bulk/update   --> github.com/mark3748/helpdesk-go/cmd/api.(*App).mountAPI.BulkUpdateAssets.func147 (7 handlers)
[GIN-debug] POST   /api/assets/bulk/assign   --> github.com/mark3748/helpdesk-go/cmd/api.(*App).mountAPI.BulkAssignAssets.func149 (7 handlers)
[GIN-debug] GET    /api/assets/bulk/operations/:id --> github.com/mark3748/helpdesk-go/cmd/api.(*App).mountAPI.GetBulkOperation.func150 (6 handlers)
[GIN-debug] POST   /api/assets/import/preview --> github.com/mark3748/helpdesk-go/cmd/api.(*App).mountAPI.ImportAssetsPreview.func152 (7 handlers)
[GIN-debug] POST   /api/assets/import        --> github.com/mark3748/helpdesk-go/cmd/api.(*App).mountAPI.ImportAssets.func154 (7 handlers)
[GIN-debug] POST   /api/assets/export        --> github.com/mark3748/helpdesk-go/cmd/api.(*App).mountAPI.ExportAssets.func156 (7 handlers)
[GIN-debug] GET    /api/assets/:id/audit     --> github.com/mark3748/helpdesk-go/cmd/api.(*App).mountAPI.GetAuditHistory.func157 (6 handlers)
[GIN-debug] GET    /api/assets/audit/summary --> github.com/mark3748/helpdesk-go/cmd/api.(*App).mountAPI.GetAuditSummary.func159 (7 handlers)
[GIN-debug] GET    /api/assets/analytics     --> github.com/mark3748/helpdesk-go/cmd/api.(*App).mountAPI.GetAssetAnalytics.func161 (7 handlers)
[GIN-debug] GET    /api/problems             --> github.com/mark3748/helpdesk-go/cmd/api.(*App).mountAPI.List.func162 (6 handlers)
[GIN-debug] POST   /api/problems             --> github.com/mark3748/helpdesk-go/cmd/api.(*App).mountAPI.Create.func163 (6 handlers)
[GIN-debug] GET    /api/problems/:id         --> github.com/mark3748/helpdesk-go/cmd/api.(*App).mountAPI.Get.func164 (6 handlers)
[GIN-debug] PUT    /api/problems/:id         --> github.com/mark3748/helpdesk-go/cmd/api.(*App).mountAPI.Update.func165 (6 handlers)
[GIN-debug] DELETE /api/problems/:id         --> github.com/mark3748/helpdesk-go/cmd/api.(*App).mountAPI.Delete.func166 (6 handlers)
[GIN-debug] GET    /api/changes              --> github.com/mark3748/helpdesk-go/cmd/api.(*App).mountAPI.List.func167 (6 handlers)
[GIN-debug] POST   /api/changes              --> github.com/mark3748/helpdesk-go/cmd/api.(*App).mountAPI.Create.func168 (6 handlers)
[GIN-debug] GET    /api/changes/:id          --> github.com/mark3748/helpdesk-go/cmd/api.(*App).mountAPI.Get.func169 (6 handlers)
[GIN-debug] PUT    /api/changes/:id          --> github.com/mark3748/helpdesk-go/cmd/api.(*App).mountAPI.Update.func170 (6 handlers)
[GIN-debug] DELETE /api/changes/:id          --> github.com/mark3748/helpdesk-go/cmd/api.(*App).mountAPI.Delete.func171 (6 handlers)
[GIN-debug] GET    /api/releases             --> github.com/mark3748/helpdesk-go/cmd/api.(*App).mountAPI.List.func172 (6 handlers)
[GIN-debug] POST   /api/releases             --> github.com/mark3748/helpdesk-go/cmd/api.(*App).mountAPI.Create.func173 (6 handlers)
[GIN-debug] GET    /api/releases/:id         --> github.com/mark3748/helpdesk-go/cmd/api.(*App).mountAPI.Get.func174 (6 handlers)
[GIN-debug] PUT    /api/releases/:id         --> github.com/mark3748/helpdesk-go/cmd/api.(*App).mountAPI.Update.func175 (6 handlers)
[GIN-debug] DELETE /api/releases/:id         --> github.com/mark3748/helpdesk-go/cmd/api.(*App).mountAPI.Delete.func176 (6 handlers)
{"level":"info","request_id":"a0d87986-cca9-4bf9-b51c-743b31f37e5f","method":"GET","path":"/tickets","status":200,"duration":0.028743,"time":"2025-12-20T00:53:51-07:00","message":"request"}
[GIN-debug] [WARNING] Running in "debug" mode. Switch to "release" mode in production.
 - using env:	export GIN_MODE=release
 - using code:	gin.SetMode(gin.ReleaseMode)

[GIN-debug] GET    /livez                    --> github.com/mark3748/helpdesk-go/cmd/api.(*App).mountAPI.func1 (5 handlers)
[GIN-debug] GET    /readyz                   --> github.com/mark3748/helpdesk-go/cmd/api.(*App).readyz-fm (5 handlers)
[GIN-debug] GET    /healthz                  --> github.com/mark3748/helpdesk-go/cmd/api.(*App).mountAPI.func2 (5 handlers)
[GIN-debug] GET    /csat/:token              --> github.com/mark3748/helpdesk-go/cmd/api.(*App).csatForm-fm (5 handlers)
[GIN-debug] POST   /csat/:token              --> github.com/mark3748/helpdesk-go/cmd/api.(*App).submitCSAT-fm (5 handlers)
[GIN-debug] GET    /metrics                  --> github.com/mark3748/helpdesk-go/cmd/api.(*App).mountAPI.WrapH.func9 (5 handlers)
[GIN-debug] GET    /swagger/*filepath        --> github.com/gin-gonic/gin.(*RouterGroup).createStaticHandler.func1 (5 handlers)
[GIN-debug] HEAD   /swagger/*filepath        --> github.com/gin-gonic/gin.(*RouterGroup).createStaticHandler.func1 (5 handlers)
[GIN-debug] GET    /docs                     --> github.com/mark3748/helpdesk-go/cmd/api.(*App).docsUI-fm (5 handlers)
[GIN-debug] GET    /openapi.yaml             --> github.com/mark3748/helpdesk-go/cmd/api.(*App).openapiSpec-fm (5 handlers)
[GIN-debug] POST   /webhooks/email-inbound   --> github.com/mark3748/helpdesk-go/cmd/api.(*App).mountAPI.EmailInbound.func18 (5 handlers)
[GIN-debug] GET    /me                       --> github.com/mark3748/helpdesk-go/cmd/api/auth.Me (6 handlers)
[GIN-debug] GET    /me/profile               --> github.com/mark3748/helpdesk-go/cmd/api.(*App).getMyProfile-fm (6 handlers)
[GIN-debug] PATCH  /me/profile               --> github.com/mark3748/helpdesk-go/cmd/api.(*App).updateMyProfile-fm (6 handlers)
[GIN-debug] POST   /me/password              --> github.com/mark3748/helpdesk-go/cmd/api.(*App).changeMyPassword-fm (6 handlers)
[GIN-debug] GET    /events                   --> github.com/mark3748/helpdesk-go/cmd/api.(*App).mountAPI.Events.func20 (6 handlers)
[GIN-debug] GET    /settings                 --> github.com/mark3748/helpdesk-go/cmd/api/handlers.GetSettings (7 handlers)
[GIN-debug] GET    /features                 --> github.com/mark3748/helpdesk-go/cmd/api.(*App).mountAPI.Features.func22 (6 handlers)
[GIN-debug] POST   /test-connection          --> github.com/mark3748/helpdesk-go/cmd/api/handlers.TestConnection (7 handlers)
[GIN-debug] POST   /settings/storage         --> github.com/mark3748/helpdesk-go/cmd/api/handlers.SaveStorageSettings (7 handlers)
[GIN-debug] POST   /settings/oidc            --> github.com/mark3748/helpdesk-go/cmd/api/handlers.SaveOIDCSettings (7 handlers)
[GIN-debug] POST   /settings/mail            --> github.com/mark3748/helpdesk-go/cmd/api/handlers.SaveMailSettings (7 handlers)
[GIN-debug] POST   /settings/mail/send-test  --> github.com/mark3748/helpdesk-go/cmd/api/handlers.SendTestMail (7 handlers)
[GIN-debug] GET    /users/:id/roles          --> github.com/mark3748/helpdesk-go/cmd/api.(*App).mountAPI.ListUserRoles.func29 (7 handlers)
[GIN-debug] POST   /users/:id/roles          --> github.com/mark3748/helpdesk-go/cmd/api.(*App).mountAPI.AddUserRole.func31 (7 handlers)
[GIN-debug] DELETE /users/:id/roles/:role    --> github.com/mark3748/helpdesk-go/cmd/api.(*App).mountAPI.RemoveUserRole.func33 (7 handlers)
[GIN-debug] GET    /users                    --> github.com/mark3748/helpdesk-go/cmd/api.(*App).mountAPI.List.func35 (7 handlers)
[GIN-debug] GET    /users/:id                --> github.com/mark3748/helpdesk-go/cmd/api.(*App).mountAPI.Get.func37 (7 handlers)
[GIN-debug] POST   /users                    --> github.com/mark3748/helpdesk-go/cmd/api.(*App).mountAPI.CreateLocal.func39 (7 handlers)
[GIN-debug] GET    /roles                    --> github.com/mark3748/helpdesk-go/cmd/api.(*App).mountAPI.List.func41 (7 handlers)
[GIN-debug] GET    /requesters               --> github.com/mark3748/helpdesk-go/cmd/api.(*App).mountAPI.Search.func42 (6 handlers)
[GIN-debug] GET    /requesters/:id           --> github.com/mark3748/helpdesk-go/cmd/api.(*App).getRequester-fm (6 handlers)
[GIN-debug] POST   /requesters               --> github.com/mark3748/helpdesk-go/cmd/api.(*App).createRequester-fm (7 handlers)
[GIN-debug] PATCH  /requesters/:id           --> github.com/mark3748/helpdesk-go/cmd/api.(*App).updateRequester-fm (7 handlers)
[GIN-debug] GET    /teams                    --> github.com/mark3748/helpdesk-go/cmd/api.(*App).mountAPI.List.func45 (6 handlers)
[GIN-debug] GET    /slas                     --> github.com/mark3748/helpdesk-go/cmd/api.(*App).mountAPI.List.func46 (6 handlers)
[GIN-debug] GET    /kb                       --> github.com/mark3748/helpdesk-go/cmd/api.(*App).mountAPI.Search.func47 (6 handlers)
[GIN-debug] GET    /kb/:slug                 --> github.com/mark3748/helpdesk-go/cmd/api.(*App).mountAPI.Get.func48 (6 handlers)
[GIN-debug] POST   /kb                       --> github.com/mark3748/helpdesk-go/cmd/api.(*App).mountAPI.Create.func50 (7 handlers)
[GIN-debug] PUT    /kb/:slug                 --> github.com/mark3748/helpdesk-go/cmd/api.(*App).mountAPI.Update.func52 (7 handlers)
[GIN-debug] DELETE /kb/:slug                 --> github.com/mark3748/helpdesk-go/cmd/api.(*App).mountAPI.Delete.func54 (7 handlers)
[GIN-debug] GET    /tickets                  --> github.com/mark3748/helpdesk-go/cmd/api.(*App).mountAPI.List.func55 (6 handlers)
[GIN-debug] POST   /tickets                  --> github.com/mark3748/helpdesk-go/cmd/api.(*App).mountAPI.Create.func59 (6 handlers)
[GIN-debug] GET    /tickets/:id              --> github.com/mark3748/helpdesk-go/cmd/api.(*App).mountAPI.Get.func60 (6 handlers)
[GIN-debug] PATCH  /tickets/:id              --> github.com/mark3748/helpdesk-go/cmd/api.(*App).mountAPI.Update.func62 (7 handlers)
[GIN-debug] GET    /tickets/:id/comments     --> github.com/mark3748/helpdesk-go/cmd/api.(*App).mountAPI.List.func63 (6 handlers)
[GIN-debug] POST   /tickets/:id/comments     --> github.com/mark3748/helpdesk-go/cmd/api.(*App).mountAPI.Add.func64 (6 handlers)
[GIN-debug] GET    /tickets/:id/attachments  --> github.com/mark3748/helpdesk-go/cmd/api.(*App).mountAPI.List.func65 (6 handlers)
[GIN-debug] POST   /tickets/:id/attachments/presign --> github.com/mark3748/helpdesk-go/cmd/api.(*App).mountAPI.Presign.func75 (6 handlers)
[GIN-debug] POST   /tickets/:id/attachments  --> github.com/mark3748/helpdesk-go/cmd/api.(*App).mountAPI.Finalize.func76 (6 handlers)
[GIN-debug] GET    /tickets/:id/attachments/:attID --> github.com/mark3748/helpdesk-go/cmd/api.(*App).mountAPI.Get.func77 (6 handlers)
[GIN-debug] PUT    /attachments/upload/:objectKey --> github.com/mark3748/helpdesk-go/cmd/api.(*App).mountAPI.UploadObject.func78 (6 handlers)
[GIN-debug] DELETE /tickets/:id/attachments/:attID --> github.com/mark3748/helpdesk-go/cmd/api.(*App).mountAPI.Delete.func79 (6 handlers)
[GIN-debug] GET    /tickets/:id/watchers     --> github.com/mark3748/helpdesk-go/cmd/api.(*App).mountAPI.List.func80 (6 handlers)
[GIN-debug] POST   /tickets/:id/watchers     --> github.com/mark3748/helpdesk-go/cmd/api.(*App).mountAPI.Add.func81 (6 handlers)
[GIN-debug] DELETE /tickets/:id/watchers/:uid --> github.com/mark3748/helpdesk-go/cmd/api.(*App).mountAPI.Remove.func82 (6 handlers)
[GIN-debug] GET    /emails/outbound          --> github.com/mark3748/helpdesk-go/cmd/api.(*App).mountAPI.ListOutbound.func84 (7 handlers)
[GIN-debug] GET    /metrics/sla              --> github.com/mark3748/helpdesk-go/cmd/api.(*App).mountAPI.SLA.func86 (7 handlers)
[GIN-debug] GET    /metrics/resolution       --> github.com/mark3748/helpdesk-go/cmd/api.(*App).mountAPI.Resolution.func88 (7 handlers)
[GIN-debug] GET    /metrics/tickets          --> github.com/mark3748/helpdesk-go/cmd/api.(*App).mountAPI.TicketVolume.func90 (7 handlers)
[GIN-debug] GET    /metrics/dashboard        --> github.com/mark3748/helpdesk-go/cmd/api.(*App).mountAPI.Dashboard.func92 (7 handlers)
[GIN-debug] GET    /metrics/agent            --> github.com/mark3748/helpdesk-go/cmd/api.(*App).mountAPI.Agent.func94 (7 handlers)
[GIN-debug] GET    /metrics/manager          --> github.com/mark3748/helpdesk-go/cmd/api.(*App).mountAPI.Manager.func96 (7 handlers)
[GIN-debug] POST   /exports/tickets          --> github.com/mark3748/helpdesk-go/cmd/api.(*App).exportTicketsBridge-fm (7 handlers)
[GIN-debug] GET    /exports/tickets/:job_id  --> github.com/mark3748/helpdesk-go/cmd/api.(*App).exportTicketsStatus-fm (7 handlers)
[GIN-debug] GET    /webhooks                 --> github.com/mark3748/helpdesk-go/cmd/api.(*App).mountAPI.List.func100 (7 handlers)
[GIN-debug] POST   /webhooks                 --> github.com/mark3748/helpdesk-go/cmd/api.(*App).mountAPI.Create.func102 (7 handlers)
[GIN-debug] DELETE /webhooks/:id             --> github.com/mark3748/helpdesk-go/cmd/api.(*App).mountAPI.Delete.func104 (7 handlers)
[GIN-debug] GET    /asset-categories         --> github.com/mark3748/helpdesk-go/cmd/api.(*App).mountAPI.ListCategories.func105 (6 handlers)
[GIN-debug] POST   /asset-categories         --> github.com/mark3748/helpdesk-go/cmd/api.(*App).mountAPI.CreateCategory.func107 (7 handlers)
[GIN-debug] GET    /asset-categories/:id     --> github.com/mark3748/helpdesk-go/cmd/api.(*App).mountAPI.GetCategory.func108 (6 handlers)
[GIN-debug] GET    /assets                   --> github.com/mark3748/helpdesk-go/cmd/api.(*App).mountAPI.ListAssets.func109 (6 handlers)
[GIN-debug] POST   /assets                   --> github.com/mark3748/helpdesk-go/cmd/api.(*App).mountAPI.CreateAsset.func111 (7 handlers)
[GIN-debug] GET    /assets/:id               --> github.com/mark3748/helpdesk-go/cmd/api.(*App).mountAPI.GetAsset.func112 (6 handlers)
[GIN-debug] PATCH  /assets/:id               --> github.com/mark3748/helpdesk-go/cmd/api.(*App).mountAPI.UpdateAsset.func114 (7 handlers)
[GIN-debug] DELETE /assets/:id               --> github.com/mark3748/helpdesk-go/cmd/api.(*App).mountAPI.DeleteAsset.func116 (7 handlers)
[GIN-debug] POST   /assets/:id/assign        --> github.com/mark3748/helpdesk-go/cmd/api.(*App).mountAPI.AssignAsset.func118 (7 handlers)
[GIN-debug] GET    /assets/:id/history       --> github.com/mark3748/helpdesk-go/cmd/api.(*App).mountAPI.GetAssetHistory.func119 (6 handlers)
[GIN-debug] GET    /assets/:id/assignments   --> github.com/mark3748/helpdesk-go/cmd/api.(*App).mountAPI.GetAssetAssignments.func120 (6 handlers)
[GIN-debug] GET    /assets/:id/attachments   --> github.com/mark3748/helpdesk-go/cmd/api.(*App).mountAPI.ListAttachments.func121 (6 handlers)
[GIN-debug] POST   /assets/:id/attachments/presign --> github.com/mark3748/helpdesk-go/cmd/api.(*App).mountAPI.PresignAssetUpload.func123 (7 handlers)
[GIN-debug] POST   /assets/:id/attachments   --> github.com/mark3748/helpdesk-go/cmd/api.(*App).mountAPI.FinalizeAssetAttachment.func125 (7 handlers)
[GIN-debug] GET    /assets/:id/attachments/:attachmentID --> github.com/mark3748/helpdesk-go/cmd/api.(*App).mountAPI.GetAssetAttachment.func126 (6 handlers)
[GIN-debug] DELETE /assets/:id/attachments/:attachmentID --> github.com/mark3748/helpdesk-go/cmd/api.(*App).mountAPI.DeleteAssetAttachment.func128 (7 handlers)
[GIN-debug] PUT    /assets/attachments/upload/:objectKey --> github.com/mark3748/helpdesk-go/cmd/api.(*App).mountAPI.UploadAssetObject.func129 (6 handlers)
[GIN-debug] POST   /assets/:id/status-change --> github.com/mark3748/helpdesk-go/cmd/api.(*App).mountAPI.RequestStatusChange.func131 (7 handlers)
[GIN-debug] POST   /workflows/:id/approve    --> github.com/mark3748/helpdesk-go/cmd/api.(*App).mountAPI.ApproveWorkflow.func133 (7 handlers)
[GIN-debug] POST   /workflows/:id/reject     --> github.com/mark3748/helpdesk-go/cmd/api.(*App).mountAPI.RejectWorkflow.func135 (7 handlers)
[GIN-debug] POST   /assets/:id/checkout      --> github.com/mark3748/helpdesk-go/cmd/api.(*App).mountAPI.CheckoutAsset.func137 (7 handlers)
[GIN-debug] POST   /assets/checkin           --> github.com/mark3748/helpdesk-go/cmd/api.(*App).mountAPI.CheckinAsset.func139 (7 handlers)
[GIN-debug] GET    /assets/checkouts/active  --> github.com/mark3748/helpdesk-go/cmd/api.(*App).mountAPI.GetActiveCheckouts.func140 (6 handlers)
[GIN-debug] GET    /assets/checkouts/overdue --> github.com/mark3748/helpdesk-go/cmd/api.(*App).mountAPI.GetOverdueCheckouts.func141 (6 handlers)
[GIN-debug] POST   /assets/:id/relationships --> github.com/mark3748/helpdesk-go/cmd/api.(*App).mountAPI.CreateRelationship.func143 (7 handlers)
[GIN-debug] GET    /assets/:id/relationships/graph --> github.com/mark3748/helpdesk-go/cmd/api.(*App).mountAPI.GetRelationshipGraph.func144 (6 handlers)
[GIN-debug] GET    /assets/:id/impact-analysis --> github.com/mark3748/helpdesk-go/cmd/api.(*App).mountAPI.GetAssetImpactAnalysis.func145 (6 handlers)
[GIN-debug] POST   /assets/bulk/update       --> github.com/mark3748/helpdesk-go/cmd/api.(*App).mountAPI.BulkUpdateAssets.func147 (7 handlers)
[GIN-debug] POST   /assets/bulk/assign       --> github.com/mark3748/helpdesk-go/cmd/api.(*App).mountAPI.BulkAssignAssets.func149 (7 handlers)
[GIN-debug] GET    /assets/bulk/operations/:id --> github.com/mark3748/helpdesk-go/cmd/api.(*App).mountAPI.GetBulkOperation.func150 (6 handlers)
[GIN-debug] POST   /assets/import/preview    --> github.com/mark3748/helpdesk-go/cmd/api.(*App).mountAPI.ImportAssetsPreview.func152 (7 handlers)
[GIN-debug] POST   /assets/import            --> github.com/mark3748/helpdesk-go/cmd/api.(*App).mountAPI.ImportAssets.func154 (7 handlers)
[GIN-debug] POST   /assets/export            --> github.com/mark3748/helpdesk-go/cmd/api.(*App).mountAPI.ExportAssets.func156 (7 handlers)
[GIN-debug] GET    /assets/:id/audit         --> github.com/mark3748/helpdesk-go/cmd/api.(*App).mountAPI.GetAuditHistory.func157 (6 handlers)
[GIN-debug] GET    /assets/audit/summary     --> github.com/mark3748/helpdesk-go/cmd/api.(*App).mountAPI.GetAuditSummary.func159 (7 handlers)
[GIN-debug] GET    /assets/analytics         --> github.com/mark3748/helpdesk-go/cmd/api.(*App).mountAPI.GetAssetAnalytics.func161 (7 handlers)
[GIN-debug] GET    /problems                 --> github.com/mark3748/helpdesk-go/cmd/api.(*App).mountAPI.List.func162 (6 handlers)
[GIN-debug] POST   /problems                 --> github.com/mark3748/helpdesk-go/cmd/api.(*App).mountAPI.Create.func163 (6 handlers)
[GIN-debug] GET    /problems/:id             --> github.com/mark3748/helpdesk-go/cmd/api.(*App).mountAPI.Get.func164 (6 handlers)
[GIN-debug] PUT    /problems/:id             --> github.com/mark3748/helpdesk-go/cmd/api.(*App).mountAPI.Update.func165 (6 handlers)
[GIN-debug] DELETE /problems/:id             --> github.com/mark3748/helpdesk-go/cmd/api.(*App).mountAPI.Delete.func166 (6 handlers)
[GIN-debug] GET    /changes                  --> github.com/mark3748/helpdesk-go/cmd/api.(*App).mountAPI.List.func167 (6 handlers)
[GIN-debug] POST   /changes                  --> github.com/mark3748/helpdesk-go/cmd/api.(*App).mountAPI.Create.func168 (6 handlers)
[GIN-debug] GET    /changes/:id              --> github.com/mark3748/helpdesk-go/cmd/api.(*App).mountAPI.Get.func169 (6 handlers)
[GIN-debug] PUT    /changes/:id              --> github.com/mark3748/helpdesk-go/cmd/api.(*App).mountAPI.Update.func170 (6 handlers)
[GIN-debug] DELETE /changes/:id              --> github.com/mark3748/helpdesk-go/cmd/api.(*App).mountAPI.Delete.func171 (6 handlers)
[GIN-debug] GET    /releases                 --> github.com/mark3748/helpdesk-go/cmd/api.(*App).mountAPI.List.func172 (6 handlers)
[GIN-debug] POST   /releases                 --> github.com/mark3748/helpdesk-go/cmd/api.(*App).mountAPI.Create.func173 (6 handlers)
[GIN-debug] GET    /releases/:id             --> github.com/mark3748/helpdesk-go/cmd/api.(*App).mountAPI.Get.func174 (6 handlers)
[GIN-debug] PUT    /releases/:id             --> github.com/mark3748/helpdesk-go/cmd/api.(*App).mountAPI.Update.func175 (6 handlers)
[GIN-debug] DELETE /releases/:id             --> github.com/mark3748/helpdesk-go/cmd/api.(*App).mountAPI.Delete.func176 (6 handlers)
[GIN-debug] GET    /api/livez                --> github.com/mark3748/helpdesk-go/cmd/api.(*App).mountAPI.func1 (5 handlers)
[GIN-debug] GET    /api/readyz               --> github.com/mark3748/helpdesk-go/cmd/api.(*App).readyz-fm (5 handlers)
[GIN-debug] GET    /api/healthz              --> github.com/mark3748/helpdesk-go/cmd/api.(*App).mountAPI.func2 (5 handlers)
[GIN-debug] GET    /api/csat/:token          --> github.com/mark3748/helpdesk-go/cmd/api.(*App).csatForm-fm (5 handlers)
[GIN-debug] POST   /api/csat/:token          --> github.com/mark3748/helpdesk-go/cmd/api.(*App).submitCSAT-fm (5 handlers)
[GIN-debug] GET    /api/metrics              --> github.com/mark3748/helpdesk-go/cmd/api.(*App).mountAPI.WrapH.func9 (5 handlers)
[GIN-debug] GET    /api/swagger/*filepath    --> github.com/gin-gonic/gin.(*RouterGroup).createStaticHandler.func1 (5 handlers)
[GIN-debug] HEAD   /api/swagger/*filepath    --> github.com/gin-gonic/gin.(*RouterGroup).createStaticHandler.func1 (5 handlers)
[GIN-debug] GET    /api/docs                 --> github.com/mark3748/helpdesk-go/cmd/api.(*App).docsUI-fm (5 handlers)
[GIN-debug] GET    /api/openapi.yaml         --> github.com/mark3748/helpdesk-go/cmd/api.(*App).openapiSpec-fm (5 handlers)
[GIN-debug] POST   /api/webhooks/email-inbound --> github.com/mark3748/helpdesk-go/cmd/api.(*App).mountAPI.EmailInbound.func18 (5 handlers)
[GIN-debug] GET    /api/me                   --> github.com/mark3748/helpdesk-go/cmd/api/auth.Me (6 handlers)
[GIN-debug] GET    /api/me/profile           --> github.com/mark3748/helpdesk-go/cmd/api.(*App).getMyProfile-fm (6 handlers)
[GIN-debug] PATCH  /api/me/profile           --> github.com/mark3748/helpdesk-go/cmd/api.(*App).updateMyProfile-fm (6 handlers)
[GIN-debug] POST   /api/me/password          --> github.com/mark3748/helpdesk-go/cmd/api.(*App).changeMyPassword-fm (6 handlers)
[GIN-debug] GET    /api/events               --> github.com/mark3748/helpdesk-go/cmd/api.(*App).mountAPI.Events.func20 (6 handlers)
[GIN-debug] GET    /api/settings             --> github.com/mark3748/helpdesk-go/cmd/api/handlers.GetSettings (7 handlers)
[GIN-debug] GET    /api/features             --> github.com/mark3748/helpdesk-go/cmd/api.(*App).mountAPI.Features.func22 (6 handlers)
[GIN-debug] POST   /api/test-connection      --> github.com/mark3748/helpdesk-go/cmd/api/handlers.TestConnection (7 handlers)
[GIN-debug] POST   /api/settings/storage     --> github.com/mark3748/helpdesk-go/cmd/api/handlers.SaveStorageSettings (7 handlers)
[GIN-debug] POST   /api/settings/oidc        --> github.com/mark3748/helpdesk-go/cmd/api/handlers.SaveOIDCSettings (7 handlers)
[GIN-debug] POST   /api/settings/mail        --> github.com/mark3748/helpdesk-go/cmd/api/handlers.SaveMailSettings (7 handlers)
[GIN-debug] POST   /api/settings/mail/send-test --> github.com/mark3748/helpdesk-go/cmd/api/handlers.SendTestMail (7 handlers)
[GIN-debug] GET    /api/users/:id/roles      --> github.com/mark3748/helpdesk-go/cmd/api.(*App).mountAPI.ListUserRoles.func29 (7 handlers)
[GIN-debug] POST   /api/users/:id/roles      --> github.com/mark3748/helpdesk-go/cmd/api.(*App).mountAPI.AddUserRole.func31 (7 handlers)
[GIN-debug] DELETE /api/users/:id/roles/:role --> github.com/mark3748/helpdesk-go/cmd/api.(*App).mountAPI.RemoveUserRole.func33 (7 handlers)
[GIN-debug] GET    /api/users                --> github.com/mark3748/helpdesk-go/cmd/api.(*App).mountAPI.List.func35 (7 handlers)
[GIN-debug] GET    /api/users/:id            --> github.com/mark3748/helpdesk-go/cmd/api.(*App).mountAPI.Get.func37 (7 handlers)
[GIN-debug] POST   /api/users                --> github.com/mark3748/helpdesk-go/cmd/api.(*App).mountAPI.CreateLocal.func39 (7 handlers)
[GIN-debug] GET    /api/roles                --> github.com/mark3748/helpdesk-go/cmd/api.(*App).mountAPI.List.func41 (7 handlers)
[GIN-debug] GET    /api/requesters           --> github.com/mark3748/helpdesk-go/cmd/api.(*App).mountAPI.Search.func42 (6 handlers)
[GIN-debug] GET    /api/requesters/:id       --> github.com/mark3748/helpdesk-go/cmd/api.(*App).getRequester-fm (6 handlers)
[GIN-debug] POST   /api/requesters           --> github.com/mark3748/helpdesk-go/cmd/api.(*App).createRequester-fm (7 handlers)
[GIN-debug] PATCH  /api/requesters/:id       --> github.com/mark3748/helpdesk-go/cmd/api.(*App).updateRequester-fm (7 handlers)
[GIN-debug] GET    /api/teams                --> github.com/mark3748/helpdesk-go/cmd/api.(*App).mountAPI.List.func45 (6 handlers)
[GIN-debug] GET    /api/slas                 --> github.com/mark3748/helpdesk-go/cmd/api.(*App).mountAPI.List.func46 (6 handlers)
[GIN-debug] GET    /api/kb                   --> github.com/mark3748/helpdesk-go/cmd/api.(*App).mountAPI.Search.func47 (6 handlers)
[GIN-debug] GET    /api/kb/:slug             --> github.com/mark3748/helpdesk-go/cmd/api.(*App).mountAPI.Get.func48 (6 handlers)
[GIN-debug] POST   /api/kb                   --> github.com/mark3748/helpdesk-go/cmd/api.(*App).mountAPI.Create.func50 (7 handlers)
[GIN-debug] PUT    /api/kb/:slug             --> github.com/mark3748/helpdesk-go/cmd/api.(*App).mountAPI.Update.func52 (7 handlers)
[GIN-debug] DELETE /api/kb/:slug             --> github.com/mark3748/helpdesk-go/cmd/api.(*App).mountAPI.Delete.func54 (7 handlers)
[GIN-debug] GET    /api/tickets              --> github.com/mark3748/helpdesk-go/cmd/api.(*App).mountAPI.List.func55 (6 handlers)
[GIN-debug] POST   /api/tickets              --> github.com/mark3748/helpdesk-go/cmd/api.(*App).mountAPI.Create.func59 (6 handlers)
[GIN-debug] GET    /api/tickets/:id          --> github.com/mark3748/helpdesk-go/cmd/api.(*App).mountAPI.Get.func60 (6 handlers)
[GIN-debug] PATCH  /api/tickets/:id          --> github.com/mark3748/helpdesk-go/cmd/api.(*App).mountAPI.Update.func62 (7 handlers)
[GIN-debug] GET    /api/tickets/:id/comments --> github.com/mark3748/helpdesk-go/cmd/api.(*App).mountAPI.List.func63 (6 handlers)
[GIN-debug] POST   /api/tickets/:id/comments --> github.com/mark3748/helpdesk-go/cmd/api.(*App).mountAPI.Add.func64 (6 handlers)
[GIN-debug] GET    /api/tickets/:id/attachments --> github.com/mark3748/helpdesk-go/cmd/api.(*App).mountAPI.List.func65 (6 handlers)
[GIN-debug] POST   /api/tickets/:id/attachments/presign --> github.com/mark3748/helpdesk-go/cmd/api.(*App).mountAPI.Presign.func75 (6 handlers)
[GIN-debug] POST   /api/tickets/:id/attachments --> github.com/mark3748/helpdesk-go/cmd/api.(*App).mountAPI.Finalize.func76 (6 handlers)
[GIN-debug] GET    /api/tickets/:id/attachments/:attID --> github.com/mark3748/helpdesk-go/cmd/api.(*App).mountAPI.Get.func77 (6 handlers)
[GIN-debug] PUT    /api/attachments/upload/:objectKey --> github.com/mark3748/helpdesk-go/cmd/api.(*App).mountAPI.UploadObject.func78 (6 handlers)
[GIN-debug] DELETE /api/tickets/:id/attachments/:attID --> github.com/mark3748/helpdesk-go/cmd/api.(*App).mountAPI.Delete.func79 (6 handlers)
[GIN-debug] GET    /api/tickets/:id/watchers --> github.com/mark3748/helpdesk-go/cmd/api.(*App).mountAPI.List.func80 (6 handlers)
[GIN-debug] POST   /api/tickets/:id/watchers --> github.com/mark3748/helpdesk-go/cmd/api.(*App).mountAPI.Add.func81 (6 handlers)
[GIN-debug] DELETE /api/tickets/:id/watchers/:uid --> github.com/mark3748/helpdesk-go/cmd/api.(*App).mountAPI.Remove.func82 (6 handlers)
[GIN-debug] GET    /api/emails/outbound      --> github.com/mark3748/helpdesk-go/cmd/api.(*App).mountAPI.ListOutbound.func84 (7 handlers)
[GIN-debug] GET    /api/metrics/sla          --> github.com/mark3748/helpdesk-go/cmd/api.(*App).mountAPI.SLA.func86 (7 handlers)
[GIN-debug] GET    /api/metrics/resolution   --> github.com/mark3748/helpdesk-go/cmd/api.(*App).mountAPI.Resolution.func88 (7 handlers)
[GIN-debug] GET    /api/metrics/tickets      --> github.com/mark3748/helpdesk-go/cmd/api.(*App).mountAPI.TicketVolume.func90 (7 handlers)
[GIN-debug] GET    /api/metrics/dashboard    --> github.com/mark3748/helpdesk-go/cmd/api.(*App).mountAPI.Dashboard.func92 (7 handlers)
[GIN-debug] GET    /api/metrics/agent        --> github.com/mark3748/helpdesk-go/cmd/api.(*App).mountAPI.Agent.func94 (7 handlers)
[GIN-debug] GET    /api/metrics/manager      --> github.com/mark3748/helpdesk-go/cmd/api.(*App).mountAPI.Manager.func96 (7 handlers)
[GIN-debug] POST   /api/exports/tickets      --> github.com/mark3748/helpdesk-go/cmd/api.(*App).exportTicketsBridge-fm (7 handlers)
[GIN-debug] GET    /api/exports/tickets/:job_id --> github.com/mark3748/helpdesk-go/cmd/api.(*App).exportTicketsStatus-fm (7 handlers)
[GIN-debug] GET    /api/webhooks             --> github.com/mark3748/helpdesk-go/cmd/api.(*App).mountAPI.List.func100 (7 handlers)
[GIN-debug] POST   /api/webhooks             --> github.com/mark3748/helpdesk-go/cmd/api.(*App).mountAPI.Create.func102 (7 handlers)
[GIN-debug] DELETE /api/webhooks/:id         --> github.com/mark3748/helpdesk-go/cmd/api.(*App).mountAPI.Delete.func104 (7 handlers)
[GIN-debug] GET    /api/asset-categories     --> github.com/mark3748/helpdesk-go/cmd/api.(*App).mountAPI.ListCategories.func105 (6 handlers)
[GIN-debug] POST   /api/asset-categories     --> github.com/mark3748/helpdesk-go/cmd/api.(*App).mountAPI.CreateCategory.func107 (7 handlers)
[GIN-debug] GET    /api/asset-categories/:id --> github.com/mark3748/helpdesk-go/cmd/api.(*App).mountAPI.GetCategory.func108 (6 handlers)
[GIN-debug] GET    /api/assets               --> github.com/mark3748/helpdesk-go/cmd/api.(*App).mountAPI.ListAssets.func109 (6 handlers)
[GIN-debug] POST   /api/assets               --> github.com/mark3748/helpdesk-go/cmd/api.(*App).mountAPI.CreateAsset.func111 (7 handlers)
[GIN-debug] GET    /api/assets/:id           --> github.com/mark3748/helpdesk-go/cmd/api.(*App).mountAPI.GetAsset.func112 (6 handlers)
[GIN-debug] PATCH  /api/assets/:id           --> github.com/mark3748/helpdesk-go/cmd/api.(*App).mountAPI.UpdateAsset.func114 (7 handlers)
[GIN-debug] DELETE /api/assets/:id           --> github.com/mark3748/helpdesk-go/cmd/api.(*App).mountAPI.DeleteAsset.func116 (7 handlers)
[GIN-debug] POST   /api/assets/:id/assign    --> github.com/mark3748/helpdesk-go/cmd/api.(*App).mountAPI.AssignAsset.func118 (7 handlers)
[GIN-debug] GET    /api/assets/:id/history   --> github.com/mark3748/helpdesk-go/cmd/api.(*App).mountAPI.GetAssetHistory.func119 (6 handlers)
[GIN-debug] GET    /api/assets/:id/assignments --> github.com/mark3748/helpdesk-go/cmd/api.(*App).mountAPI.GetAssetAssignments.func120 (6 handlers)
[GIN-debug] GET    /api/assets/:id/attachments --> github.com/mark3748/helpdesk-go/cmd/api.(*App).mountAPI.ListAttachments.func121 (6 handlers)
[GIN-debug] POST   /api/assets/:id/attachments/presign --> github.com/mark3748/helpdesk-go/cmd/api.(*App).mountAPI.PresignAssetUpload.func123 (7 handlers)
[GIN-debug] POST   /api/assets/:id/attachments --> github.com/mark3748/helpdesk-go/cmd/api.(*App).mountAPI.FinalizeAssetAttachment.func125 (7 handlers)
[GIN-debug] GET    /api/assets/:id/attachments/:attachmentID --> github.com/mark3748/helpdesk-go/cmd/api.(*App).mountAPI.GetAssetAttachment.func126 (6 handlers)
[GIN-debug] DELETE /api/assets/:id/attachments/:attachmentID --> github.com/mark3748/helpdesk-go/cmd/api.(*App).mountAPI.DeleteAssetAttachment.func128 (7 handlers)
[GIN-debug] PUT    /api/assets/attachments/upload/:objectKey --> github.com/mark3748/helpdesk-go/cmd/api.(*App).mountAPI.UploadAssetObject.func129 (6 handlers)
[GIN-debug] POST   /api/assets/:id/status-change --> github.com/mark3748/helpdesk-go/cmd/api.(*App).mountAPI.RequestStatusChange.func131 (7 handlers)
[GIN-debug] POST   /api/workflows/:id/approve --> github.com/mark3748/helpdesk-go/cmd/api.(*App).mountAPI.ApproveWorkflow.func133 (7 handlers)
[GIN-debug] POST   /api/workflows/:id/reject --> github.com/mark3748/helpdesk-go/cmd/api.(*App).mountAPI.RejectWorkflow.func135 (7 handlers)
[GIN-debug] POST   /api/assets/:id/checkout  --> github.com/mark3748/helpdesk-go/cmd/api.(*App).mountAPI.CheckoutAsset.func137 (7 handlers)
[GIN-debug] POST   /api/assets/checkin       --> github.com/mark3748/helpdesk-go/cmd/api.(*App).mountAPI.CheckinAsset.func139 (7 handlers)
[GIN-debug] GET    /api/assets/checkouts/active --> github.com/mark3748/helpdesk-go/cmd/api.(*App).mountAPI.GetActiveCheckouts.func140 (6 handlers)
[GIN-debug] GET    /api/assets/checkouts/overdue --> github.com/mark3748/helpdesk-go/cmd/api.(*App).mountAPI.GetOverdueCheckouts.func141 (6 handlers)
[GIN-debug] POST   /api/assets/:id/relationships --> github.com/mark3748/helpdesk-go/cmd/api.(*App).mountAPI.CreateRelationship.func143 (7 handlers)
[GIN-debug] GET    /api/assets/:id/relationships/graph --> github.com/mark3748/helpdesk-go/cmd/api.(*App).mountAPI.GetRelationshipGraph.func144 (6 handlers)
[GIN-debug] GET    /api/assets/:id/impact-analysis --> github.com/mark3748/helpdesk-go/cmd/api.(*App).mountAPI.GetAssetImpactAnalysis.func145 (6 handlers)
[GIN-debug] POST   /api/assets/bulk/update   --> github.com/mark3748/helpdesk-go/cmd/api.(*App).mountAPI.BulkUpdateAssets.func147 (7 handlers)
[GIN-debug] POST   /api/assets/bulk/assign   --> github.com/mark3748/helpdesk-go/cmd/api.(*App).mountAPI.BulkAssignAssets.func149 (7 handlers)
[GIN-debug] GET    /api/assets/bulk/operations/:id --> github.com/mark3748/helpdesk-go/cmd/api.(*App).mountAPI.GetBulkOperation.func150 (6 handlers)
[GIN-debug] POST   /api/assets/import/preview --> github.com/mark3748/helpdesk-go/cmd/api.(*App).mountAPI.ImportAssetsPreview.func152 (7 handlers)
[GIN-debug] POST   /api/assets/import        --> github.com/mark3748/helpdesk-go/cmd/api.(*App).mountAPI.ImportAssets.func154 (7 handlers)
[GIN-debug] POST   /api/assets/export        --> github.com/mark3748/helpdesk-go/cmd/api.(*App).mountAPI.ExportAssets.func156 (7 handlers)
[GIN-debug] GET    /api/assets/:id/audit     --> github.com/mark3748/helpdesk-go/cmd/api.(*App).mountAPI.GetAuditHistory.func157 (6 handlers)
[GIN-debug] GET    /api/assets/audit/summary --> github.com/mark3748/helpdesk-go/cmd/api.(*App).mountAPI.GetAuditSummary.func159 (7 handlers)
[GIN-debug] GET    /api/assets/analytics     --> github.com/mark3748/helpdesk-go/cmd/api.(*App).mountAPI.GetAssetAnalytics.func161 (7 handlers)
[GIN-debug] GET    /api/problems             --> github.com/mark3748/helpdesk-go/cmd/api.(*App).mountAPI.List.func162 (6 handlers)
[GIN-debug] POST   /api/problems             --> github.com/mark3748/helpdesk-go/cmd/api.(*App).mountAPI.Create.func163 (6 handlers)
[GIN-debug] GET    /api/problems/:id         --> github.com/mark3748/helpdesk-go/cmd/api.(*App).mountAPI.Get.func164 (6 handlers)
[GIN-debug] PUT    /api/problems/:id         --> github.com/mark3748/helpdesk-go/cmd/api.(*App).mountAPI.Update.func165 (6 handlers)
[GIN-debug] DELETE /api/problems/:id         --> github.com/mark3748/helpdesk-go/cmd/api.(*App).mountAPI.Delete.func166 (6 handlers)
[GIN-debug] GET    /api/changes              --> github.com/mark3748/helpdesk-go/cmd/api.(*App).mountAPI.List.func167 (6 handlers)
[GIN-debug] POST   /api/changes              --> github.com/mark3748/helpdesk-go/cmd/api.(*App).mountAPI.Create.func168 (6 handlers)
[GIN-debug] GET    /api/changes/:id          --> github.com/mark3748/helpdesk-go/cmd/api.(*App).mountAPI.Get.func169 (6 handlers)
[GIN-debug] PUT    /api/changes/:id          --> github.com/mark3748/helpdesk-go/cmd/api.(*App).mountAPI.Update.func170 (6 handlers)
[GIN-debug] DELETE /api/changes/:id          --> github.com/mark3748/helpdesk-go/cmd/api.(*App).mountAPI.Delete.func171 (6 handlers)
[GIN-debug] GET    /api/releases             --> github.com/mark3748/helpdesk-go/cmd/api.(*App).mountAPI.List.func172 (6 handlers)
[GIN-debug] POST   /api/releases             --> github.com/mark3748/helpdesk-go/cmd/api.(*App).mountAPI.Create.func173 (6 handlers)
[GIN-debug] GET    /api/releases/:id         --> github.com/mark3748/helpdesk-go/cmd/api.(*App).mountAPI.Get.func174 (6 handlers)
[GIN-debug] PUT    /api/releases/:id         --> github.com/mark3748/helpdesk-go/cmd/api.(*App).mountAPI.Update.func175 (6 handlers)
[GIN-debug] DELETE /api/releases/:id         --> github.com/mark3748/helpdesk-go/cmd/api.(*App).mountAPI.Delete.func176 (6 handlers)
{"level":"info","request_id":"001fde7c-b1a0-42eb-abb7-320563e74656","method":"GET","path":"/tickets","status":200,"duration":0.016492,"time":"2025-12-20T00:53:51-07:00","message":"request"}
[GIN-debug] [WARNING] Running in "debug" mode. Switch to "release" mode in production.
 - using env:	export GIN_MODE=release
 - using code:	gin.SetMode(gin.ReleaseMode)

[GIN-debug] GET    /livez                    --> github.com/mark3748/helpdesk-go/cmd/api.(*App).mountAPI.func1 (5 handlers)
[GIN-debug] GET    /readyz                   --> github.com/mark3748/helpdesk-go/cmd/api.(*App).readyz-fm (5 handlers)
[GIN-debug] GET    /healthz                  --> github.com/mark3748/helpdesk-go/cmd/api.(*App).mountAPI.func2 (5 handlers)
[GIN-debug] GET    /csat/:token              --> github.com/mark3748/helpdesk-go/cmd/api.(*App).csatForm-fm (5 handlers)
[GIN-debug] POST   /csat/:token              --> github.com/mark3748/helpdesk-go/cmd/api.(*App).submitCSAT-fm (5 handlers)
[GIN-debug] GET    /metrics                  --> github.com/mark3748/helpdesk-go/cmd/api.(*App).mountAPI.WrapH.func9 (5 handlers)
[GIN-debug] GET    /swagger/*filepath        --> github.com/gin-gonic/gin.(*RouterGroup).createStaticHandler.func1 (5 handlers)
[GIN-debug] HEAD   /swagger/*filepath        --> github.com/gin-gonic/gin.(*RouterGroup).createStaticHandler.func1 (5 handlers)
[GIN-debug] GET    /docs                     --> github.com/mark3748/helpdesk-go/cmd/api.(*App).docsUI-fm (5 handlers)
[GIN-debug] GET    /openapi.yaml             --> github.com/mark3748/helpdesk-go/cmd/api.(*App).openapiSpec-fm (5 handlers)
[GIN-debug] POST   /webhooks/email-inbound   --> github.com/mark3748/helpdesk-go/cmd/api.(*App).mountAPI.EmailInbound.func18 (5 handlers)
[GIN-debug] GET    /me                       --> github.com/mark3748/helpdesk-go/cmd/api/auth.Me (6 handlers)
[GIN-debug] GET    /me/profile               --> github.com/mark3748/helpdesk-go/cmd/api.(*App).getMyProfile-fm (6 handlers)
[GIN-debug] PATCH  /me/profile               --> github.com/mark3748/helpdesk-go/cmd/api.(*App).updateMyProfile-fm (6 handlers)
[GIN-debug] POST   /me/password              --> github.com/mark3748/helpdesk-go/cmd/api.(*App).changeMyPassword-fm (6 handlers)
[GIN-debug] GET    /events                   --> github.com/mark3748/helpdesk-go/cmd/api.(*App).mountAPI.Events.func20 (6 handlers)
[GIN-debug] GET    /settings                 --> github.com/mark3748/helpdesk-go/cmd/api/handlers.GetSettings (7 handlers)
[GIN-debug] GET    /features                 --> github.com/mark3748/helpdesk-go/cmd/api.(*App).mountAPI.Features.func22 (6 handlers)
[GIN-debug] POST   /test-connection          --> github.com/mark3748/helpdesk-go/cmd/api/handlers.TestConnection (7 handlers)
[GIN-debug] POST   /settings/storage         --> github.com/mark3748/helpdesk-go/cmd/api/handlers.SaveStorageSettings (7 handlers)
[GIN-debug] POST   /settings/oidc            --> github.com/mark3748/helpdesk-go/cmd/api/handlers.SaveOIDCSettings (7 handlers)
[GIN-debug] POST   /settings/mail            --> github.com/mark3748/helpdesk-go/cmd/api/handlers.SaveMailSettings (7 handlers)
[GIN-debug] POST   /settings/mail/send-test  --> github.com/mark3748/helpdesk-go/cmd/api/handlers.SendTestMail (7 handlers)
[GIN-debug] GET    /users/:id/roles          --> github.com/mark3748/helpdesk-go/cmd/api.(*App).mountAPI.ListUserRoles.func29 (7 handlers)
[GIN-debug] POST   /users/:id/roles          --> github.com/mark3748/helpdesk-go/cmd/api.(*App).mountAPI.AddUserRole.func31 (7 handlers)
[GIN-debug] DELETE /users/:id/roles/:role    --> github.com/mark3748/helpdesk-go/cmd/api.(*App).mountAPI.RemoveUserRole.func33 (7 handlers)
[GIN-debug] GET    /users                    --> github.com/mark3748/helpdesk-go/cmd/api.(*App).mountAPI.List.func35 (7 handlers)
[GIN-debug] GET    /users/:id                --> github.com/mark3748/helpdesk-go/cmd/api.(*App).mountAPI.Get.func37 (7 handlers)
[GIN-debug] POST   /users                    --> github.com/mark3748/helpdesk-go/cmd/api.(*App).mountAPI.CreateLocal.func39 (7 handlers)
[GIN-debug] GET    /roles                    --> github.com/mark3748/helpdesk-go/cmd/api.(*App).mountAPI.List.func41 (7 handlers)
[GIN-debug] GET    /requesters               --> github.com/mark3748/helpdesk-go/cmd/api.(*App).mountAPI.Search.func42 (6 handlers)
[GIN-debug] GET    /requesters/:id           --> github.com/mark3748/helpdesk-go/cmd/api.(*App).getRequester-fm (6 handlers)
[GIN-debug] POST   /requesters               --> github.com/mark3748/helpdesk-go/cmd/api.(*App).createRequester-fm (7 handlers)
[GIN-debug] PATCH  /requesters/:id           --> github.com/mark3748/helpdesk-go/cmd/api.(*App).updateRequester-fm (7 handlers)
[GIN-debug] GET    /teams                    --> github.com/mark3748/helpdesk-go/cmd/api.(*App).mountAPI.List.func45 (6 handlers)
[GIN-debug] GET    /slas                     --> github.com/mark3748/helpdesk-go/cmd/api.(*App).mountAPI.List.func46 (6 handlers)
[GIN-debug] GET    /kb                       --> github.com/mark3748/helpdesk-go/cmd/api.(*App).mountAPI.Search.func47 (6 handlers)
[GIN-debug] GET    /kb/:slug                 --> github.com/mark3748/helpdesk-go/cmd/api.(*App).mountAPI.Get.func48 (6 handlers)
[GIN-debug] POST   /kb                       --> github.com/mark3748/helpdesk-go/cmd/api.(*App).mountAPI.Create.func50 (7 handlers)
[GIN-debug] PUT    /kb/:slug                 --> github.com/mark3748/helpdesk-go/cmd/api.(*App).mountAPI.Update.func52 (7 handlers)
[GIN-debug] DELETE /kb/:slug                 --> github.com/mark3748/helpdesk-go/cmd/api.(*App).mountAPI.Delete.func54 (7 handlers)
[GIN-debug] GET    /tickets                  --> github.com/mark3748/helpdesk-go/cmd/api.(*App).mountAPI.List.func55 (6 handlers)
[GIN-debug] POST   /tickets                  --> github.com/mark3748/helpdesk-go/cmd/api.(*App).mountAPI.Create.func59 (6 handlers)
[GIN-debug] GET    /tickets/:id              --> github.com/mark3748/helpdesk-go/cmd/api.(*App).mountAPI.Get.func60 (6 handlers)
[GIN-debug] PATCH  /tickets/:id              --> github.com/mark3748/helpdesk-go/cmd/api.(*App).mountAPI.Update.func62 (7 handlers)
[GIN-debug] GET    /tickets/:id/comments     --> github.com/mark3748/helpdesk-go/cmd/api.(*App).mountAPI.List.func63 (6 handlers)
[GIN-debug] POST   /tickets/:id/comments     --> github.com/mark3748/helpdesk-go/cmd/api.(*App).mountAPI.Add.func64 (6 handlers)
[GIN-debug] GET    /tickets/:id/attachments  --> github.com/mark3748/helpdesk-go/cmd/api.(*App).mountAPI.List.func65 (6 handlers)
[GIN-debug] POST   /tickets/:id/attachments/presign --> github.com/mark3748/helpdesk-go/cmd/api.(*App).mountAPI.Presign.func75 (6 handlers)
[GIN-debug] POST   /tickets/:id/attachments  --> github.com/mark3748/helpdesk-go/cmd/api.(*App).mountAPI.Finalize.func76 (6 handlers)
[GIN-debug] GET    /tickets/:id/attachments/:attID --> github.com/mark3748/helpdesk-go/cmd/api.(*App).mountAPI.Get.func77 (6 handlers)
[GIN-debug] PUT    /attachments/upload/:objectKey --> github.com/mark3748/helpdesk-go/cmd/api.(*App).mountAPI.UploadObject.func78 (6 handlers)
[GIN-debug] DELETE /tickets/:id/attachments/:attID --> github.com/mark3748/helpdesk-go/cmd/api.(*App).mountAPI.Delete.func79 (6 handlers)
[GIN-debug] GET    /tickets/:id/watchers     --> github.com/mark3748/helpdesk-go/cmd/api.(*App).mountAPI.List.func80 (6 handlers)
[GIN-debug] POST   /tickets/:id/watchers     --> github.com/mark3748/helpdesk-go/cmd/api.(*App).mountAPI.Add.func81 (6 handlers)
[GIN-debug] DELETE /tickets/:id/watchers/:uid --> github.com/mark3748/helpdesk-go/cmd/api.(*App).mountAPI.Remove.func82 (6 handlers)
[GIN-debug] GET    /emails/outbound          --> github.com/mark3748/helpdesk-go/cmd/api.(*App).mountAPI.ListOutbound.func84 (7 handlers)
[GIN-debug] GET    /metrics/sla              --> github.com/mark3748/helpdesk-go/cmd/api.(*App).mountAPI.SLA.func86 (7 handlers)
[GIN-debug] GET    /metrics/resolution       --> github.com/mark3748/helpdesk-go/cmd/api.(*App).mountAPI.Resolution.func88 (7 handlers)
[GIN-debug] GET    /metrics/tickets          --> github.com/mark3748/helpdesk-go/cmd/api.(*App).mountAPI.TicketVolume.func90 (7 handlers)
[GIN-debug] GET    /metrics/dashboard        --> github.com/mark3748/helpdesk-go/cmd/api.(*App).mountAPI.Dashboard.func92 (7 handlers)
[GIN-debug] GET    /metrics/agent            --> github.com/mark3748/helpdesk-go/cmd/api.(*App).mountAPI.Agent.func94 (7 handlers)
[GIN-debug] GET    /metrics/manager          --> github.com/mark3748/helpdesk-go/cmd/api.(*App).mountAPI.Manager.func96 (7 handlers)
[GIN-debug] POST   /exports/tickets          --> github.com/mark3748/helpdesk-go/cmd/api.(*App).exportTicketsBridge-fm (7 handlers)
[GIN-debug] GET    /exports/tickets/:job_id  --> github.com/mark3748/helpdesk-go/cmd/api.(*App).exportTicketsStatus-fm (7 handlers)
[GIN-debug] GET    /webhooks                 --> github.com/mark3748/helpdesk-go/cmd/api.(*App).mountAPI.List.func100 (7 handlers)
[GIN-debug] POST   /webhooks                 --> github.com/mark3748/helpdesk-go/cmd/api.(*App).mountAPI.Create.func102 (7 handlers)
[GIN-debug] DELETE /webhooks/:id             --> github.com/mark3748/helpdesk-go/cmd/api.(*App).mountAPI.Delete.func104 (7 handlers)
[GIN-debug] GET    /asset-categories         --> github.com/mark3748/helpdesk-go/cmd/api.(*App).mountAPI.ListCategories.func105 (6 handlers)
[GIN-debug] POST   /asset-categories         --> github.com/mark3748/helpdesk-go/cmd/api.(*App).mountAPI.CreateCategory.func107 (7 handlers)
[GIN-debug] GET    /asset-categories/:id     --> github.com/mark3748/helpdesk-go/cmd/api.(*App).mountAPI.GetCategory.func108 (6 handlers)
[GIN-debug] GET    /assets                   --> github.com/mark3748/helpdesk-go/cmd/api.(*App).mountAPI.ListAssets.func109 (6 handlers)
[GIN-debug] POST   /assets                   --> github.com/mark3748/helpdesk-go/cmd/api.(*App).mountAPI.CreateAsset.func111 (7 handlers)
[GIN-debug] GET    /assets/:id               --> github.com/mark3748/helpdesk-go/cmd/api.(*App).mountAPI.GetAsset.func112 (6 handlers)
[GIN-debug] PATCH  /assets/:id               --> github.com/mark3748/helpdesk-go/cmd/api.(*App).mountAPI.UpdateAsset.func114 (7 handlers)
[GIN-debug] DELETE /assets/:id               --> github.com/mark3748/helpdesk-go/cmd/api.(*App).mountAPI.DeleteAsset.func116 (7 handlers)
[GIN-debug] POST   /assets/:id/assign        --> github.com/mark3748/helpdesk-go/cmd/api.(*App).mountAPI.AssignAsset.func118 (7 handlers)
[GIN-debug] GET    /assets/:id/history       --> github.com/mark3748/helpdesk-go/cmd/api.(*App).mountAPI.GetAssetHistory.func119 (6 handlers)
[GIN-debug] GET    /assets/:id/assignments   --> github.com/mark3748/helpdesk-go/cmd/api.(*App).mountAPI.GetAssetAssignments.func120 (6 handlers)
[GIN-debug] GET    /assets/:id/attachments   --> github.com/mark3748/helpdesk-go/cmd/api.(*App).mountAPI.ListAttachments.func121 (6 handlers)
[GIN-debug] POST   /assets/:id/attachments/presign --> github.com/mark3748/helpdesk-go/cmd/api.(*App).mountAPI.PresignAssetUpload.func123 (7 handlers)
[GIN-debug] POST   /assets/:id/attachments   --> github.com/mark3748/helpdesk-go/cmd/api.(*App).mountAPI.FinalizeAssetAttachment.func125 (7 handlers)
[GIN-debug] GET    /assets/:id/attachments/:attachmentID --> github.com/mark3748/helpdesk-go/cmd/api.(*App).mountAPI.GetAssetAttachment.func126 (6 handlers)
[GIN-debug] DELETE /assets/:id/attachments/:attachmentID --> github.com/mark3748/helpdesk-go/cmd/api.(*App).mountAPI.DeleteAssetAttachment.func128 (7 handlers)
[GIN-debug] PUT    /assets/attachments/upload/:objectKey --> github.com/mark3748/helpdesk-go/cmd/api.(*App).mountAPI.UploadAssetObject.func129 (6 handlers)
[GIN-debug] POST   /assets/:id/status-change --> github.com/mark3748/helpdesk-go/cmd/api.(*App).mountAPI.RequestStatusChange.func131 (7 handlers)
[GIN-debug] POST   /workflows/:id/approve    --> github.com/mark3748/helpdesk-go/cmd/api.(*App).mountAPI.ApproveWorkflow.func133 (7 handlers)
[GIN-debug] POST   /workflows/:id/reject     --> github.com/mark3748/helpdesk-go/cmd/api.(*App).mountAPI.RejectWorkflow.func135 (7 handlers)
[GIN-debug] POST   /assets/:id/checkout      --> github.com/mark3748/helpdesk-go/cmd/api.(*App).mountAPI.CheckoutAsset.func137 (7 handlers)
[GIN-debug] POST   /assets/checkin           --> github.com/mark3748/helpdesk-go/cmd/api.(*App).mountAPI.CheckinAsset.func139 (7 handlers)
[GIN-debug] GET    /assets/checkouts/active  --> github.com/mark3748/helpdesk-go/cmd/api.(*App).mountAPI.GetActiveCheckouts.func140 (6 handlers)
[GIN-debug] GET    /assets/checkouts/overdue --> github.com/mark3748/helpdesk-go/cmd/api.(*App).mountAPI.GetOverdueCheckouts.func141 (6 handlers)
[GIN-debug] POST   /assets/:id/relationships --> github.com/mark3748/helpdesk-go/cmd/api.(*App).mountAPI.CreateRelationship.func143 (7 handlers)
[GIN-debug] GET    /assets/:id/relationships/graph --> github.com/mark3748/helpdesk-go/cmd/api.(*App).mountAPI.GetRelationshipGraph.func144 (6 handlers)
[GIN-debug] GET    /assets/:id/impact-analysis --> github.com/mark3748/helpdesk-go/cmd/api.(*App).mountAPI.GetAssetImpactAnalysis.func145 (6 handlers)
[GIN-debug] POST   /assets/bulk/update       --> github.com/mark3748/helpdesk-go/cmd/api.(*App).mountAPI.BulkUpdateAssets.func147 (7 handlers)
[GIN-debug] POST   /assets/bulk/assign       --> github.com/mark3748/helpdesk-go/cmd/api.(*App).mountAPI.BulkAssignAssets.func149 (7 handlers)
[GIN-debug] GET    /assets/bulk/operations/:id --> github.com/mark3748/helpdesk-go/cmd/api.(*App).mountAPI.GetBulkOperation.func150 (6 handlers)
[GIN-debug] POST   /assets/import/preview    --> github.com/mark3748/helpdesk-go/cmd/api.(*App).mountAPI.ImportAssetsPreview.func152 (7 handlers)
[GIN-debug] POST   /assets/import            --> github.com/mark3748/helpdesk-go/cmd/api.(*App).mountAPI.ImportAssets.func154 (7 handlers)
[GIN-debug] POST   /assets/export            --> github.com/mark3748/helpdesk-go/cmd/api.(*App).mountAPI.ExportAssets.func156 (7 handlers)
[GIN-debug] GET    /assets/:id/audit         --> github.com/mark3748/helpdesk-go/cmd/api.(*App).mountAPI.GetAuditHistory.func157 (6 handlers)
[GIN-debug] GET    /assets/audit/summary     --> github.com/mark3748/helpdesk-go/cmd/api.(*App).mountAPI.GetAuditSummary.func159 (7 handlers)
[GIN-debug] GET    /assets/analytics         --> github.com/mark3748/helpdesk-go/cmd/api.(*App).mountAPI.GetAssetAnalytics.func161 (7 handlers)
[GIN-debug] GET    /problems                 --> github.com/mark3748/helpdesk-go/cmd/api.(*App).mountAPI.List.func162 (6 handlers)
[GIN-debug] POST   /problems                 --> github.com/mark3748/helpdesk-go/cmd/api.(*App).mountAPI.Create.func163 (6 handlers)
[GIN-debug] GET    /problems/:id             --> github.com/mark3748/helpdesk-go/cmd/api.(*App).mountAPI.Get.func164 (6 handlers)
[GIN-debug] PUT    /problems/:id             --> github.com/mark3748/helpdesk-go/cmd/api.(*App).mountAPI.Update.func165 (6 handlers)
[GIN-debug] DELETE /problems/:id             --> github.com/mark3748/helpdesk-go/cmd/api.(*App).mountAPI.Delete.func166 (6 handlers)
[GIN-debug] GET    /changes                  --> github.com/mark3748/helpdesk-go/cmd/api.(*App).mountAPI.List.func167 (6 handlers)
[GIN-debug] POST   /changes                  --> github.com/mark3748/helpdesk-go/cmd/api.(*App).mountAPI.Create.func168 (6 handlers)
[GIN-debug] GET    /changes/:id              --> github.com/mark3748/helpdesk-go/cmd/api.(*App).mountAPI.Get.func169 (6 handlers)
[GIN-debug] PUT    /changes/:id              --> github.com/mark3748/helpdesk-go/cmd/api.(*App).mountAPI.Update.func170 (6 handlers)
[GIN-debug] DELETE /changes/:id              --> github.com/mark3748/helpdesk-go/cmd/api.(*App).mountAPI.Delete.func171 (6 handlers)
[GIN-debug] GET    /releases                 --> github.com/mark3748/helpdesk-go/cmd/api.(*App).mountAPI.List.func172 (6 handlers)
[GIN-debug] POST   /releases                 --> github.com/mark3748/helpdesk-go/cmd/api.(*App).mountAPI.Create.func173 (6 handlers)
[GIN-debug] GET    /releases/:id             --> github.com/mark3748/helpdesk-go/cmd/api.(*App).mountAPI.Get.func174 (6 handlers)
[GIN-debug] PUT    /releases/:id             --> github.com/mark3748/helpdesk-go/cmd/api.(*App).mountAPI.Update.func175 (6 handlers)
[GIN-debug] DELETE /releases/:id             --> github.com/mark3748/helpdesk-go/cmd/api.(*App).mountAPI.Delete.func176 (6 handlers)
[GIN-debug] GET    /api/livez                --> github.com/mark3748/helpdesk-go/cmd/api.(*App).mountAPI.func1 (5 handlers)
[GIN-debug] GET    /api/readyz               --> github.com/mark3748/helpdesk-go/cmd/api.(*App).readyz-fm (5 handlers)
[GIN-debug] GET    /api/healthz              --> github.com/mark3748/helpdesk-go/cmd/api.(*App).mountAPI.func2 (5 handlers)
[GIN-debug] GET    /api/csat/:token          --> github.com/mark3748/helpdesk-go/cmd/api.(*App).csatForm-fm (5 handlers)
[GIN-debug] POST   /api/csat/:token          --> github.com/mark3748/helpdesk-go/cmd/api.(*App).submitCSAT-fm (5 handlers)
[GIN-debug] GET    /api/metrics              --> github.com/mark3748/helpdesk-go/cmd/api.(*App).mountAPI.WrapH.func9 (5 handlers)
[GIN-debug] GET    /api/swagger/*filepath    --> github.com/gin-gonic/gin.(*RouterGroup).createStaticHandler.func1 (5 handlers)
[GIN-debug] HEAD   /api/swagger/*filepath    --> github.com/gin-gonic/gin.(*RouterGroup).createStaticHandler.func1 (5 handlers)
[GIN-debug] GET    /api/docs                 --> github.com/mark3748/helpdesk-go/cmd/api.(*App).docsUI-fm (5 handlers)
[GIN-debug] GET    /api/openapi.yaml         --> github.com/mark3748/helpdesk-go/cmd/api.(*App).openapiSpec-fm (5 handlers)
[GIN-debug] POST   /api/webhooks/email-inbound --> github.com/mark3748/helpdesk-go/cmd/api.(*App).mountAPI.EmailInbound.func18 (5 handlers)
[GIN-debug] GET    /api/me                   --> github.com/mark3748/helpdesk-go/cmd/api/auth.Me (6 handlers)
[GIN-debug] GET    /api/me/profile           --> github.com/mark3748/helpdesk-go/cmd/api.(*App).getMyProfile-fm (6 handlers)
[GIN-debug] PATCH  /api/me/profile           --> github.com/mark3748/helpdesk-go/cmd/api.(*App).updateMyProfile-fm (6 handlers)
[GIN-debug] POST   /api/me/password          --> github.com/mark3748/helpdesk-go/cmd/api.(*App).changeMyPassword-fm (6 handlers)
[GIN-debug] GET    /api/events               --> github.com/mark3748/helpdesk-go/cmd/api.(*App).mountAPI.Events.func20 (6 handlers)
[GIN-debug] GET    /api/settings             --> github.com/mark3748/helpdesk-go/cmd/api/handlers.GetSettings (7 handlers)
[GIN-debug] GET    /api/features             --> github.com/mark3748/helpdesk-go/cmd/api.(*App).mountAPI.Features.func22 (6 handlers)
[GIN-debug] POST   /api/test-connection      --> github.com/mark3748/helpdesk-go/cmd/api/handlers.TestConnection (7 handlers)
[GIN-debug] POST   /api/settings/storage     --> github.com/mark3748/helpdesk-go/cmd/api/handlers.SaveStorageSettings (7 handlers)
[GIN-debug] POST   /api/settings/oidc        --> github.com/mark3748/helpdesk-go/cmd/api/handlers.SaveOIDCSettings (7 handlers)
[GIN-debug] POST   /api/settings/mail        --> github.com/mark3748/helpdesk-go/cmd/api/handlers.SaveMailSettings (7 handlers)
[GIN-debug] POST   /api/settings/mail/send-test --> github.com/mark3748/helpdesk-go/cmd/api/handlers.SendTestMail (7 handlers)
[GIN-debug] GET    /api/users/:id/roles      --> github.com/mark3748/helpdesk-go/cmd/api.(*App).mountAPI.ListUserRoles.func29 (7 handlers)
[GIN-debug] POST   /api/users/:id/roles      --> github.com/mark3748/helpdesk-go/cmd/api.(*App).mountAPI.AddUserRole.func31 (7 handlers)
[GIN-debug] DELETE /api/users/:id/roles/:role --> github.com/mark3748/helpdesk-go/cmd/api.(*App).mountAPI.RemoveUserRole.func33 (7 handlers)
[GIN-debug] GET    /api/users                --> github.com/mark3748/helpdesk-go/cmd/api.(*App).mountAPI.List.func35 (7 handlers)
[GIN-debug] GET    /api/users/:id            --> github.com/mark3748/helpdesk-go/cmd/api.(*App).mountAPI.Get.func37 (7 handlers)
[GIN-debug] POST   /api/users                --> github.com/mark3748/helpdesk-go/cmd/api.(*App).mountAPI.CreateLocal.func39 (7 handlers)
[GIN-debug] GET    /api/roles                --> github.com/mark3748/helpdesk-go/cmd/api.(*App).mountAPI.List.func41 (7 handlers)
[GIN-debug] GET    /api/requesters           --> github.com/mark3748/helpdesk-go/cmd/api.(*App).mountAPI.Search.func42 (6 handlers)
[GIN-debug] GET    /api/requesters/:id       --> github.com/mark3748/helpdesk-go/cmd/api.(*App).getRequester-fm (6 handlers)
[GIN-debug] POST   /api/requesters           --> github.com/mark3748/helpdesk-go/cmd/api.(*App).createRequester-fm (7 handlers)
[GIN-debug] PATCH  /api/requesters/:id       --> github.com/mark3748/helpdesk-go/cmd/api.(*App).updateRequester-fm (7 handlers)
[GIN-debug] GET    /api/teams                --> github.com/mark3748/helpdesk-go/cmd/api.(*App).mountAPI.List.func45 (6 handlers)
[GIN-debug] GET    /api/slas                 --> github.com/mark3748/helpdesk-go/cmd/api.(*App).mountAPI.List.func46 (6 handlers)
[GIN-debug] GET    /api/kb                   --> github.com/mark3748/helpdesk-go/cmd/api.(*App).mountAPI.Search.func47 (6 handlers)
[GIN-debug] GET    /api/kb/:slug             --> github.com/mark3748/helpdesk-go/cmd/api.(*App).mountAPI.Get.func48 (6 handlers)
[GIN-debug] POST   /api/kb                   --> github.com/mark3748/helpdesk-go/cmd/api.(*App).mountAPI.Create.func50 (7 handlers)
[GIN-debug] PUT    /api/kb/:slug             --> github.com/mark3748/helpdesk-go/cmd/api.(*App).mountAPI.Update.func52 (7 handlers)
[GIN-debug] DELETE /api/kb/:slug             --> github.com/mark3748/helpdesk-go/cmd/api.(*App).mountAPI.Delete.func54 (7 handlers)
[GIN-debug] GET    /api/tickets              --> github.com/mark3748/helpdesk-go/cmd/api.(*App).mountAPI.List.func55 (6 handlers)
[GIN-debug] POST   /api/tickets              --> github.com/mark3748/helpdesk-go/cmd/api.(*App).mountAPI.Create.func59 (6 handlers)
[GIN-debug] GET    /api/tickets/:id          --> github.com/mark3748/helpdesk-go/cmd/api.(*App).mountAPI.Get.func60 (6 handlers)
[GIN-debug] PATCH  /api/tickets/:id          --> github.com/mark3748/helpdesk-go/cmd/api.(*App).mountAPI.Update.func62 (7 handlers)
[GIN-debug] GET    /api/tickets/:id/comments --> github.com/mark3748/helpdesk-go/cmd/api.(*App).mountAPI.List.func63 (6 handlers)
[GIN-debug] POST   /api/tickets/:id/comments --> github.com/mark3748/helpdesk-go/cmd/api.(*App).mountAPI.Add.func64 (6 handlers)
[GIN-debug] GET    /api/tickets/:id/attachments --> github.com/mark3748/helpdesk-go/cmd/api.(*App).mountAPI.List.func65 (6 handlers)
[GIN-debug] POST   /api/tickets/:id/attachments/presign --> github.com/mark3748/helpdesk-go/cmd/api.(*App).mountAPI.Presign.func75 (6 handlers)
[GIN-debug] POST   /api/tickets/:id/attachments --> github.com/mark3748/helpdesk-go/cmd/api.(*App).mountAPI.Finalize.func76 (6 handlers)
[GIN-debug] GET    /api/tickets/:id/attachments/:attID --> github.com/mark3748/helpdesk-go/cmd/api.(*App).mountAPI.Get.func77 (6 handlers)
[GIN-debug] PUT    /api/attachments/upload/:objectKey --> github.com/mark3748/helpdesk-go/cmd/api.(*App).mountAPI.UploadObject.func78 (6 handlers)
[GIN-debug] DELETE /api/tickets/:id/attachments/:attID --> github.com/mark3748/helpdesk-go/cmd/api.(*App).mountAPI.Delete.func79 (6 handlers)
[GIN-debug] GET    /api/tickets/:id/watchers --> github.com/mark3748/helpdesk-go/cmd/api.(*App).mountAPI.List.func80 (6 handlers)
[GIN-debug] POST   /api/tickets/:id/watchers --> github.com/mark3748/helpdesk-go/cmd/api.(*App).mountAPI.Add.func81 (6 handlers)
[GIN-debug] DELETE /api/tickets/:id/watchers/:uid --> github.com/mark3748/helpdesk-go/cmd/api.(*App).mountAPI.Remove.func82 (6 handlers)
[GIN-debug] GET    /api/emails/outbound      --> github.com/mark3748/helpdesk-go/cmd/api.(*App).mountAPI.ListOutbound.func84 (7 handlers)
[GIN-debug] GET    /api/metrics/sla          --> github.com/mark3748/helpdesk-go/cmd/api.(*App).mountAPI.SLA.func86 (7 handlers)
[GIN-debug] GET    /api/metrics/resolution   --> github.com/mark3748/helpdesk-go/cmd/api.(*App).mountAPI.Resolution.func88 (7 handlers)
[GIN-debug] GET    /api/metrics/tickets      --> github.com/mark3748/helpdesk-go/cmd/api.(*App).mountAPI.TicketVolume.func90 (7 handlers)
[GIN-debug] GET    /api/metrics/dashboard    --> github.com/mark3748/helpdesk-go/cmd/api.(*App).mountAPI.Dashboard.func92 (7 handlers)
[GIN-debug] GET    /api/metrics/agent        --> github.com/mark3748/helpdesk-go/cmd/api.(*App).mountAPI.Agent.func94 (7 handlers)
[GIN-debug] GET    /api/metrics/manager      --> github.com/mark3748/helpdesk-go/cmd/api.(*App).mountAPI.Manager.func96 (7 handlers)
[GIN-debug] POST   /api/exports/tickets      --> github.com/mark3748/helpdesk-go/cmd/api.(*App).exportTicketsBridge-fm (7 handlers)
[GIN-debug] GET    /api/exports/tickets/:job_id --> github.com/mark3748/helpdesk-go/cmd/api.(*App).exportTicketsStatus-fm (7 handlers)
[GIN-debug] GET    /api/webhooks             --> github.com/mark3748/helpdesk-go/cmd/api.(*App).mountAPI.List.func100 (7 handlers)
[GIN-debug] POST   /api/webhooks             --> github.com/mark3748/helpdesk-go/cmd/api.(*App).mountAPI.Create.func102 (7 handlers)
[GIN-debug] DELETE /api/webhooks/:id         --> github.com/mark3748/helpdesk-go/cmd/api.(*App).mountAPI.Delete.func104 (7 handlers)
[GIN-debug] GET    /api/asset-categories     --> github.com/mark3748/helpdesk-go/cmd/api.(*App).mountAPI.ListCategories.func105 (6 handlers)
[GIN-debug] POST   /api/asset-categories     --> github.com/mark3748/helpdesk-go/cmd/api.(*App).mountAPI.CreateCategory.func107 (7 handlers)
[GIN-debug] GET    /api/asset-categories/:id --> github.com/mark3748/helpdesk-go/cmd/api.(*App).mountAPI.GetCategory.func108 (6 handlers)
[GIN-debug] GET    /api/assets               --> github.com/mark3748/helpdesk-go/cmd/api.(*App).mountAPI.ListAssets.func109 (6 handlers)
[GIN-debug] POST   /api/assets               --> github.com/mark3748/helpdesk-go/cmd/api.(*App).mountAPI.CreateAsset.func111 (7 handlers)
[GIN-debug] GET    /api/assets/:id           --> github.com/mark3748/helpdesk-go/cmd/api.(*App).mountAPI.GetAsset.func112 (6 handlers)
[GIN-debug] PATCH  /api/assets/:id           --> github.com/mark3748/helpdesk-go/cmd/api.(*App).mountAPI.UpdateAsset.func114 (7 handlers)
[GIN-debug] DELETE /api/assets/:id           --> github.com/mark3748/helpdesk-go/cmd/api.(*App).mountAPI.DeleteAsset.func116 (7 handlers)
[GIN-debug] POST   /api/assets/:id/assign    --> github.com/mark3748/helpdesk-go/cmd/api.(*App).mountAPI.AssignAsset.func118 (7 handlers)
[GIN-debug] GET    /api/assets/:id/history   --> github.com/mark3748/helpdesk-go/cmd/api.(*App).mountAPI.GetAssetHistory.func119 (6 handlers)
[GIN-debug] GET    /api/assets/:id/assignments --> github.com/mark3748/helpdesk-go/cmd/api.(*App).mountAPI.GetAssetAssignments.func120 (6 handlers)
[GIN-debug] GET    /api/assets/:id/attachments --> github.com/mark3748/helpdesk-go/cmd/api.(*App).mountAPI.ListAttachments.func121 (6 handlers)
[GIN-debug] POST   /api/assets/:id/attachments/presign --> github.com/mark3748/helpdesk-go/cmd/api.(*App).mountAPI.PresignAssetUpload.func123 (7 handlers)
[GIN-debug] POST   /api/assets/:id/attachments --> github.com/mark3748/helpdesk-go/cmd/api.(*App).mountAPI.FinalizeAssetAttachment.func125 (7 handlers)
[GIN-debug] GET    /api/assets/:id/attachments/:attachmentID --> github.com/mark3748/helpdesk-go/cmd/api.(*App).mountAPI.GetAssetAttachment.func126 (6 handlers)
[GIN-debug] DELETE /api/assets/:id/attachments/:attachmentID --> github.com/mark3748/helpdesk-go/cmd/api.(*App).mountAPI.DeleteAssetAttachment.func128 (7 handlers)
[GIN-debug] PUT    /api/assets/attachments/upload/:objectKey --> github.com/mark3748/helpdesk-go/cmd/api.(*App).mountAPI.UploadAssetObject.func129 (6 handlers)
[GIN-debug] POST   /api/assets/:id/status-change --> github.com/mark3748/helpdesk-go/cmd/api.(*App).mountAPI.RequestStatusChange.func131 (7 handlers)
[GIN-debug] POST   /api/workflows/:id/approve --> github.com/mark3748/helpdesk-go/cmd/api.(*App).mountAPI.ApproveWorkflow.func133 (7 handlers)
[GIN-debug] POST   /api/workflows/:id/reject --> github.com/mark3748/helpdesk-go/cmd/api.(*App).mountAPI.RejectWorkflow.func135 (7 handlers)
[GIN-debug] POST   /api/assets/:id/checkout  --> github.com/mark3748/helpdesk-go/cmd/api.(*App).mountAPI.CheckoutAsset.func137 (7 handlers)
[GIN-debug] POST   /api/assets/checkin       --> github.com/mark3748/helpdesk-go/cmd/api.(*App).mountAPI.CheckinAsset.func139 (7 handlers)
[GIN-debug] GET    /api/assets/checkouts/active --> github.com/mark3748/helpdesk-go/cmd/api.(*App).mountAPI.GetActiveCheckouts.func140 (6 handlers)
[GIN-debug] GET    /api/assets/checkouts/overdue --> github.com/mark3748/helpdesk-go/cmd/api.(*App).mountAPI.GetOverdueCheckouts.func141 (6 handlers)
[GIN-debug] POST   /api/assets/:id/relationships --> github.com/mark3748/helpdesk-go/cmd/api.(*App).mountAPI.CreateRelationship.func143 (7 handlers)
[GIN-debug] GET    /api/assets/:id/relationships/graph --> github.com/mark3748/helpdesk-go/cmd/api.(*App).mountAPI.GetRelationshipGraph.func144 (6 handlers)
[GIN-debug] GET    /api/assets/:id/impact-analysis --> github.com/mark3748/helpdesk-go/cmd/api.(*App).mountAPI.GetAssetImpactAnalysis.func145 (6 handlers)
[GIN-debug] POST   /api/assets/bulk/update   --> github.com/mark3748/helpdesk-go/cmd/api.(*App).mountAPI.BulkUpdateAssets.func147 (7 handlers)
[GIN-debug] POST   /api/assets/bulk/assign   --> github.com/mark3748/helpdesk-go/cmd/api.(*App).mountAPI.BulkAssignAssets.func149 (7 handlers)
[GIN-debug] GET    /api/assets/bulk/operations/:id --> github.com/mark3748/helpdesk-go/cmd/api.(*App).mountAPI.GetBulkOperation.func150 (6 handlers)
[GIN-debug] POST   /api/assets/import/preview --> github.com/mark3748/helpdesk-go/cmd/api.(*App).mountAPI.ImportAssetsPreview.func152 (7 handlers)
[GIN-debug] POST   /api/assets/import        --> github.com/mark3748/helpdesk-go/cmd/api.(*App).mountAPI.ImportAssets.func154 (7 handlers)
[GIN-debug] POST   /api/assets/export        --> github.com/mark3748/helpdesk-go/cmd/api.(*App).mountAPI.ExportAssets.func156 (7 handlers)
[GIN-debug] GET    /api/assets/:id/audit     --> github.com/mark3748/helpdesk-go/cmd/api.(*App).mountAPI.GetAuditHistory.func157 (6 handlers)
[GIN-debug] GET    /api/assets/audit/summary --> github.com/mark3748/helpdesk-go/cmd/api.(*App).mountAPI.GetAuditSummary.func159 (7 handlers)
[GIN-debug] GET    /api/assets/analytics     --> github.com/mark3748/helpdesk-go/cmd/api.(*App).mountAPI.GetAssetAnalytics.func161 (7 handlers)
[GIN-debug] GET    /api/problems             --> github.com/mark3748/helpdesk-go/cmd/api.(*App).mountAPI.List.func162 (6 handlers)
[GIN-debug] POST   /api/problems             --> github.com/mark3748/helpdesk-go/cmd/api.(*App).mountAPI.Create.func163 (6 handlers)
[GIN-debug] GET    /api/problems/:id         --> github.com/mark3748/helpdesk-go/cmd/api.(*App).mountAPI.Get.func164 (6 handlers)
[GIN-debug] PUT    /api/problems/:id         --> github.com/mark3748/helpdesk-go/cmd/api.(*App).mountAPI.Update.func165 (6 handlers)
[GIN-debug] DELETE /api/problems/:id         --> github.com/mark3748/helpdesk-go/cmd/api.(*App).mountAPI.Delete.func166 (6 handlers)
[GIN-debug] GET    /api/changes              --> github.com/mark3748/helpdesk-go/cmd/api.(*App).mountAPI.List.func167 (6 handlers)
[GIN-debug] POST   /api/changes              --> github.com/mark3748/helpdesk-go/cmd/api.(*App).mountAPI.Create.func168 (6 handlers)
[GIN-debug] GET    /api/changes/:id          --> github.com/mark3748/helpdesk-go/cmd/api.(*App).mountAPI.Get.func169 (6 handlers)
[GIN-debug] PUT    /api/changes/:id          --> github.com/mark3748/helpdesk-go/cmd/api.(*App).mountAPI.Update.func170 (6 handlers)
[GIN-debug] DELETE /api/changes/:id          --> github.com/mark3748/helpdesk-go/cmd/api.(*App).mountAPI.Delete.func171 (6 handlers)
[GIN-debug] GET    /api/releases             --> github.com/mark3748/helpdesk-go/cmd/api.(*App).mountAPI.List.func172 (6 handlers)
[GIN-debug] POST   /api/releases             --> github.com/mark3748/helpdesk-go/cmd/api.(*App).mountAPI.Create.func173 (6 handlers)
[GIN-debug] GET    /api/releases/:id         --> github.com/mark3748/helpdesk-go/cmd/api.(*App).mountAPI.Get.func174 (6 handlers)
[GIN-debug] PUT    /api/releases/:id         --> github.com/mark3748/helpdesk-go/cmd/api.(*App).mountAPI.Update.func175 (6 handlers)
[GIN-debug] DELETE /api/releases/:id         --> github.com/mark3748/helpdesk-go/cmd/api.(*App).mountAPI.Delete.func176 (6 handlers)
{"level":"info","request_id":"c7021c7e-9c71-4c8e-bc78-f5ab75c7f80f","method":"GET","path":"/tickets/1/attachments/1","status":302,"duration":0.156242,"time":"2025-12-20T00:53:51-07:00","message":"request"}
[GIN-debug] [WARNING] Running in "debug" mode. Switch to "release" mode in production.
 - using env:	export GIN_MODE=release
 - using code:	gin.SetMode(gin.ReleaseMode)

[GIN-debug] GET    /livez                    --> github.com/mark3748/helpdesk-go/cmd/api.(*App).mountAPI.func1 (5 handlers)
[GIN-debug] GET    /readyz                   --> github.com/mark3748/helpdesk-go/cmd/api.(*App).readyz-fm (5 handlers)
[GIN-debug] GET    /healthz                  --> github.com/mark3748/helpdesk-go/cmd/api.(*App).mountAPI.func2 (5 handlers)
[GIN-debug] GET    /csat/:token              --> github.com/mark3748/helpdesk-go/cmd/api.(*App).csatForm-fm (5 handlers)
[GIN-debug] POST   /csat/:token              --> github.com/mark3748/helpdesk-go/cmd/api.(*App).submitCSAT-fm (5 handlers)
[GIN-debug] GET    /metrics                  --> github.com/mark3748/helpdesk-go/cmd/api.(*App).mountAPI.WrapH.func9 (5 handlers)
[GIN-debug] GET    /swagger/*filepath        --> github.com/gin-gonic/gin.(*RouterGroup).createStaticHandler.func1 (5 handlers)
[GIN-debug] HEAD   /swagger/*filepath        --> github.com/gin-gonic/gin.(*RouterGroup).createStaticHandler.func1 (5 handlers)
[GIN-debug] GET    /docs                     --> github.com/mark3748/helpdesk-go/cmd/api.(*App).docsUI-fm (5 handlers)
[GIN-debug] GET    /openapi.yaml             --> github.com/mark3748/helpdesk-go/cmd/api.(*App).openapiSpec-fm (5 handlers)
[GIN-debug] POST   /webhooks/email-inbound   --> github.com/mark3748/helpdesk-go/cmd/api.(*App).mountAPI.EmailInbound.func18 (5 handlers)
[GIN-debug] GET    /me                       --> github.com/mark3748/helpdesk-go/cmd/api/auth.Me (6 handlers)
[GIN-debug] GET    /me/profile               --> github.com/mark3748/helpdesk-go/cmd/api.(*App).getMyProfile-fm (6 handlers)
[GIN-debug] PATCH  /me/profile               --> github.com/mark3748/helpdesk-go/cmd/api.(*App).updateMyProfile-fm (6 handlers)
[GIN-debug] POST   /me/password              --> github.com/mark3748/helpdesk-go/cmd/api.(*App).changeMyPassword-fm (6 handlers)
[GIN-debug] GET    /events                   --> github.com/mark3748/helpdesk-go/cmd/api.(*App).mountAPI.Events.func20 (6 handlers)
[GIN-debug] GET    /settings                 --> github.com/mark3748/helpdesk-go/cmd/api/handlers.GetSettings (7 handlers)
[GIN-debug] GET    /features                 --> github.com/mark3748/helpdesk-go/cmd/api.(*App).mountAPI.Features.func22 (6 handlers)
[GIN-debug] POST   /test-connection          --> github.com/mark3748/helpdesk-go/cmd/api/handlers.TestConnection (7 handlers)
[GIN-debug] POST   /settings/storage         --> github.com/mark3748/helpdesk-go/cmd/api/handlers.SaveStorageSettings (7 handlers)
[GIN-debug] POST   /settings/oidc            --> github.com/mark3748/helpdesk-go/cmd/api/handlers.SaveOIDCSettings (7 handlers)
[GIN-debug] POST   /settings/mail            --> github.com/mark3748/helpdesk-go/cmd/api/handlers.SaveMailSettings (7 handlers)
[GIN-debug] POST   /settings/mail/send-test  --> github.com/mark3748/helpdesk-go/cmd/api/handlers.SendTestMail (7 handlers)
[GIN-debug] GET    /users/:id/roles          --> github.com/mark3748/helpdesk-go/cmd/api.(*App).mountAPI.ListUserRoles.func29 (7 handlers)
[GIN-debug] POST   /users/:id/roles          --> github.com/mark3748/helpdesk-go/cmd/api.(*App).mountAPI.AddUserRole.func31 (7 handlers)
[GIN-debug] DELETE /users/:id/roles/:role    --> github.com/mark3748/helpdesk-go/cmd/api.(*App).mountAPI.RemoveUserRole.func33 (7 handlers)
[GIN-debug] GET    /users                    --> github.com/mark3748/helpdesk-go/cmd/api.(*App).mountAPI.List.func35 (7 handlers)
[GIN-debug] GET    /users/:id                --> github.com/mark3748/helpdesk-go/cmd/api.(*App).mountAPI.Get.func37 (7 handlers)
[GIN-debug] POST   /users                    --> github.com/mark3748/helpdesk-go/cmd/api.(*App).mountAPI.CreateLocal.func39 (7 handlers)
[GIN-debug] GET    /roles                    --> github.com/mark3748/helpdesk-go/cmd/api.(*App).mountAPI.List.func41 (7 handlers)
[GIN-debug] GET    /requesters               --> github.com/mark3748/helpdesk-go/cmd/api.(*App).mountAPI.Search.func42 (6 handlers)
[GIN-debug] GET    /requesters/:id           --> github.com/mark3748/helpdesk-go/cmd/api.(*App).getRequester-fm (6 handlers)
[GIN-debug] POST   /requesters               --> github.com/mark3748/helpdesk-go/cmd/api.(*App).createRequester-fm (7 handlers)
[GIN-debug] PATCH  /requesters/:id           --> github.com/mark3748/helpdesk-go/cmd/api.(*App).updateRequester-fm (7 handlers)
[GIN-debug] GET    /teams                    --> github.com/mark3748/helpdesk-go/cmd/api.(*App).mountAPI.List.func45 (6 handlers)
[GIN-debug] GET    /slas                     --> github.com/mark3748/helpdesk-go/cmd/api.(*App).mountAPI.List.func46 (6 handlers)
[GIN-debug] GET    /kb                       --> github.com/mark3748/helpdesk-go/cmd/api.(*App).mountAPI.Search.func47 (6 handlers)
[GIN-debug] GET    /kb/:slug                 --> github.com/mark3748/helpdesk-go/cmd/api.(*App).mountAPI.Get.func48 (6 handlers)
[GIN-debug] POST   /kb                       --> github.com/mark3748/helpdesk-go/cmd/api.(*App).mountAPI.Create.func50 (7 handlers)
[GIN-debug] PUT    /kb/:slug                 --> github.com/mark3748/helpdesk-go/cmd/api.(*App).mountAPI.Update.func52 (7 handlers)
[GIN-debug] DELETE /kb/:slug                 --> github.com/mark3748/helpdesk-go/cmd/api.(*App).mountAPI.Delete.func54 (7 handlers)
[GIN-debug] GET    /tickets                  --> github.com/mark3748/helpdesk-go/cmd/api.(*App).mountAPI.List.func55 (6 handlers)
[GIN-debug] POST   /tickets                  --> github.com/mark3748/helpdesk-go/cmd/api.(*App).mountAPI.Create.func59 (6 handlers)
[GIN-debug] GET    /tickets/:id              --> github.com/mark3748/helpdesk-go/cmd/api.(*App).mountAPI.Get.func60 (6 handlers)
[GIN-debug] PATCH  /tickets/:id              --> github.com/mark3748/helpdesk-go/cmd/api.(*App).mountAPI.Update.func62 (7 handlers)
[GIN-debug] GET    /tickets/:id/comments     --> github.com/mark3748/helpdesk-go/cmd/api.(*App).mountAPI.List.func63 (6 handlers)
[GIN-debug] POST   /tickets/:id/comments     --> github.com/mark3748/helpdesk-go/cmd/api.(*App).mountAPI.Add.func64 (6 handlers)
[GIN-debug] GET    /tickets/:id/attachments  --> github.com/mark3748/helpdesk-go/cmd/api.(*App).mountAPI.List.func65 (6 handlers)
[GIN-debug] POST   /tickets/:id/attachments/presign --> github.com/mark3748/helpdesk-go/cmd/api.(*App).mountAPI.Presign.func75 (6 handlers)
[GIN-debug] POST   /tickets/:id/attachments  --> github.com/mark3748/helpdesk-go/cmd/api.(*App).mountAPI.Finalize.func76 (6 handlers)
[GIN-debug] GET    /tickets/:id/attachments/:attID --> github.com/mark3748/helpdesk-go/cmd/api.(*App).mountAPI.Get.func77 (6 handlers)
[GIN-debug] PUT    /attachments/upload/:objectKey --> github.com/mark3748/helpdesk-go/cmd/api.(*App).mountAPI.UploadObject.func78 (6 handlers)
[GIN-debug] DELETE /tickets/:id/attachments/:attID --> github.com/mark3748/helpdesk-go/cmd/api.(*App).mountAPI.Delete.func79 (6 handlers)
[GIN-debug] GET    /tickets/:id/watchers     --> github.com/mark3748/helpdesk-go/cmd/api.(*App).mountAPI.List.func80 (6 handlers)
[GIN-debug] POST   /tickets/:id/watchers     --> github.com/mark3748/helpdesk-go/cmd/api.(*App).mountAPI.Add.func81 (6 handlers)
[GIN-debug] DELETE /tickets/:id/watchers/:uid --> github.com/mark3748/helpdesk-go/cmd/api.(*App).mountAPI.Remove.func82 (6 handlers)
[GIN-debug] GET    /emails/outbound          --> github.com/mark3748/helpdesk-go/cmd/api.(*App).mountAPI.ListOutbound.func84 (7 handlers)
[GIN-debug] GET    /metrics/sla              --> github.com/mark3748/helpdesk-go/cmd/api.(*App).mountAPI.SLA.func86 (7 handlers)
[GIN-debug] GET    /metrics/resolution       --> github.com/mark3748/helpdesk-go/cmd/api.(*App).mountAPI.Resolution.func88 (7 handlers)
[GIN-debug] GET    /metrics/tickets          --> github.com/mark3748/helpdesk-go/cmd/api.(*App).mountAPI.TicketVolume.func90 (7 handlers)
[GIN-debug] GET    /metrics/dashboard        --> github.com/mark3748/helpdesk-go/cmd/api.(*App).mountAPI.Dashboard.func92 (7 handlers)
[GIN-debug] GET    /metrics/agent            --> github.com/mark3748/helpdesk-go/cmd/api.(*App).mountAPI.Agent.func94 (7 handlers)
[GIN-debug] GET    /metrics/manager          --> github.com/mark3748/helpdesk-go/cmd/api.(*App).mountAPI.Manager.func96 (7 handlers)
[GIN-debug] POST   /exports/tickets          --> github.com/mark3748/helpdesk-go/cmd/api.(*App).exportTicketsBridge-fm (7 handlers)
[GIN-debug] GET    /exports/tickets/:job_id  --> github.com/mark3748/helpdesk-go/cmd/api.(*App).exportTicketsStatus-fm (7 handlers)
[GIN-debug] GET    /webhooks                 --> github.com/mark3748/helpdesk-go/cmd/api.(*App).mountAPI.List.func100 (7 handlers)
[GIN-debug] POST   /webhooks                 --> github.com/mark3748/helpdesk-go/cmd/api.(*App).mountAPI.Create.func102 (7 handlers)
[GIN-debug] DELETE /webhooks/:id             --> github.com/mark3748/helpdesk-go/cmd/api.(*App).mountAPI.Delete.func104 (7 handlers)
[GIN-debug] GET    /asset-categories         --> github.com/mark3748/helpdesk-go/cmd/api.(*App).mountAPI.ListCategories.func105 (6 handlers)
[GIN-debug] POST   /asset-categories         --> github.com/mark3748/helpdesk-go/cmd/api.(*App).mountAPI.CreateCategory.func107 (7 handlers)
[GIN-debug] GET    /asset-categories/:id     --> github.com/mark3748/helpdesk-go/cmd/api.(*App).mountAPI.GetCategory.func108 (6 handlers)
[GIN-debug] GET    /assets                   --> github.com/mark3748/helpdesk-go/cmd/api.(*App).mountAPI.ListAssets.func109 (6 handlers)
[GIN-debug] POST   /assets                   --> github.com/mark3748/helpdesk-go/cmd/api.(*App).mountAPI.CreateAsset.func111 (7 handlers)
[GIN-debug] GET    /assets/:id               --> github.com/mark3748/helpdesk-go/cmd/api.(*App).mountAPI.GetAsset.func112 (6 handlers)
[GIN-debug] PATCH  /assets/:id               --> github.com/mark3748/helpdesk-go/cmd/api.(*App).mountAPI.UpdateAsset.func114 (7 handlers)
[GIN-debug] DELETE /assets/:id               --> github.com/mark3748/helpdesk-go/cmd/api.(*App).mountAPI.DeleteAsset.func116 (7 handlers)
[GIN-debug] POST   /assets/:id/assign        --> github.com/mark3748/helpdesk-go/cmd/api.(*App).mountAPI.AssignAsset.func118 (7 handlers)
[GIN-debug] GET    /assets/:id/history       --> github.com/mark3748/helpdesk-go/cmd/api.(*App).mountAPI.GetAssetHistory.func119 (6 handlers)
[GIN-debug] GET    /assets/:id/assignments   --> github.com/mark3748/helpdesk-go/cmd/api.(*App).mountAPI.GetAssetAssignments.func120 (6 handlers)
[GIN-debug] GET    /assets/:id/attachments   --> github.com/mark3748/helpdesk-go/cmd/api.(*App).mountAPI.ListAttachments.func121 (6 handlers)
[GIN-debug] POST   /assets/:id/attachments/presign --> github.com/mark3748/helpdesk-go/cmd/api.(*App).mountAPI.PresignAssetUpload.func123 (7 handlers)
[GIN-debug] POST   /assets/:id/attachments   --> github.com/mark3748/helpdesk-go/cmd/api.(*App).mountAPI.FinalizeAssetAttachment.func125 (7 handlers)
[GIN-debug] GET    /assets/:id/attachments/:attachmentID --> github.com/mark3748/helpdesk-go/cmd/api.(*App).mountAPI.GetAssetAttachment.func126 (6 handlers)
[GIN-debug] DELETE /assets/:id/attachments/:attachmentID --> github.com/mark3748/helpdesk-go/cmd/api.(*App).mountAPI.DeleteAssetAttachment.func128 (7 handlers)
[GIN-debug] PUT    /assets/attachments/upload/:objectKey --> github.com/mark3748/helpdesk-go/cmd/api.(*App).mountAPI.UploadAssetObject.func129 (6 handlers)
[GIN-debug] POST   /assets/:id/status-change --> github.com/mark3748/helpdesk-go/cmd/api.(*App).mountAPI.RequestStatusChange.func131 (7 handlers)
[GIN-debug] POST   /workflows/:id/approve    --> github.com/mark3748/helpdesk-go/cmd/api.(*App).mountAPI.ApproveWorkflow.func133 (7 handlers)
[GIN-debug] POST   /workflows/:id/reject     --> github.com/mark3748/helpdesk-go/cmd/api.(*App).mountAPI.RejectWorkflow.func135 (7 handlers)
[GIN-debug] POST   /assets/:id/checkout      --> github.com/mark3748/helpdesk-go/cmd/api.(*App).mountAPI.CheckoutAsset.func137 (7 handlers)
[GIN-debug] POST   /assets/checkin           --> github.com/mark3748/helpdesk-go/cmd/api.(*App).mountAPI.CheckinAsset.func139 (7 handlers)
[GIN-debug] GET    /assets/checkouts/active  --> github.com/mark3748/helpdesk-go/cmd/api.(*App).mountAPI.GetActiveCheckouts.func140 (6 handlers)
[GIN-debug] GET    /assets/checkouts/overdue --> github.com/mark3748/helpdesk-go/cmd/api.(*App).mountAPI.GetOverdueCheckouts.func141 (6 handlers)
[GIN-debug] POST   /assets/:id/relationships --> github.com/mark3748/helpdesk-go/cmd/api.(*App).mountAPI.CreateRelationship.func143 (7 handlers)
[GIN-debug] GET    /assets/:id/relationships/graph --> github.com/mark3748/helpdesk-go/cmd/api.(*App).mountAPI.GetRelationshipGraph.func144 (6 handlers)
[GIN-debug] GET    /assets/:id/impact-analysis --> github.com/mark3748/helpdesk-go/cmd/api.(*App).mountAPI.GetAssetImpactAnalysis.func145 (6 handlers)
[GIN-debug] POST   /assets/bulk/update       --> github.com/mark3748/helpdesk-go/cmd/api.(*App).mountAPI.BulkUpdateAssets.func147 (7 handlers)
[GIN-debug] POST   /assets/bulk/assign       --> github.com/mark3748/helpdesk-go/cmd/api.(*App).mountAPI.BulkAssignAssets.func149 (7 handlers)
[GIN-debug] GET    /assets/bulk/operations/:id --> github.com/mark3748/helpdesk-go/cmd/api.(*App).mountAPI.GetBulkOperation.func150 (6 handlers)
[GIN-debug] POST   /assets/import/preview    --> github.com/mark3748/helpdesk-go/cmd/api.(*App).mountAPI.ImportAssetsPreview.func152 (7 handlers)
[GIN-debug] POST   /assets/import            --> github.com/mark3748/helpdesk-go/cmd/api.(*App).mountAPI.ImportAssets.func154 (7 handlers)
[GIN-debug] POST   /assets/export            --> github.com/mark3748/helpdesk-go/cmd/api.(*App).mountAPI.ExportAssets.func156 (7 handlers)
[GIN-debug] GET    /assets/:id/audit         --> github.com/mark3748/helpdesk-go/cmd/api.(*App).mountAPI.GetAuditHistory.func157 (6 handlers)
[GIN-debug] GET    /assets/audit/summary     --> github.com/mark3748/helpdesk-go/cmd/api.(*App).mountAPI.GetAuditSummary.func159 (7 handlers)
[GIN-debug] GET    /assets/analytics         --> github.com/mark3748/helpdesk-go/cmd/api.(*App).mountAPI.GetAssetAnalytics.func161 (7 handlers)
[GIN-debug] GET    /problems                 --> github.com/mark3748/helpdesk-go/cmd/api.(*App).mountAPI.List.func162 (6 handlers)
[GIN-debug] POST   /problems                 --> github.com/mark3748/helpdesk-go/cmd/api.(*App).mountAPI.Create.func163 (6 handlers)
[GIN-debug] GET    /problems/:id             --> github.com/mark3748/helpdesk-go/cmd/api.(*App).mountAPI.Get.func164 (6 handlers)
[GIN-debug] PUT    /problems/:id             --> github.com/mark3748/helpdesk-go/cmd/api.(*App).mountAPI.Update.func165 (6 handlers)
[GIN-debug] DELETE /problems/:id             --> github.com/mark3748/helpdesk-go/cmd/api.(*App).mountAPI.Delete.func166 (6 handlers)
[GIN-debug] GET    /changes                  --> github.com/mark3748/helpdesk-go/cmd/api.(*App).mountAPI.List.func167 (6 handlers)
[GIN-debug] POST   /changes                  --> github.com/mark3748/helpdesk-go/cmd/api.(*App).mountAPI.Create.func168 (6 handlers)
[GIN-debug] GET    /changes/:id              --> github.com/mark3748/helpdesk-go/cmd/api.(*App).mountAPI.Get.func169 (6 handlers)
[GIN-debug] PUT    /changes/:id              --> github.com/mark3748/helpdesk-go/cmd/api.(*App).mountAPI.Update.func170 (6 handlers)
[GIN-debug] DELETE /changes/:id              --> github.com/mark3748/helpdesk-go/cmd/api.(*App).mountAPI.Delete.func171 (6 handlers)
[GIN-debug] GET    /releases                 --> github.com/mark3748/helpdesk-go/cmd/api.(*App).mountAPI.List.func172 (6 handlers)
[GIN-debug] POST   /releases                 --> github.com/mark3748/helpdesk-go/cmd/api.(*App).mountAPI.Create.func173 (6 handlers)
[GIN-debug] GET    /releases/:id             --> github.com/mark3748/helpdesk-go/cmd/api.(*App).mountAPI.Get.func174 (6 handlers)
[GIN-debug] PUT    /releases/:id             --> github.com/mark3748/helpdesk-go/cmd/api.(*App).mountAPI.Update.func175 (6 handlers)
[GIN-debug] DELETE /releases/:id             --> github.com/mark3748/helpdesk-go/cmd/api.(*App).mountAPI.Delete.func176 (6 handlers)
[GIN-debug] GET    /api/livez                --> github.com/mark3748/helpdesk-go/cmd/api.(*App).mountAPI.func1 (5 handlers)
[GIN-debug] GET    /api/readyz               --> github.com/mark3748/helpdesk-go/cmd/api.(*App).readyz-fm (5 handlers)
[GIN-debug] GET    /api/healthz              --> github.com/mark3748/helpdesk-go/cmd/api.(*App).mountAPI.func2 (5 handlers)
[GIN-debug] GET    /api/csat/:token          --> github.com/mark3748/helpdesk-go/cmd/api.(*App).csatForm-fm (5 handlers)
[GIN-debug] POST   /api/csat/:token          --> github.com/mark3748/helpdesk-go/cmd/api.(*App).submitCSAT-fm (5 handlers)
[GIN-debug] GET    /api/metrics              --> github.com/mark3748/helpdesk-go/cmd/api.(*App).mountAPI.WrapH.func9 (5 handlers)
[GIN-debug] GET    /api/swagger/*filepath    --> github.com/gin-gonic/gin.(*RouterGroup).createStaticHandler.func1 (5 handlers)
[GIN-debug] HEAD   /api/swagger/*filepath    --> github.com/gin-gonic/gin.(*RouterGroup).createStaticHandler.func1 (5 handlers)
[GIN-debug] GET    /api/docs                 --> github.com/mark3748/helpdesk-go/cmd/api.(*App).docsUI-fm (5 handlers)
[GIN-debug] GET    /api/openapi.yaml         --> github.com/mark3748/helpdesk-go/cmd/api.(*App).openapiSpec-fm (5 handlers)
[GIN-debug] POST   /api/webhooks/email-inbound --> github.com/mark3748/helpdesk-go/cmd/api.(*App).mountAPI.EmailInbound.func18 (5 handlers)
[GIN-debug] GET    /api/me                   --> github.com/mark3748/helpdesk-go/cmd/api/auth.Me (6 handlers)
[GIN-debug] GET    /api/me/profile           --> github.com/mark3748/helpdesk-go/cmd/api.(*App).getMyProfile-fm (6 handlers)
[GIN-debug] PATCH  /api/me/profile           --> github.com/mark3748/helpdesk-go/cmd/api.(*App).updateMyProfile-fm (6 handlers)
[GIN-debug] POST   /api/me/password          --> github.com/mark3748/helpdesk-go/cmd/api.(*App).changeMyPassword-fm (6 handlers)
[GIN-debug] GET    /api/events               --> github.com/mark3748/helpdesk-go/cmd/api.(*App).mountAPI.Events.func20 (6 handlers)
[GIN-debug] GET    /api/settings             --> github.com/mark3748/helpdesk-go/cmd/api/handlers.GetSettings (7 handlers)
[GIN-debug] GET    /api/features             --> github.com/mark3748/helpdesk-go/cmd/api.(*App).mountAPI.Features.func22 (6 handlers)
[GIN-debug] POST   /api/test-connection      --> github.com/mark3748/helpdesk-go/cmd/api/handlers.TestConnection (7 handlers)
[GIN-debug] POST   /api/settings/storage     --> github.com/mark3748/helpdesk-go/cmd/api/handlers.SaveStorageSettings (7 handlers)
[GIN-debug] POST   /api/settings/oidc        --> github.com/mark3748/helpdesk-go/cmd/api/handlers.SaveOIDCSettings (7 handlers)
[GIN-debug] POST   /api/settings/mail        --> github.com/mark3748/helpdesk-go/cmd/api/handlers.SaveMailSettings (7 handlers)
[GIN-debug] POST   /api/settings/mail/send-test --> github.com/mark3748/helpdesk-go/cmd/api/handlers.SendTestMail (7 handlers)
[GIN-debug] GET    /api/users/:id/roles      --> github.com/mark3748/helpdesk-go/cmd/api.(*App).mountAPI.ListUserRoles.func29 (7 handlers)
[GIN-debug] POST   /api/users/:id/roles      --> github.com/mark3748/helpdesk-go/cmd/api.(*App).mountAPI.AddUserRole.func31 (7 handlers)
[GIN-debug] DELETE /api/users/:id/roles/:role --> github.com/mark3748/helpdesk-go/cmd/api.(*App).mountAPI.RemoveUserRole.func33 (7 handlers)
[GIN-debug] GET    /api/users                --> github.com/mark3748/helpdesk-go/cmd/api.(*App).mountAPI.List.func35 (7 handlers)
[GIN-debug] GET    /api/users/:id            --> github.com/mark3748/helpdesk-go/cmd/api.(*App).mountAPI.Get.func37 (7 handlers)
[GIN-debug] POST   /api/users                --> github.com/mark3748/helpdesk-go/cmd/api.(*App).mountAPI.CreateLocal.func39 (7 handlers)
[GIN-debug] GET    /api/roles                --> github.com/mark3748/helpdesk-go/cmd/api.(*App).mountAPI.List.func41 (7 handlers)
[GIN-debug] GET    /api/requesters           --> github.com/mark3748/helpdesk-go/cmd/api.(*App).mountAPI.Search.func42 (6 handlers)
[GIN-debug] GET    /api/requesters/:id       --> github.com/mark3748/helpdesk-go/cmd/api.(*App).getRequester-fm (6 handlers)
[GIN-debug] POST   /api/requesters           --> github.com/mark3748/helpdesk-go/cmd/api.(*App).createRequester-fm (7 handlers)
[GIN-debug] PATCH  /api/requesters/:id       --> github.com/mark3748/helpdesk-go/cmd/api.(*App).updateRequester-fm (7 handlers)
[GIN-debug] GET    /api/teams                --> github.com/mark3748/helpdesk-go/cmd/api.(*App).mountAPI.List.func45 (6 handlers)
[GIN-debug] GET    /api/slas                 --> github.com/mark3748/helpdesk-go/cmd/api.(*App).mountAPI.List.func46 (6 handlers)
[GIN-debug] GET    /api/kb                   --> github.com/mark3748/helpdesk-go/cmd/api.(*App).mountAPI.Search.func47 (6 handlers)
[GIN-debug] GET    /api/kb/:slug             --> github.com/mark3748/helpdesk-go/cmd/api.(*App).mountAPI.Get.func48 (6 handlers)
[GIN-debug] POST   /api/kb                   --> github.com/mark3748/helpdesk-go/cmd/api.(*App).mountAPI.Create.func50 (7 handlers)
[GIN-debug] PUT    /api/kb/:slug             --> github.com/mark3748/helpdesk-go/cmd/api.(*App).mountAPI.Update.func52 (7 handlers)
[GIN-debug] DELETE /api/kb/:slug             --> github.com/mark3748/helpdesk-go/cmd/api.(*App).mountAPI.Delete.func54 (7 handlers)
[GIN-debug] GET    /api/tickets              --> github.com/mark3748/helpdesk-go/cmd/api.(*App).mountAPI.List.func55 (6 handlers)
[GIN-debug] POST   /api/tickets              --> github.com/mark3748/helpdesk-go/cmd/api.(*App).mountAPI.Create.func59 (6 handlers)
[GIN-debug] GET    /api/tickets/:id          --> github.com/mark3748/helpdesk-go/cmd/api.(*App).mountAPI.Get.func60 (6 handlers)
[GIN-debug] PATCH  /api/tickets/:id          --> github.com/mark3748/helpdesk-go/cmd/api.(*App).mountAPI.Update.func62 (7 handlers)
[GIN-debug] GET    /api/tickets/:id/comments --> github.com/mark3748/helpdesk-go/cmd/api.(*App).mountAPI.List.func63 (6 handlers)
[GIN-debug] POST   /api/tickets/:id/comments --> github.com/mark3748/helpdesk-go/cmd/api.(*App).mountAPI.Add.func64 (6 handlers)
[GIN-debug] GET    /api/tickets/:id/attachments --> github.com/mark3748/helpdesk-go/cmd/api.(*App).mountAPI.List.func65 (6 handlers)
[GIN-debug] POST   /api/tickets/:id/attachments/presign --> github.com/mark3748/helpdesk-go/cmd/api.(*App).mountAPI.Presign.func75 (6 handlers)
[GIN-debug] POST   /api/tickets/:id/attachments --> github.com/mark3748/helpdesk-go/cmd/api.(*App).mountAPI.Finalize.func76 (6 handlers)
[GIN-debug] GET    /api/tickets/:id/attachments/:attID --> github.com/mark3748/helpdesk-go/cmd/api.(*App).mountAPI.Get.func77 (6 handlers)
[GIN-debug] PUT    /api/attachments/upload/:objectKey --> github.com/mark3748/helpdesk-go/cmd/api.(*App).mountAPI.UploadObject.func78 (6 handlers)
[GIN-debug] DELETE /api/tickets/:id/attachments/:attID --> github.com/mark3748/helpdesk-go/cmd/api.(*App).mountAPI.Delete.func79 (6 handlers)
[GIN-debug] GET    /api/tickets/:id/watchers --> github.com/mark3748/helpdesk-go/cmd/api.(*App).mountAPI.List.func80 (6 handlers)
[GIN-debug] POST   /api/tickets/:id/watchers --> github.com/mark3748/helpdesk-go/cmd/api.(*App).mountAPI.Add.func81 (6 handlers)
[GIN-debug] DELETE /api/tickets/:id/watchers/:uid --> github.com/mark3748/helpdesk-go/cmd/api.(*App).mountAPI.Remove.func82 (6 handlers)
[GIN-debug] GET    /api/emails/outbound      --> github.com/mark3748/helpdesk-go/cmd/api.(*App).mountAPI.ListOutbound.func84 (7 handlers)
[GIN-debug] GET    /api/metrics/sla          --> github.com/mark3748/helpdesk-go/cmd/api.(*App).mountAPI.SLA.func86 (7 handlers)
[GIN-debug] GET    /api/metrics/resolution   --> github.com/mark3748/helpdesk-go/cmd/api.(*App).mountAPI.Resolution.func88 (7 handlers)
[GIN-debug] GET    /api/metrics/tickets      --> github.com/mark3748/helpdesk-go/cmd/api.(*App).mountAPI.TicketVolume.func90 (7 handlers)
[GIN-debug] GET    /api/metrics/dashboard    --> github.com/mark3748/helpdesk-go/cmd/api.(*App).mountAPI.Dashboard.func92 (7 handlers)
[GIN-debug] GET    /api/metrics/agent        --> github.com/mark3748/helpdesk-go/cmd/api.(*App).mountAPI.Agent.func94 (7 handlers)
[GIN-debug] GET    /api/metrics/manager      --> github.com/mark3748/helpdesk-go/cmd/api.(*App).mountAPI.Manager.func96 (7 handlers)
[GIN-debug] POST   /api/exports/tickets      --> github.com/mark3748/helpdesk-go/cmd/api.(*App).exportTicketsBridge-fm (7 handlers)
[GIN-debug] GET    /api/exports/tickets/:job_id --> github.com/mark3748/helpdesk-go/cmd/api.(*App).exportTicketsStatus-fm (7 handlers)
[GIN-debug] GET    /api/webhooks             --> github.com/mark3748/helpdesk-go/cmd/api.(*App).mountAPI.List.func100 (7 handlers)
[GIN-debug] POST   /api/webhooks             --> github.com/mark3748/helpdesk-go/cmd/api.(*App).mountAPI.Create.func102 (7 handlers)
[GIN-debug] DELETE /api/webhooks/:id         --> github.com/mark3748/helpdesk-go/cmd/api.(*App).mountAPI.Delete.func104 (7 handlers)
[GIN-debug] GET    /api/asset-categories     --> github.com/mark3748/helpdesk-go/cmd/api.(*App).mountAPI.ListCategories.func105 (6 handlers)
[GIN-debug] POST   /api/asset-categories     --> github.com/mark3748/helpdesk-go/cmd/api.(*App).mountAPI.CreateCategory.func107 (7 handlers)
[GIN-debug] GET    /api/asset-categories/:id --> github.com/mark3748/helpdesk-go/cmd/api.(*App).mountAPI.GetCategory.func108 (6 handlers)
[GIN-debug] GET    /api/assets               --> github.com/mark3748/helpdesk-go/cmd/api.(*App).mountAPI.ListAssets.func109 (6 handlers)
[GIN-debug] POST   /api/assets               --> github.com/mark3748/helpdesk-go/cmd/api.(*App).mountAPI.CreateAsset.func111 (7 handlers)
[GIN-debug] GET    /api/assets/:id           --> github.com/mark3748/helpdesk-go/cmd/api.(*App).mountAPI.GetAsset.func112 (6 handlers)
[GIN-debug] PATCH  /api/assets/:id           --> github.com/mark3748/helpdesk-go/cmd/api.(*App).mountAPI.UpdateAsset.func114 (7 handlers)
[GIN-debug] DELETE /api/assets/:id           --> github.com/mark3748/helpdesk-go/cmd/api.(*App).mountAPI.DeleteAsset.func116 (7 handlers)
[GIN-debug] POST   /api/assets/:id/assign    --> github.com/mark3748/helpdesk-go/cmd/api.(*App).mountAPI.AssignAsset.func118 (7 handlers)
[GIN-debug] GET    /api/assets/:id/history   --> github.com/mark3748/helpdesk-go/cmd/api.(*App).mountAPI.GetAssetHistory.func119 (6 handlers)
[GIN-debug] GET    /api/assets/:id/assignments --> github.com/mark3748/helpdesk-go/cmd/api.(*App).mountAPI.GetAssetAssignments.func120 (6 handlers)
[GIN-debug] GET    /api/assets/:id/attachments --> github.com/mark3748/helpdesk-go/cmd/api.(*App).mountAPI.ListAttachments.func121 (6 handlers)
[GIN-debug] POST   /api/assets/:id/attachments/presign --> github.com/mark3748/helpdesk-go/cmd/api.(*App).mountAPI.PresignAssetUpload.func123 (7 handlers)
[GIN-debug] POST   /api/assets/:id/attachments --> github.com/mark3748/helpdesk-go/cmd/api.(*App).mountAPI.FinalizeAssetAttachment.func125 (7 handlers)
[GIN-debug] GET    /api/assets/:id/attachments/:attachmentID --> github.com/mark3748/helpdesk-go/cmd/api.(*App).mountAPI.GetAssetAttachment.func126 (6 handlers)
[GIN-debug] DELETE /api/assets/:id/attachments/:attachmentID --> github.com/mark3748/helpdesk-go/cmd/api.(*App).mountAPI.DeleteAssetAttachment.func128 (7 handlers)
[GIN-debug] PUT    /api/assets/attachments/upload/:objectKey --> github.com/mark3748/helpdesk-go/cmd/api.(*App).mountAPI.UploadAssetObject.func129 (6 handlers)
[GIN-debug] POST   /api/assets/:id/status-change --> github.com/mark3748/helpdesk-go/cmd/api.(*App).mountAPI.RequestStatusChange.func131 (7 handlers)
[GIN-debug] POST   /api/workflows/:id/approve --> github.com/mark3748/helpdesk-go/cmd/api.(*App).mountAPI.ApproveWorkflow.func133 (7 handlers)
[GIN-debug] POST   /api/workflows/:id/reject --> github.com/mark3748/helpdesk-go/cmd/api.(*App).mountAPI.RejectWorkflow.func135 (7 handlers)
[GIN-debug] POST   /api/assets/:id/checkout  --> github.com/mark3748/helpdesk-go/cmd/api.(*App).mountAPI.CheckoutAsset.func137 (7 handlers)
[GIN-debug] POST   /api/assets/checkin       --> github.com/mark3748/helpdesk-go/cmd/api.(*App).mountAPI.CheckinAsset.func139 (7 handlers)
[GIN-debug] GET    /api/assets/checkouts/active --> github.com/mark3748/helpdesk-go/cmd/api.(*App).mountAPI.GetActiveCheckouts.func140 (6 handlers)
[GIN-debug] GET    /api/assets/checkouts/overdue --> github.com/mark3748/helpdesk-go/cmd/api.(*App).mountAPI.GetOverdueCheckouts.func141 (6 handlers)
[GIN-debug] POST   /api/assets/:id/relationships --> github.com/mark3748/helpdesk-go/cmd/api.(*App).mountAPI.CreateRelationship.func143 (7 handlers)
[GIN-debug] GET    /api/assets/:id/relationships/graph --> github.com/mark3748/helpdesk-go/cmd/api.(*App).mountAPI.GetRelationshipGraph.func144 (6 handlers)
[GIN-debug] GET    /api/assets/:id/impact-analysis --> github.com/mark3748/helpdesk-go/cmd/api.(*App).mountAPI.GetAssetImpactAnalysis.func145 (6 handlers)
[GIN-debug] POST   /api/assets/bulk/update   --> github.com/mark3748/helpdesk-go/cmd/api.(*App).mountAPI.BulkUpdateAssets.func147 (7 handlers)
[GIN-debug] POST   /api/assets/bulk/assign   --> github.com/mark3748/helpdesk-go/cmd/api.(*App).mountAPI.BulkAssignAssets.func149 (7 handlers)
[GIN-debug] GET    /api/assets/bulk/operations/:id --> github.com/mark3748/helpdesk-go/cmd/api.(*App).mountAPI.GetBulkOperation.func150 (6 handlers)
[GIN-debug] POST   /api/assets/import/preview --> github.com/mark3748/helpdesk-go/cmd/api.(*App).mountAPI.ImportAssetsPreview.func152 (7 handlers)
[GIN-debug] POST   /api/assets/import        --> github.com/mark3748/helpdesk-go/cmd/api.(*App).mountAPI.ImportAssets.func154 (7 handlers)
[GIN-debug] POST   /api/assets/export        --> github.com/mark3748/helpdesk-go/cmd/api.(*App).mountAPI.ExportAssets.func156 (7 handlers)
[GIN-debug] GET    /api/assets/:id/audit     --> github.com/mark3748/helpdesk-go/cmd/api.(*App).mountAPI.GetAuditHistory.func157 (6 handlers)
[GIN-debug] GET    /api/assets/audit/summary --> github.com/mark3748/helpdesk-go/cmd/api.(*App).mountAPI.GetAuditSummary.func159 (7 handlers)
[GIN-debug] GET    /api/assets/analytics     --> github.com/mark3748/helpdesk-go/cmd/api.(*App).mountAPI.GetAssetAnalytics.func161 (7 handlers)
[GIN-debug] GET    /api/problems             --> github.com/mark3748/helpdesk-go/cmd/api.(*App).mountAPI.List.func162 (6 handlers)
[GIN-debug] POST   /api/problems             --> github.com/mark3748/helpdesk-go/cmd/api.(*App).mountAPI.Create.func163 (6 handlers)
[GIN-debug] GET    /api/problems/:id         --> github.com/mark3748/helpdesk-go/cmd/api.(*App).mountAPI.Get.func164 (6 handlers)
[GIN-debug] PUT    /api/problems/:id         --> github.com/mark3748/helpdesk-go/cmd/api.(*App).mountAPI.Update.func165 (6 handlers)
[GIN-debug] DELETE /api/problems/:id         --> github.com/mark3748/helpdesk-go/cmd/api.(*App).mountAPI.Delete.func166 (6 handlers)
[GIN-debug] GET    /api/changes              --> github.com/mark3748/helpdesk-go/cmd/api.(*App).mountAPI.List.func167 (6 handlers)
[GIN-debug] POST   /api/changes              --> github.com/mark3748/helpdesk-go/cmd/api.(*App).mountAPI.Create.func168 (6 handlers)
[GIN-debug] GET    /api/changes/:id          --> github.com/mark3748/helpdesk-go/cmd/api.(*App).mountAPI.Get.func169 (6 handlers)
[GIN-debug] PUT    /api/changes/:id          --> github.com/mark3748/helpdesk-go/cmd/api.(*App).mountAPI.Update.func170 (6 handlers)
[GIN-debug] DELETE /api/changes/:id          --> github.com/mark3748/helpdesk-go/cmd/api.(*App).mountAPI.Delete.func171 (6 handlers)
[GIN-debug] GET    /api/releases             --> github.com/mark3748/helpdesk-go/cmd/api.(*App).mountAPI.List.func172 (6 handlers)
[GIN-debug] POST   /api/releases             --> github.com/mark3748/helpdesk-go/cmd/api.(*App).mountAPI.Create.func173 (6 handlers)
[GIN-debug] GET    /api/releases/:id         --> github.com/mark3748/helpdesk-go/cmd/api.(*App).mountAPI.Get.func174 (6 handlers)
[GIN-debug] PUT    /api/releases/:id         --> github.com/mark3748/helpdesk-go/cmd/api.(*App).mountAPI.Update.func175 (6 handlers)
[GIN-debug] DELETE /api/releases/:id         --> github.com/mark3748/helpdesk-go/cmd/api.(*App).mountAPI.Delete.func176 (6 handlers)
{"level":"info","request_id":"ded81e2e-9ed9-48a9-b65a-302c817ff3f5","method":"POST","path":"/tickets/1/attachments","status":400,"duration":0.062091,"time":"2025-12-20T00:53:51-07:00","message":"request"}
[GIN-debug] [WARNING] Running in "debug" mode. Switch to "release" mode in production.
 - using env:	export GIN_MODE=release
 - using code:	gin.SetMode(gin.ReleaseMode)

[GIN-debug] GET    /livez                    --> github.com/mark3748/helpdesk-go/cmd/api.(*App).mountAPI.func1 (5 handlers)
[GIN-debug] GET    /readyz                   --> github.com/mark3748/helpdesk-go/cmd/api.(*App).readyz-fm (5 handlers)
[GIN-debug] GET    /healthz                  --> github.com/mark3748/helpdesk-go/cmd/api.(*App).mountAPI.func2 (5 handlers)
[GIN-debug] GET    /csat/:token              --> github.com/mark3748/helpdesk-go/cmd/api.(*App).csatForm-fm (5 handlers)
[GIN-debug] POST   /csat/:token              --> github.com/mark3748/helpdesk-go/cmd/api.(*App).submitCSAT-fm (5 handlers)
[GIN-debug] GET    /metrics                  --> github.com/mark3748/helpdesk-go/cmd/api.(*App).mountAPI.WrapH.func9 (5 handlers)
[GIN-debug] GET    /swagger/*filepath        --> github.com/gin-gonic/gin.(*RouterGroup).createStaticHandler.func1 (5 handlers)
[GIN-debug] HEAD   /swagger/*filepath        --> github.com/gin-gonic/gin.(*RouterGroup).createStaticHandler.func1 (5 handlers)
[GIN-debug] GET    /docs                     --> github.com/mark3748/helpdesk-go/cmd/api.(*App).docsUI-fm (5 handlers)
[GIN-debug] GET    /openapi.yaml             --> github.com/mark3748/helpdesk-go/cmd/api.(*App).openapiSpec-fm (5 handlers)
[GIN-debug] POST   /webhooks/email-inbound   --> github.com/mark3748/helpdesk-go/cmd/api.(*App).mountAPI.EmailInbound.func18 (5 handlers)
[GIN-debug] GET    /me                       --> github.com/mark3748/helpdesk-go/cmd/api/auth.Me (6 handlers)
[GIN-debug] GET    /me/profile               --> github.com/mark3748/helpdesk-go/cmd/api.(*App).getMyProfile-fm (6 handlers)
[GIN-debug] PATCH  /me/profile               --> github.com/mark3748/helpdesk-go/cmd/api.(*App).updateMyProfile-fm (6 handlers)
[GIN-debug] POST   /me/password              --> github.com/mark3748/helpdesk-go/cmd/api.(*App).changeMyPassword-fm (6 handlers)
[GIN-debug] GET    /events                   --> github.com/mark3748/helpdesk-go/cmd/api.(*App).mountAPI.Events.func20 (6 handlers)
[GIN-debug] GET    /settings                 --> github.com/mark3748/helpdesk-go/cmd/api/handlers.GetSettings (7 handlers)
[GIN-debug] GET    /features                 --> github.com/mark3748/helpdesk-go/cmd/api.(*App).mountAPI.Features.func22 (6 handlers)
[GIN-debug] POST   /test-connection          --> github.com/mark3748/helpdesk-go/cmd/api/handlers.TestConnection (7 handlers)
[GIN-debug] POST   /settings/storage         --> github.com/mark3748/helpdesk-go/cmd/api/handlers.SaveStorageSettings (7 handlers)
[GIN-debug] POST   /settings/oidc            --> github.com/mark3748/helpdesk-go/cmd/api/handlers.SaveOIDCSettings (7 handlers)
[GIN-debug] POST   /settings/mail            --> github.com/mark3748/helpdesk-go/cmd/api/handlers.SaveMailSettings (7 handlers)
[GIN-debug] POST   /settings/mail/send-test  --> github.com/mark3748/helpdesk-go/cmd/api/handlers.SendTestMail (7 handlers)
[GIN-debug] GET    /users/:id/roles          --> github.com/mark3748/helpdesk-go/cmd/api.(*App).mountAPI.ListUserRoles.func29 (7 handlers)
[GIN-debug] POST   /users/:id/roles          --> github.com/mark3748/helpdesk-go/cmd/api.(*App).mountAPI.AddUserRole.func31 (7 handlers)
[GIN-debug] DELETE /users/:id/roles/:role    --> github.com/mark3748/helpdesk-go/cmd/api.(*App).mountAPI.RemoveUserRole.func33 (7 handlers)
[GIN-debug] GET    /users                    --> github.com/mark3748/helpdesk-go/cmd/api.(*App).mountAPI.List.func35 (7 handlers)
[GIN-debug] GET    /users/:id                --> github.com/mark3748/helpdesk-go/cmd/api.(*App).mountAPI.Get.func37 (7 handlers)
[GIN-debug] POST   /users                    --> github.com/mark3748/helpdesk-go/cmd/api.(*App).mountAPI.CreateLocal.func39 (7 handlers)
[GIN-debug] GET    /roles                    --> github.com/mark3748/helpdesk-go/cmd/api.(*App).mountAPI.List.func41 (7 handlers)
[GIN-debug] GET    /requesters               --> github.com/mark3748/helpdesk-go/cmd/api.(*App).mountAPI.Search.func42 (6 handlers)
[GIN-debug] GET    /requesters/:id           --> github.com/mark3748/helpdesk-go/cmd/api.(*App).getRequester-fm (6 handlers)
[GIN-debug] POST   /requesters               --> github.com/mark3748/helpdesk-go/cmd/api.(*App).createRequester-fm (7 handlers)
[GIN-debug] PATCH  /requesters/:id           --> github.com/mark3748/helpdesk-go/cmd/api.(*App).updateRequester-fm (7 handlers)
[GIN-debug] GET    /teams                    --> github.com/mark3748/helpdesk-go/cmd/api.(*App).mountAPI.List.func45 (6 handlers)
[GIN-debug] GET    /slas                     --> github.com/mark3748/helpdesk-go/cmd/api.(*App).mountAPI.List.func46 (6 handlers)
[GIN-debug] GET    /kb                       --> github.com/mark3748/helpdesk-go/cmd/api.(*App).mountAPI.Search.func47 (6 handlers)
[GIN-debug] GET    /kb/:slug                 --> github.com/mark3748/helpdesk-go/cmd/api.(*App).mountAPI.Get.func48 (6 handlers)
[GIN-debug] POST   /kb                       --> github.com/mark3748/helpdesk-go/cmd/api.(*App).mountAPI.Create.func50 (7 handlers)
[GIN-debug] PUT    /kb/:slug                 --> github.com/mark3748/helpdesk-go/cmd/api.(*App).mountAPI.Update.func52 (7 handlers)
[GIN-debug] DELETE /kb/:slug                 --> github.com/mark3748/helpdesk-go/cmd/api.(*App).mountAPI.Delete.func54 (7 handlers)
[GIN-debug] GET    /tickets                  --> github.com/mark3748/helpdesk-go/cmd/api.(*App).mountAPI.List.func55 (6 handlers)
[GIN-debug] POST   /tickets                  --> github.com/mark3748/helpdesk-go/cmd/api.(*App).mountAPI.Create.func59 (6 handlers)
[GIN-debug] GET    /tickets/:id              --> github.com/mark3748/helpdesk-go/cmd/api.(*App).mountAPI.Get.func60 (6 handlers)
[GIN-debug] PATCH  /tickets/:id              --> github.com/mark3748/helpdesk-go/cmd/api.(*App).mountAPI.Update.func62 (7 handlers)
[GIN-debug] GET    /tickets/:id/comments     --> github.com/mark3748/helpdesk-go/cmd/api.(*App).mountAPI.List.func63 (6 handlers)
[GIN-debug] POST   /tickets/:id/comments     --> github.com/mark3748/helpdesk-go/cmd/api.(*App).mountAPI.Add.func64 (6 handlers)
[GIN-debug] GET    /tickets/:id/attachments  --> github.com/mark3748/helpdesk-go/cmd/api.(*App).mountAPI.List.func65 (6 handlers)
[GIN-debug] POST   /tickets/:id/attachments/presign --> github.com/mark3748/helpdesk-go/cmd/api.(*App).mountAPI.Presign.func75 (6 handlers)
[GIN-debug] POST   /tickets/:id/attachments  --> github.com/mark3748/helpdesk-go/cmd/api.(*App).mountAPI.Finalize.func76 (6 handlers)
[GIN-debug] GET    /tickets/:id/attachments/:attID --> github.com/mark3748/helpdesk-go/cmd/api.(*App).mountAPI.Get.func77 (6 handlers)
[GIN-debug] PUT    /attachments/upload/:objectKey --> github.com/mark3748/helpdesk-go/cmd/api.(*App).mountAPI.UploadObject.func78 (6 handlers)
[GIN-debug] DELETE /tickets/:id/attachments/:attID --> github.com/mark3748/helpdesk-go/cmd/api.(*App).mountAPI.Delete.func79 (6 handlers)
[GIN-debug] GET    /tickets/:id/watchers     --> github.com/mark3748/helpdesk-go/cmd/api.(*App).mountAPI.List.func80 (6 handlers)
[GIN-debug] POST   /tickets/:id/watchers     --> github.com/mark3748/helpdesk-go/cmd/api.(*App).mountAPI.Add.func81 (6 handlers)
[GIN-debug] DELETE /tickets/:id/watchers/:uid --> github.com/mark3748/helpdesk-go/cmd/api.(*App).mountAPI.Remove.func82 (6 handlers)
[GIN-debug] GET    /emails/outbound          --> github.com/mark3748/helpdesk-go/cmd/api.(*App).mountAPI.ListOutbound.func84 (7 handlers)
[GIN-debug] GET    /metrics/sla              --> github.com/mark3748/helpdesk-go/cmd/api.(*App).mountAPI.SLA.func86 (7 handlers)
[GIN-debug] GET    /metrics/resolution       --> github.com/mark3748/helpdesk-go/cmd/api.(*App).mountAPI.Resolution.func88 (7 handlers)
[GIN-debug] GET    /metrics/tickets          --> github.com/mark3748/helpdesk-go/cmd/api.(*App).mountAPI.TicketVolume.func90 (7 handlers)
[GIN-debug] GET    /metrics/dashboard        --> github.com/mark3748/helpdesk-go/cmd/api.(*App).mountAPI.Dashboard.func92 (7 handlers)
[GIN-debug] GET    /metrics/agent            --> github.com/mark3748/helpdesk-go/cmd/api.(*App).mountAPI.Agent.func94 (7 handlers)
[GIN-debug] GET    /metrics/manager          --> github.com/mark3748/helpdesk-go/cmd/api.(*App).mountAPI.Manager.func96 (7 handlers)
[GIN-debug] POST   /exports/tickets          --> github.com/mark3748/helpdesk-go/cmd/api.(*App).exportTicketsBridge-fm (7 handlers)
[GIN-debug] GET    /exports/tickets/:job_id  --> github.com/mark3748/helpdesk-go/cmd/api.(*App).exportTicketsStatus-fm (7 handlers)
[GIN-debug] GET    /webhooks                 --> github.com/mark3748/helpdesk-go/cmd/api.(*App).mountAPI.List.func100 (7 handlers)
[GIN-debug] POST   /webhooks                 --> github.com/mark3748/helpdesk-go/cmd/api.(*App).mountAPI.Create.func102 (7 handlers)
[GIN-debug] DELETE /webhooks/:id             --> github.com/mark3748/helpdesk-go/cmd/api.(*App).mountAPI.Delete.func104 (7 handlers)
[GIN-debug] GET    /asset-categories         --> github.com/mark3748/helpdesk-go/cmd/api.(*App).mountAPI.ListCategories.func105 (6 handlers)
[GIN-debug] POST   /asset-categories         --> github.com/mark3748/helpdesk-go/cmd/api.(*App).mountAPI.CreateCategory.func107 (7 handlers)
[GIN-debug] GET    /asset-categories/:id     --> github.com/mark3748/helpdesk-go/cmd/api.(*App).mountAPI.GetCategory.func108 (6 handlers)
[GIN-debug] GET    /assets                   --> github.com/mark3748/helpdesk-go/cmd/api.(*App).mountAPI.ListAssets.func109 (6 handlers)
[GIN-debug] POST   /assets                   --> github.com/mark3748/helpdesk-go/cmd/api.(*App).mountAPI.CreateAsset.func111 (7 handlers)
[GIN-debug] GET    /assets/:id               --> github.com/mark3748/helpdesk-go/cmd/api.(*App).mountAPI.GetAsset.func112 (6 handlers)
[GIN-debug] PATCH  /assets/:id               --> github.com/mark3748/helpdesk-go/cmd/api.(*App).mountAPI.UpdateAsset.func114 (7 handlers)
[GIN-debug] DELETE /assets/:id               --> github.com/mark3748/helpdesk-go/cmd/api.(*App).mountAPI.DeleteAsset.func116 (7 handlers)
[GIN-debug] POST   /assets/:id/assign        --> github.com/mark3748/helpdesk-go/cmd/api.(*App).mountAPI.AssignAsset.func118 (7 handlers)
[GIN-debug] GET    /assets/:id/history       --> github.com/mark3748/helpdesk-go/cmd/api.(*App).mountAPI.GetAssetHistory.func119 (6 handlers)
[GIN-debug] GET    /assets/:id/assignments   --> github.com/mark3748/helpdesk-go/cmd/api.(*App).mountAPI.GetAssetAssignments.func120 (6 handlers)
[GIN-debug] GET    /assets/:id/attachments   --> github.com/mark3748/helpdesk-go/cmd/api.(*App).mountAPI.ListAttachments.func121 (6 handlers)
[GIN-debug] POST   /assets/:id/attachments/presign --> github.com/mark3748/helpdesk-go/cmd/api.(*App).mountAPI.PresignAssetUpload.func123 (7 handlers)
[GIN-debug] POST   /assets/:id/attachments   --> github.com/mark3748/helpdesk-go/cmd/api.(*App).mountAPI.FinalizeAssetAttachment.func125 (7 handlers)
[GIN-debug] GET    /assets/:id/attachments/:attachmentID --> github.com/mark3748/helpdesk-go/cmd/api.(*App).mountAPI.GetAssetAttachment.func126 (6 handlers)
[GIN-debug] DELETE /assets/:id/attachments/:attachmentID --> github.com/mark3748/helpdesk-go/cmd/api.(*App).mountAPI.DeleteAssetAttachment.func128 (7 handlers)
[GIN-debug] PUT    /assets/attachments/upload/:objectKey --> github.com/mark3748/helpdesk-go/cmd/api.(*App).mountAPI.UploadAssetObject.func129 (6 handlers)
[GIN-debug] POST   /assets/:id/status-change --> github.com/mark3748/helpdesk-go/cmd/api.(*App).mountAPI.RequestStatusChange.func131 (7 handlers)
[GIN-debug] POST   /workflows/:id/approve    --> github.com/mark3748/helpdesk-go/cmd/api.(*App).mountAPI.ApproveWorkflow.func133 (7 handlers)
[GIN-debug] POST   /workflows/:id/reject     --> github.com/mark3748/helpdesk-go/cmd/api.(*App).mountAPI.RejectWorkflow.func135 (7 handlers)
[GIN-debug] POST   /assets/:id/checkout      --> github.com/mark3748/helpdesk-go/cmd/api.(*App).mountAPI.CheckoutAsset.func137 (7 handlers)
[GIN-debug] POST   /assets/checkin           --> github.com/mark3748/helpdesk-go/cmd/api.(*App).mountAPI.CheckinAsset.func139 (7 handlers)
[GIN-debug] GET    /assets/checkouts/active  --> github.com/mark3748/helpdesk-go/cmd/api.(*App).mountAPI.GetActiveCheckouts.func140 (6 handlers)
[GIN-debug] GET    /assets/checkouts/overdue --> github.com/mark3748/helpdesk-go/cmd/api.(*App).mountAPI.GetOverdueCheckouts.func141 (6 handlers)
[GIN-debug] POST   /assets/:id/relationships --> github.com/mark3748/helpdesk-go/cmd/api.(*App).mountAPI.CreateRelationship.func143 (7 handlers)
[GIN-debug] GET    /assets/:id/relationships/graph --> github.com/mark3748/helpdesk-go/cmd/api.(*App).mountAPI.GetRelationshipGraph.func144 (6 handlers)
[GIN-debug] GET    /assets/:id/impact-analysis --> github.com/mark3748/helpdesk-go/cmd/api.(*App).mountAPI.GetAssetImpactAnalysis.func145 (6 handlers)
[GIN-debug] POST   /assets/bulk/update       --> github.com/mark3748/helpdesk-go/cmd/api.(*App).mountAPI.BulkUpdateAssets.func147 (7 handlers)
[GIN-debug] POST   /assets/bulk/assign       --> github.com/mark3748/helpdesk-go/cmd/api.(*App).mountAPI.BulkAssignAssets.func149 (7 handlers)
[GIN-debug] GET    /assets/bulk/operations/:id --> github.com/mark3748/helpdesk-go/cmd/api.(*App).mountAPI.GetBulkOperation.func150 (6 handlers)
[GIN-debug] POST   /assets/import/preview    --> github.com/mark3748/helpdesk-go/cmd/api.(*App).mountAPI.ImportAssetsPreview.func152 (7 handlers)
[GIN-debug] POST   /assets/import            --> github.com/mark3748/helpdesk-go/cmd/api.(*App).mountAPI.ImportAssets.func154 (7 handlers)
[GIN-debug] POST   /assets/export            --> github.com/mark3748/helpdesk-go/cmd/api.(*App).mountAPI.ExportAssets.func156 (7 handlers)
[GIN-debug] GET    /assets/:id/audit         --> github.com/mark3748/helpdesk-go/cmd/api.(*App).mountAPI.GetAuditHistory.func157 (6 handlers)
[GIN-debug] GET    /assets/audit/summary     --> github.com/mark3748/helpdesk-go/cmd/api.(*App).mountAPI.GetAuditSummary.func159 (7 handlers)
[GIN-debug] GET    /assets/analytics         --> github.com/mark3748/helpdesk-go/cmd/api.(*App).mountAPI.GetAssetAnalytics.func161 (7 handlers)
[GIN-debug] GET    /problems                 --> github.com/mark3748/helpdesk-go/cmd/api.(*App).mountAPI.List.func162 (6 handlers)
[GIN-debug] POST   /problems                 --> github.com/mark3748/helpdesk-go/cmd/api.(*App).mountAPI.Create.func163 (6 handlers)
[GIN-debug] GET    /problems/:id             --> github.com/mark3748/helpdesk-go/cmd/api.(*App).mountAPI.Get.func164 (6 handlers)
[GIN-debug] PUT    /problems/:id             --> github.com/mark3748/helpdesk-go/cmd/api.(*App).mountAPI.Update.func165 (6 handlers)
[GIN-debug] DELETE /problems/:id             --> github.com/mark3748/helpdesk-go/cmd/api.(*App).mountAPI.Delete.func166 (6 handlers)
[GIN-debug] GET    /changes                  --> github.com/mark3748/helpdesk-go/cmd/api.(*App).mountAPI.List.func167 (6 handlers)
[GIN-debug] POST   /changes                  --> github.com/mark3748/helpdesk-go/cmd/api.(*App).mountAPI.Create.func168 (6 handlers)
[GIN-debug] GET    /changes/:id              --> github.com/mark3748/helpdesk-go/cmd/api.(*App).mountAPI.Get.func169 (6 handlers)
[GIN-debug] PUT    /changes/:id              --> github.com/mark3748/helpdesk-go/cmd/api.(*App).mountAPI.Update.func170 (6 handlers)
[GIN-debug] DELETE /changes/:id              --> github.com/mark3748/helpdesk-go/cmd/api.(*App).mountAPI.Delete.func171 (6 handlers)
[GIN-debug] GET    /releases                 --> github.com/mark3748/helpdesk-go/cmd/api.(*App).mountAPI.List.func172 (6 handlers)
[GIN-debug] POST   /releases                 --> github.com/mark3748/helpdesk-go/cmd/api.(*App).mountAPI.Create.func173 (6 handlers)
[GIN-debug] GET    /releases/:id             --> github.com/mark3748/helpdesk-go/cmd/api.(*App).mountAPI.Get.func174 (6 handlers)
[GIN-debug] PUT    /releases/:id             --> github.com/mark3748/helpdesk-go/cmd/api.(*App).mountAPI.Update.func175 (6 handlers)
[GIN-debug] DELETE /releases/:id             --> github.com/mark3748/helpdesk-go/cmd/api.(*App).mountAPI.Delete.func176 (6 handlers)
[GIN-debug] GET    /api/livez                --> github.com/mark3748/helpdesk-go/cmd/api.(*App).mountAPI.func1 (5 handlers)
[GIN-debug] GET    /api/readyz               --> github.com/mark3748/helpdesk-go/cmd/api.(*App).readyz-fm (5 handlers)
[GIN-debug] GET    /api/healthz              --> github.com/mark3748/helpdesk-go/cmd/api.(*App).mountAPI.func2 (5 handlers)
[GIN-debug] GET    /api/csat/:token          --> github.com/mark3748/helpdesk-go/cmd/api.(*App).csatForm-fm (5 handlers)
[GIN-debug] POST   /api/csat/:token          --> github.com/mark3748/helpdesk-go/cmd/api.(*App).submitCSAT-fm (5 handlers)
[GIN-debug] GET    /api/metrics              --> github.com/mark3748/helpdesk-go/cmd/api.(*App).mountAPI.WrapH.func9 (5 handlers)
[GIN-debug] GET    /api/swagger/*filepath    --> github.com/gin-gonic/gin.(*RouterGroup).createStaticHandler.func1 (5 handlers)
[GIN-debug] HEAD   /api/swagger/*filepath    --> github.com/gin-gonic/gin.(*RouterGroup).createStaticHandler.func1 (5 handlers)
[GIN-debug] GET    /api/docs                 --> github.com/mark3748/helpdesk-go/cmd/api.(*App).docsUI-fm (5 handlers)
[GIN-debug] GET    /api/openapi.yaml         --> github.com/mark3748/helpdesk-go/cmd/api.(*App).openapiSpec-fm (5 handlers)
[GIN-debug] POST   /api/webhooks/email-inbound --> github.com/mark3748/helpdesk-go/cmd/api.(*App).mountAPI.EmailInbound.func18 (5 handlers)
[GIN-debug] GET    /api/me                   --> github.com/mark3748/helpdesk-go/cmd/api/auth.Me (6 handlers)
[GIN-debug] GET    /api/me/profile           --> github.com/mark3748/helpdesk-go/cmd/api.(*App).getMyProfile-fm (6 handlers)
[GIN-debug] PATCH  /api/me/profile           --> github.com/mark3748/helpdesk-go/cmd/api.(*App).updateMyProfile-fm (6 handlers)
[GIN-debug] POST   /api/me/password          --> github.com/mark3748/helpdesk-go/cmd/api.(*App).changeMyPassword-fm (6 handlers)
[GIN-debug] GET    /api/events               --> github.com/mark3748/helpdesk-go/cmd/api.(*App).mountAPI.Events.func20 (6 handlers)
[GIN-debug] GET    /api/settings             --> github.com/mark3748/helpdesk-go/cmd/api/handlers.GetSettings (7 handlers)
[GIN-debug] GET    /api/features             --> github.com/mark3748/helpdesk-go/cmd/api.(*App).mountAPI.Features.func22 (6 handlers)
[GIN-debug] POST   /api/test-connection      --> github.com/mark3748/helpdesk-go/cmd/api/handlers.TestConnection (7 handlers)
[GIN-debug] POST   /api/settings/storage     --> github.com/mark3748/helpdesk-go/cmd/api/handlers.SaveStorageSettings (7 handlers)
[GIN-debug] POST   /api/settings/oidc        --> github.com/mark3748/helpdesk-go/cmd/api/handlers.SaveOIDCSettings (7 handlers)
[GIN-debug] POST   /api/settings/mail        --> github.com/mark3748/helpdesk-go/cmd/api/handlers.SaveMailSettings (7 handlers)
[GIN-debug] POST   /api/settings/mail/send-test --> github.com/mark3748/helpdesk-go/cmd/api/handlers.SendTestMail (7 handlers)
[GIN-debug] GET    /api/users/:id/roles      --> github.com/mark3748/helpdesk-go/cmd/api.(*App).mountAPI.ListUserRoles.func29 (7 handlers)
[GIN-debug] POST   /api/users/:id/roles      --> github.com/mark3748/helpdesk-go/cmd/api.(*App).mountAPI.AddUserRole.func31 (7 handlers)
[GIN-debug] DELETE /api/users/:id/roles/:role --> github.com/mark3748/helpdesk-go/cmd/api.(*App).mountAPI.RemoveUserRole.func33 (7 handlers)
[GIN-debug] GET    /api/users                --> github.com/mark3748/helpdesk-go/cmd/api.(*App).mountAPI.List.func35 (7 handlers)
[GIN-debug] GET    /api/users/:id            --> github.com/mark3748/helpdesk-go/cmd/api.(*App).mountAPI.Get.func37 (7 handlers)
[GIN-debug] POST   /api/users                --> github.com/mark3748/helpdesk-go/cmd/api.(*App).mountAPI.CreateLocal.func39 (7 handlers)
[GIN-debug] GET    /api/roles                --> github.com/mark3748/helpdesk-go/cmd/api.(*App).mountAPI.List.func41 (7 handlers)
[GIN-debug] GET    /api/requesters           --> github.com/mark3748/helpdesk-go/cmd/api.(*App).mountAPI.Search.func42 (6 handlers)
[GIN-debug] GET    /api/requesters/:id       --> github.com/mark3748/helpdesk-go/cmd/api.(*App).getRequester-fm (6 handlers)
[GIN-debug] POST   /api/requesters           --> github.com/mark3748/helpdesk-go/cmd/api.(*App).createRequester-fm (7 handlers)
[GIN-debug] PATCH  /api/requesters/:id       --> github.com/mark3748/helpdesk-go/cmd/api.(*App).updateRequester-fm (7 handlers)
[GIN-debug] GET    /api/teams                --> github.com/mark3748/helpdesk-go/cmd/api.(*App).mountAPI.List.func45 (6 handlers)
[GIN-debug] GET    /api/slas                 --> github.com/mark3748/helpdesk-go/cmd/api.(*App).mountAPI.List.func46 (6 handlers)
[GIN-debug] GET    /api/kb                   --> github.com/mark3748/helpdesk-go/cmd/api.(*App).mountAPI.Search.func47 (6 handlers)
[GIN-debug] GET    /api/kb/:slug             --> github.com/mark3748/helpdesk-go/cmd/api.(*App).mountAPI.Get.func48 (6 handlers)
[GIN-debug] POST   /api/kb                   --> github.com/mark3748/helpdesk-go/cmd/api.(*App).mountAPI.Create.func50 (7 handlers)
[GIN-debug] PUT    /api/kb/:slug             --> github.com/mark3748/helpdesk-go/cmd/api.(*App).mountAPI.Update.func52 (7 handlers)
[GIN-debug] DELETE /api/kb/:slug             --> github.com/mark3748/helpdesk-go/cmd/api.(*App).mountAPI.Delete.func54 (7 handlers)
[GIN-debug] GET    /api/tickets              --> github.com/mark3748/helpdesk-go/cmd/api.(*App).mountAPI.List.func55 (6 handlers)
[GIN-debug] POST   /api/tickets              --> github.com/mark3748/helpdesk-go/cmd/api.(*App).mountAPI.Create.func59 (6 handlers)
[GIN-debug] GET    /api/tickets/:id          --> github.com/mark3748/helpdesk-go/cmd/api.(*App).mountAPI.Get.func60 (6 handlers)
[GIN-debug] PATCH  /api/tickets/:id          --> github.com/mark3748/helpdesk-go/cmd/api.(*App).mountAPI.Update.func62 (7 handlers)
[GIN-debug] GET    /api/tickets/:id/comments --> github.com/mark3748/helpdesk-go/cmd/api.(*App).mountAPI.List.func63 (6 handlers)
[GIN-debug] POST   /api/tickets/:id/comments --> github.com/mark3748/helpdesk-go/cmd/api.(*App).mountAPI.Add.func64 (6 handlers)
[GIN-debug] GET    /api/tickets/:id/attachments --> github.com/mark3748/helpdesk-go/cmd/api.(*App).mountAPI.List.func65 (6 handlers)
[GIN-debug] POST   /api/tickets/:id/attachments/presign --> github.com/mark3748/helpdesk-go/cmd/api.(*App).mountAPI.Presign.func75 (6 handlers)
[GIN-debug] POST   /api/tickets/:id/attachments --> github.com/mark3748/helpdesk-go/cmd/api.(*App).mountAPI.Finalize.func76 (6 handlers)
[GIN-debug] GET    /api/tickets/:id/attachments/:attID --> github.com/mark3748/helpdesk-go/cmd/api.(*App).mountAPI.Get.func77 (6 handlers)
[GIN-debug] PUT    /api/attachments/upload/:objectKey --> github.com/mark3748/helpdesk-go/cmd/api.(*App).mountAPI.UploadObject.func78 (6 handlers)
[GIN-debug] DELETE /api/tickets/:id/attachments/:attID --> github.com/mark3748/helpdesk-go/cmd/api.(*App).mountAPI.Delete.func79 (6 handlers)
[GIN-debug] GET    /api/tickets/:id/watchers --> github.com/mark3748/helpdesk-go/cmd/api.(*App).mountAPI.List.func80 (6 handlers)
[GIN-debug] POST   /api/tickets/:id/watchers --> github.com/mark3748/helpdesk-go/cmd/api.(*App).mountAPI.Add.func81 (6 handlers)
[GIN-debug] DELETE /api/tickets/:id/watchers/:uid --> github.com/mark3748/helpdesk-go/cmd/api.(*App).mountAPI.Remove.func82 (6 handlers)
[GIN-debug] GET    /api/emails/outbound      --> github.com/mark3748/helpdesk-go/cmd/api.(*App).mountAPI.ListOutbound.func84 (7 handlers)
[GIN-debug] GET    /api/metrics/sla          --> github.com/mark3748/helpdesk-go/cmd/api.(*App).mountAPI.SLA.func86 (7 handlers)
[GIN-debug] GET    /api/metrics/resolution   --> github.com/mark3748/helpdesk-go/cmd/api.(*App).mountAPI.Resolution.func88 (7 handlers)
[GIN-debug] GET    /api/metrics/tickets      --> github.com/mark3748/helpdesk-go/cmd/api.(*App).mountAPI.TicketVolume.func90 (7 handlers)
[GIN-debug] GET    /api/metrics/dashboard    --> github.com/mark3748/helpdesk-go/cmd/api.(*App).mountAPI.Dashboard.func92 (7 handlers)
[GIN-debug] GET    /api/metrics/agent        --> github.com/mark3748/helpdesk-go/cmd/api.(*App).mountAPI.Agent.func94 (7 handlers)
[GIN-debug] GET    /api/metrics/manager      --> github.com/mark3748/helpdesk-go/cmd/api.(*App).mountAPI.Manager.func96 (7 handlers)
[GIN-debug] POST   /api/exports/tickets      --> github.com/mark3748/helpdesk-go/cmd/api.(*App).exportTicketsBridge-fm (7 handlers)
[GIN-debug] GET    /api/exports/tickets/:job_id --> github.com/mark3748/helpdesk-go/cmd/api.(*App).exportTicketsStatus-fm (7 handlers)
[GIN-debug] GET    /api/webhooks             --> github.com/mark3748/helpdesk-go/cmd/api.(*App).mountAPI.List.func100 (7 handlers)
[GIN-debug] POST   /api/webhooks             --> github.com/mark3748/helpdesk-go/cmd/api.(*App).mountAPI.Create.func102 (7 handlers)
[GIN-debug] DELETE /api/webhooks/:id         --> github.com/mark3748/helpdesk-go/cmd/api.(*App).mountAPI.Delete.func104 (7 handlers)
[GIN-debug] GET    /api/asset-categories     --> github.com/mark3748/helpdesk-go/cmd/api.(*App).mountAPI.ListCategories.func105 (6 handlers)
[GIN-debug] POST   /api/asset-categories     --> github.com/mark3748/helpdesk-go/cmd/api.(*App).mountAPI.CreateCategory.func107 (7 handlers)
[GIN-debug] GET    /api/asset-categories/:id --> github.com/mark3748/helpdesk-go/cmd/api.(*App).mountAPI.GetCategory.func108 (6 handlers)
[GIN-debug] GET    /api/assets               --> github.com/mark3748/helpdesk-go/cmd/api.(*App).mountAPI.ListAssets.func109 (6 handlers)
[GIN-debug] POST   /api/assets               --> github.com/mark3748/helpdesk-go/cmd/api.(*App).mountAPI.CreateAsset.func111 (7 handlers)
[GIN-debug] GET    /api/assets/:id           --> github.com/mark3748/helpdesk-go/cmd/api.(*App).mountAPI.GetAsset.func112 (6 handlers)
[GIN-debug] PATCH  /api/assets/:id           --> github.com/mark3748/helpdesk-go/cmd/api.(*App).mountAPI.UpdateAsset.func114 (7 handlers)
[GIN-debug] DELETE /api/assets/:id           --> github.com/mark3748/helpdesk-go/cmd/api.(*App).mountAPI.DeleteAsset.func116 (7 handlers)
[GIN-debug] POST   /api/assets/:id/assign    --> github.com/mark3748/helpdesk-go/cmd/api.(*App).mountAPI.AssignAsset.func118 (7 handlers)
[GIN-debug] GET    /api/assets/:id/history   --> github.com/mark3748/helpdesk-go/cmd/api.(*App).mountAPI.GetAssetHistory.func119 (6 handlers)
[GIN-debug] GET    /api/assets/:id/assignments --> github.com/mark3748/helpdesk-go/cmd/api.(*App).mountAPI.GetAssetAssignments.func120 (6 handlers)
[GIN-debug] GET    /api/assets/:id/attachments --> github.com/mark3748/helpdesk-go/cmd/api.(*App).mountAPI.ListAttachments.func121 (6 handlers)
[GIN-debug] POST   /api/assets/:id/attachments/presign --> github.com/mark3748/helpdesk-go/cmd/api.(*App).mountAPI.PresignAssetUpload.func123 (7 handlers)
[GIN-debug] POST   /api/assets/:id/attachments --> github.com/mark3748/helpdesk-go/cmd/api.(*App).mountAPI.FinalizeAssetAttachment.func125 (7 handlers)
[GIN-debug] GET    /api/assets/:id/attachments/:attachmentID --> github.com/mark3748/helpdesk-go/cmd/api.(*App).mountAPI.GetAssetAttachment.func126 (6 handlers)
[GIN-debug] DELETE /api/assets/:id/attachments/:attachmentID --> github.com/mark3748/helpdesk-go/cmd/api.(*App).mountAPI.DeleteAssetAttachment.func128 (7 handlers)
[GIN-debug] PUT    /api/assets/attachments/upload/:objectKey --> github.com/mark3748/helpdesk-go/cmd/api.(*App).mountAPI.UploadAssetObject.func129 (6 handlers)
[GIN-debug] POST   /api/assets/:id/status-change --> github.com/mark3748/helpdesk-go/cmd/api.(*App).mountAPI.RequestStatusChange.func131 (7 handlers)
[GIN-debug] POST   /api/workflows/:id/approve --> github.com/mark3748/helpdesk-go/cmd/api.(*App).mountAPI.ApproveWorkflow.func133 (7 handlers)
[GIN-debug] POST   /api/workflows/:id/reject --> github.com/mark3748/helpdesk-go/cmd/api.(*App).mountAPI.RejectWorkflow.func135 (7 handlers)
[GIN-debug] POST   /api/assets/:id/checkout  --> github.com/mark3748/helpdesk-go/cmd/api.(*App).mountAPI.CheckoutAsset.func137 (7 handlers)
[GIN-debug] POST   /api/assets/checkin       --> github.com/mark3748/helpdesk-go/cmd/api.(*App).mountAPI.CheckinAsset.func139 (7 handlers)
[GIN-debug] GET    /api/assets/checkouts/active --> github.com/mark3748/helpdesk-go/cmd/api.(*App).mountAPI.GetActiveCheckouts.func140 (6 handlers)
[GIN-debug] GET    /api/assets/checkouts/overdue --> github.com/mark3748/helpdesk-go/cmd/api.(*App).mountAPI.GetOverdueCheckouts.func141 (6 handlers)
[GIN-debug] POST   /api/assets/:id/relationships --> github.com/mark3748/helpdesk-go/cmd/api.(*App).mountAPI.CreateRelationship.func143 (7 handlers)
[GIN-debug] GET    /api/assets/:id/relationships/graph --> github.com/mark3748/helpdesk-go/cmd/api.(*App).mountAPI.GetRelationshipGraph.func144 (6 handlers)
[GIN-debug] GET    /api/assets/:id/impact-analysis --> github.com/mark3748/helpdesk-go/cmd/api.(*App).mountAPI.GetAssetImpactAnalysis.func145 (6 handlers)
[GIN-debug] POST   /api/assets/bulk/update   --> github.com/mark3748/helpdesk-go/cmd/api.(*App).mountAPI.BulkUpdateAssets.func147 (7 handlers)
[GIN-debug] POST   /api/assets/bulk/assign   --> github.com/mark3748/helpdesk-go/cmd/api.(*App).mountAPI.BulkAssignAssets.func149 (7 handlers)
[GIN-debug] GET    /api/assets/bulk/operations/:id --> github.com/mark3748/helpdesk-go/cmd/api.(*App).mountAPI.GetBulkOperation.func150 (6 handlers)
[GIN-debug] POST   /api/assets/import/preview --> github.com/mark3748/helpdesk-go/cmd/api.(*App).mountAPI.ImportAssetsPreview.func152 (7 handlers)
[GIN-debug] POST   /api/assets/import        --> github.com/mark3748/helpdesk-go/cmd/api.(*App).mountAPI.ImportAssets.func154 (7 handlers)
[GIN-debug] POST   /api/assets/export        --> github.com/mark3748/helpdesk-go/cmd/api.(*App).mountAPI.ExportAssets.func156 (7 handlers)
[GIN-debug] GET    /api/assets/:id/audit     --> github.com/mark3748/helpdesk-go/cmd/api.(*App).mountAPI.GetAuditHistory.func157 (6 handlers)
[GIN-debug] GET    /api/assets/audit/summary --> github.com/mark3748/helpdesk-go/cmd/api.(*App).mountAPI.GetAuditSummary.func159 (7 handlers)
[GIN-debug] GET    /api/assets/analytics     --> github.com/mark3748/helpdesk-go/cmd/api.(*App).mountAPI.GetAssetAnalytics.func161 (7 handlers)
[GIN-debug] GET    /api/problems             --> github.com/mark3748/helpdesk-go/cmd/api.(*App).mountAPI.List.func162 (6 handlers)
[GIN-debug] POST   /api/problems             --> github.com/mark3748/helpdesk-go/cmd/api.(*App).mountAPI.Create.func163 (6 handlers)
[GIN-debug] GET    /api/problems/:id         --> github.com/mark3748/helpdesk-go/cmd/api.(*App).mountAPI.Get.func164 (6 handlers)
[GIN-debug] PUT    /api/problems/:id         --> github.com/mark3748/helpdesk-go/cmd/api.(*App).mountAPI.Update.func165 (6 handlers)
[GIN-debug] DELETE /api/problems/:id         --> github.com/mark3748/helpdesk-go/cmd/api.(*App).mountAPI.Delete.func166 (6 handlers)
[GIN-debug] GET    /api/changes              --> github.com/mark3748/helpdesk-go/cmd/api.(*App).mountAPI.List.func167 (6 handlers)
[GIN-debug] POST   /api/changes              --> github.com/mark3748/helpdesk-go/cmd/api.(*App).mountAPI.Create.func168 (6 handlers)
[GIN-debug] GET    /api/changes/:id          --> github.com/mark3748/helpdesk-go/cmd/api.(*App).mountAPI.Get.func169 (6 handlers)
[GIN-debug] PUT    /api/changes/:id          --> github.com/mark3748/helpdesk-go/cmd/api.(*App).mountAPI.Update.func170 (6 handlers)
[GIN-debug] DELETE /api/changes/:id          --> github.com/mark3748/helpdesk-go/cmd/api.(*App).mountAPI.Delete.func171 (6 handlers)
[GIN-debug] GET    /api/releases             --> github.com/mark3748/helpdesk-go/cmd/api.(*App).mountAPI.List.func172 (6 handlers)
[GIN-debug] POST   /api/releases             --> github.com/mark3748/helpdesk-go/cmd/api.(*App).mountAPI.Create.func173 (6 handlers)
[GIN-debug] GET    /api/releases/:id         --> github.com/mark3748/helpdesk-go/cmd/api.(*App).mountAPI.Get.func174 (6 handlers)
[GIN-debug] PUT    /api/releases/:id         --> github.com/mark3748/helpdesk-go/cmd/api.(*App).mountAPI.Update.func175 (6 handlers)
[GIN-debug] DELETE /api/releases/:id         --> github.com/mark3748/helpdesk-go/cmd/api.(*App).mountAPI.Delete.func176 (6 handlers)
{"level":"info","request_id":"eb2f1648-bf17-46fa-9427-df41c2338994","method":"GET","path":"/tickets/1/attachments/att","status":404,"duration":0.012806,"time":"2025-12-20T00:53:51-07:00","message":"request"}
[GIN-debug] [WARNING] Running in "debug" mode. Switch to "release" mode in production.
 - using env:	export GIN_MODE=release
 - using code:	gin.SetMode(gin.ReleaseMode)

[GIN-debug] GET    /livez                    --> github.com/mark3748/helpdesk-go/cmd/api.(*App).mountAPI.func1 (5 handlers)
[GIN-debug] GET    /readyz                   --> github.com/mark3748/helpdesk-go/cmd/api.(*App).readyz-fm (5 handlers)
[GIN-debug] GET    /healthz                  --> github.com/mark3748/helpdesk-go/cmd/api.(*App).mountAPI.func2 (5 handlers)
[GIN-debug] GET    /csat/:token              --> github.com/mark3748/helpdesk-go/cmd/api.(*App).csatForm-fm (5 handlers)
[GIN-debug] POST   /csat/:token              --> github.com/mark3748/helpdesk-go/cmd/api.(*App).submitCSAT-fm (5 handlers)
[GIN-debug] GET    /metrics                  --> github.com/mark3748/helpdesk-go/cmd/api.(*App).mountAPI.WrapH.func9 (5 handlers)
[GIN-debug] GET    /swagger/*filepath        --> github.com/gin-gonic/gin.(*RouterGroup).createStaticHandler.func1 (5 handlers)
[GIN-debug] HEAD   /swagger/*filepath        --> github.com/gin-gonic/gin.(*RouterGroup).createStaticHandler.func1 (5 handlers)
[GIN-debug] GET    /docs                     --> github.com/mark3748/helpdesk-go/cmd/api.(*App).docsUI-fm (5 handlers)
[GIN-debug] GET    /openapi.yaml             --> github.com/mark3748/helpdesk-go/cmd/api.(*App).openapiSpec-fm (5 handlers)
[GIN-debug] POST   /webhooks/email-inbound   --> github.com/mark3748/helpdesk-go/cmd/api.(*App).mountAPI.EmailInbound.func18 (5 handlers)
[GIN-debug] GET    /me                       --> github.com/mark3748/helpdesk-go/cmd/api/auth.Me (6 handlers)
[GIN-debug] GET    /me/profile               --> github.com/mark3748/helpdesk-go/cmd/api.(*App).getMyProfile-fm (6 handlers)
[GIN-debug] PATCH  /me/profile               --> github.com/mark3748/helpdesk-go/cmd/api.(*App).updateMyProfile-fm (6 handlers)
[GIN-debug] POST   /me/password              --> github.com/mark3748/helpdesk-go/cmd/api.(*App).changeMyPassword-fm (6 handlers)
[GIN-debug] GET    /events                   --> github.com/mark3748/helpdesk-go/cmd/api.(*App).mountAPI.Events.func20 (6 handlers)
[GIN-debug] GET    /settings                 --> github.com/mark3748/helpdesk-go/cmd/api/handlers.GetSettings (7 handlers)
[GIN-debug] GET    /features                 --> github.com/mark3748/helpdesk-go/cmd/api.(*App).mountAPI.Features.func22 (6 handlers)
[GIN-debug] POST   /test-connection          --> github.com/mark3748/helpdesk-go/cmd/api/handlers.TestConnection (7 handlers)
[GIN-debug] POST   /settings/storage         --> github.com/mark3748/helpdesk-go/cmd/api/handlers.SaveStorageSettings (7 handlers)
[GIN-debug] POST   /settings/oidc            --> github.com/mark3748/helpdesk-go/cmd/api/handlers.SaveOIDCSettings (7 handlers)
[GIN-debug] POST   /settings/mail            --> github.com/mark3748/helpdesk-go/cmd/api/handlers.SaveMailSettings (7 handlers)
[GIN-debug] POST   /settings/mail/send-test  --> github.com/mark3748/helpdesk-go/cmd/api/handlers.SendTestMail (7 handlers)
[GIN-debug] GET    /users/:id/roles          --> github.com/mark3748/helpdesk-go/cmd/api.(*App).mountAPI.ListUserRoles.func29 (7 handlers)
[GIN-debug] POST   /users/:id/roles          --> github.com/mark3748/helpdesk-go/cmd/api.(*App).mountAPI.AddUserRole.func31 (7 handlers)
[GIN-debug] DELETE /users/:id/roles/:role    --> github.com/mark3748/helpdesk-go/cmd/api.(*App).mountAPI.RemoveUserRole.func33 (7 handlers)
[GIN-debug] GET    /users                    --> github.com/mark3748/helpdesk-go/cmd/api.(*App).mountAPI.List.func35 (7 handlers)
[GIN-debug] GET    /users/:id                --> github.com/mark3748/helpdesk-go/cmd/api.(*App).mountAPI.Get.func37 (7 handlers)
[GIN-debug] POST   /users                    --> github.com/mark3748/helpdesk-go/cmd/api.(*App).mountAPI.CreateLocal.func39 (7 handlers)
[GIN-debug] GET    /roles                    --> github.com/mark3748/helpdesk-go/cmd/api.(*App).mountAPI.List.func41 (7 handlers)
[GIN-debug] GET    /requesters               --> github.com/mark3748/helpdesk-go/cmd/api.(*App).mountAPI.Search.func42 (6 handlers)
[GIN-debug] GET    /requesters/:id           --> github.com/mark3748/helpdesk-go/cmd/api.(*App).getRequester-fm (6 handlers)
[GIN-debug] POST   /requesters               --> github.com/mark3748/helpdesk-go/cmd/api.(*App).createRequester-fm (7 handlers)
[GIN-debug] PATCH  /requesters/:id           --> github.com/mark3748/helpdesk-go/cmd/api.(*App).updateRequester-fm (7 handlers)
[GIN-debug] GET    /teams                    --> github.com/mark3748/helpdesk-go/cmd/api.(*App).mountAPI.List.func45 (6 handlers)
[GIN-debug] GET    /slas                     --> github.com/mark3748/helpdesk-go/cmd/api.(*App).mountAPI.List.func46 (6 handlers)
[GIN-debug] GET    /kb                       --> github.com/mark3748/helpdesk-go/cmd/api.(*App).mountAPI.Search.func47 (6 handlers)
[GIN-debug] GET    /kb/:slug                 --> github.com/mark3748/helpdesk-go/cmd/api.(*App).mountAPI.Get.func48 (6 handlers)
[GIN-debug] POST   /kb                       --> github.com/mark3748/helpdesk-go/cmd/api.(*App).mountAPI.Create.func50 (7 handlers)
[GIN-debug] PUT    /kb/:slug                 --> github.com/mark3748/helpdesk-go/cmd/api.(*App).mountAPI.Update.func52 (7 handlers)
[GIN-debug] DELETE /kb/:slug                 --> github.com/mark3748/helpdesk-go/cmd/api.(*App).mountAPI.Delete.func54 (7 handlers)
[GIN-debug] GET    /tickets                  --> github.com/mark3748/helpdesk-go/cmd/api.(*App).mountAPI.List.func55 (6 handlers)
[GIN-debug] POST   /tickets                  --> github.com/mark3748/helpdesk-go/cmd/api.(*App).mountAPI.Create.func59 (6 handlers)
[GIN-debug] GET    /tickets/:id              --> github.com/mark3748/helpdesk-go/cmd/api.(*App).mountAPI.Get.func60 (6 handlers)
[GIN-debug] PATCH  /tickets/:id              --> github.com/mark3748/helpdesk-go/cmd/api.(*App).mountAPI.Update.func62 (7 handlers)
[GIN-debug] GET    /tickets/:id/comments     --> github.com/mark3748/helpdesk-go/cmd/api.(*App).mountAPI.List.func63 (6 handlers)
[GIN-debug] POST   /tickets/:id/comments     --> github.com/mark3748/helpdesk-go/cmd/api.(*App).mountAPI.Add.func64 (6 handlers)
[GIN-debug] GET    /tickets/:id/attachments  --> github.com/mark3748/helpdesk-go/cmd/api.(*App).mountAPI.List.func65 (6 handlers)
[GIN-debug] POST   /tickets/:id/attachments/presign --> github.com/mark3748/helpdesk-go/cmd/api.(*App).mountAPI.Presign.func75 (6 handlers)
[GIN-debug] POST   /tickets/:id/attachments  --> github.com/mark3748/helpdesk-go/cmd/api.(*App).mountAPI.Finalize.func76 (6 handlers)
[GIN-debug] GET    /tickets/:id/attachments/:attID --> github.com/mark3748/helpdesk-go/cmd/api.(*App).mountAPI.Get.func77 (6 handlers)
[GIN-debug] PUT    /attachments/upload/:objectKey --> github.com/mark3748/helpdesk-go/cmd/api.(*App).mountAPI.UploadObject.func78 (6 handlers)
[GIN-debug] DELETE /tickets/:id/attachments/:attID --> github.com/mark3748/helpdesk-go/cmd/api.(*App).mountAPI.Delete.func79 (6 handlers)
[GIN-debug] GET    /tickets/:id/watchers     --> github.com/mark3748/helpdesk-go/cmd/api.(*App).mountAPI.List.func80 (6 handlers)
[GIN-debug] POST   /tickets/:id/watchers     --> github.com/mark3748/helpdesk-go/cmd/api.(*App).mountAPI.Add.func81 (6 handlers)
[GIN-debug] DELETE /tickets/:id/watchers/:uid --> github.com/mark3748/helpdesk-go/cmd/api.(*App).mountAPI.Remove.func82 (6 handlers)
[GIN-debug] GET    /emails/outbound          --> github.com/mark3748/helpdesk-go/cmd/api.(*App).mountAPI.ListOutbound.func84 (7 handlers)
[GIN-debug] GET    /metrics/sla              --> github.com/mark3748/helpdesk-go/cmd/api.(*App).mountAPI.SLA.func86 (7 handlers)
[GIN-debug] GET    /metrics/resolution       --> github.com/mark3748/helpdesk-go/cmd/api.(*App).mountAPI.Resolution.func88 (7 handlers)
[GIN-debug] GET    /metrics/tickets          --> github.com/mark3748/helpdesk-go/cmd/api.(*App).mountAPI.TicketVolume.func90 (7 handlers)
[GIN-debug] GET    /metrics/dashboard        --> github.com/mark3748/helpdesk-go/cmd/api.(*App).mountAPI.Dashboard.func92 (7 handlers)
[GIN-debug] GET    /metrics/agent            --> github.com/mark3748/helpdesk-go/cmd/api.(*App).mountAPI.Agent.func94 (7 handlers)
[GIN-debug] GET    /metrics/manager          --> github.com/mark3748/helpdesk-go/cmd/api.(*App).mountAPI.Manager.func96 (7 handlers)
[GIN-debug] POST   /exports/tickets          --> github.com/mark3748/helpdesk-go/cmd/api.(*App).exportTicketsBridge-fm (7 handlers)
[GIN-debug] GET    /exports/tickets/:job_id  --> github.com/mark3748/helpdesk-go/cmd/api.(*App).exportTicketsStatus-fm (7 handlers)
[GIN-debug] GET    /webhooks                 --> github.com/mark3748/helpdesk-go/cmd/api.(*App).mountAPI.List.func100 (7 handlers)
[GIN-debug] POST   /webhooks                 --> github.com/mark3748/helpdesk-go/cmd/api.(*App).mountAPI.Create.func102 (7 handlers)
[GIN-debug] DELETE /webhooks/:id             --> github.com/mark3748/helpdesk-go/cmd/api.(*App).mountAPI.Delete.func104 (7 handlers)
[GIN-debug] GET    /asset-categories         --> github.com/mark3748/helpdesk-go/cmd/api.(*App).mountAPI.ListCategories.func105 (6 handlers)
[GIN-debug] POST   /asset-categories         --> github.com/mark3748/helpdesk-go/cmd/api.(*App).mountAPI.CreateCategory.func107 (7 handlers)
[GIN-debug] GET    /asset-categories/:id     --> github.com/mark3748/helpdesk-go/cmd/api.(*App).mountAPI.GetCategory.func108 (6 handlers)
[GIN-debug] GET    /assets                   --> github.com/mark3748/helpdesk-go/cmd/api.(*App).mountAPI.ListAssets.func109 (6 handlers)
[GIN-debug] POST   /assets                   --> github.com/mark3748/helpdesk-go/cmd/api.(*App).mountAPI.CreateAsset.func111 (7 handlers)
[GIN-debug] GET    /assets/:id               --> github.com/mark3748/helpdesk-go/cmd/api.(*App).mountAPI.GetAsset.func112 (6 handlers)
[GIN-debug] PATCH  /assets/:id               --> github.com/mark3748/helpdesk-go/cmd/api.(*App).mountAPI.UpdateAsset.func114 (7 handlers)
[GIN-debug] DELETE /assets/:id               --> github.com/mark3748/helpdesk-go/cmd/api.(*App).mountAPI.DeleteAsset.func116 (7 handlers)
[GIN-debug] POST   /assets/:id/assign        --> github.com/mark3748/helpdesk-go/cmd/api.(*App).mountAPI.AssignAsset.func118 (7 handlers)
[GIN-debug] GET    /assets/:id/history       --> github.com/mark3748/helpdesk-go/cmd/api.(*App).mountAPI.GetAssetHistory.func119 (6 handlers)
[GIN-debug] GET    /assets/:id/assignments   --> github.com/mark3748/helpdesk-go/cmd/api.(*App).mountAPI.GetAssetAssignments.func120 (6 handlers)
[GIN-debug] GET    /assets/:id/attachments   --> github.com/mark3748/helpdesk-go/cmd/api.(*App).mountAPI.ListAttachments.func121 (6 handlers)
[GIN-debug] POST   /assets/:id/attachments/presign --> github.com/mark3748/helpdesk-go/cmd/api.(*App).mountAPI.PresignAssetUpload.func123 (7 handlers)
[GIN-debug] POST   /assets/:id/attachments   --> github.com/mark3748/helpdesk-go/cmd/api.(*App).mountAPI.FinalizeAssetAttachment.func125 (7 handlers)
[GIN-debug] GET    /assets/:id/attachments/:attachmentID --> github.com/mark3748/helpdesk-go/cmd/api.(*App).mountAPI.GetAssetAttachment.func126 (6 handlers)
[GIN-debug] DELETE /assets/:id/attachments/:attachmentID --> github.com/mark3748/helpdesk-go/cmd/api.(*App).mountAPI.DeleteAssetAttachment.func128 (7 handlers)
[GIN-debug] PUT    /assets/attachments/upload/:objectKey --> github.com/mark3748/helpdesk-go/cmd/api.(*App).mountAPI.UploadAssetObject.func129 (6 handlers)
[GIN-debug] POST   /assets/:id/status-change --> github.com/mark3748/helpdesk-go/cmd/api.(*App).mountAPI.RequestStatusChange.func131 (7 handlers)
[GIN-debug] POST   /workflows/:id/approve    --> github.com/mark3748/helpdesk-go/cmd/api.(*App).mountAPI.ApproveWorkflow.func133 (7 handlers)
[GIN-debug] POST   /workflows/:id/reject     --> github.com/mark3748/helpdesk-go/cmd/api.(*App).mountAPI.RejectWorkflow.func135 (7 handlers)
[GIN-debug] POST   /assets/:id/checkout      --> github.com/mark3748/helpdesk-go/cmd/api.(*App).mountAPI.CheckoutAsset.func137 (7 handlers)
[GIN-debug] POST   /assets/checkin           --> github.com/mark3748/helpdesk-go/cmd/api.(*App).mountAPI.CheckinAsset.func139 (7 handlers)
[GIN-debug] GET    /assets/checkouts/active  --> github.com/mark3748/helpdesk-go/cmd/api.(*App).mountAPI.GetActiveCheckouts.func140 (6 handlers)
[GIN-debug] GET    /assets/checkouts/overdue --> github.com/mark3748/helpdesk-go/cmd/api.(*App).mountAPI.GetOverdueCheckouts.func141 (6 handlers)
[GIN-debug] POST   /assets/:id/relationships --> github.com/mark3748/helpdesk-go/cmd/api.(*App).mountAPI.CreateRelationship.func143 (7 handlers)
[GIN-debug] GET    /assets/:id/relationships/graph --> github.com/mark3748/helpdesk-go/cmd/api.(*App).mountAPI.GetRelationshipGraph.func144 (6 handlers)
[GIN-debug] GET    /assets/:id/impact-analysis --> github.com/mark3748/helpdesk-go/cmd/api.(*App).mountAPI.GetAssetImpactAnalysis.func145 (6 handlers)
[GIN-debug] POST   /assets/bulk/update       --> github.com/mark3748/helpdesk-go/cmd/api.(*App).mountAPI.BulkUpdateAssets.func147 (7 handlers)
[GIN-debug] POST   /assets/bulk/assign       --> github.com/mark3748/helpdesk-go/cmd/api.(*App).mountAPI.BulkAssignAssets.func149 (7 handlers)
[GIN-debug] GET    /assets/bulk/operations/:id --> github.com/mark3748/helpdesk-go/cmd/api.(*App).mountAPI.GetBulkOperation.func150 (6 handlers)
[GIN-debug] POST   /assets/import/preview    --> github.com/mark3748/helpdesk-go/cmd/api.(*App).mountAPI.ImportAssetsPreview.func152 (7 handlers)
[GIN-debug] POST   /assets/import            --> github.com/mark3748/helpdesk-go/cmd/api.(*App).mountAPI.ImportAssets.func154 (7 handlers)
[GIN-debug] POST   /assets/export            --> github.com/mark3748/helpdesk-go/cmd/api.(*App).mountAPI.ExportAssets.func156 (7 handlers)
[GIN-debug] GET    /assets/:id/audit         --> github.com/mark3748/helpdesk-go/cmd/api.(*App).mountAPI.GetAuditHistory.func157 (6 handlers)
[GIN-debug] GET    /assets/audit/summary     --> github.com/mark3748/helpdesk-go/cmd/api.(*App).mountAPI.GetAuditSummary.func159 (7 handlers)
[GIN-debug] GET    /assets/analytics         --> github.com/mark3748/helpdesk-go/cmd/api.(*App).mountAPI.GetAssetAnalytics.func161 (7 handlers)
[GIN-debug] GET    /problems                 --> github.com/mark3748/helpdesk-go/cmd/api.(*App).mountAPI.List.func162 (6 handlers)
[GIN-debug] POST   /problems                 --> github.com/mark3748/helpdesk-go/cmd/api.(*App).mountAPI.Create.func163 (6 handlers)
[GIN-debug] GET    /problems/:id             --> github.com/mark3748/helpdesk-go/cmd/api.(*App).mountAPI.Get.func164 (6 handlers)
[GIN-debug] PUT    /problems/:id             --> github.com/mark3748/helpdesk-go/cmd/api.(*App).mountAPI.Update.func165 (6 handlers)
[GIN-debug] DELETE /problems/:id             --> github.com/mark3748/helpdesk-go/cmd/api.(*App).mountAPI.Delete.func166 (6 handlers)
[GIN-debug] GET    /changes                  --> github.com/mark3748/helpdesk-go/cmd/api.(*App).mountAPI.List.func167 (6 handlers)
[GIN-debug] POST   /changes                  --> github.com/mark3748/helpdesk-go/cmd/api.(*App).mountAPI.Create.func168 (6 handlers)
[GIN-debug] GET    /changes/:id              --> github.com/mark3748/helpdesk-go/cmd/api.(*App).mountAPI.Get.func169 (6 handlers)
[GIN-debug] PUT    /changes/:id              --> github.com/mark3748/helpdesk-go/cmd/api.(*App).mountAPI.Update.func170 (6 handlers)
[GIN-debug] DELETE /changes/:id              --> github.com/mark3748/helpdesk-go/cmd/api.(*App).mountAPI.Delete.func171 (6 handlers)
[GIN-debug] GET    /releases                 --> github.com/mark3748/helpdesk-go/cmd/api.(*App).mountAPI.List.func172 (6 handlers)
[GIN-debug] POST   /releases                 --> github.com/mark3748/helpdesk-go/cmd/api.(*App).mountAPI.Create.func173 (6 handlers)
[GIN-debug] GET    /releases/:id             --> github.com/mark3748/helpdesk-go/cmd/api.(*App).mountAPI.Get.func174 (6 handlers)
[GIN-debug] PUT    /releases/:id             --> github.com/mark3748/helpdesk-go/cmd/api.(*App).mountAPI.Update.func175 (6 handlers)
[GIN-debug] DELETE /releases/:id             --> github.com/mark3748/helpdesk-go/cmd/api.(*App).mountAPI.Delete.func176 (6 handlers)
[GIN-debug] GET    /api/livez                --> github.com/mark3748/helpdesk-go/cmd/api.(*App).mountAPI.func1 (5 handlers)
[GIN-debug] GET    /api/readyz               --> github.com/mark3748/helpdesk-go/cmd/api.(*App).readyz-fm (5 handlers)
[GIN-debug] GET    /api/healthz              --> github.com/mark3748/helpdesk-go/cmd/api.(*App).mountAPI.func2 (5 handlers)
[GIN-debug] GET    /api/csat/:token          --> github.com/mark3748/helpdesk-go/cmd/api.(*App).csatForm-fm (5 handlers)
[GIN-debug] POST   /api/csat/:token          --> github.com/mark3748/helpdesk-go/cmd/api.(*App).submitCSAT-fm (5 handlers)
[GIN-debug] GET    /api/metrics              --> github.com/mark3748/helpdesk-go/cmd/api.(*App).mountAPI.WrapH.func9 (5 handlers)
[GIN-debug] GET    /api/swagger/*filepath    --> github.com/gin-gonic/gin.(*RouterGroup).createStaticHandler.func1 (5 handlers)
[GIN-debug] HEAD   /api/swagger/*filepath    --> github.com/gin-gonic/gin.(*RouterGroup).createStaticHandler.func1 (5 handlers)
[GIN-debug] GET    /api/docs                 --> github.com/mark3748/helpdesk-go/cmd/api.(*App).docsUI-fm (5 handlers)
[GIN-debug] GET    /api/openapi.yaml         --> github.com/mark3748/helpdesk-go/cmd/api.(*App).openapiSpec-fm (5 handlers)
[GIN-debug] POST   /api/webhooks/email-inbound --> github.com/mark3748/helpdesk-go/cmd/api.(*App).mountAPI.EmailInbound.func18 (5 handlers)
[GIN-debug] GET    /api/me                   --> github.com/mark3748/helpdesk-go/cmd/api/auth.Me (6 handlers)
[GIN-debug] GET    /api/me/profile           --> github.com/mark3748/helpdesk-go/cmd/api.(*App).getMyProfile-fm (6 handlers)
[GIN-debug] PATCH  /api/me/profile           --> github.com/mark3748/helpdesk-go/cmd/api.(*App).updateMyProfile-fm (6 handlers)
[GIN-debug] POST   /api/me/password          --> github.com/mark3748/helpdesk-go/cmd/api.(*App).changeMyPassword-fm (6 handlers)
[GIN-debug] GET    /api/events               --> github.com/mark3748/helpdesk-go/cmd/api.(*App).mountAPI.Events.func20 (6 handlers)
[GIN-debug] GET    /api/settings             --> github.com/mark3748/helpdesk-go/cmd/api/handlers.GetSettings (7 handlers)
[GIN-debug] GET    /api/features             --> github.com/mark3748/helpdesk-go/cmd/api.(*App).mountAPI.Features.func22 (6 handlers)
[GIN-debug] POST   /api/test-connection      --> github.com/mark3748/helpdesk-go/cmd/api/handlers.TestConnection (7 handlers)
[GIN-debug] POST   /api/settings/storage     --> github.com/mark3748/helpdesk-go/cmd/api/handlers.SaveStorageSettings (7 handlers)
[GIN-debug] POST   /api/settings/oidc        --> github.com/mark3748/helpdesk-go/cmd/api/handlers.SaveOIDCSettings (7 handlers)
[GIN-debug] POST   /api/settings/mail        --> github.com/mark3748/helpdesk-go/cmd/api/handlers.SaveMailSettings (7 handlers)
[GIN-debug] POST   /api/settings/mail/send-test --> github.com/mark3748/helpdesk-go/cmd/api/handlers.SendTestMail (7 handlers)
[GIN-debug] GET    /api/users/:id/roles      --> github.com/mark3748/helpdesk-go/cmd/api.(*App).mountAPI.ListUserRoles.func29 (7 handlers)
[GIN-debug] POST   /api/users/:id/roles      --> github.com/mark3748/helpdesk-go/cmd/api.(*App).mountAPI.AddUserRole.func31 (7 handlers)
[GIN-debug] DELETE /api/users/:id/roles/:role --> github.com/mark3748/helpdesk-go/cmd/api.(*App).mountAPI.RemoveUserRole.func33 (7 handlers)
[GIN-debug] GET    /api/users                --> github.com/mark3748/helpdesk-go/cmd/api.(*App).mountAPI.List.func35 (7 handlers)
[GIN-debug] GET    /api/users/:id            --> github.com/mark3748/helpdesk-go/cmd/api.(*App).mountAPI.Get.func37 (7 handlers)
[GIN-debug] POST   /api/users                --> github.com/mark3748/helpdesk-go/cmd/api.(*App).mountAPI.CreateLocal.func39 (7 handlers)
[GIN-debug] GET    /api/roles                --> github.com/mark3748/helpdesk-go/cmd/api.(*App).mountAPI.List.func41 (7 handlers)
[GIN-debug] GET    /api/requesters           --> github.com/mark3748/helpdesk-go/cmd/api.(*App).mountAPI.Search.func42 (6 handlers)
[GIN-debug] GET    /api/requesters/:id       --> github.com/mark3748/helpdesk-go/cmd/api.(*App).getRequester-fm (6 handlers)
[GIN-debug] POST   /api/requesters           --> github.com/mark3748/helpdesk-go/cmd/api.(*App).createRequester-fm (7 handlers)
[GIN-debug] PATCH  /api/requesters/:id       --> github.com/mark3748/helpdesk-go/cmd/api.(*App).updateRequester-fm (7 handlers)
[GIN-debug] GET    /api/teams                --> github.com/mark3748/helpdesk-go/cmd/api.(*App).mountAPI.List.func45 (6 handlers)
[GIN-debug] GET    /api/slas                 --> github.com/mark3748/helpdesk-go/cmd/api.(*App).mountAPI.List.func46 (6 handlers)
[GIN-debug] GET    /api/kb                   --> github.com/mark3748/helpdesk-go/cmd/api.(*App).mountAPI.Search.func47 (6 handlers)
[GIN-debug] GET    /api/kb/:slug             --> github.com/mark3748/helpdesk-go/cmd/api.(*App).mountAPI.Get.func48 (6 handlers)
[GIN-debug] POST   /api/kb                   --> github.com/mark3748/helpdesk-go/cmd/api.(*App).mountAPI.Create.func50 (7 handlers)
[GIN-debug] PUT    /api/kb/:slug             --> github.com/mark3748/helpdesk-go/cmd/api.(*App).mountAPI.Update.func52 (7 handlers)
[GIN-debug] DELETE /api/kb/:slug             --> github.com/mark3748/helpdesk-go/cmd/api.(*App).mountAPI.Delete.func54 (7 handlers)
[GIN-debug] GET    /api/tickets              --> github.com/mark3748/helpdesk-go/cmd/api.(*App).mountAPI.List.func55 (6 handlers)
[GIN-debug] POST   /api/tickets              --> github.com/mark3748/helpdesk-go/cmd/api.(*App).mountAPI.Create.func59 (6 handlers)
[GIN-debug] GET    /api/tickets/:id          --> github.com/mark3748/helpdesk-go/cmd/api.(*App).mountAPI.Get.func60 (6 handlers)
[GIN-debug] PATCH  /api/tickets/:id          --> github.com/mark3748/helpdesk-go/cmd/api.(*App).mountAPI.Update.func62 (7 handlers)
[GIN-debug] GET    /api/tickets/:id/comments --> github.com/mark3748/helpdesk-go/cmd/api.(*App).mountAPI.List.func63 (6 handlers)
[GIN-debug] POST   /api/tickets/:id/comments --> github.com/mark3748/helpdesk-go/cmd/api.(*App).mountAPI.Add.func64 (6 handlers)
[GIN-debug] GET    /api/tickets/:id/attachments --> github.com/mark3748/helpdesk-go/cmd/api.(*App).mountAPI.List.func65 (6 handlers)
[GIN-debug] POST   /api/tickets/:id/attachments/presign --> github.com/mark3748/helpdesk-go/cmd/api.(*App).mountAPI.Presign.func75 (6 handlers)
[GIN-debug] POST   /api/tickets/:id/attachments --> github.com/mark3748/helpdesk-go/cmd/api.(*App).mountAPI.Finalize.func76 (6 handlers)
[GIN-debug] GET    /api/tickets/:id/attachments/:attID --> github.com/mark3748/helpdesk-go/cmd/api.(*App).mountAPI.Get.func77 (6 handlers)
[GIN-debug] PUT    /api/attachments/upload/:objectKey --> github.com/mark3748/helpdesk-go/cmd/api.(*App).mountAPI.UploadObject.func78 (6 handlers)
[GIN-debug] DELETE /api/tickets/:id/attachments/:attID --> github.com/mark3748/helpdesk-go/cmd/api.(*App).mountAPI.Delete.func79 (6 handlers)
[GIN-debug] GET    /api/tickets/:id/watchers --> github.com/mark3748/helpdesk-go/cmd/api.(*App).mountAPI.List.func80 (6 handlers)
[GIN-debug] POST   /api/tickets/:id/watchers --> github.com/mark3748/helpdesk-go/cmd/api.(*App).mountAPI.Add.func81 (6 handlers)
[GIN-debug] DELETE /api/tickets/:id/watchers/:uid --> github.com/mark3748/helpdesk-go/cmd/api.(*App).mountAPI.Remove.func82 (6 handlers)
[GIN-debug] GET    /api/emails/outbound      --> github.com/mark3748/helpdesk-go/cmd/api.(*App).mountAPI.ListOutbound.func84 (7 handlers)
[GIN-debug] GET    /api/metrics/sla          --> github.com/mark3748/helpdesk-go/cmd/api.(*App).mountAPI.SLA.func86 (7 handlers)
[GIN-debug] GET    /api/metrics/resolution   --> github.com/mark3748/helpdesk-go/cmd/api.(*App).mountAPI.Resolution.func88 (7 handlers)
[GIN-debug] GET    /api/metrics/tickets      --> github.com/mark3748/helpdesk-go/cmd/api.(*App).mountAPI.TicketVolume.func90 (7 handlers)
[GIN-debug] GET    /api/metrics/dashboard    --> github.com/mark3748/helpdesk-go/cmd/api.(*App).mountAPI.Dashboard.func92 (7 handlers)
[GIN-debug] GET    /api/metrics/agent        --> github.com/mark3748/helpdesk-go/cmd/api.(*App).mountAPI.Agent.func94 (7 handlers)
[GIN-debug] GET    /api/metrics/manager      --> github.com/mark3748/helpdesk-go/cmd/api.(*App).mountAPI.Manager.func96 (7 handlers)
[GIN-debug] POST   /api/exports/tickets      --> github.com/mark3748/helpdesk-go/cmd/api.(*App).exportTicketsBridge-fm (7 handlers)
[GIN-debug] GET    /api/exports/tickets/:job_id --> github.com/mark3748/helpdesk-go/cmd/api.(*App).exportTicketsStatus-fm (7 handlers)
[GIN-debug] GET    /api/webhooks             --> github.com/mark3748/helpdesk-go/cmd/api.(*App).mountAPI.List.func100 (7 handlers)
[GIN-debug] POST   /api/webhooks             --> github.com/mark3748/helpdesk-go/cmd/api.(*App).mountAPI.Create.func102 (7 handlers)
[GIN-debug] DELETE /api/webhooks/:id         --> github.com/mark3748/helpdesk-go/cmd/api.(*App).mountAPI.Delete.func104 (7 handlers)
[GIN-debug] GET    /api/asset-categories     --> github.com/mark3748/helpdesk-go/cmd/api.(*App).mountAPI.ListCategories.func105 (6 handlers)
[GIN-debug] POST   /api/asset-categories     --> github.com/mark3748/helpdesk-go/cmd/api.(*App).mountAPI.CreateCategory.func107 (7 handlers)
[GIN-debug] GET    /api/asset-categories/:id --> github.com/mark3748/helpdesk-go/cmd/api.(*App).mountAPI.GetCategory.func108 (6 handlers)
[GIN-debug] GET    /api/assets               --> github.com/mark3748/helpdesk-go/cmd/api.(*App).mountAPI.ListAssets.func109 (6 handlers)
[GIN-debug] POST   /api/assets               --> github.com/mark3748/helpdesk-go/cmd/api.(*App).mountAPI.CreateAsset.func111 (7 handlers)
[GIN-debug] GET    /api/assets/:id           --> github.com/mark3748/helpdesk-go/cmd/api.(*App).mountAPI.GetAsset.func112 (6 handlers)
[GIN-debug] PATCH  /api/assets/:id           --> github.com/mark3748/helpdesk-go/cmd/api.(*App).mountAPI.UpdateAsset.func114 (7 handlers)
[GIN-debug] DELETE /api/assets/:id           --> github.com/mark3748/helpdesk-go/cmd/api.(*App).mountAPI.DeleteAsset.func116 (7 handlers)
[GIN-debug] POST   /api/assets/:id/assign    --> github.com/mark3748/helpdesk-go/cmd/api.(*App).mountAPI.AssignAsset.func118 (7 handlers)
[GIN-debug] GET    /api/assets/:id/history   --> github.com/mark3748/helpdesk-go/cmd/api.(*App).mountAPI.GetAssetHistory.func119 (6 handlers)
[GIN-debug] GET    /api/assets/:id/assignments --> github.com/mark3748/helpdesk-go/cmd/api.(*App).mountAPI.GetAssetAssignments.func120 (6 handlers)
[GIN-debug] GET    /api/assets/:id/attachments --> github.com/mark3748/helpdesk-go/cmd/api.(*App).mountAPI.ListAttachments.func121 (6 handlers)
[GIN-debug] POST   /api/assets/:id/attachments/presign --> github.com/mark3748/helpdesk-go/cmd/api.(*App).mountAPI.PresignAssetUpload.func123 (7 handlers)
[GIN-debug] POST   /api/assets/:id/attachments --> github.com/mark3748/helpdesk-go/cmd/api.(*App).mountAPI.FinalizeAssetAttachment.func125 (7 handlers)
[GIN-debug] GET    /api/assets/:id/attachments/:attachmentID --> github.com/mark3748/helpdesk-go/cmd/api.(*App).mountAPI.GetAssetAttachment.func126 (6 handlers)
[GIN-debug] DELETE /api/assets/:id/attachments/:attachmentID --> github.com/mark3748/helpdesk-go/cmd/api.(*App).mountAPI.DeleteAssetAttachment.func128 (7 handlers)
[GIN-debug] PUT    /api/assets/attachments/upload/:objectKey --> github.com/mark3748/helpdesk-go/cmd/api.(*App).mountAPI.UploadAssetObject.func129 (6 handlers)
[GIN-debug] POST   /api/assets/:id/status-change --> github.com/mark3748/helpdesk-go/cmd/api.(*App).mountAPI.RequestStatusChange.func131 (7 handlers)
[GIN-debug] POST   /api/workflows/:id/approve --> github.com/mark3748/helpdesk-go/cmd/api.(*App).mountAPI.ApproveWorkflow.func133 (7 handlers)
[GIN-debug] POST   /api/workflows/:id/reject --> github.com/mark3748/helpdesk-go/cmd/api.(*App).mountAPI.RejectWorkflow.func135 (7 handlers)
[GIN-debug] POST   /api/assets/:id/checkout  --> github.com/mark3748/helpdesk-go/cmd/api.(*App).mountAPI.CheckoutAsset.func137 (7 handlers)
[GIN-debug] POST   /api/assets/checkin       --> github.com/mark3748/helpdesk-go/cmd/api.(*App).mountAPI.CheckinAsset.func139 (7 handlers)
[GIN-debug] GET    /api/assets/checkouts/active --> github.com/mark3748/helpdesk-go/cmd/api.(*App).mountAPI.GetActiveCheckouts.func140 (6 handlers)
[GIN-debug] GET    /api/assets/checkouts/overdue --> github.com/mark3748/helpdesk-go/cmd/api.(*App).mountAPI.GetOverdueCheckouts.func141 (6 handlers)
[GIN-debug] POST   /api/assets/:id/relationships --> github.com/mark3748/helpdesk-go/cmd/api.(*App).mountAPI.CreateRelationship.func143 (7 handlers)
[GIN-debug] GET    /api/assets/:id/relationships/graph --> github.com/mark3748/helpdesk-go/cmd/api.(*App).mountAPI.GetRelationshipGraph.func144 (6 handlers)
[GIN-debug] GET    /api/assets/:id/impact-analysis --> github.com/mark3748/helpdesk-go/cmd/api.(*App).mountAPI.GetAssetImpactAnalysis.func145 (6 handlers)
[GIN-debug] POST   /api/assets/bulk/update   --> github.com/mark3748/helpdesk-go/cmd/api.(*App).mountAPI.BulkUpdateAssets.func147 (7 handlers)
[GIN-debug] POST   /api/assets/bulk/assign   --> github.com/mark3748/helpdesk-go/cmd/api.(*App).mountAPI.BulkAssignAssets.func149 (7 handlers)
[GIN-debug] GET    /api/assets/bulk/operations/:id --> github.com/mark3748/helpdesk-go/cmd/api.(*App).mountAPI.GetBulkOperation.func150 (6 handlers)
[GIN-debug] POST   /api/assets/import/preview --> github.com/mark3748/helpdesk-go/cmd/api.(*App).mountAPI.ImportAssetsPreview.func152 (7 handlers)
[GIN-debug] POST   /api/assets/import        --> github.com/mark3748/helpdesk-go/cmd/api.(*App).mountAPI.ImportAssets.func154 (7 handlers)
[GIN-debug] POST   /api/assets/export        --> github.com/mark3748/helpdesk-go/cmd/api.(*App).mountAPI.ExportAssets.func156 (7 handlers)
[GIN-debug] GET    /api/assets/:id/audit     --> github.com/mark3748/helpdesk-go/cmd/api.(*App).mountAPI.GetAuditHistory.func157 (6 handlers)
[GIN-debug] GET    /api/assets/audit/summary --> github.com/mark3748/helpdesk-go/cmd/api.(*App).mountAPI.GetAuditSummary.func159 (7 handlers)
[GIN-debug] GET    /api/assets/analytics     --> github.com/mark3748/helpdesk-go/cmd/api.(*App).mountAPI.GetAssetAnalytics.func161 (7 handlers)
[GIN-debug] GET    /api/problems             --> github.com/mark3748/helpdesk-go/cmd/api.(*App).mountAPI.List.func162 (6 handlers)
[GIN-debug] POST   /api/problems             --> github.com/mark3748/helpdesk-go/cmd/api.(*App).mountAPI.Create.func163 (6 handlers)
[GIN-debug] GET    /api/problems/:id         --> github.com/mark3748/helpdesk-go/cmd/api.(*App).mountAPI.Get.func164 (6 handlers)
[GIN-debug] PUT    /api/problems/:id         --> github.com/mark3748/helpdesk-go/cmd/api.(*App).mountAPI.Update.func165 (6 handlers)
[GIN-debug] DELETE /api/problems/:id         --> github.com/mark3748/helpdesk-go/cmd/api.(*App).mountAPI.Delete.func166 (6 handlers)
[GIN-debug] GET    /api/changes              --> github.com/mark3748/helpdesk-go/cmd/api.(*App).mountAPI.List.func167 (6 handlers)
[GIN-debug] POST   /api/changes              --> github.com/mark3748/helpdesk-go/cmd/api.(*App).mountAPI.Create.func168 (6 handlers)
[GIN-debug] GET    /api/changes/:id          --> github.com/mark3748/helpdesk-go/cmd/api.(*App).mountAPI.Get.func169 (6 handlers)
[GIN-debug] PUT    /api/changes/:id          --> github.com/mark3748/helpdesk-go/cmd/api.(*App).mountAPI.Update.func170 (6 handlers)
[GIN-debug] DELETE /api/changes/:id          --> github.com/mark3748/helpdesk-go/cmd/api.(*App).mountAPI.Delete.func171 (6 handlers)
[GIN-debug] GET    /api/releases             --> github.com/mark3748/helpdesk-go/cmd/api.(*App).mountAPI.List.func172 (6 handlers)
[GIN-debug] POST   /api/releases             --> github.com/mark3748/helpdesk-go/cmd/api.(*App).mountAPI.Create.func173 (6 handlers)
[GIN-debug] GET    /api/releases/:id         --> github.com/mark3748/helpdesk-go/cmd/api.(*App).mountAPI.Get.func174 (6 handlers)
[GIN-debug] PUT    /api/releases/:id         --> github.com/mark3748/helpdesk-go/cmd/api.(*App).mountAPI.Update.func175 (6 handlers)
[GIN-debug] DELETE /api/releases/:id         --> github.com/mark3748/helpdesk-go/cmd/api.(*App).mountAPI.Delete.func176 (6 handlers)
[GIN-debug] [WARNING] Running in "debug" mode. Switch to "release" mode in production.
 - using env:	export GIN_MODE=release
 - using code:	gin.SetMode(gin.ReleaseMode)

[GIN-debug] GET    /livez                    --> github.com/mark3748/helpdesk-go/cmd/api.(*App).mountAPI.func1 (5 handlers)
[GIN-debug] GET    /readyz                   --> github.com/mark3748/helpdesk-go/cmd/api.(*App).readyz-fm (5 handlers)
[GIN-debug] GET    /healthz                  --> github.com/mark3748/helpdesk-go/cmd/api.(*App).mountAPI.func2 (5 handlers)
[GIN-debug] GET    /csat/:token              --> github.com/mark3748/helpdesk-go/cmd/api.(*App).csatForm-fm (5 handlers)
[GIN-debug] POST   /csat/:token              --> github.com/mark3748/helpdesk-go/cmd/api.(*App).submitCSAT-fm (5 handlers)
[GIN-debug] GET    /metrics                  --> github.com/mark3748/helpdesk-go/cmd/api.(*App).mountAPI.WrapH.func9 (5 handlers)
[GIN-debug] GET    /swagger/*filepath        --> github.com/gin-gonic/gin.(*RouterGroup).createStaticHandler.func1 (5 handlers)
[GIN-debug] HEAD   /swagger/*filepath        --> github.com/gin-gonic/gin.(*RouterGroup).createStaticHandler.func1 (5 handlers)
[GIN-debug] GET    /docs                     --> github.com/mark3748/helpdesk-go/cmd/api.(*App).docsUI-fm (5 handlers)
[GIN-debug] GET    /openapi.yaml             --> github.com/mark3748/helpdesk-go/cmd/api.(*App).openapiSpec-fm (5 handlers)
[GIN-debug] POST   /webhooks/email-inbound   --> github.com/mark3748/helpdesk-go/cmd/api.(*App).mountAPI.EmailInbound.func18 (5 handlers)
[GIN-debug] GET    /me                       --> github.com/mark3748/helpdesk-go/cmd/api/auth.Me (6 handlers)
[GIN-debug] GET    /me/profile               --> github.com/mark3748/helpdesk-go/cmd/api.(*App).getMyProfile-fm (6 handlers)
[GIN-debug] PATCH  /me/profile               --> github.com/mark3748/helpdesk-go/cmd/api.(*App).updateMyProfile-fm (6 handlers)
[GIN-debug] POST   /me/password              --> github.com/mark3748/helpdesk-go/cmd/api.(*App).changeMyPassword-fm (6 handlers)
[GIN-debug] GET    /events                   --> github.com/mark3748/helpdesk-go/cmd/api.(*App).mountAPI.Events.func20 (6 handlers)
[GIN-debug] GET    /settings                 --> github.com/mark3748/helpdesk-go/cmd/api/handlers.GetSettings (7 handlers)
[GIN-debug] GET    /features                 --> github.com/mark3748/helpdesk-go/cmd/api.(*App).mountAPI.Features.func22 (6 handlers)
[GIN-debug] POST   /test-connection          --> github.com/mark3748/helpdesk-go/cmd/api/handlers.TestConnection (7 handlers)
[GIN-debug] POST   /settings/storage         --> github.com/mark3748/helpdesk-go/cmd/api/handlers.SaveStorageSettings (7 handlers)
[GIN-debug] POST   /settings/oidc            --> github.com/mark3748/helpdesk-go/cmd/api/handlers.SaveOIDCSettings (7 handlers)
[GIN-debug] POST   /settings/mail            --> github.com/mark3748/helpdesk-go/cmd/api/handlers.SaveMailSettings (7 handlers)
[GIN-debug] POST   /settings/mail/send-test  --> github.com/mark3748/helpdesk-go/cmd/api/handlers.SendTestMail (7 handlers)
[GIN-debug] GET    /users/:id/roles          --> github.com/mark3748/helpdesk-go/cmd/api.(*App).mountAPI.ListUserRoles.func29 (7 handlers)
[GIN-debug] POST   /users/:id/roles          --> github.com/mark3748/helpdesk-go/cmd/api.(*App).mountAPI.AddUserRole.func31 (7 handlers)
[GIN-debug] DELETE /users/:id/roles/:role    --> github.com/mark3748/helpdesk-go/cmd/api.(*App).mountAPI.RemoveUserRole.func33 (7 handlers)
[GIN-debug] GET    /users                    --> github.com/mark3748/helpdesk-go/cmd/api.(*App).mountAPI.List.func35 (7 handlers)
[GIN-debug] GET    /users/:id                --> github.com/mark3748/helpdesk-go/cmd/api.(*App).mountAPI.Get.func37 (7 handlers)
[GIN-debug] POST   /users                    --> github.com/mark3748/helpdesk-go/cmd/api.(*App).mountAPI.CreateLocal.func39 (7 handlers)
[GIN-debug] GET    /roles                    --> github.com/mark3748/helpdesk-go/cmd/api.(*App).mountAPI.List.func41 (7 handlers)
[GIN-debug] GET    /requesters               --> github.com/mark3748/helpdesk-go/cmd/api.(*App).mountAPI.Search.func42 (6 handlers)
[GIN-debug] GET    /requesters/:id           --> github.com/mark3748/helpdesk-go/cmd/api.(*App).getRequester-fm (6 handlers)
[GIN-debug] POST   /requesters               --> github.com/mark3748/helpdesk-go/cmd/api.(*App).createRequester-fm (7 handlers)
[GIN-debug] PATCH  /requesters/:id           --> github.com/mark3748/helpdesk-go/cmd/api.(*App).updateRequester-fm (7 handlers)
[GIN-debug] GET    /teams                    --> github.com/mark3748/helpdesk-go/cmd/api.(*App).mountAPI.List.func45 (6 handlers)
[GIN-debug] GET    /slas                     --> github.com/mark3748/helpdesk-go/cmd/api.(*App).mountAPI.List.func46 (6 handlers)
[GIN-debug] GET    /kb                       --> github.com/mark3748/helpdesk-go/cmd/api.(*App).mountAPI.Search.func47 (6 handlers)
[GIN-debug] GET    /kb/:slug                 --> github.com/mark3748/helpdesk-go/cmd/api.(*App).mountAPI.Get.func48 (6 handlers)
[GIN-debug] POST   /kb                       --> github.com/mark3748/helpdesk-go/cmd/api.(*App).mountAPI.Create.func50 (7 handlers)
[GIN-debug] PUT    /kb/:slug                 --> github.com/mark3748/helpdesk-go/cmd/api.(*App).mountAPI.Update.func52 (7 handlers)
[GIN-debug] DELETE /kb/:slug                 --> github.com/mark3748/helpdesk-go/cmd/api.(*App).mountAPI.Delete.func54 (7 handlers)
[GIN-debug] GET    /tickets                  --> github.com/mark3748/helpdesk-go/cmd/api.(*App).mountAPI.List.func55 (6 handlers)
[GIN-debug] POST   /tickets                  --> github.com/mark3748/helpdesk-go/cmd/api.(*App).mountAPI.Create.func59 (6 handlers)
[GIN-debug] GET    /tickets/:id              --> github.com/mark3748/helpdesk-go/cmd/api.(*App).mountAPI.Get.func60 (6 handlers)
[GIN-debug] PATCH  /tickets/:id              --> github.com/mark3748/helpdesk-go/cmd/api.(*App).mountAPI.Update.func62 (7 handlers)
[GIN-debug] GET    /tickets/:id/comments     --> github.com/mark3748/helpdesk-go/cmd/api.(*App).mountAPI.List.func63 (6 handlers)
[GIN-debug] POST   /tickets/:id/comments     --> github.com/mark3748/helpdesk-go/cmd/api.(*App).mountAPI.Add.func64 (6 handlers)
[GIN-debug] GET    /tickets/:id/attachments  --> github.com/mark3748/helpdesk-go/cmd/api.(*App).mountAPI.List.func65 (6 handlers)
[GIN-debug] POST   /tickets/:id/attachments/presign --> github.com/mark3748/helpdesk-go/cmd/api.(*App).mountAPI.Presign.func75 (6 handlers)
[GIN-debug] POST   /tickets/:id/attachments  --> github.com/mark3748/helpdesk-go/cmd/api.(*App).mountAPI.Finalize.func76 (6 handlers)
[GIN-debug] GET    /tickets/:id/attachments/:attID --> github.com/mark3748/helpdesk-go/cmd/api.(*App).mountAPI.Get.func77 (6 handlers)
[GIN-debug] PUT    /attachments/upload/:objectKey --> github.com/mark3748/helpdesk-go/cmd/api.(*App).mountAPI.UploadObject.func78 (6 handlers)
[GIN-debug] DELETE /tickets/:id/attachments/:attID --> github.com/mark3748/helpdesk-go/cmd/api.(*App).mountAPI.Delete.func79 (6 handlers)
[GIN-debug] GET    /tickets/:id/watchers     --> github.com/mark3748/helpdesk-go/cmd/api.(*App).mountAPI.List.func80 (6 handlers)
[GIN-debug] POST   /tickets/:id/watchers     --> github.com/mark3748/helpdesk-go/cmd/api.(*App).mountAPI.Add.func81 (6 handlers)
[GIN-debug] DELETE /tickets/:id/watchers/:uid --> github.com/mark3748/helpdesk-go/cmd/api.(*App).mountAPI.Remove.func82 (6 handlers)
[GIN-debug] GET    /emails/outbound          --> github.com/mark3748/helpdesk-go/cmd/api.(*App).mountAPI.ListOutbound.func84 (7 handlers)
[GIN-debug] GET    /metrics/sla              --> github.com/mark3748/helpdesk-go/cmd/api.(*App).mountAPI.SLA.func86 (7 handlers)
[GIN-debug] GET    /metrics/resolution       --> github.com/mark3748/helpdesk-go/cmd/api.(*App).mountAPI.Resolution.func88 (7 handlers)
[GIN-debug] GET    /metrics/tickets          --> github.com/mark3748/helpdesk-go/cmd/api.(*App).mountAPI.TicketVolume.func90 (7 handlers)
[GIN-debug] GET    /metrics/dashboard        --> github.com/mark3748/helpdesk-go/cmd/api.(*App).mountAPI.Dashboard.func92 (7 handlers)
[GIN-debug] GET    /metrics/agent            --> github.com/mark3748/helpdesk-go/cmd/api.(*App).mountAPI.Agent.func94 (7 handlers)
[GIN-debug] GET    /metrics/manager          --> github.com/mark3748/helpdesk-go/cmd/api.(*App).mountAPI.Manager.func96 (7 handlers)
[GIN-debug] POST   /exports/tickets          --> github.com/mark3748/helpdesk-go/cmd/api.(*App).exportTicketsBridge-fm (7 handlers)
[GIN-debug] GET    /exports/tickets/:job_id  --> github.com/mark3748/helpdesk-go/cmd/api.(*App).exportTicketsStatus-fm (7 handlers)
[GIN-debug] GET    /webhooks                 --> github.com/mark3748/helpdesk-go/cmd/api.(*App).mountAPI.List.func100 (7 handlers)
[GIN-debug] POST   /webhooks                 --> github.com/mark3748/helpdesk-go/cmd/api.(*App).mountAPI.Create.func102 (7 handlers)
[GIN-debug] DELETE /webhooks/:id             --> github.com/mark3748/helpdesk-go/cmd/api.(*App).mountAPI.Delete.func104 (7 handlers)
[GIN-debug] GET    /asset-categories         --> github.com/mark3748/helpdesk-go/cmd/api.(*App).mountAPI.ListCategories.func105 (6 handlers)
[GIN-debug] POST   /asset-categories         --> github.com/mark3748/helpdesk-go/cmd/api.(*App).mountAPI.CreateCategory.func107 (7 handlers)
[GIN-debug] GET    /asset-categories/:id     --> github.com/mark3748/helpdesk-go/cmd/api.(*App).mountAPI.GetCategory.func108 (6 handlers)
[GIN-debug] GET    /assets                   --> github.com/mark3748/helpdesk-go/cmd/api.(*App).mountAPI.ListAssets.func109 (6 handlers)
[GIN-debug] POST   /assets                   --> github.com/mark3748/helpdesk-go/cmd/api.(*App).mountAPI.CreateAsset.func111 (7 handlers)
[GIN-debug] GET    /assets/:id               --> github.com/mark3748/helpdesk-go/cmd/api.(*App).mountAPI.GetAsset.func112 (6 handlers)
[GIN-debug] PATCH  /assets/:id               --> github.com/mark3748/helpdesk-go/cmd/api.(*App).mountAPI.UpdateAsset.func114 (7 handlers)
[GIN-debug] DELETE /assets/:id               --> github.com/mark3748/helpdesk-go/cmd/api.(*App).mountAPI.DeleteAsset.func116 (7 handlers)
[GIN-debug] POST   /assets/:id/assign        --> github.com/mark3748/helpdesk-go/cmd/api.(*App).mountAPI.AssignAsset.func118 (7 handlers)
[GIN-debug] GET    /assets/:id/history       --> github.com/mark3748/helpdesk-go/cmd/api.(*App).mountAPI.GetAssetHistory.func119 (6 handlers)
[GIN-debug] GET    /assets/:id/assignments   --> github.com/mark3748/helpdesk-go/cmd/api.(*App).mountAPI.GetAssetAssignments.func120 (6 handlers)
[GIN-debug] GET    /assets/:id/attachments   --> github.com/mark3748/helpdesk-go/cmd/api.(*App).mountAPI.ListAttachments.func121 (6 handlers)
[GIN-debug] POST   /assets/:id/attachments/presign --> github.com/mark3748/helpdesk-go/cmd/api.(*App).mountAPI.PresignAssetUpload.func123 (7 handlers)
[GIN-debug] POST   /assets/:id/attachments   --> github.com/mark3748/helpdesk-go/cmd/api.(*App).mountAPI.FinalizeAssetAttachment.func125 (7 handlers)
[GIN-debug] GET    /assets/:id/attachments/:attachmentID --> github.com/mark3748/helpdesk-go/cmd/api.(*App).mountAPI.GetAssetAttachment.func126 (6 handlers)
[GIN-debug] DELETE /assets/:id/attachments/:attachmentID --> github.com/mark3748/helpdesk-go/cmd/api.(*App).mountAPI.DeleteAssetAttachment.func128 (7 handlers)
[GIN-debug] PUT    /assets/attachments/upload/:objectKey --> github.com/mark3748/helpdesk-go/cmd/api.(*App).mountAPI.UploadAssetObject.func129 (6 handlers)
[GIN-debug] POST   /assets/:id/status-change --> github.com/mark3748/helpdesk-go/cmd/api.(*App).mountAPI.RequestStatusChange.func131 (7 handlers)
[GIN-debug] POST   /workflows/:id/approve    --> github.com/mark3748/helpdesk-go/cmd/api.(*App).mountAPI.ApproveWorkflow.func133 (7 handlers)
[GIN-debug] POST   /workflows/:id/reject     --> github.com/mark3748/helpdesk-go/cmd/api.(*App).mountAPI.RejectWorkflow.func135 (7 handlers)
[GIN-debug] POST   /assets/:id/checkout      --> github.com/mark3748/helpdesk-go/cmd/api.(*App).mountAPI.CheckoutAsset.func137 (7 handlers)
[GIN-debug] POST   /assets/checkin           --> github.com/mark3748/helpdesk-go/cmd/api.(*App).mountAPI.CheckinAsset.func139 (7 handlers)
[GIN-debug] GET    /assets/checkouts/active  --> github.com/mark3748/helpdesk-go/cmd/api.(*App).mountAPI.GetActiveCheckouts.func140 (6 handlers)
[GIN-debug] GET    /assets/checkouts/overdue --> github.com/mark3748/helpdesk-go/cmd/api.(*App).mountAPI.GetOverdueCheckouts.func141 (6 handlers)
[GIN-debug] POST   /assets/:id/relationships --> github.com/mark3748/helpdesk-go/cmd/api.(*App).mountAPI.CreateRelationship.func143 (7 handlers)
[GIN-debug] GET    /assets/:id/relationships/graph --> github.com/mark3748/helpdesk-go/cmd/api.(*App).mountAPI.GetRelationshipGraph.func144 (6 handlers)
[GIN-debug] GET    /assets/:id/impact-analysis --> github.com/mark3748/helpdesk-go/cmd/api.(*App).mountAPI.GetAssetImpactAnalysis.func145 (6 handlers)
[GIN-debug] POST   /assets/bulk/update       --> github.com/mark3748/helpdesk-go/cmd/api.(*App).mountAPI.BulkUpdateAssets.func147 (7 handlers)
[GIN-debug] POST   /assets/bulk/assign       --> github.com/mark3748/helpdesk-go/cmd/api.(*App).mountAPI.BulkAssignAssets.func149 (7 handlers)
[GIN-debug] GET    /assets/bulk/operations/:id --> github.com/mark3748/helpdesk-go/cmd/api.(*App).mountAPI.GetBulkOperation.func150 (6 handlers)
[GIN-debug] POST   /assets/import/preview    --> github.com/mark3748/helpdesk-go/cmd/api.(*App).mountAPI.ImportAssetsPreview.func152 (7 handlers)
[GIN-debug] POST   /assets/import            --> github.com/mark3748/helpdesk-go/cmd/api.(*App).mountAPI.ImportAssets.func154 (7 handlers)
[GIN-debug] POST   /assets/export            --> github.com/mark3748/helpdesk-go/cmd/api.(*App).mountAPI.ExportAssets.func156 (7 handlers)
[GIN-debug] GET    /assets/:id/audit         --> github.com/mark3748/helpdesk-go/cmd/api.(*App).mountAPI.GetAuditHistory.func157 (6 handlers)
[GIN-debug] GET    /assets/audit/summary     --> github.com/mark3748/helpdesk-go/cmd/api.(*App).mountAPI.GetAuditSummary.func159 (7 handlers)
[GIN-debug] GET    /assets/analytics         --> github.com/mark3748/helpdesk-go/cmd/api.(*App).mountAPI.GetAssetAnalytics.func161 (7 handlers)
[GIN-debug] GET    /problems                 --> github.com/mark3748/helpdesk-go/cmd/api.(*App).mountAPI.List.func162 (6 handlers)
[GIN-debug] POST   /problems                 --> github.com/mark3748/helpdesk-go/cmd/api.(*App).mountAPI.Create.func163 (6 handlers)
[GIN-debug] GET    /problems/:id             --> github.com/mark3748/helpdesk-go/cmd/api.(*App).mountAPI.Get.func164 (6 handlers)
[GIN-debug] PUT    /problems/:id             --> github.com/mark3748/helpdesk-go/cmd/api.(*App).mountAPI.Update.func165 (6 handlers)
[GIN-debug] DELETE /problems/:id             --> github.com/mark3748/helpdesk-go/cmd/api.(*App).mountAPI.Delete.func166 (6 handlers)
[GIN-debug] GET    /changes                  --> github.com/mark3748/helpdesk-go/cmd/api.(*App).mountAPI.List.func167 (6 handlers)
[GIN-debug] POST   /changes                  --> github.com/mark3748/helpdesk-go/cmd/api.(*App).mountAPI.Create.func168 (6 handlers)
[GIN-debug] GET    /changes/:id              --> github.com/mark3748/helpdesk-go/cmd/api.(*App).mountAPI.Get.func169 (6 handlers)
[GIN-debug] PUT    /changes/:id              --> github.com/mark3748/helpdesk-go/cmd/api.(*App).mountAPI.Update.func170 (6 handlers)
[GIN-debug] DELETE /changes/:id              --> github.com/mark3748/helpdesk-go/cmd/api.(*App).mountAPI.Delete.func171 (6 handlers)
[GIN-debug] GET    /releases                 --> github.com/mark3748/helpdesk-go/cmd/api.(*App).mountAPI.List.func172 (6 handlers)
[GIN-debug] POST   /releases                 --> github.com/mark3748/helpdesk-go/cmd/api.(*App).mountAPI.Create.func173 (6 handlers)
[GIN-debug] GET    /releases/:id             --> github.com/mark3748/helpdesk-go/cmd/api.(*App).mountAPI.Get.func174 (6 handlers)
[GIN-debug] PUT    /releases/:id             --> github.com/mark3748/helpdesk-go/cmd/api.(*App).mountAPI.Update.func175 (6 handlers)
[GIN-debug] DELETE /releases/:id             --> github.com/mark3748/helpdesk-go/cmd/api.(*App).mountAPI.Delete.func176 (6 handlers)
[GIN-debug] GET    /api/livez                --> github.com/mark3748/helpdesk-go/cmd/api.(*App).mountAPI.func1 (5 handlers)
[GIN-debug] GET    /api/readyz               --> github.com/mark3748/helpdesk-go/cmd/api.(*App).readyz-fm (5 handlers)
[GIN-debug] GET    /api/healthz              --> github.com/mark3748/helpdesk-go/cmd/api.(*App).mountAPI.func2 (5 handlers)
[GIN-debug] GET    /api/csat/:token          --> github.com/mark3748/helpdesk-go/cmd/api.(*App).csatForm-fm (5 handlers)
[GIN-debug] POST   /api/csat/:token          --> github.com/mark3748/helpdesk-go/cmd/api.(*App).submitCSAT-fm (5 handlers)
[GIN-debug] GET    /api/metrics              --> github.com/mark3748/helpdesk-go/cmd/api.(*App).mountAPI.WrapH.func9 (5 handlers)
[GIN-debug] GET    /api/swagger/*filepath    --> github.com/gin-gonic/gin.(*RouterGroup).createStaticHandler.func1 (5 handlers)
[GIN-debug] HEAD   /api/swagger/*filepath    --> github.com/gin-gonic/gin.(*RouterGroup).createStaticHandler.func1 (5 handlers)
[GIN-debug] GET    /api/docs                 --> github.com/mark3748/helpdesk-go/cmd/api.(*App).docsUI-fm (5 handlers)
[GIN-debug] GET    /api/openapi.yaml         --> github.com/mark3748/helpdesk-go/cmd/api.(*App).openapiSpec-fm (5 handlers)
[GIN-debug] POST   /api/webhooks/email-inbound --> github.com/mark3748/helpdesk-go/cmd/api.(*App).mountAPI.EmailInbound.func18 (5 handlers)
[GIN-debug] GET    /api/me                   --> github.com/mark3748/helpdesk-go/cmd/api/auth.Me (6 handlers)
[GIN-debug] GET    /api/me/profile           --> github.com/mark3748/helpdesk-go/cmd/api.(*App).getMyProfile-fm (6 handlers)
[GIN-debug] PATCH  /api/me/profile           --> github.com/mark3748/helpdesk-go/cmd/api.(*App).updateMyProfile-fm (6 handlers)
[GIN-debug] POST   /api/me/password          --> github.com/mark3748/helpdesk-go/cmd/api.(*App).changeMyPassword-fm (6 handlers)
[GIN-debug] GET    /api/events               --> github.com/mark3748/helpdesk-go/cmd/api.(*App).mountAPI.Events.func20 (6 handlers)
[GIN-debug] GET    /api/settings             --> github.com/mark3748/helpdesk-go/cmd/api/handlers.GetSettings (7 handlers)
[GIN-debug] GET    /api/features             --> github.com/mark3748/helpdesk-go/cmd/api.(*App).mountAPI.Features.func22 (6 handlers)
[GIN-debug] POST   /api/test-connection      --> github.com/mark3748/helpdesk-go/cmd/api/handlers.TestConnection (7 handlers)
[GIN-debug] POST   /api/settings/storage     --> github.com/mark3748/helpdesk-go/cmd/api/handlers.SaveStorageSettings (7 handlers)
[GIN-debug] POST   /api/settings/oidc        --> github.com/mark3748/helpdesk-go/cmd/api/handlers.SaveOIDCSettings (7 handlers)
[GIN-debug] POST   /api/settings/mail        --> github.com/mark3748/helpdesk-go/cmd/api/handlers.SaveMailSettings (7 handlers)
[GIN-debug] POST   /api/settings/mail/send-test --> github.com/mark3748/helpdesk-go/cmd/api/handlers.SendTestMail (7 handlers)
[GIN-debug] GET    /api/users/:id/roles      --> github.com/mark3748/helpdesk-go/cmd/api.(*App).mountAPI.ListUserRoles.func29 (7 handlers)
[GIN-debug] POST   /api/users/:id/roles      --> github.com/mark3748/helpdesk-go/cmd/api.(*App).mountAPI.AddUserRole.func31 (7 handlers)
[GIN-debug] DELETE /api/users/:id/roles/:role --> github.com/mark3748/helpdesk-go/cmd/api.(*App).mountAPI.RemoveUserRole.func33 (7 handlers)
[GIN-debug] GET    /api/users                --> github.com/mark3748/helpdesk-go/cmd/api.(*App).mountAPI.List.func35 (7 handlers)
[GIN-debug] GET    /api/users/:id            --> github.com/mark3748/helpdesk-go/cmd/api.(*App).mountAPI.Get.func37 (7 handlers)
[GIN-debug] POST   /api/users                --> github.com/mark3748/helpdesk-go/cmd/api.(*App).mountAPI.CreateLocal.func39 (7 handlers)
[GIN-debug] GET    /api/roles                --> github.com/mark3748/helpdesk-go/cmd/api.(*App).mountAPI.List.func41 (7 handlers)
[GIN-debug] GET    /api/requesters           --> github.com/mark3748/helpdesk-go/cmd/api.(*App).mountAPI.Search.func42 (6 handlers)
[GIN-debug] GET    /api/requesters/:id       --> github.com/mark3748/helpdesk-go/cmd/api.(*App).getRequester-fm (6 handlers)
[GIN-debug] POST   /api/requesters           --> github.com/mark3748/helpdesk-go/cmd/api.(*App).createRequester-fm (7 handlers)
[GIN-debug] PATCH  /api/requesters/:id       --> github.com/mark3748/helpdesk-go/cmd/api.(*App).updateRequester-fm (7 handlers)
[GIN-debug] GET    /api/teams                --> github.com/mark3748/helpdesk-go/cmd/api.(*App).mountAPI.List.func45 (6 handlers)
[GIN-debug] GET    /api/slas                 --> github.com/mark3748/helpdesk-go/cmd/api.(*App).mountAPI.List.func46 (6 handlers)
[GIN-debug] GET    /api/kb                   --> github.com/mark3748/helpdesk-go/cmd/api.(*App).mountAPI.Search.func47 (6 handlers)
[GIN-debug] GET    /api/kb/:slug             --> github.com/mark3748/helpdesk-go/cmd/api.(*App).mountAPI.Get.func48 (6 handlers)
[GIN-debug] POST   /api/kb                   --> github.com/mark3748/helpdesk-go/cmd/api.(*App).mountAPI.Create.func50 (7 handlers)
[GIN-debug] PUT    /api/kb/:slug             --> github.com/mark3748/helpdesk-go/cmd/api.(*App).mountAPI.Update.func52 (7 handlers)
[GIN-debug] DELETE /api/kb/:slug             --> github.com/mark3748/helpdesk-go/cmd/api.(*App).mountAPI.Delete.func54 (7 handlers)
[GIN-debug] GET    /api/tickets              --> github.com/mark3748/helpdesk-go/cmd/api.(*App).mountAPI.List.func55 (6 handlers)
[GIN-debug] POST   /api/tickets              --> github.com/mark3748/helpdesk-go/cmd/api.(*App).mountAPI.Create.func59 (6 handlers)
[GIN-debug] GET    /api/tickets/:id          --> github.com/mark3748/helpdesk-go/cmd/api.(*App).mountAPI.Get.func60 (6 handlers)
[GIN-debug] PATCH  /api/tickets/:id          --> github.com/mark3748/helpdesk-go/cmd/api.(*App).mountAPI.Update.func62 (7 handlers)
[GIN-debug] GET    /api/tickets/:id/comments --> github.com/mark3748/helpdesk-go/cmd/api.(*App).mountAPI.List.func63 (6 handlers)
[GIN-debug] POST   /api/tickets/:id/comments --> github.com/mark3748/helpdesk-go/cmd/api.(*App).mountAPI.Add.func64 (6 handlers)
[GIN-debug] GET    /api/tickets/:id/attachments --> github.com/mark3748/helpdesk-go/cmd/api.(*App).mountAPI.List.func65 (6 handlers)
[GIN-debug] POST   /api/tickets/:id/attachments/presign --> github.com/mark3748/helpdesk-go/cmd/api.(*App).mountAPI.Presign.func75 (6 handlers)
[GIN-debug] POST   /api/tickets/:id/attachments --> github.com/mark3748/helpdesk-go/cmd/api.(*App).mountAPI.Finalize.func76 (6 handlers)
[GIN-debug] GET    /api/tickets/:id/attachments/:attID --> github.com/mark3748/helpdesk-go/cmd/api.(*App).mountAPI.Get.func77 (6 handlers)
[GIN-debug] PUT    /api/attachments/upload/:objectKey --> github.com/mark3748/helpdesk-go/cmd/api.(*App).mountAPI.UploadObject.func78 (6 handlers)
[GIN-debug] DELETE /api/tickets/:id/attachments/:attID --> github.com/mark3748/helpdesk-go/cmd/api.(*App).mountAPI.Delete.func79 (6 handlers)
[GIN-debug] GET    /api/tickets/:id/watchers --> github.com/mark3748/helpdesk-go/cmd/api.(*App).mountAPI.List.func80 (6 handlers)
[GIN-debug] POST   /api/tickets/:id/watchers --> github.com/mark3748/helpdesk-go/cmd/api.(*App).mountAPI.Add.func81 (6 handlers)
[GIN-debug] DELETE /api/tickets/:id/watchers/:uid --> github.com/mark3748/helpdesk-go/cmd/api.(*App).mountAPI.Remove.func82 (6 handlers)
[GIN-debug] GET    /api/emails/outbound      --> github.com/mark3748/helpdesk-go/cmd/api.(*App).mountAPI.ListOutbound.func84 (7 handlers)
[GIN-debug] GET    /api/metrics/sla          --> github.com/mark3748/helpdesk-go/cmd/api.(*App).mountAPI.SLA.func86 (7 handlers)
[GIN-debug] GET    /api/metrics/resolution   --> github.com/mark3748/helpdesk-go/cmd/api.(*App).mountAPI.Resolution.func88 (7 handlers)
[GIN-debug] GET    /api/metrics/tickets      --> github.com/mark3748/helpdesk-go/cmd/api.(*App).mountAPI.TicketVolume.func90 (7 handlers)
[GIN-debug] GET    /api/metrics/dashboard    --> github.com/mark3748/helpdesk-go/cmd/api.(*App).mountAPI.Dashboard.func92 (7 handlers)
[GIN-debug] GET    /api/metrics/agent        --> github.com/mark3748/helpdesk-go/cmd/api.(*App).mountAPI.Agent.func94 (7 handlers)
[GIN-debug] GET    /api/metrics/manager      --> github.com/mark3748/helpdesk-go/cmd/api.(*App).mountAPI.Manager.func96 (7 handlers)
[GIN-debug] POST   /api/exports/tickets      --> github.com/mark3748/helpdesk-go/cmd/api.(*App).exportTicketsBridge-fm (7 handlers)
[GIN-debug] GET    /api/exports/tickets/:job_id --> github.com/mark3748/helpdesk-go/cmd/api.(*App).exportTicketsStatus-fm (7 handlers)
[GIN-debug] GET    /api/webhooks             --> github.com/mark3748/helpdesk-go/cmd/api.(*App).mountAPI.List.func100 (7 handlers)
[GIN-debug] POST   /api/webhooks             --> github.com/mark3748/helpdesk-go/cmd/api.(*App).mountAPI.Create.func102 (7 handlers)
[GIN-debug] DELETE /api/webhooks/:id         --> github.com/mark3748/helpdesk-go/cmd/api.(*App).mountAPI.Delete.func104 (7 handlers)
[GIN-debug] GET    /api/asset-categories     --> github.com/mark3748/helpdesk-go/cmd/api.(*App).mountAPI.ListCategories.func105 (6 handlers)
[GIN-debug] POST   /api/asset-categories     --> github.com/mark3748/helpdesk-go/cmd/api.(*App).mountAPI.CreateCategory.func107 (7 handlers)
[GIN-debug] GET    /api/asset-categories/:id --> github.com/mark3748/helpdesk-go/cmd/api.(*App).mountAPI.GetCategory.func108 (6 handlers)
[GIN-debug] GET    /api/assets               --> github.com/mark3748/helpdesk-go/cmd/api.(*App).mountAPI.ListAssets.func109 (6 handlers)
[GIN-debug] POST   /api/assets               --> github.com/mark3748/helpdesk-go/cmd/api.(*App).mountAPI.CreateAsset.func111 (7 handlers)
[GIN-debug] GET    /api/assets/:id           --> github.com/mark3748/helpdesk-go/cmd/api.(*App).mountAPI.GetAsset.func112 (6 handlers)
[GIN-debug] PATCH  /api/assets/:id           --> github.com/mark3748/helpdesk-go/cmd/api.(*App).mountAPI.UpdateAsset.func114 (7 handlers)
[GIN-debug] DELETE /api/assets/:id           --> github.com/mark3748/helpdesk-go/cmd/api.(*App).mountAPI.DeleteAsset.func116 (7 handlers)
[GIN-debug] POST   /api/assets/:id/assign    --> github.com/mark3748/helpdesk-go/cmd/api.(*App).mountAPI.AssignAsset.func118 (7 handlers)
[GIN-debug] GET    /api/assets/:id/history   --> github.com/mark3748/helpdesk-go/cmd/api.(*App).mountAPI.GetAssetHistory.func119 (6 handlers)
[GIN-debug] GET    /api/assets/:id/assignments --> github.com/mark3748/helpdesk-go/cmd/api.(*App).mountAPI.GetAssetAssignments.func120 (6 handlers)
[GIN-debug] GET    /api/assets/:id/attachments --> github.com/mark3748/helpdesk-go/cmd/api.(*App).mountAPI.ListAttachments.func121 (6 handlers)
[GIN-debug] POST   /api/assets/:id/attachments/presign --> github.com/mark3748/helpdesk-go/cmd/api.(*App).mountAPI.PresignAssetUpload.func123 (7 handlers)
[GIN-debug] POST   /api/assets/:id/attachments --> github.com/mark3748/helpdesk-go/cmd/api.(*App).mountAPI.FinalizeAssetAttachment.func125 (7 handlers)
[GIN-debug] GET    /api/assets/:id/attachments/:attachmentID --> github.com/mark3748/helpdesk-go/cmd/api.(*App).mountAPI.GetAssetAttachment.func126 (6 handlers)
[GIN-debug] DELETE /api/assets/:id/attachments/:attachmentID --> github.com/mark3748/helpdesk-go/cmd/api.(*App).mountAPI.DeleteAssetAttachment.func128 (7 handlers)
[GIN-debug] PUT    /api/assets/attachments/upload/:objectKey --> github.com/mark3748/helpdesk-go/cmd/api.(*App).mountAPI.UploadAssetObject.func129 (6 handlers)
[GIN-debug] POST   /api/assets/:id/status-change --> github.com/mark3748/helpdesk-go/cmd/api.(*App).mountAPI.RequestStatusChange.func131 (7 handlers)
[GIN-debug] POST   /api/workflows/:id/approve --> github.com/mark3748/helpdesk-go/cmd/api.(*App).mountAPI.ApproveWorkflow.func133 (7 handlers)
[GIN-debug] POST   /api/workflows/:id/reject --> github.com/mark3748/helpdesk-go/cmd/api.(*App).mountAPI.RejectWorkflow.func135 (7 handlers)
[GIN-debug] POST   /api/assets/:id/checkout  --> github.com/mark3748/helpdesk-go/cmd/api.(*App).mountAPI.CheckoutAsset.func137 (7 handlers)
[GIN-debug] POST   /api/assets/checkin       --> github.com/mark3748/helpdesk-go/cmd/api.(*App).mountAPI.CheckinAsset.func139 (7 handlers)
[GIN-debug] GET    /api/assets/checkouts/active --> github.com/mark3748/helpdesk-go/cmd/api.(*App).mountAPI.GetActiveCheckouts.func140 (6 handlers)
[GIN-debug] GET    /api/assets/checkouts/overdue --> github.com/mark3748/helpdesk-go/cmd/api.(*App).mountAPI.GetOverdueCheckouts.func141 (6 handlers)
[GIN-debug] POST   /api/assets/:id/relationships --> github.com/mark3748/helpdesk-go/cmd/api.(*App).mountAPI.CreateRelationship.func143 (7 handlers)
[GIN-debug] GET    /api/assets/:id/relationships/graph --> github.com/mark3748/helpdesk-go/cmd/api.(*App).mountAPI.GetRelationshipGraph.func144 (6 handlers)
[GIN-debug] GET    /api/assets/:id/impact-analysis --> github.com/mark3748/helpdesk-go/cmd/api.(*App).mountAPI.GetAssetImpactAnalysis.func145 (6 handlers)
[GIN-debug] POST   /api/assets/bulk/update   --> github.com/mark3748/helpdesk-go/cmd/api.(*App).mountAPI.BulkUpdateAssets.func147 (7 handlers)
[GIN-debug] POST   /api/assets/bulk/assign   --> github.com/mark3748/helpdesk-go/cmd/api.(*App).mountAPI.BulkAssignAssets.func149 (7 handlers)
[GIN-debug] GET    /api/assets/bulk/operations/:id --> github.com/mark3748/helpdesk-go/cmd/api.(*App).mountAPI.GetBulkOperation.func150 (6 handlers)
[GIN-debug] POST   /api/assets/import/preview --> github.com/mark3748/helpdesk-go/cmd/api.(*App).mountAPI.ImportAssetsPreview.func152 (7 handlers)
[GIN-debug] POST   /api/assets/import        --> github.com/mark3748/helpdesk-go/cmd/api.(*App).mountAPI.ImportAssets.func154 (7 handlers)
[GIN-debug] POST   /api/assets/export        --> github.com/mark3748/helpdesk-go/cmd/api.(*App).mountAPI.ExportAssets.func156 (7 handlers)
[GIN-debug] GET    /api/assets/:id/audit     --> github.com/mark3748/helpdesk-go/cmd/api.(*App).mountAPI.GetAuditHistory.func157 (6 handlers)
[GIN-debug] GET    /api/assets/audit/summary --> github.com/mark3748/helpdesk-go/cmd/api.(*App).mountAPI.GetAuditSummary.func159 (7 handlers)
[GIN-debug] GET    /api/assets/analytics     --> github.com/mark3748/helpdesk-go/cmd/api.(*App).mountAPI.GetAssetAnalytics.func161 (7 handlers)
[GIN-debug] GET    /api/problems             --> github.com/mark3748/helpdesk-go/cmd/api.(*App).mountAPI.List.func162 (6 handlers)
[GIN-debug] POST   /api/problems             --> github.com/mark3748/helpdesk-go/cmd/api.(*App).mountAPI.Create.func163 (6 handlers)
[GIN-debug] GET    /api/problems/:id         --> github.com/mark3748/helpdesk-go/cmd/api.(*App).mountAPI.Get.func164 (6 handlers)
[GIN-debug] PUT    /api/problems/:id         --> github.com/mark3748/helpdesk-go/cmd/api.(*App).mountAPI.Update.func165 (6 handlers)
[GIN-debug] DELETE /api/problems/:id         --> github.com/mark3748/helpdesk-go/cmd/api.(*App).mountAPI.Delete.func166 (6 handlers)
[GIN-debug] GET    /api/changes              --> github.com/mark3748/helpdesk-go/cmd/api.(*App).mountAPI.List.func167 (6 handlers)
[GIN-debug] POST   /api/changes              --> github.com/mark3748/helpdesk-go/cmd/api.(*App).mountAPI.Create.func168 (6 handlers)
[GIN-debug] GET    /api/changes/:id          --> github.com/mark3748/helpdesk-go/cmd/api.(*App).mountAPI.Get.func169 (6 handlers)
[GIN-debug] PUT    /api/changes/:id          --> github.com/mark3748/helpdesk-go/cmd/api.(*App).mountAPI.Update.func170 (6 handlers)
[GIN-debug] DELETE /api/changes/:id          --> github.com/mark3748/helpdesk-go/cmd/api.(*App).mountAPI.Delete.func171 (6 handlers)
[GIN-debug] GET    /api/releases             --> github.com/mark3748/helpdesk-go/cmd/api.(*App).mountAPI.List.func172 (6 handlers)
[GIN-debug] POST   /api/releases             --> github.com/mark3748/helpdesk-go/cmd/api.(*App).mountAPI.Create.func173 (6 handlers)
[GIN-debug] GET    /api/releases/:id         --> github.com/mark3748/helpdesk-go/cmd/api.(*App).mountAPI.Get.func174 (6 handlers)
[GIN-debug] PUT    /api/releases/:id         --> github.com/mark3748/helpdesk-go/cmd/api.(*App).mountAPI.Update.func175 (6 handlers)
[GIN-debug] DELETE /api/releases/:id         --> github.com/mark3748/helpdesk-go/cmd/api.(*App).mountAPI.Delete.func176 (6 handlers)
[GIN-debug] [WARNING] Running in "debug" mode. Switch to "release" mode in production.
 - using env:	export GIN_MODE=release
 - using code:	gin.SetMode(gin.ReleaseMode)

[GIN-debug] GET    /livez                    --> github.com/mark3748/helpdesk-go/cmd/api.(*App).mountAPI.func1 (5 handlers)
[GIN-debug] GET    /readyz                   --> github.com/mark3748/helpdesk-go/cmd/api.(*App).readyz-fm (5 handlers)
[GIN-debug] GET    /healthz                  --> github.com/mark3748/helpdesk-go/cmd/api.(*App).mountAPI.func2 (5 handlers)
[GIN-debug] GET    /csat/:token              --> github.com/mark3748/helpdesk-go/cmd/api.(*App).csatForm-fm (5 handlers)
[GIN-debug] POST   /csat/:token              --> github.com/mark3748/helpdesk-go/cmd/api.(*App).submitCSAT-fm (5 handlers)
[GIN-debug] GET    /metrics                  --> github.com/mark3748/helpdesk-go/cmd/api.(*App).mountAPI.WrapH.func9 (5 handlers)
[GIN-debug] GET    /swagger/*filepath        --> github.com/gin-gonic/gin.(*RouterGroup).createStaticHandler.func1 (5 handlers)
[GIN-debug] HEAD   /swagger/*filepath        --> github.com/gin-gonic/gin.(*RouterGroup).createStaticHandler.func1 (5 handlers)
[GIN-debug] GET    /docs                     --> github.com/mark3748/helpdesk-go/cmd/api.(*App).docsUI-fm (5 handlers)
[GIN-debug] GET    /openapi.yaml             --> github.com/mark3748/helpdesk-go/cmd/api.(*App).openapiSpec-fm (5 handlers)
[GIN-debug] POST   /webhooks/email-inbound   --> github.com/mark3748/helpdesk-go/cmd/api.(*App).mountAPI.EmailInbound.func18 (5 handlers)
[GIN-debug] GET    /me                       --> github.com/mark3748/helpdesk-go/cmd/api/auth.Me (6 handlers)
[GIN-debug] GET    /me/profile               --> github.com/mark3748/helpdesk-go/cmd/api.(*App).getMyProfile-fm (6 handlers)
[GIN-debug] PATCH  /me/profile               --> github.com/mark3748/helpdesk-go/cmd/api.(*App).updateMyProfile-fm (6 handlers)
[GIN-debug] POST   /me/password              --> github.com/mark3748/helpdesk-go/cmd/api.(*App).changeMyPassword-fm (6 handlers)
[GIN-debug] GET    /events                   --> github.com/mark3748/helpdesk-go/cmd/api.(*App).mountAPI.Events.func20 (6 handlers)
[GIN-debug] GET    /settings                 --> github.com/mark3748/helpdesk-go/cmd/api/handlers.GetSettings (7 handlers)
[GIN-debug] GET    /features                 --> github.com/mark3748/helpdesk-go/cmd/api.(*App).mountAPI.Features.func22 (6 handlers)
[GIN-debug] POST   /test-connection          --> github.com/mark3748/helpdesk-go/cmd/api/handlers.TestConnection (7 handlers)
[GIN-debug] POST   /settings/storage         --> github.com/mark3748/helpdesk-go/cmd/api/handlers.SaveStorageSettings (7 handlers)
[GIN-debug] POST   /settings/oidc            --> github.com/mark3748/helpdesk-go/cmd/api/handlers.SaveOIDCSettings (7 handlers)
[GIN-debug] POST   /settings/mail            --> github.com/mark3748/helpdesk-go/cmd/api/handlers.SaveMailSettings (7 handlers)
[GIN-debug] POST   /settings/mail/send-test  --> github.com/mark3748/helpdesk-go/cmd/api/handlers.SendTestMail (7 handlers)
[GIN-debug] GET    /users/:id/roles          --> github.com/mark3748/helpdesk-go/cmd/api.(*App).mountAPI.ListUserRoles.func29 (7 handlers)
[GIN-debug] POST   /users/:id/roles          --> github.com/mark3748/helpdesk-go/cmd/api.(*App).mountAPI.AddUserRole.func31 (7 handlers)
[GIN-debug] DELETE /users/:id/roles/:role    --> github.com/mark3748/helpdesk-go/cmd/api.(*App).mountAPI.RemoveUserRole.func33 (7 handlers)
[GIN-debug] GET    /users                    --> github.com/mark3748/helpdesk-go/cmd/api.(*App).mountAPI.List.func35 (7 handlers)
[GIN-debug] GET    /users/:id                --> github.com/mark3748/helpdesk-go/cmd/api.(*App).mountAPI.Get.func37 (7 handlers)
[GIN-debug] POST   /users                    --> github.com/mark3748/helpdesk-go/cmd/api.(*App).mountAPI.CreateLocal.func39 (7 handlers)
[GIN-debug] GET    /roles                    --> github.com/mark3748/helpdesk-go/cmd/api.(*App).mountAPI.List.func41 (7 handlers)
[GIN-debug] GET    /requesters               --> github.com/mark3748/helpdesk-go/cmd/api.(*App).mountAPI.Search.func42 (6 handlers)
[GIN-debug] GET    /requesters/:id           --> github.com/mark3748/helpdesk-go/cmd/api.(*App).getRequester-fm (6 handlers)
[GIN-debug] POST   /requesters               --> github.com/mark3748/helpdesk-go/cmd/api.(*App).createRequester-fm (7 handlers)
[GIN-debug] PATCH  /requesters/:id           --> github.com/mark3748/helpdesk-go/cmd/api.(*App).updateRequester-fm (7 handlers)
[GIN-debug] GET    /teams                    --> github.com/mark3748/helpdesk-go/cmd/api.(*App).mountAPI.List.func45 (6 handlers)
[GIN-debug] GET    /slas                     --> github.com/mark3748/helpdesk-go/cmd/api.(*App).mountAPI.List.func46 (6 handlers)
[GIN-debug] GET    /kb                       --> github.com/mark3748/helpdesk-go/cmd/api.(*App).mountAPI.Search.func47 (6 handlers)
[GIN-debug] GET    /kb/:slug                 --> github.com/mark3748/helpdesk-go/cmd/api.(*App).mountAPI.Get.func48 (6 handlers)
[GIN-debug] POST   /kb                       --> github.com/mark3748/helpdesk-go/cmd/api.(*App).mountAPI.Create.func50 (7 handlers)
[GIN-debug] PUT    /kb/:slug                 --> github.com/mark3748/helpdesk-go/cmd/api.(*App).mountAPI.Update.func52 (7 handlers)
[GIN-debug] DELETE /kb/:slug                 --> github.com/mark3748/helpdesk-go/cmd/api.(*App).mountAPI.Delete.func54 (7 handlers)
[GIN-debug] GET    /tickets                  --> github.com/mark3748/helpdesk-go/cmd/api.(*App).mountAPI.List.func55 (6 handlers)
[GIN-debug] POST   /tickets                  --> github.com/mark3748/helpdesk-go/cmd/api.(*App).mountAPI.Create.func59 (6 handlers)
[GIN-debug] GET    /tickets/:id              --> github.com/mark3748/helpdesk-go/cmd/api.(*App).mountAPI.Get.func60 (6 handlers)
[GIN-debug] PATCH  /tickets/:id              --> github.com/mark3748/helpdesk-go/cmd/api.(*App).mountAPI.Update.func62 (7 handlers)
[GIN-debug] GET    /tickets/:id/comments     --> github.com/mark3748/helpdesk-go/cmd/api.(*App).mountAPI.List.func63 (6 handlers)
[GIN-debug] POST   /tickets/:id/comments     --> github.com/mark3748/helpdesk-go/cmd/api.(*App).mountAPI.Add.func64 (6 handlers)
[GIN-debug] GET    /tickets/:id/attachments  --> github.com/mark3748/helpdesk-go/cmd/api.(*App).mountAPI.List.func65 (6 handlers)
[GIN-debug] POST   /tickets/:id/attachments/presign --> github.com/mark3748/helpdesk-go/cmd/api.(*App).mountAPI.Presign.func75 (6 handlers)
[GIN-debug] POST   /tickets/:id/attachments  --> github.com/mark3748/helpdesk-go/cmd/api.(*App).mountAPI.Finalize.func76 (6 handlers)
[GIN-debug] GET    /tickets/:id/attachments/:attID --> github.com/mark3748/helpdesk-go/cmd/api.(*App).mountAPI.Get.func77 (6 handlers)
[GIN-debug] PUT    /attachments/upload/:objectKey --> github.com/mark3748/helpdesk-go/cmd/api.(*App).mountAPI.UploadObject.func78 (6 handlers)
[GIN-debug] DELETE /tickets/:id/attachments/:attID --> github.com/mark3748/helpdesk-go/cmd/api.(*App).mountAPI.Delete.func79 (6 handlers)
[GIN-debug] GET    /tickets/:id/watchers     --> github.com/mark3748/helpdesk-go/cmd/api.(*App).mountAPI.List.func80 (6 handlers)
[GIN-debug] POST   /tickets/:id/watchers     --> github.com/mark3748/helpdesk-go/cmd/api.(*App).mountAPI.Add.func81 (6 handlers)
[GIN-debug] DELETE /tickets/:id/watchers/:uid --> github.com/mark3748/helpdesk-go/cmd/api.(*App).mountAPI.Remove.func82 (6 handlers)
[GIN-debug] GET    /emails/outbound          --> github.com/mark3748/helpdesk-go/cmd/api.(*App).mountAPI.ListOutbound.func84 (7 handlers)
[GIN-debug] GET    /metrics/sla              --> github.com/mark3748/helpdesk-go/cmd/api.(*App).mountAPI.SLA.func86 (7 handlers)
[GIN-debug] GET    /metrics/resolution       --> github.com/mark3748/helpdesk-go/cmd/api.(*App).mountAPI.Resolution.func88 (7 handlers)
[GIN-debug] GET    /metrics/tickets          --> github.com/mark3748/helpdesk-go/cmd/api.(*App).mountAPI.TicketVolume.func90 (7 handlers)
[GIN-debug] GET    /metrics/dashboard        --> github.com/mark3748/helpdesk-go/cmd/api.(*App).mountAPI.Dashboard.func92 (7 handlers)
[GIN-debug] GET    /metrics/agent            --> github.com/mark3748/helpdesk-go/cmd/api.(*App).mountAPI.Agent.func94 (7 handlers)
[GIN-debug] GET    /metrics/manager          --> github.com/mark3748/helpdesk-go/cmd/api.(*App).mountAPI.Manager.func96 (7 handlers)
[GIN-debug] POST   /exports/tickets          --> github.com/mark3748/helpdesk-go/cmd/api.(*App).exportTicketsBridge-fm (7 handlers)
[GIN-debug] GET    /exports/tickets/:job_id  --> github.com/mark3748/helpdesk-go/cmd/api.(*App).exportTicketsStatus-fm (7 handlers)
[GIN-debug] GET    /webhooks                 --> github.com/mark3748/helpdesk-go/cmd/api.(*App).mountAPI.List.func100 (7 handlers)
[GIN-debug] POST   /webhooks                 --> github.com/mark3748/helpdesk-go/cmd/api.(*App).mountAPI.Create.func102 (7 handlers)
[GIN-debug] DELETE /webhooks/:id             --> github.com/mark3748/helpdesk-go/cmd/api.(*App).mountAPI.Delete.func104 (7 handlers)
[GIN-debug] GET    /asset-categories         --> github.com/mark3748/helpdesk-go/cmd/api.(*App).mountAPI.ListCategories.func105 (6 handlers)
[GIN-debug] POST   /asset-categories         --> github.com/mark3748/helpdesk-go/cmd/api.(*App).mountAPI.CreateCategory.func107 (7 handlers)
[GIN-debug] GET    /asset-categories/:id     --> github.com/mark3748/helpdesk-go/cmd/api.(*App).mountAPI.GetCategory.func108 (6 handlers)
[GIN-debug] GET    /assets                   --> github.com/mark3748/helpdesk-go/cmd/api.(*App).mountAPI.ListAssets.func109 (6 handlers)
[GIN-debug] POST   /assets                   --> github.com/mark3748/helpdesk-go/cmd/api.(*App).mountAPI.CreateAsset.func111 (7 handlers)
[GIN-debug] GET    /assets/:id               --> github.com/mark3748/helpdesk-go/cmd/api.(*App).mountAPI.GetAsset.func112 (6 handlers)
[GIN-debug] PATCH  /assets/:id               --> github.com/mark3748/helpdesk-go/cmd/api.(*App).mountAPI.UpdateAsset.func114 (7 handlers)
[GIN-debug] DELETE /assets/:id               --> github.com/mark3748/helpdesk-go/cmd/api.(*App).mountAPI.DeleteAsset.func116 (7 handlers)
[GIN-debug] POST   /assets/:id/assign        --> github.com/mark3748/helpdesk-go/cmd/api.(*App).mountAPI.AssignAsset.func118 (7 handlers)
[GIN-debug] GET    /assets/:id/history       --> github.com/mark3748/helpdesk-go/cmd/api.(*App).mountAPI.GetAssetHistory.func119 (6 handlers)
[GIN-debug] GET    /assets/:id/assignments   --> github.com/mark3748/helpdesk-go/cmd/api.(*App).mountAPI.GetAssetAssignments.func120 (6 handlers)
[GIN-debug] GET    /assets/:id/attachments   --> github.com/mark3748/helpdesk-go/cmd/api.(*App).mountAPI.ListAttachments.func121 (6 handlers)
[GIN-debug] POST   /assets/:id/attachments/presign --> github.com/mark3748/helpdesk-go/cmd/api.(*App).mountAPI.PresignAssetUpload.func123 (7 handlers)
[GIN-debug] POST   /assets/:id/attachments   --> github.com/mark3748/helpdesk-go/cmd/api.(*App).mountAPI.FinalizeAssetAttachment.func125 (7 handlers)
[GIN-debug] GET    /assets/:id/attachments/:attachmentID --> github.com/mark3748/helpdesk-go/cmd/api.(*App).mountAPI.GetAssetAttachment.func126 (6 handlers)
[GIN-debug] DELETE /assets/:id/attachments/:attachmentID --> github.com/mark3748/helpdesk-go/cmd/api.(*App).mountAPI.DeleteAssetAttachment.func128 (7 handlers)
[GIN-debug] PUT    /assets/attachments/upload/:objectKey --> github.com/mark3748/helpdesk-go/cmd/api.(*App).mountAPI.UploadAssetObject.func129 (6 handlers)
[GIN-debug] POST   /assets/:id/status-change --> github.com/mark3748/helpdesk-go/cmd/api.(*App).mountAPI.RequestStatusChange.func131 (7 handlers)
[GIN-debug] POST   /workflows/:id/approve    --> github.com/mark3748/helpdesk-go/cmd/api.(*App).mountAPI.ApproveWorkflow.func133 (7 handlers)
[GIN-debug] POST   /workflows/:id/reject     --> github.com/mark3748/helpdesk-go/cmd/api.(*App).mountAPI.RejectWorkflow.func135 (7 handlers)
[GIN-debug] POST   /assets/:id/checkout      --> github.com/mark3748/helpdesk-go/cmd/api.(*App).mountAPI.CheckoutAsset.func137 (7 handlers)
[GIN-debug] POST   /assets/checkin           --> github.com/mark3748/helpdesk-go/cmd/api.(*App).mountAPI.CheckinAsset.func139 (7 handlers)
[GIN-debug] GET    /assets/checkouts/active  --> github.com/mark3748/helpdesk-go/cmd/api.(*App).mountAPI.GetActiveCheckouts.func140 (6 handlers)
[GIN-debug] GET    /assets/checkouts/overdue --> github.com/mark3748/helpdesk-go/cmd/api.(*App).mountAPI.GetOverdueCheckouts.func141 (6 handlers)
[GIN-debug] POST   /assets/:id/relationships --> github.com/mark3748/helpdesk-go/cmd/api.(*App).mountAPI.CreateRelationship.func143 (7 handlers)
[GIN-debug] GET    /assets/:id/relationships/graph --> github.com/mark3748/helpdesk-go/cmd/api.(*App).mountAPI.GetRelationshipGraph.func144 (6 handlers)
[GIN-debug] GET    /assets/:id/impact-analysis --> github.com/mark3748/helpdesk-go/cmd/api.(*App).mountAPI.GetAssetImpactAnalysis.func145 (6 handlers)
[GIN-debug] POST   /assets/bulk/update       --> github.com/mark3748/helpdesk-go/cmd/api.(*App).mountAPI.BulkUpdateAssets.func147 (7 handlers)
[GIN-debug] POST   /assets/bulk/assign       --> github.com/mark3748/helpdesk-go/cmd/api.(*App).mountAPI.BulkAssignAssets.func149 (7 handlers)
[GIN-debug] GET    /assets/bulk/operations/:id --> github.com/mark3748/helpdesk-go/cmd/api.(*App).mountAPI.GetBulkOperation.func150 (6 handlers)
[GIN-debug] POST   /assets/import/preview    --> github.com/mark3748/helpdesk-go/cmd/api.(*App).mountAPI.ImportAssetsPreview.func152 (7 handlers)
[GIN-debug] POST   /assets/import            --> github.com/mark3748/helpdesk-go/cmd/api.(*App).mountAPI.ImportAssets.func154 (7 handlers)
[GIN-debug] POST   /assets/export            --> github.com/mark3748/helpdesk-go/cmd/api.(*App).mountAPI.ExportAssets.func156 (7 handlers)
[GIN-debug] GET    /assets/:id/audit         --> github.com/mark3748/helpdesk-go/cmd/api.(*App).mountAPI.GetAuditHistory.func157 (6 handlers)
[GIN-debug] GET    /assets/audit/summary     --> github.com/mark3748/helpdesk-go/cmd/api.(*App).mountAPI.GetAuditSummary.func159 (7 handlers)
[GIN-debug] GET    /assets/analytics         --> github.com/mark3748/helpdesk-go/cmd/api.(*App).mountAPI.GetAssetAnalytics.func161 (7 handlers)
[GIN-debug] GET    /problems                 --> github.com/mark3748/helpdesk-go/cmd/api.(*App).mountAPI.List.func162 (6 handlers)
[GIN-debug] POST   /problems                 --> github.com/mark3748/helpdesk-go/cmd/api.(*App).mountAPI.Create.func163 (6 handlers)
[GIN-debug] GET    /problems/:id             --> github.com/mark3748/helpdesk-go/cmd/api.(*App).mountAPI.Get.func164 (6 handlers)
[GIN-debug] PUT    /problems/:id             --> github.com/mark3748/helpdesk-go/cmd/api.(*App).mountAPI.Update.func165 (6 handlers)
[GIN-debug] DELETE /problems/:id             --> github.com/mark3748/helpdesk-go/cmd/api.(*App).mountAPI.Delete.func166 (6 handlers)
[GIN-debug] GET    /changes                  --> github.com/mark3748/helpdesk-go/cmd/api.(*App).mountAPI.List.func167 (6 handlers)
[GIN-debug] POST   /changes                  --> github.com/mark3748/helpdesk-go/cmd/api.(*App).mountAPI.Create.func168 (6 handlers)
[GIN-debug] GET    /changes/:id              --> github.com/mark3748/helpdesk-go/cmd/api.(*App).mountAPI.Get.func169 (6 handlers)
[GIN-debug] PUT    /changes/:id              --> github.com/mark3748/helpdesk-go/cmd/api.(*App).mountAPI.Update.func170 (6 handlers)
[GIN-debug] DELETE /changes/:id              --> github.com/mark3748/helpdesk-go/cmd/api.(*App).mountAPI.Delete.func171 (6 handlers)
[GIN-debug] GET    /releases                 --> github.com/mark3748/helpdesk-go/cmd/api.(*App).mountAPI.List.func172 (6 handlers)
[GIN-debug] POST   /releases                 --> github.com/mark3748/helpdesk-go/cmd/api.(*App).mountAPI.Create.func173 (6 handlers)
[GIN-debug] GET    /releases/:id             --> github.com/mark3748/helpdesk-go/cmd/api.(*App).mountAPI.Get.func174 (6 handlers)
[GIN-debug] PUT    /releases/:id             --> github.com/mark3748/helpdesk-go/cmd/api.(*App).mountAPI.Update.func175 (6 handlers)
[GIN-debug] DELETE /releases/:id             --> github.com/mark3748/helpdesk-go/cmd/api.(*App).mountAPI.Delete.func176 (6 handlers)
[GIN-debug] GET    /api/livez                --> github.com/mark3748/helpdesk-go/cmd/api.(*App).mountAPI.func1 (5 handlers)
[GIN-debug] GET    /api/readyz               --> github.com/mark3748/helpdesk-go/cmd/api.(*App).readyz-fm (5 handlers)
[GIN-debug] GET    /api/healthz              --> github.com/mark3748/helpdesk-go/cmd/api.(*App).mountAPI.func2 (5 handlers)
[GIN-debug] GET    /api/csat/:token          --> github.com/mark3748/helpdesk-go/cmd/api.(*App).csatForm-fm (5 handlers)
[GIN-debug] POST   /api/csat/:token          --> github.com/mark3748/helpdesk-go/cmd/api.(*App).submitCSAT-fm (5 handlers)
[GIN-debug] GET    /api/metrics              --> github.com/mark3748/helpdesk-go/cmd/api.(*App).mountAPI.WrapH.func9 (5 handlers)
[GIN-debug] GET    /api/swagger/*filepath    --> github.com/gin-gonic/gin.(*RouterGroup).createStaticHandler.func1 (5 handlers)
[GIN-debug] HEAD   /api/swagger/*filepath    --> github.com/gin-gonic/gin.(*RouterGroup).createStaticHandler.func1 (5 handlers)
[GIN-debug] GET    /api/docs                 --> github.com/mark3748/helpdesk-go/cmd/api.(*App).docsUI-fm (5 handlers)
[GIN-debug] GET    /api/openapi.yaml         --> github.com/mark3748/helpdesk-go/cmd/api.(*App).openapiSpec-fm (5 handlers)
[GIN-debug] POST   /api/webhooks/email-inbound --> github.com/mark3748/helpdesk-go/cmd/api.(*App).mountAPI.EmailInbound.func18 (5 handlers)
[GIN-debug] GET    /api/me                   --> github.com/mark3748/helpdesk-go/cmd/api/auth.Me (6 handlers)
[GIN-debug] GET    /api/me/profile           --> github.com/mark3748/helpdesk-go/cmd/api.(*App).getMyProfile-fm (6 handlers)
[GIN-debug] PATCH  /api/me/profile           --> github.com/mark3748/helpdesk-go/cmd/api.(*App).updateMyProfile-fm (6 handlers)
[GIN-debug] POST   /api/me/password          --> github.com/mark3748/helpdesk-go/cmd/api.(*App).changeMyPassword-fm (6 handlers)
[GIN-debug] GET    /api/events               --> github.com/mark3748/helpdesk-go/cmd/api.(*App).mountAPI.Events.func20 (6 handlers)
[GIN-debug] GET    /api/settings             --> github.com/mark3748/helpdesk-go/cmd/api/handlers.GetSettings (7 handlers)
[GIN-debug] GET    /api/features             --> github.com/mark3748/helpdesk-go/cmd/api.(*App).mountAPI.Features.func22 (6 handlers)
[GIN-debug] POST   /api/test-connection      --> github.com/mark3748/helpdesk-go/cmd/api/handlers.TestConnection (7 handlers)
[GIN-debug] POST   /api/settings/storage     --> github.com/mark3748/helpdesk-go/cmd/api/handlers.SaveStorageSettings (7 handlers)
[GIN-debug] POST   /api/settings/oidc        --> github.com/mark3748/helpdesk-go/cmd/api/handlers.SaveOIDCSettings (7 handlers)
[GIN-debug] POST   /api/settings/mail        --> github.com/mark3748/helpdesk-go/cmd/api/handlers.SaveMailSettings (7 handlers)
[GIN-debug] POST   /api/settings/mail/send-test --> github.com/mark3748/helpdesk-go/cmd/api/handlers.SendTestMail (7 handlers)
[GIN-debug] GET    /api/users/:id/roles      --> github.com/mark3748/helpdesk-go/cmd/api.(*App).mountAPI.ListUserRoles.func29 (7 handlers)
[GIN-debug] POST   /api/users/:id/roles      --> github.com/mark3748/helpdesk-go/cmd/api.(*App).mountAPI.AddUserRole.func31 (7 handlers)
[GIN-debug] DELETE /api/users/:id/roles/:role --> github.com/mark3748/helpdesk-go/cmd/api.(*App).mountAPI.RemoveUserRole.func33 (7 handlers)
[GIN-debug] GET    /api/users                --> github.com/mark3748/helpdesk-go/cmd/api.(*App).mountAPI.List.func35 (7 handlers)
[GIN-debug] GET    /api/users/:id            --> github.com/mark3748/helpdesk-go/cmd/api.(*App).mountAPI.Get.func37 (7 handlers)
[GIN-debug] POST   /api/users                --> github.com/mark3748/helpdesk-go/cmd/api.(*App).mountAPI.CreateLocal.func39 (7 handlers)
[GIN-debug] GET    /api/roles                --> github.com/mark3748/helpdesk-go/cmd/api.(*App).mountAPI.List.func41 (7 handlers)
[GIN-debug] GET    /api/requesters           --> github.com/mark3748/helpdesk-go/cmd/api.(*App).mountAPI.Search.func42 (6 handlers)
[GIN-debug] GET    /api/requesters/:id       --> github.com/mark3748/helpdesk-go/cmd/api.(*App).getRequester-fm (6 handlers)
[GIN-debug] POST   /api/requesters           --> github.com/mark3748/helpdesk-go/cmd/api.(*App).createRequester-fm (7 handlers)
[GIN-debug] PATCH  /api/requesters/:id       --> github.com/mark3748/helpdesk-go/cmd/api.(*App).updateRequester-fm (7 handlers)
[GIN-debug] GET    /api/teams                --> github.com/mark3748/helpdesk-go/cmd/api.(*App).mountAPI.List.func45 (6 handlers)
[GIN-debug] GET    /api/slas                 --> github.com/mark3748/helpdesk-go/cmd/api.(*App).mountAPI.List.func46 (6 handlers)
[GIN-debug] GET    /api/kb                   --> github.com/mark3748/helpdesk-go/cmd/api.(*App).mountAPI.Search.func47 (6 handlers)
[GIN-debug] GET    /api/kb/:slug             --> github.com/mark3748/helpdesk-go/cmd/api.(*App).mountAPI.Get.func48 (6 handlers)
[GIN-debug] POST   /api/kb                   --> github.com/mark3748/helpdesk-go/cmd/api.(*App).mountAPI.Create.func50 (7 handlers)
[GIN-debug] PUT    /api/kb/:slug             --> github.com/mark3748/helpdesk-go/cmd/api.(*App).mountAPI.Update.func52 (7 handlers)
[GIN-debug] DELETE /api/kb/:slug             --> github.com/mark3748/helpdesk-go/cmd/api.(*App).mountAPI.Delete.func54 (7 handlers)
[GIN-debug] GET    /api/tickets              --> github.com/mark3748/helpdesk-go/cmd/api.(*App).mountAPI.List.func55 (6 handlers)
[GIN-debug] POST   /api/tickets              --> github.com/mark3748/helpdesk-go/cmd/api.(*App).mountAPI.Create.func59 (6 handlers)
[GIN-debug] GET    /api/tickets/:id          --> github.com/mark3748/helpdesk-go/cmd/api.(*App).mountAPI.Get.func60 (6 handlers)
[GIN-debug] PATCH  /api/tickets/:id          --> github.com/mark3748/helpdesk-go/cmd/api.(*App).mountAPI.Update.func62 (7 handlers)
[GIN-debug] GET    /api/tickets/:id/comments --> github.com/mark3748/helpdesk-go/cmd/api.(*App).mountAPI.List.func63 (6 handlers)
[GIN-debug] POST   /api/tickets/:id/comments --> github.com/mark3748/helpdesk-go/cmd/api.(*App).mountAPI.Add.func64 (6 handlers)
[GIN-debug] GET    /api/tickets/:id/attachments --> github.com/mark3748/helpdesk-go/cmd/api.(*App).mountAPI.List.func65 (6 handlers)
[GIN-debug] POST   /api/tickets/:id/attachments/presign --> github.com/mark3748/helpdesk-go/cmd/api.(*App).mountAPI.Presign.func75 (6 handlers)
[GIN-debug] POST   /api/tickets/:id/attachments --> github.com/mark3748/helpdesk-go/cmd/api.(*App).mountAPI.Finalize.func76 (6 handlers)
[GIN-debug] GET    /api/tickets/:id/attachments/:attID --> github.com/mark3748/helpdesk-go/cmd/api.(*App).mountAPI.Get.func77 (6 handlers)
[GIN-debug] PUT    /api/attachments/upload/:objectKey --> github.com/mark3748/helpdesk-go/cmd/api.(*App).mountAPI.UploadObject.func78 (6 handlers)
[GIN-debug] DELETE /api/tickets/:id/attachments/:attID --> github.com/mark3748/helpdesk-go/cmd/api.(*App).mountAPI.Delete.func79 (6 handlers)
[GIN-debug] GET    /api/tickets/:id/watchers --> github.com/mark3748/helpdesk-go/cmd/api.(*App).mountAPI.List.func80 (6 handlers)
[GIN-debug] POST   /api/tickets/:id/watchers --> github.com/mark3748/helpdesk-go/cmd/api.(*App).mountAPI.Add.func81 (6 handlers)
[GIN-debug] DELETE /api/tickets/:id/watchers/:uid --> github.com/mark3748/helpdesk-go/cmd/api.(*App).mountAPI.Remove.func82 (6 handlers)
[GIN-debug] GET    /api/emails/outbound      --> github.com/mark3748/helpdesk-go/cmd/api.(*App).mountAPI.ListOutbound.func84 (7 handlers)
[GIN-debug] GET    /api/metrics/sla          --> github.com/mark3748/helpdesk-go/cmd/api.(*App).mountAPI.SLA.func86 (7 handlers)
[GIN-debug] GET    /api/metrics/resolution   --> github.com/mark3748/helpdesk-go/cmd/api.(*App).mountAPI.Resolution.func88 (7 handlers)
[GIN-debug] GET    /api/metrics/tickets      --> github.com/mark3748/helpdesk-go/cmd/api.(*App).mountAPI.TicketVolume.func90 (7 handlers)
[GIN-debug] GET    /api/metrics/dashboard    --> github.com/mark3748/helpdesk-go/cmd/api.(*App).mountAPI.Dashboard.func92 (7 handlers)
[GIN-debug] GET    /api/metrics/agent        --> github.com/mark3748/helpdesk-go/cmd/api.(*App).mountAPI.Agent.func94 (7 handlers)
[GIN-debug] GET    /api/metrics/manager      --> github.com/mark3748/helpdesk-go/cmd/api.(*App).mountAPI.Manager.func96 (7 handlers)
[GIN-debug] POST   /api/exports/tickets      --> github.com/mark3748/helpdesk-go/cmd/api.(*App).exportTicketsBridge-fm (7 handlers)
[GIN-debug] GET    /api/exports/tickets/:job_id --> github.com/mark3748/helpdesk-go/cmd/api.(*App).exportTicketsStatus-fm (7 handlers)
[GIN-debug] GET    /api/webhooks             --> github.com/mark3748/helpdesk-go/cmd/api.(*App).mountAPI.List.func100 (7 handlers)
[GIN-debug] POST   /api/webhooks             --> github.com/mark3748/helpdesk-go/cmd/api.(*App).mountAPI.Create.func102 (7 handlers)
[GIN-debug] DELETE /api/webhooks/:id         --> github.com/mark3748/helpdesk-go/cmd/api.(*App).mountAPI.Delete.func104 (7 handlers)
[GIN-debug] GET    /api/asset-categories     --> github.com/mark3748/helpdesk-go/cmd/api.(*App).mountAPI.ListCategories.func105 (6 handlers)
[GIN-debug] POST   /api/asset-categories     --> github.com/mark3748/helpdesk-go/cmd/api.(*App).mountAPI.CreateCategory.func107 (7 handlers)
[GIN-debug] GET    /api/asset-categories/:id --> github.com/mark3748/helpdesk-go/cmd/api.(*App).mountAPI.GetCategory.func108 (6 handlers)
[GIN-debug] GET    /api/assets               --> github.com/mark3748/helpdesk-go/cmd/api.(*App).mountAPI.ListAssets.func109 (6 handlers)
[GIN-debug] POST   /api/assets               --> github.com/mark3748/helpdesk-go/cmd/api.(*App).mountAPI.CreateAsset.func111 (7 handlers)
[GIN-debug] GET    /api/assets/:id           --> github.com/mark3748/helpdesk-go/cmd/api.(*App).mountAPI.GetAsset.func112 (6 handlers)
[GIN-debug] PATCH  /api/assets/:id           --> github.com/mark3748/helpdesk-go/cmd/api.(*App).mountAPI.UpdateAsset.func114 (7 handlers)
[GIN-debug] DELETE /api/assets/:id           --> github.com/mark3748/helpdesk-go/cmd/api.(*App).mountAPI.DeleteAsset.func116 (7 handlers)
[GIN-debug] POST   /api/assets/:id/assign    --> github.com/mark3748/helpdesk-go/cmd/api.(*App).mountAPI.AssignAsset.func118 (7 handlers)
[GIN-debug] GET    /api/assets/:id/history   --> github.com/mark3748/helpdesk-go/cmd/api.(*App).mountAPI.GetAssetHistory.func119 (6 handlers)
[GIN-debug] GET    /api/assets/:id/assignments --> github.com/mark3748/helpdesk-go/cmd/api.(*App).mountAPI.GetAssetAssignments.func120 (6 handlers)
[GIN-debug] GET    /api/assets/:id/attachments --> github.com/mark3748/helpdesk-go/cmd/api.(*App).mountAPI.ListAttachments.func121 (6 handlers)
[GIN-debug] POST   /api/assets/:id/attachments/presign --> github.com/mark3748/helpdesk-go/cmd/api.(*App).mountAPI.PresignAssetUpload.func123 (7 handlers)
[GIN-debug] POST   /api/assets/:id/attachments --> github.com/mark3748/helpdesk-go/cmd/api.(*App).mountAPI.FinalizeAssetAttachment.func125 (7 handlers)
[GIN-debug] GET    /api/assets/:id/attachments/:attachmentID --> github.com/mark3748/helpdesk-go/cmd/api.(*App).mountAPI.GetAssetAttachment.func126 (6 handlers)
[GIN-debug] DELETE /api/assets/:id/attachments/:attachmentID --> github.com/mark3748/helpdesk-go/cmd/api.(*App).mountAPI.DeleteAssetAttachment.func128 (7 handlers)
[GIN-debug] PUT    /api/assets/attachments/upload/:objectKey --> github.com/mark3748/helpdesk-go/cmd/api.(*App).mountAPI.UploadAssetObject.func129 (6 handlers)
[GIN-debug] POST   /api/assets/:id/status-change --> github.com/mark3748/helpdesk-go/cmd/api.(*App).mountAPI.RequestStatusChange.func131 (7 handlers)
[GIN-debug] POST   /api/workflows/:id/approve --> github.com/mark3748/helpdesk-go/cmd/api.(*App).mountAPI.ApproveWorkflow.func133 (7 handlers)
[GIN-debug] POST   /api/workflows/:id/reject --> github.com/mark3748/helpdesk-go/cmd/api.(*App).mountAPI.RejectWorkflow.func135 (7 handlers)
[GIN-debug] POST   /api/assets/:id/checkout  --> github.com/mark3748/helpdesk-go/cmd/api.(*App).mountAPI.CheckoutAsset.func137 (7 handlers)
[GIN-debug] POST   /api/assets/checkin       --> github.com/mark3748/helpdesk-go/cmd/api.(*App).mountAPI.CheckinAsset.func139 (7 handlers)
[GIN-debug] GET    /api/assets/checkouts/active --> github.com/mark3748/helpdesk-go/cmd/api.(*App).mountAPI.GetActiveCheckouts.func140 (6 handlers)
[GIN-debug] GET    /api/assets/checkouts/overdue --> github.com/mark3748/helpdesk-go/cmd/api.(*App).mountAPI.GetOverdueCheckouts.func141 (6 handlers)
[GIN-debug] POST   /api/assets/:id/relationships --> github.com/mark3748/helpdesk-go/cmd/api.(*App).mountAPI.CreateRelationship.func143 (7 handlers)
[GIN-debug] GET    /api/assets/:id/relationships/graph --> github.com/mark3748/helpdesk-go/cmd/api.(*App).mountAPI.GetRelationshipGraph.func144 (6 handlers)
[GIN-debug] GET    /api/assets/:id/impact-analysis --> github.com/mark3748/helpdesk-go/cmd/api.(*App).mountAPI.GetAssetImpactAnalysis.func145 (6 handlers)
[GIN-debug] POST   /api/assets/bulk/update   --> github.com/mark3748/helpdesk-go/cmd/api.(*App).mountAPI.BulkUpdateAssets.func147 (7 handlers)
[GIN-debug] POST   /api/assets/bulk/assign   --> github.com/mark3748/helpdesk-go/cmd/api.(*App).mountAPI.BulkAssignAssets.func149 (7 handlers)
[GIN-debug] GET    /api/assets/bulk/operations/:id --> github.com/mark3748/helpdesk-go/cmd/api.(*App).mountAPI.GetBulkOperation.func150 (6 handlers)
[GIN-debug] POST   /api/assets/import/preview --> github.com/mark3748/helpdesk-go/cmd/api.(*App).mountAPI.ImportAssetsPreview.func152 (7 handlers)
[GIN-debug] POST   /api/assets/import        --> github.com/mark3748/helpdesk-go/cmd/api.(*App).mountAPI.ImportAssets.func154 (7 handlers)
[GIN-debug] POST   /api/assets/export        --> github.com/mark3748/helpdesk-go/cmd/api.(*App).mountAPI.ExportAssets.func156 (7 handlers)
[GIN-debug] GET    /api/assets/:id/audit     --> github.com/mark3748/helpdesk-go/cmd/api.(*App).mountAPI.GetAuditHistory.func157 (6 handlers)
[GIN-debug] GET    /api/assets/audit/summary --> github.com/mark3748/helpdesk-go/cmd/api.(*App).mountAPI.GetAuditSummary.func159 (7 handlers)
[GIN-debug] GET    /api/assets/analytics     --> github.com/mark3748/helpdesk-go/cmd/api.(*App).mountAPI.GetAssetAnalytics.func161 (7 handlers)
[GIN-debug] GET    /api/problems             --> github.com/mark3748/helpdesk-go/cmd/api.(*App).mountAPI.List.func162 (6 handlers)
[GIN-debug] POST   /api/problems             --> github.com/mark3748/helpdesk-go/cmd/api.(*App).mountAPI.Create.func163 (6 handlers)
[GIN-debug] GET    /api/problems/:id         --> github.com/mark3748/helpdesk-go/cmd/api.(*App).mountAPI.Get.func164 (6 handlers)
[GIN-debug] PUT    /api/problems/:id         --> github.com/mark3748/helpdesk-go/cmd/api.(*App).mountAPI.Update.func165 (6 handlers)
[GIN-debug] DELETE /api/problems/:id         --> github.com/mark3748/helpdesk-go/cmd/api.(*App).mountAPI.Delete.func166 (6 handlers)
[GIN-debug] GET    /api/changes              --> github.com/mark3748/helpdesk-go/cmd/api.(*App).mountAPI.List.func167 (6 handlers)
[GIN-debug] POST   /api/changes              --> github.com/mark3748/helpdesk-go/cmd/api.(*App).mountAPI.Create.func168 (6 handlers)
[GIN-debug] GET    /api/changes/:id          --> github.com/mark3748/helpdesk-go/cmd/api.(*App).mountAPI.Get.func169 (6 handlers)
[GIN-debug] PUT    /api/changes/:id          --> github.com/mark3748/helpdesk-go/cmd/api.(*App).mountAPI.Update.func170 (6 handlers)
[GIN-debug] DELETE /api/changes/:id          --> github.com/mark3748/helpdesk-go/cmd/api.(*App).mountAPI.Delete.func171 (6 handlers)
[GIN-debug] GET    /api/releases             --> github.com/mark3748/helpdesk-go/cmd/api.(*App).mountAPI.List.func172 (6 handlers)
[GIN-debug] POST   /api/releases             --> github.com/mark3748/helpdesk-go/cmd/api.(*App).mountAPI.Create.func173 (6 handlers)
[GIN-debug] GET    /api/releases/:id         --> github.com/mark3748/helpdesk-go/cmd/api.(*App).mountAPI.Get.func174 (6 handlers)
[GIN-debug] PUT    /api/releases/:id         --> github.com/mark3748/helpdesk-go/cmd/api.(*App).mountAPI.Update.func175 (6 handlers)
[GIN-debug] DELETE /api/releases/:id         --> github.com/mark3748/helpdesk-go/cmd/api.(*App).mountAPI.Delete.func176 (6 handlers)
{"level":"info","request_id":"38c16304-4e80-4af7-9523-087d1e6287ee","method":"POST","path":"/tickets","status":400,"duration":0.047526,"time":"2025-12-20T00:53:51-07:00","message":"request"}
{"level":"info","request_id":"b86eb5d9-602c-4c1e-b033-b5d6e9c45c77","method":"POST","path":"/tickets","status":400,"duration":0.028904,"time":"2025-12-20T00:53:51-07:00","message":"request"}
[GIN-debug] [WARNING] Running in "debug" mode. Switch to "release" mode in production.
 - using env:	export GIN_MODE=release
 - using code:	gin.SetMode(gin.ReleaseMode)

[GIN-debug] GET    /livez                    --> github.com/mark3748/helpdesk-go/cmd/api.(*App).mountAPI.func1 (5 handlers)
[GIN-debug] GET    /readyz                   --> github.com/mark3748/helpdesk-go/cmd/api.(*App).readyz-fm (5 handlers)
[GIN-debug] GET    /healthz                  --> github.com/mark3748/helpdesk-go/cmd/api.(*App).mountAPI.func2 (5 handlers)
[GIN-debug] GET    /csat/:token              --> github.com/mark3748/helpdesk-go/cmd/api.(*App).csatForm-fm (5 handlers)
[GIN-debug] POST   /csat/:token              --> github.com/mark3748/helpdesk-go/cmd/api.(*App).submitCSAT-fm (5 handlers)
[GIN-debug] GET    /metrics                  --> github.com/mark3748/helpdesk-go/cmd/api.(*App).mountAPI.WrapH.func9 (5 handlers)
[GIN-debug] GET    /swagger/*filepath        --> github.com/gin-gonic/gin.(*RouterGroup).createStaticHandler.func1 (5 handlers)
[GIN-debug] HEAD   /swagger/*filepath        --> github.com/gin-gonic/gin.(*RouterGroup).createStaticHandler.func1 (5 handlers)
[GIN-debug] GET    /docs                     --> github.com/mark3748/helpdesk-go/cmd/api.(*App).docsUI-fm (5 handlers)
[GIN-debug] GET    /openapi.yaml             --> github.com/mark3748/helpdesk-go/cmd/api.(*App).openapiSpec-fm (5 handlers)
[GIN-debug] POST   /webhooks/email-inbound   --> github.com/mark3748/helpdesk-go/cmd/api.(*App).mountAPI.EmailInbound.func18 (5 handlers)
[GIN-debug] GET    /me                       --> github.com/mark3748/helpdesk-go/cmd/api/auth.Me (6 handlers)
[GIN-debug] GET    /me/profile               --> github.com/mark3748/helpdesk-go/cmd/api.(*App).getMyProfile-fm (6 handlers)
[GIN-debug] PATCH  /me/profile               --> github.com/mark3748/helpdesk-go/cmd/api.(*App).updateMyProfile-fm (6 handlers)
[GIN-debug] POST   /me/password              --> github.com/mark3748/helpdesk-go/cmd/api.(*App).changeMyPassword-fm (6 handlers)
[GIN-debug] GET    /events                   --> github.com/mark3748/helpdesk-go/cmd/api.(*App).mountAPI.Events.func20 (6 handlers)
[GIN-debug] GET    /settings                 --> github.com/mark3748/helpdesk-go/cmd/api/handlers.GetSettings (7 handlers)
[GIN-debug] GET    /features                 --> github.com/mark3748/helpdesk-go/cmd/api.(*App).mountAPI.Features.func22 (6 handlers)
[GIN-debug] POST   /test-connection          --> github.com/mark3748/helpdesk-go/cmd/api/handlers.TestConnection (7 handlers)
[GIN-debug] POST   /settings/storage         --> github.com/mark3748/helpdesk-go/cmd/api/handlers.SaveStorageSettings (7 handlers)
[GIN-debug] POST   /settings/oidc            --> github.com/mark3748/helpdesk-go/cmd/api/handlers.SaveOIDCSettings (7 handlers)
[GIN-debug] POST   /settings/mail            --> github.com/mark3748/helpdesk-go/cmd/api/handlers.SaveMailSettings (7 handlers)
[GIN-debug] POST   /settings/mail/send-test  --> github.com/mark3748/helpdesk-go/cmd/api/handlers.SendTestMail (7 handlers)
[GIN-debug] GET    /users/:id/roles          --> github.com/mark3748/helpdesk-go/cmd/api.(*App).mountAPI.ListUserRoles.func29 (7 handlers)
[GIN-debug] POST   /users/:id/roles          --> github.com/mark3748/helpdesk-go/cmd/api.(*App).mountAPI.AddUserRole.func31 (7 handlers)
[GIN-debug] DELETE /users/:id/roles/:role    --> github.com/mark3748/helpdesk-go/cmd/api.(*App).mountAPI.RemoveUserRole.func33 (7 handlers)
[GIN-debug] GET    /users                    --> github.com/mark3748/helpdesk-go/cmd/api.(*App).mountAPI.List.func35 (7 handlers)
[GIN-debug] GET    /users/:id                --> github.com/mark3748/helpdesk-go/cmd/api.(*App).mountAPI.Get.func37 (7 handlers)
[GIN-debug] POST   /users                    --> github.com/mark3748/helpdesk-go/cmd/api.(*App).mountAPI.CreateLocal.func39 (7 handlers)
[GIN-debug] GET    /roles                    --> github.com/mark3748/helpdesk-go/cmd/api.(*App).mountAPI.List.func41 (7 handlers)
[GIN-debug] GET    /requesters               --> github.com/mark3748/helpdesk-go/cmd/api.(*App).mountAPI.Search.func42 (6 handlers)
[GIN-debug] GET    /requesters/:id           --> github.com/mark3748/helpdesk-go/cmd/api.(*App).getRequester-fm (6 handlers)
[GIN-debug] POST   /requesters               --> github.com/mark3748/helpdesk-go/cmd/api.(*App).createRequester-fm (7 handlers)
[GIN-debug] PATCH  /requesters/:id           --> github.com/mark3748/helpdesk-go/cmd/api.(*App).updateRequester-fm (7 handlers)
[GIN-debug] GET    /teams                    --> github.com/mark3748/helpdesk-go/cmd/api.(*App).mountAPI.List.func45 (6 handlers)
[GIN-debug] GET    /slas                     --> github.com/mark3748/helpdesk-go/cmd/api.(*App).mountAPI.List.func46 (6 handlers)
[GIN-debug] GET    /kb                       --> github.com/mark3748/helpdesk-go/cmd/api.(*App).mountAPI.Search.func47 (6 handlers)
[GIN-debug] GET    /kb/:slug                 --> github.com/mark3748/helpdesk-go/cmd/api.(*App).mountAPI.Get.func48 (6 handlers)
[GIN-debug] POST   /kb                       --> github.com/mark3748/helpdesk-go/cmd/api.(*App).mountAPI.Create.func50 (7 handlers)
[GIN-debug] PUT    /kb/:slug                 --> github.com/mark3748/helpdesk-go/cmd/api.(*App).mountAPI.Update.func52 (7 handlers)
[GIN-debug] DELETE /kb/:slug                 --> github.com/mark3748/helpdesk-go/cmd/api.(*App).mountAPI.Delete.func54 (7 handlers)
[GIN-debug] GET    /tickets                  --> github.com/mark3748/helpdesk-go/cmd/api.(*App).mountAPI.List.func55 (6 handlers)
[GIN-debug] POST   /tickets                  --> github.com/mark3748/helpdesk-go/cmd/api.(*App).mountAPI.Create.func59 (6 handlers)
[GIN-debug] GET    /tickets/:id              --> github.com/mark3748/helpdesk-go/cmd/api.(*App).mountAPI.Get.func60 (6 handlers)
[GIN-debug] PATCH  /tickets/:id              --> github.com/mark3748/helpdesk-go/cmd/api.(*App).mountAPI.Update.func62 (7 handlers)
[GIN-debug] GET    /tickets/:id/comments     --> github.com/mark3748/helpdesk-go/cmd/api.(*App).mountAPI.List.func63 (6 handlers)
[GIN-debug] POST   /tickets/:id/comments     --> github.com/mark3748/helpdesk-go/cmd/api.(*App).mountAPI.Add.func64 (6 handlers)
[GIN-debug] GET    /tickets/:id/attachments  --> github.com/mark3748/helpdesk-go/cmd/api.(*App).mountAPI.List.func65 (6 handlers)
[GIN-debug] POST   /tickets/:id/attachments/presign --> github.com/mark3748/helpdesk-go/cmd/api.(*App).mountAPI.Presign.func75 (6 handlers)
[GIN-debug] POST   /tickets/:id/attachments  --> github.com/mark3748/helpdesk-go/cmd/api.(*App).mountAPI.Finalize.func76 (6 handlers)
[GIN-debug] GET    /tickets/:id/attachments/:attID --> github.com/mark3748/helpdesk-go/cmd/api.(*App).mountAPI.Get.func77 (6 handlers)
[GIN-debug] PUT    /attachments/upload/:objectKey --> github.com/mark3748/helpdesk-go/cmd/api.(*App).mountAPI.UploadObject.func78 (6 handlers)
[GIN-debug] DELETE /tickets/:id/attachments/:attID --> github.com/mark3748/helpdesk-go/cmd/api.(*App).mountAPI.Delete.func79 (6 handlers)
[GIN-debug] GET    /tickets/:id/watchers     --> github.com/mark3748/helpdesk-go/cmd/api.(*App).mountAPI.List.func80 (6 handlers)
[GIN-debug] POST   /tickets/:id/watchers     --> github.com/mark3748/helpdesk-go/cmd/api.(*App).mountAPI.Add.func81 (6 handlers)
[GIN-debug] DELETE /tickets/:id/watchers/:uid --> github.com/mark3748/helpdesk-go/cmd/api.(*App).mountAPI.Remove.func82 (6 handlers)
[GIN-debug] GET    /emails/outbound          --> github.com/mark3748/helpdesk-go/cmd/api.(*App).mountAPI.ListOutbound.func84 (7 handlers)
[GIN-debug] GET    /metrics/sla              --> github.com/mark3748/helpdesk-go/cmd/api.(*App).mountAPI.SLA.func86 (7 handlers)
[GIN-debug] GET    /metrics/resolution       --> github.com/mark3748/helpdesk-go/cmd/api.(*App).mountAPI.Resolution.func88 (7 handlers)
[GIN-debug] GET    /metrics/tickets          --> github.com/mark3748/helpdesk-go/cmd/api.(*App).mountAPI.TicketVolume.func90 (7 handlers)
[GIN-debug] GET    /metrics/dashboard        --> github.com/mark3748/helpdesk-go/cmd/api.(*App).mountAPI.Dashboard.func92 (7 handlers)
[GIN-debug] GET    /metrics/agent            --> github.com/mark3748/helpdesk-go/cmd/api.(*App).mountAPI.Agent.func94 (7 handlers)
[GIN-debug] GET    /metrics/manager          --> github.com/mark3748/helpdesk-go/cmd/api.(*App).mountAPI.Manager.func96 (7 handlers)
[GIN-debug] POST   /exports/tickets          --> github.com/mark3748/helpdesk-go/cmd/api.(*App).exportTicketsBridge-fm (7 handlers)
[GIN-debug] GET    /exports/tickets/:job_id  --> github.com/mark3748/helpdesk-go/cmd/api.(*App).exportTicketsStatus-fm (7 handlers)
[GIN-debug] GET    /webhooks                 --> github.com/mark3748/helpdesk-go/cmd/api.(*App).mountAPI.List.func100 (7 handlers)
[GIN-debug] POST   /webhooks                 --> github.com/mark3748/helpdesk-go/cmd/api.(*App).mountAPI.Create.func102 (7 handlers)
[GIN-debug] DELETE /webhooks/:id             --> github.com/mark3748/helpdesk-go/cmd/api.(*App).mountAPI.Delete.func104 (7 handlers)
[GIN-debug] GET    /asset-categories         --> github.com/mark3748/helpdesk-go/cmd/api.(*App).mountAPI.ListCategories.func105 (6 handlers)
[GIN-debug] POST   /asset-categories         --> github.com/mark3748/helpdesk-go/cmd/api.(*App).mountAPI.CreateCategory.func107 (7 handlers)
[GIN-debug] GET    /asset-categories/:id     --> github.com/mark3748/helpdesk-go/cmd/api.(*App).mountAPI.GetCategory.func108 (6 handlers)
[GIN-debug] GET    /assets                   --> github.com/mark3748/helpdesk-go/cmd/api.(*App).mountAPI.ListAssets.func109 (6 handlers)
[GIN-debug] POST   /assets                   --> github.com/mark3748/helpdesk-go/cmd/api.(*App).mountAPI.CreateAsset.func111 (7 handlers)
[GIN-debug] GET    /assets/:id               --> github.com/mark3748/helpdesk-go/cmd/api.(*App).mountAPI.GetAsset.func112 (6 handlers)
[GIN-debug] PATCH  /assets/:id               --> github.com/mark3748/helpdesk-go/cmd/api.(*App).mountAPI.UpdateAsset.func114 (7 handlers)
[GIN-debug] DELETE /assets/:id               --> github.com/mark3748/helpdesk-go/cmd/api.(*App).mountAPI.DeleteAsset.func116 (7 handlers)
[GIN-debug] POST   /assets/:id/assign        --> github.com/mark3748/helpdesk-go/cmd/api.(*App).mountAPI.AssignAsset.func118 (7 handlers)
[GIN-debug] GET    /assets/:id/history       --> github.com/mark3748/helpdesk-go/cmd/api.(*App).mountAPI.GetAssetHistory.func119 (6 handlers)
[GIN-debug] GET    /assets/:id/assignments   --> github.com/mark3748/helpdesk-go/cmd/api.(*App).mountAPI.GetAssetAssignments.func120 (6 handlers)
[GIN-debug] GET    /assets/:id/attachments   --> github.com/mark3748/helpdesk-go/cmd/api.(*App).mountAPI.ListAttachments.func121 (6 handlers)
[GIN-debug] POST   /assets/:id/attachments/presign --> github.com/mark3748/helpdesk-go/cmd/api.(*App).mountAPI.PresignAssetUpload.func123 (7 handlers)
[GIN-debug] POST   /assets/:id/attachments   --> github.com/mark3748/helpdesk-go/cmd/api.(*App).mountAPI.FinalizeAssetAttachment.func125 (7 handlers)
[GIN-debug] GET    /assets/:id/attachments/:attachmentID --> github.com/mark3748/helpdesk-go/cmd/api.(*App).mountAPI.GetAssetAttachment.func126 (6 handlers)
[GIN-debug] DELETE /assets/:id/attachments/:attachmentID --> github.com/mark3748/helpdesk-go/cmd/api.(*App).mountAPI.DeleteAssetAttachment.func128 (7 handlers)
[GIN-debug] PUT    /assets/attachments/upload/:objectKey --> github.com/mark3748/helpdesk-go/cmd/api.(*App).mountAPI.UploadAssetObject.func129 (6 handlers)
[GIN-debug] POST   /assets/:id/status-change --> github.com/mark3748/helpdesk-go/cmd/api.(*App).mountAPI.RequestStatusChange.func131 (7 handlers)
[GIN-debug] POST   /workflows/:id/approve    --> github.com/mark3748/helpdesk-go/cmd/api.(*App).mountAPI.ApproveWorkflow.func133 (7 handlers)
[GIN-debug] POST   /workflows/:id/reject     --> github.com/mark3748/helpdesk-go/cmd/api.(*App).mountAPI.RejectWorkflow.func135 (7 handlers)
[GIN-debug] POST   /assets/:id/checkout      --> github.com/mark3748/helpdesk-go/cmd/api.(*App).mountAPI.CheckoutAsset.func137 (7 handlers)
[GIN-debug] POST   /assets/checkin           --> github.com/mark3748/helpdesk-go/cmd/api.(*App).mountAPI.CheckinAsset.func139 (7 handlers)
[GIN-debug] GET    /assets/checkouts/active  --> github.com/mark3748/helpdesk-go/cmd/api.(*App).mountAPI.GetActiveCheckouts.func140 (6 handlers)
[GIN-debug] GET    /assets/checkouts/overdue --> github.com/mark3748/helpdesk-go/cmd/api.(*App).mountAPI.GetOverdueCheckouts.func141 (6 handlers)
[GIN-debug] POST   /assets/:id/relationships --> github.com/mark3748/helpdesk-go/cmd/api.(*App).mountAPI.CreateRelationship.func143 (7 handlers)
[GIN-debug] GET    /assets/:id/relationships/graph --> github.com/mark3748/helpdesk-go/cmd/api.(*App).mountAPI.GetRelationshipGraph.func144 (6 handlers)
[GIN-debug] GET    /assets/:id/impact-analysis --> github.com/mark3748/helpdesk-go/cmd/api.(*App).mountAPI.GetAssetImpactAnalysis.func145 (6 handlers)
[GIN-debug] POST   /assets/bulk/update       --> github.com/mark3748/helpdesk-go/cmd/api.(*App).mountAPI.BulkUpdateAssets.func147 (7 handlers)
[GIN-debug] POST   /assets/bulk/assign       --> github.com/mark3748/helpdesk-go/cmd/api.(*App).mountAPI.BulkAssignAssets.func149 (7 handlers)
[GIN-debug] GET    /assets/bulk/operations/:id --> github.com/mark3748/helpdesk-go/cmd/api.(*App).mountAPI.GetBulkOperation.func150 (6 handlers)
[GIN-debug] POST   /assets/import/preview    --> github.com/mark3748/helpdesk-go/cmd/api.(*App).mountAPI.ImportAssetsPreview.func152 (7 handlers)
[GIN-debug] POST   /assets/import            --> github.com/mark3748/helpdesk-go/cmd/api.(*App).mountAPI.ImportAssets.func154 (7 handlers)
[GIN-debug] POST   /assets/export            --> github.com/mark3748/helpdesk-go/cmd/api.(*App).mountAPI.ExportAssets.func156 (7 handlers)
[GIN-debug] GET    /assets/:id/audit         --> github.com/mark3748/helpdesk-go/cmd/api.(*App).mountAPI.GetAuditHistory.func157 (6 handlers)
[GIN-debug] GET    /assets/audit/summary     --> github.com/mark3748/helpdesk-go/cmd/api.(*App).mountAPI.GetAuditSummary.func159 (7 handlers)
[GIN-debug] GET    /assets/analytics         --> github.com/mark3748/helpdesk-go/cmd/api.(*App).mountAPI.GetAssetAnalytics.func161 (7 handlers)
[GIN-debug] GET    /problems                 --> github.com/mark3748/helpdesk-go/cmd/api.(*App).mountAPI.List.func162 (6 handlers)
[GIN-debug] POST   /problems                 --> github.com/mark3748/helpdesk-go/cmd/api.(*App).mountAPI.Create.func163 (6 handlers)
[GIN-debug] GET    /problems/:id             --> github.com/mark3748/helpdesk-go/cmd/api.(*App).mountAPI.Get.func164 (6 handlers)
[GIN-debug] PUT    /problems/:id             --> github.com/mark3748/helpdesk-go/cmd/api.(*App).mountAPI.Update.func165 (6 handlers)
[GIN-debug] DELETE /problems/:id             --> github.com/mark3748/helpdesk-go/cmd/api.(*App).mountAPI.Delete.func166 (6 handlers)
[GIN-debug] GET    /changes                  --> github.com/mark3748/helpdesk-go/cmd/api.(*App).mountAPI.List.func167 (6 handlers)
[GIN-debug] POST   /changes                  --> github.com/mark3748/helpdesk-go/cmd/api.(*App).mountAPI.Create.func168 (6 handlers)
[GIN-debug] GET    /changes/:id              --> github.com/mark3748/helpdesk-go/cmd/api.(*App).mountAPI.Get.func169 (6 handlers)
[GIN-debug] PUT    /changes/:id              --> github.com/mark3748/helpdesk-go/cmd/api.(*App).mountAPI.Update.func170 (6 handlers)
[GIN-debug] DELETE /changes/:id              --> github.com/mark3748/helpdesk-go/cmd/api.(*App).mountAPI.Delete.func171 (6 handlers)
[GIN-debug] GET    /releases                 --> github.com/mark3748/helpdesk-go/cmd/api.(*App).mountAPI.List.func172 (6 handlers)
[GIN-debug] POST   /releases                 --> github.com/mark3748/helpdesk-go/cmd/api.(*App).mountAPI.Create.func173 (6 handlers)
[GIN-debug] GET    /releases/:id             --> github.com/mark3748/helpdesk-go/cmd/api.(*App).mountAPI.Get.func174 (6 handlers)
[GIN-debug] PUT    /releases/:id             --> github.com/mark3748/helpdesk-go/cmd/api.(*App).mountAPI.Update.func175 (6 handlers)
[GIN-debug] DELETE /releases/:id             --> github.com/mark3748/helpdesk-go/cmd/api.(*App).mountAPI.Delete.func176 (6 handlers)
[GIN-debug] GET    /api/livez                --> github.com/mark3748/helpdesk-go/cmd/api.(*App).mountAPI.func1 (5 handlers)
[GIN-debug] GET    /api/readyz               --> github.com/mark3748/helpdesk-go/cmd/api.(*App).readyz-fm (5 handlers)
[GIN-debug] GET    /api/healthz              --> github.com/mark3748/helpdesk-go/cmd/api.(*App).mountAPI.func2 (5 handlers)
[GIN-debug] GET    /api/csat/:token          --> github.com/mark3748/helpdesk-go/cmd/api.(*App).csatForm-fm (5 handlers)
[GIN-debug] POST   /api/csat/:token          --> github.com/mark3748/helpdesk-go/cmd/api.(*App).submitCSAT-fm (5 handlers)
[GIN-debug] GET    /api/metrics              --> github.com/mark3748/helpdesk-go/cmd/api.(*App).mountAPI.WrapH.func9 (5 handlers)
[GIN-debug] GET    /api/swagger/*filepath    --> github.com/gin-gonic/gin.(*RouterGroup).createStaticHandler.func1 (5 handlers)
[GIN-debug] HEAD   /api/swagger/*filepath    --> github.com/gin-gonic/gin.(*RouterGroup).createStaticHandler.func1 (5 handlers)
[GIN-debug] GET    /api/docs                 --> github.com/mark3748/helpdesk-go/cmd/api.(*App).docsUI-fm (5 handlers)
[GIN-debug] GET    /api/openapi.yaml         --> github.com/mark3748/helpdesk-go/cmd/api.(*App).openapiSpec-fm (5 handlers)
[GIN-debug] POST   /api/webhooks/email-inbound --> github.com/mark3748/helpdesk-go/cmd/api.(*App).mountAPI.EmailInbound.func18 (5 handlers)
[GIN-debug] GET    /api/me                   --> github.com/mark3748/helpdesk-go/cmd/api/auth.Me (6 handlers)
[GIN-debug] GET    /api/me/profile           --> github.com/mark3748/helpdesk-go/cmd/api.(*App).getMyProfile-fm (6 handlers)
[GIN-debug] PATCH  /api/me/profile           --> github.com/mark3748/helpdesk-go/cmd/api.(*App).updateMyProfile-fm (6 handlers)
[GIN-debug] POST   /api/me/password          --> github.com/mark3748/helpdesk-go/cmd/api.(*App).changeMyPassword-fm (6 handlers)
[GIN-debug] GET    /api/events               --> github.com/mark3748/helpdesk-go/cmd/api.(*App).mountAPI.Events.func20 (6 handlers)
[GIN-debug] GET    /api/settings             --> github.com/mark3748/helpdesk-go/cmd/api/handlers.GetSettings (7 handlers)
[GIN-debug] GET    /api/features             --> github.com/mark3748/helpdesk-go/cmd/api.(*App).mountAPI.Features.func22 (6 handlers)
[GIN-debug] POST   /api/test-connection      --> github.com/mark3748/helpdesk-go/cmd/api/handlers.TestConnection (7 handlers)
[GIN-debug] POST   /api/settings/storage     --> github.com/mark3748/helpdesk-go/cmd/api/handlers.SaveStorageSettings (7 handlers)
[GIN-debug] POST   /api/settings/oidc        --> github.com/mark3748/helpdesk-go/cmd/api/handlers.SaveOIDCSettings (7 handlers)
[GIN-debug] POST   /api/settings/mail        --> github.com/mark3748/helpdesk-go/cmd/api/handlers.SaveMailSettings (7 handlers)
[GIN-debug] POST   /api/settings/mail/send-test --> github.com/mark3748/helpdesk-go/cmd/api/handlers.SendTestMail (7 handlers)
[GIN-debug] GET    /api/users/:id/roles      --> github.com/mark3748/helpdesk-go/cmd/api.(*App).mountAPI.ListUserRoles.func29 (7 handlers)
[GIN-debug] POST   /api/users/:id/roles      --> github.com/mark3748/helpdesk-go/cmd/api.(*App).mountAPI.AddUserRole.func31 (7 handlers)
[GIN-debug] DELETE /api/users/:id/roles/:role --> github.com/mark3748/helpdesk-go/cmd/api.(*App).mountAPI.RemoveUserRole.func33 (7 handlers)
[GIN-debug] GET    /api/users                --> github.com/mark3748/helpdesk-go/cmd/api.(*App).mountAPI.List.func35 (7 handlers)
[GIN-debug] GET    /api/users/:id            --> github.com/mark3748/helpdesk-go/cmd/api.(*App).mountAPI.Get.func37 (7 handlers)
[GIN-debug] POST   /api/users                --> github.com/mark3748/helpdesk-go/cmd/api.(*App).mountAPI.CreateLocal.func39 (7 handlers)
[GIN-debug] GET    /api/roles                --> github.com/mark3748/helpdesk-go/cmd/api.(*App).mountAPI.List.func41 (7 handlers)
[GIN-debug] GET    /api/requesters           --> github.com/mark3748/helpdesk-go/cmd/api.(*App).mountAPI.Search.func42 (6 handlers)
[GIN-debug] GET    /api/requesters/:id       --> github.com/mark3748/helpdesk-go/cmd/api.(*App).getRequester-fm (6 handlers)
[GIN-debug] POST   /api/requesters           --> github.com/mark3748/helpdesk-go/cmd/api.(*App).createRequester-fm (7 handlers)
[GIN-debug] PATCH  /api/requesters/:id       --> github.com/mark3748/helpdesk-go/cmd/api.(*App).updateRequester-fm (7 handlers)
[GIN-debug] GET    /api/teams                --> github.com/mark3748/helpdesk-go/cmd/api.(*App).mountAPI.List.func45 (6 handlers)
[GIN-debug] GET    /api/slas                 --> github.com/mark3748/helpdesk-go/cmd/api.(*App).mountAPI.List.func46 (6 handlers)
[GIN-debug] GET    /api/kb                   --> github.com/mark3748/helpdesk-go/cmd/api.(*App).mountAPI.Search.func47 (6 handlers)
[GIN-debug] GET    /api/kb/:slug             --> github.com/mark3748/helpdesk-go/cmd/api.(*App).mountAPI.Get.func48 (6 handlers)
[GIN-debug] POST   /api/kb                   --> github.com/mark3748/helpdesk-go/cmd/api.(*App).mountAPI.Create.func50 (7 handlers)
[GIN-debug] PUT    /api/kb/:slug             --> github.com/mark3748/helpdesk-go/cmd/api.(*App).mountAPI.Update.func52 (7 handlers)
[GIN-debug] DELETE /api/kb/:slug             --> github.com/mark3748/helpdesk-go/cmd/api.(*App).mountAPI.Delete.func54 (7 handlers)
[GIN-debug] GET    /api/tickets              --> github.com/mark3748/helpdesk-go/cmd/api.(*App).mountAPI.List.func55 (6 handlers)
[GIN-debug] POST   /api/tickets              --> github.com/mark3748/helpdesk-go/cmd/api.(*App).mountAPI.Create.func59 (6 handlers)
[GIN-debug] GET    /api/tickets/:id          --> github.com/mark3748/helpdesk-go/cmd/api.(*App).mountAPI.Get.func60 (6 handlers)
[GIN-debug] PATCH  /api/tickets/:id          --> github.com/mark3748/helpdesk-go/cmd/api.(*App).mountAPI.Update.func62 (7 handlers)
[GIN-debug] GET    /api/tickets/:id/comments --> github.com/mark3748/helpdesk-go/cmd/api.(*App).mountAPI.List.func63 (6 handlers)
[GIN-debug] POST   /api/tickets/:id/comments --> github.com/mark3748/helpdesk-go/cmd/api.(*App).mountAPI.Add.func64 (6 handlers)
[GIN-debug] GET    /api/tickets/:id/attachments --> github.com/mark3748/helpdesk-go/cmd/api.(*App).mountAPI.List.func65 (6 handlers)
[GIN-debug] POST   /api/tickets/:id/attachments/presign --> github.com/mark3748/helpdesk-go/cmd/api.(*App).mountAPI.Presign.func75 (6 handlers)
[GIN-debug] POST   /api/tickets/:id/attachments --> github.com/mark3748/helpdesk-go/cmd/api.(*App).mountAPI.Finalize.func76 (6 handlers)
[GIN-debug] GET    /api/tickets/:id/attachments/:attID --> github.com/mark3748/helpdesk-go/cmd/api.(*App).mountAPI.Get.func77 (6 handlers)
[GIN-debug] PUT    /api/attachments/upload/:objectKey --> github.com/mark3748/helpdesk-go/cmd/api.(*App).mountAPI.UploadObject.func78 (6 handlers)
[GIN-debug] DELETE /api/tickets/:id/attachments/:attID --> github.com/mark3748/helpdesk-go/cmd/api.(*App).mountAPI.Delete.func79 (6 handlers)
[GIN-debug] GET    /api/tickets/:id/watchers --> github.com/mark3748/helpdesk-go/cmd/api.(*App).mountAPI.List.func80 (6 handlers)
[GIN-debug] POST   /api/tickets/:id/watchers --> github.com/mark3748/helpdesk-go/cmd/api.(*App).mountAPI.Add.func81 (6 handlers)
[GIN-debug] DELETE /api/tickets/:id/watchers/:uid --> github.com/mark3748/helpdesk-go/cmd/api.(*App).mountAPI.Remove.func82 (6 handlers)
[GIN-debug] GET    /api/emails/outbound      --> github.com/mark3748/helpdesk-go/cmd/api.(*App).mountAPI.ListOutbound.func84 (7 handlers)
[GIN-debug] GET    /api/metrics/sla          --> github.com/mark3748/helpdesk-go/cmd/api.(*App).mountAPI.SLA.func86 (7 handlers)
[GIN-debug] GET    /api/metrics/resolution   --> github.com/mark3748/helpdesk-go/cmd/api.(*App).mountAPI.Resolution.func88 (7 handlers)
[GIN-debug] GET    /api/metrics/tickets      --> github.com/mark3748/helpdesk-go/cmd/api.(*App).mountAPI.TicketVolume.func90 (7 handlers)
[GIN-debug] GET    /api/metrics/dashboard    --> github.com/mark3748/helpdesk-go/cmd/api.(*App).mountAPI.Dashboard.func92 (7 handlers)
[GIN-debug] GET    /api/metrics/agent        --> github.com/mark3748/helpdesk-go/cmd/api.(*App).mountAPI.Agent.func94 (7 handlers)
[GIN-debug] GET    /api/metrics/manager      --> github.com/mark3748/helpdesk-go/cmd/api.(*App).mountAPI.Manager.func96 (7 handlers)
[GIN-debug] POST   /api/exports/tickets      --> github.com/mark3748/helpdesk-go/cmd/api.(*App).exportTicketsBridge-fm (7 handlers)
[GIN-debug] GET    /api/exports/tickets/:job_id --> github.com/mark3748/helpdesk-go/cmd/api.(*App).exportTicketsStatus-fm (7 handlers)
[GIN-debug] GET    /api/webhooks             --> github.com/mark3748/helpdesk-go/cmd/api.(*App).mountAPI.List.func100 (7 handlers)
[GIN-debug] POST   /api/webhooks             --> github.com/mark3748/helpdesk-go/cmd/api.(*App).mountAPI.Create.func102 (7 handlers)
[GIN-debug] DELETE /api/webhooks/:id         --> github.com/mark3748/helpdesk-go/cmd/api.(*App).mountAPI.Delete.func104 (7 handlers)
[GIN-debug] GET    /api/asset-categories     --> github.com/mark3748/helpdesk-go/cmd/api.(*App).mountAPI.ListCategories.func105 (6 handlers)
[GIN-debug] POST   /api/asset-categories     --> github.com/mark3748/helpdesk-go/cmd/api.(*App).mountAPI.CreateCategory.func107 (7 handlers)
[GIN-debug] GET    /api/asset-categories/:id --> github.com/mark3748/helpdesk-go/cmd/api.(*App).mountAPI.GetCategory.func108 (6 handlers)
[GIN-debug] GET    /api/assets               --> github.com/mark3748/helpdesk-go/cmd/api.(*App).mountAPI.ListAssets.func109 (6 handlers)
[GIN-debug] POST   /api/assets               --> github.com/mark3748/helpdesk-go/cmd/api.(*App).mountAPI.CreateAsset.func111 (7 handlers)
[GIN-debug] GET    /api/assets/:id           --> github.com/mark3748/helpdesk-go/cmd/api.(*App).mountAPI.GetAsset.func112 (6 handlers)
[GIN-debug] PATCH  /api/assets/:id           --> github.com/mark3748/helpdesk-go/cmd/api.(*App).mountAPI.UpdateAsset.func114 (7 handlers)
[GIN-debug] DELETE /api/assets/:id           --> github.com/mark3748/helpdesk-go/cmd/api.(*App).mountAPI.DeleteAsset.func116 (7 handlers)
[GIN-debug] POST   /api/assets/:id/assign    --> github.com/mark3748/helpdesk-go/cmd/api.(*App).mountAPI.AssignAsset.func118 (7 handlers)
[GIN-debug] GET    /api/assets/:id/history   --> github.com/mark3748/helpdesk-go/cmd/api.(*App).mountAPI.GetAssetHistory.func119 (6 handlers)
[GIN-debug] GET    /api/assets/:id/assignments --> github.com/mark3748/helpdesk-go/cmd/api.(*App).mountAPI.GetAssetAssignments.func120 (6 handlers)
[GIN-debug] GET    /api/assets/:id/attachments --> github.com/mark3748/helpdesk-go/cmd/api.(*App).mountAPI.ListAttachments.func121 (6 handlers)
[GIN-debug] POST   /api/assets/:id/attachments/presign --> github.com/mark3748/helpdesk-go/cmd/api.(*App).mountAPI.PresignAssetUpload.func123 (7 handlers)
[GIN-debug] POST   /api/assets/:id/attachments --> github.com/mark3748/helpdesk-go/cmd/api.(*App).mountAPI.FinalizeAssetAttachment.func125 (7 handlers)
[GIN-debug] GET    /api/assets/:id/attachments/:attachmentID --> github.com/mark3748/helpdesk-go/cmd/api.(*App).mountAPI.GetAssetAttachment.func126 (6 handlers)
[GIN-debug] DELETE /api/assets/:id/attachments/:attachmentID --> github.com/mark3748/helpdesk-go/cmd/api.(*App).mountAPI.DeleteAssetAttachment.func128 (7 handlers)
[GIN-debug] PUT    /api/assets/attachments/upload/:objectKey --> github.com/mark3748/helpdesk-go/cmd/api.(*App).mountAPI.UploadAssetObject.func129 (6 handlers)
[GIN-debug] POST   /api/assets/:id/status-change --> github.com/mark3748/helpdesk-go/cmd/api.(*App).mountAPI.RequestStatusChange.func131 (7 handlers)
[GIN-debug] POST   /api/workflows/:id/approve --> github.com/mark3748/helpdesk-go/cmd/api.(*App).mountAPI.ApproveWorkflow.func133 (7 handlers)
[GIN-debug] POST   /api/workflows/:id/reject --> github.com/mark3748/helpdesk-go/cmd/api.(*App).mountAPI.RejectWorkflow.func135 (7 handlers)
[GIN-debug] POST   /api/assets/:id/checkout  --> github.com/mark3748/helpdesk-go/cmd/api.(*App).mountAPI.CheckoutAsset.func137 (7 handlers)
[GIN-debug] POST   /api/assets/checkin       --> github.com/mark3748/helpdesk-go/cmd/api.(*App).mountAPI.CheckinAsset.func139 (7 handlers)
[GIN-debug] GET    /api/assets/checkouts/active --> github.com/mark3748/helpdesk-go/cmd/api.(*App).mountAPI.GetActiveCheckouts.func140 (6 handlers)
[GIN-debug] GET    /api/assets/checkouts/overdue --> github.com/mark3748/helpdesk-go/cmd/api.(*App).mountAPI.GetOverdueCheckouts.func141 (6 handlers)
[GIN-debug] POST   /api/assets/:id/relationships --> github.com/mark3748/helpdesk-go/cmd/api.(*App).mountAPI.CreateRelationship.func143 (7 handlers)
[GIN-debug] GET    /api/assets/:id/relationships/graph --> github.com/mark3748/helpdesk-go/cmd/api.(*App).mountAPI.GetRelationshipGraph.func144 (6 handlers)
[GIN-debug] GET    /api/assets/:id/impact-analysis --> github.com/mark3748/helpdesk-go/cmd/api.(*App).mountAPI.GetAssetImpactAnalysis.func145 (6 handlers)
[GIN-debug] POST   /api/assets/bulk/update   --> github.com/mark3748/helpdesk-go/cmd/api.(*App).mountAPI.BulkUpdateAssets.func147 (7 handlers)
[GIN-debug] POST   /api/assets/bulk/assign   --> github.com/mark3748/helpdesk-go/cmd/api.(*App).mountAPI.BulkAssignAssets.func149 (7 handlers)
[GIN-debug] GET    /api/assets/bulk/operations/:id --> github.com/mark3748/helpdesk-go/cmd/api.(*App).mountAPI.GetBulkOperation.func150 (6 handlers)
[GIN-debug] POST   /api/assets/import/preview --> github.com/mark3748/helpdesk-go/cmd/api.(*App).mountAPI.ImportAssetsPreview.func152 (7 handlers)
[GIN-debug] POST   /api/assets/import        --> github.com/mark3748/helpdesk-go/cmd/api.(*App).mountAPI.ImportAssets.func154 (7 handlers)
[GIN-debug] POST   /api/assets/export        --> github.com/mark3748/helpdesk-go/cmd/api.(*App).mountAPI.ExportAssets.func156 (7 handlers)
[GIN-debug] GET    /api/assets/:id/audit     --> github.com/mark3748/helpdesk-go/cmd/api.(*App).mountAPI.GetAuditHistory.func157 (6 handlers)
[GIN-debug] GET    /api/assets/audit/summary --> github.com/mark3748/helpdesk-go/cmd/api.(*App).mountAPI.GetAuditSummary.func159 (7 handlers)
[GIN-debug] GET    /api/assets/analytics     --> github.com/mark3748/helpdesk-go/cmd/api.(*App).mountAPI.GetAssetAnalytics.func161 (7 handlers)
[GIN-debug] GET    /api/problems             --> github.com/mark3748/helpdesk-go/cmd/api.(*App).mountAPI.List.func162 (6 handlers)
[GIN-debug] POST   /api/problems             --> github.com/mark3748/helpdesk-go/cmd/api.(*App).mountAPI.Create.func163 (6 handlers)
[GIN-debug] GET    /api/problems/:id         --> github.com/mark3748/helpdesk-go/cmd/api.(*App).mountAPI.Get.func164 (6 handlers)
[GIN-debug] PUT    /api/problems/:id         --> github.com/mark3748/helpdesk-go/cmd/api.(*App).mountAPI.Update.func165 (6 handlers)
[GIN-debug] DELETE /api/problems/:id         --> github.com/mark3748/helpdesk-go/cmd/api.(*App).mountAPI.Delete.func166 (6 handlers)
[GIN-debug] GET    /api/changes              --> github.com/mark3748/helpdesk-go/cmd/api.(*App).mountAPI.List.func167 (6 handlers)
[GIN-debug] POST   /api/changes              --> github.com/mark3748/helpdesk-go/cmd/api.(*App).mountAPI.Create.func168 (6 handlers)
[GIN-debug] GET    /api/changes/:id          --> github.com/mark3748/helpdesk-go/cmd/api.(*App).mountAPI.Get.func169 (6 handlers)
[GIN-debug] PUT    /api/changes/:id          --> github.com/mark3748/helpdesk-go/cmd/api.(*App).mountAPI.Update.func170 (6 handlers)
[GIN-debug] DELETE /api/changes/:id          --> github.com/mark3748/helpdesk-go/cmd/api.(*App).mountAPI.Delete.func171 (6 handlers)
[GIN-debug] GET    /api/releases             --> github.com/mark3748/helpdesk-go/cmd/api.(*App).mountAPI.List.func172 (6 handlers)
[GIN-debug] POST   /api/releases             --> github.com/mark3748/helpdesk-go/cmd/api.(*App).mountAPI.Create.func173 (6 handlers)
[GIN-debug] GET    /api/releases/:id         --> github.com/mark3748/helpdesk-go/cmd/api.(*App).mountAPI.Get.func174 (6 handlers)
[GIN-debug] PUT    /api/releases/:id         --> github.com/mark3748/helpdesk-go/cmd/api.(*App).mountAPI.Update.func175 (6 handlers)
[GIN-debug] DELETE /api/releases/:id         --> github.com/mark3748/helpdesk-go/cmd/api.(*App).mountAPI.Delete.func176 (6 handlers)
{"level":"info","request_id":"e9bed48e-a791-4acb-84dc-8ccadff92a38","method":"PATCH","path":"/tickets/1","status":400,"duration":0.049376,"time":"2025-12-20T00:53:51-07:00","message":"request"}
{"level":"info","request_id":"78949917-68ca-40c2-92d2-7068495cfe94","method":"PATCH","path":"/tickets/1","status":400,"duration":0.01691,"time":"2025-12-20T00:53:51-07:00","message":"request"}
[GIN-debug] [WARNING] Running in "debug" mode. Switch to "release" mode in production.
 - using env:	export GIN_MODE=release
 - using code:	gin.SetMode(gin.ReleaseMode)

[GIN-debug] GET    /livez                    --> github.com/mark3748/helpdesk-go/cmd/api.(*App).mountAPI.func1 (5 handlers)
[GIN-debug] GET    /readyz                   --> github.com/mark3748/helpdesk-go/cmd/api.(*App).readyz-fm (5 handlers)
[GIN-debug] GET    /healthz                  --> github.com/mark3748/helpdesk-go/cmd/api.(*App).mountAPI.func2 (5 handlers)
[GIN-debug] GET    /csat/:token              --> github.com/mark3748/helpdesk-go/cmd/api.(*App).csatForm-fm (5 handlers)
[GIN-debug] POST   /csat/:token              --> github.com/mark3748/helpdesk-go/cmd/api.(*App).submitCSAT-fm (5 handlers)
[GIN-debug] GET    /metrics                  --> github.com/mark3748/helpdesk-go/cmd/api.(*App).mountAPI.WrapH.func9 (5 handlers)
[GIN-debug] GET    /swagger/*filepath        --> github.com/gin-gonic/gin.(*RouterGroup).createStaticHandler.func1 (5 handlers)
[GIN-debug] HEAD   /swagger/*filepath        --> github.com/gin-gonic/gin.(*RouterGroup).createStaticHandler.func1 (5 handlers)
[GIN-debug] GET    /docs                     --> github.com/mark3748/helpdesk-go/cmd/api.(*App).docsUI-fm (5 handlers)
[GIN-debug] GET    /openapi.yaml             --> github.com/mark3748/helpdesk-go/cmd/api.(*App).openapiSpec-fm (5 handlers)
[GIN-debug] POST   /webhooks/email-inbound   --> github.com/mark3748/helpdesk-go/cmd/api.(*App).mountAPI.EmailInbound.func18 (5 handlers)
[GIN-debug] GET    /me                       --> github.com/mark3748/helpdesk-go/cmd/api/auth.Me (6 handlers)
[GIN-debug] GET    /me/profile               --> github.com/mark3748/helpdesk-go/cmd/api.(*App).getMyProfile-fm (6 handlers)
[GIN-debug] PATCH  /me/profile               --> github.com/mark3748/helpdesk-go/cmd/api.(*App).updateMyProfile-fm (6 handlers)
[GIN-debug] POST   /me/password              --> github.com/mark3748/helpdesk-go/cmd/api.(*App).changeMyPassword-fm (6 handlers)
[GIN-debug] GET    /events                   --> github.com/mark3748/helpdesk-go/cmd/api.(*App).mountAPI.Events.func20 (6 handlers)
[GIN-debug] GET    /settings                 --> github.com/mark3748/helpdesk-go/cmd/api/handlers.GetSettings (7 handlers)
[GIN-debug] GET    /features                 --> github.com/mark3748/helpdesk-go/cmd/api.(*App).mountAPI.Features.func22 (6 handlers)
[GIN-debug] POST   /test-connection          --> github.com/mark3748/helpdesk-go/cmd/api/handlers.TestConnection (7 handlers)
[GIN-debug] POST   /settings/storage         --> github.com/mark3748/helpdesk-go/cmd/api/handlers.SaveStorageSettings (7 handlers)
[GIN-debug] POST   /settings/oidc            --> github.com/mark3748/helpdesk-go/cmd/api/handlers.SaveOIDCSettings (7 handlers)
[GIN-debug] POST   /settings/mail            --> github.com/mark3748/helpdesk-go/cmd/api/handlers.SaveMailSettings (7 handlers)
[GIN-debug] POST   /settings/mail/send-test  --> github.com/mark3748/helpdesk-go/cmd/api/handlers.SendTestMail (7 handlers)
[GIN-debug] GET    /users/:id/roles          --> github.com/mark3748/helpdesk-go/cmd/api.(*App).mountAPI.ListUserRoles.func29 (7 handlers)
[GIN-debug] POST   /users/:id/roles          --> github.com/mark3748/helpdesk-go/cmd/api.(*App).mountAPI.AddUserRole.func31 (7 handlers)
[GIN-debug] DELETE /users/:id/roles/:role    --> github.com/mark3748/helpdesk-go/cmd/api.(*App).mountAPI.RemoveUserRole.func33 (7 handlers)
[GIN-debug] GET    /users                    --> github.com/mark3748/helpdesk-go/cmd/api.(*App).mountAPI.List.func35 (7 handlers)
[GIN-debug] GET    /users/:id                --> github.com/mark3748/helpdesk-go/cmd/api.(*App).mountAPI.Get.func37 (7 handlers)
[GIN-debug] POST   /users                    --> github.com/mark3748/helpdesk-go/cmd/api.(*App).mountAPI.CreateLocal.func39 (7 handlers)
[GIN-debug] GET    /roles                    --> github.com/mark3748/helpdesk-go/cmd/api.(*App).mountAPI.List.func41 (7 handlers)
[GIN-debug] GET    /requesters               --> github.com/mark3748/helpdesk-go/cmd/api.(*App).mountAPI.Search.func42 (6 handlers)
[GIN-debug] GET    /requesters/:id           --> github.com/mark3748/helpdesk-go/cmd/api.(*App).getRequester-fm (6 handlers)
[GIN-debug] POST   /requesters               --> github.com/mark3748/helpdesk-go/cmd/api.(*App).createRequester-fm (7 handlers)
[GIN-debug] PATCH  /requesters/:id           --> github.com/mark3748/helpdesk-go/cmd/api.(*App).updateRequester-fm (7 handlers)
[GIN-debug] GET    /teams                    --> github.com/mark3748/helpdesk-go/cmd/api.(*App).mountAPI.List.func45 (6 handlers)
[GIN-debug] GET    /slas                     --> github.com/mark3748/helpdesk-go/cmd/api.(*App).mountAPI.List.func46 (6 handlers)
[GIN-debug] GET    /kb                       --> github.com/mark3748/helpdesk-go/cmd/api.(*App).mountAPI.Search.func47 (6 handlers)
[GIN-debug] GET    /kb/:slug                 --> github.com/mark3748/helpdesk-go/cmd/api.(*App).mountAPI.Get.func48 (6 handlers)
[GIN-debug] POST   /kb                       --> github.com/mark3748/helpdesk-go/cmd/api.(*App).mountAPI.Create.func50 (7 handlers)
[GIN-debug] PUT    /kb/:slug                 --> github.com/mark3748/helpdesk-go/cmd/api.(*App).mountAPI.Update.func52 (7 handlers)
[GIN-debug] DELETE /kb/:slug                 --> github.com/mark3748/helpdesk-go/cmd/api.(*App).mountAPI.Delete.func54 (7 handlers)
[GIN-debug] GET    /tickets                  --> github.com/mark3748/helpdesk-go/cmd/api.(*App).mountAPI.List.func55 (6 handlers)
[GIN-debug] POST   /tickets                  --> github.com/mark3748/helpdesk-go/cmd/api.(*App).mountAPI.Create.func59 (6 handlers)
[GIN-debug] GET    /tickets/:id              --> github.com/mark3748/helpdesk-go/cmd/api.(*App).mountAPI.Get.func60 (6 handlers)
[GIN-debug] PATCH  /tickets/:id              --> github.com/mark3748/helpdesk-go/cmd/api.(*App).mountAPI.Update.func62 (7 handlers)
[GIN-debug] GET    /tickets/:id/comments     --> github.com/mark3748/helpdesk-go/cmd/api.(*App).mountAPI.List.func63 (6 handlers)
[GIN-debug] POST   /tickets/:id/comments     --> github.com/mark3748/helpdesk-go/cmd/api.(*App).mountAPI.Add.func64 (6 handlers)
[GIN-debug] GET    /tickets/:id/attachments  --> github.com/mark3748/helpdesk-go/cmd/api.(*App).mountAPI.List.func65 (6 handlers)
[GIN-debug] POST   /tickets/:id/attachments/presign --> github.com/mark3748/helpdesk-go/cmd/api.(*App).mountAPI.Presign.func75 (6 handlers)
[GIN-debug] POST   /tickets/:id/attachments  --> github.com/mark3748/helpdesk-go/cmd/api.(*App).mountAPI.Finalize.func76 (6 handlers)
[GIN-debug] GET    /tickets/:id/attachments/:attID --> github.com/mark3748/helpdesk-go/cmd/api.(*App).mountAPI.Get.func77 (6 handlers)
[GIN-debug] PUT    /attachments/upload/:objectKey --> github.com/mark3748/helpdesk-go/cmd/api.(*App).mountAPI.UploadObject.func78 (6 handlers)
[GIN-debug] DELETE /tickets/:id/attachments/:attID --> github.com/mark3748/helpdesk-go/cmd/api.(*App).mountAPI.Delete.func79 (6 handlers)
[GIN-debug] GET    /tickets/:id/watchers     --> github.com/mark3748/helpdesk-go/cmd/api.(*App).mountAPI.List.func80 (6 handlers)
[GIN-debug] POST   /tickets/:id/watchers     --> github.com/mark3748/helpdesk-go/cmd/api.(*App).mountAPI.Add.func81 (6 handlers)
[GIN-debug] DELETE /tickets/:id/watchers/:uid --> github.com/mark3748/helpdesk-go/cmd/api.(*App).mountAPI.Remove.func82 (6 handlers)
[GIN-debug] GET    /emails/outbound          --> github.com/mark3748/helpdesk-go/cmd/api.(*App).mountAPI.ListOutbound.func84 (7 handlers)
[GIN-debug] GET    /metrics/sla              --> github.com/mark3748/helpdesk-go/cmd/api.(*App).mountAPI.SLA.func86 (7 handlers)
[GIN-debug] GET    /metrics/resolution       --> github.com/mark3748/helpdesk-go/cmd/api.(*App).mountAPI.Resolution.func88 (7 handlers)
[GIN-debug] GET    /metrics/tickets          --> github.com/mark3748/helpdesk-go/cmd/api.(*App).mountAPI.TicketVolume.func90 (7 handlers)
[GIN-debug] GET    /metrics/dashboard        --> github.com/mark3748/helpdesk-go/cmd/api.(*App).mountAPI.Dashboard.func92 (7 handlers)
[GIN-debug] GET    /metrics/agent            --> github.com/mark3748/helpdesk-go/cmd/api.(*App).mountAPI.Agent.func94 (7 handlers)
[GIN-debug] GET    /metrics/manager          --> github.com/mark3748/helpdesk-go/cmd/api.(*App).mountAPI.Manager.func96 (7 handlers)
[GIN-debug] POST   /exports/tickets          --> github.com/mark3748/helpdesk-go/cmd/api.(*App).exportTicketsBridge-fm (7 handlers)
[GIN-debug] GET    /exports/tickets/:job_id  --> github.com/mark3748/helpdesk-go/cmd/api.(*App).exportTicketsStatus-fm (7 handlers)
[GIN-debug] GET    /webhooks                 --> github.com/mark3748/helpdesk-go/cmd/api.(*App).mountAPI.List.func100 (7 handlers)
[GIN-debug] POST   /webhooks                 --> github.com/mark3748/helpdesk-go/cmd/api.(*App).mountAPI.Create.func102 (7 handlers)
[GIN-debug] DELETE /webhooks/:id             --> github.com/mark3748/helpdesk-go/cmd/api.(*App).mountAPI.Delete.func104 (7 handlers)
[GIN-debug] GET    /asset-categories         --> github.com/mark3748/helpdesk-go/cmd/api.(*App).mountAPI.ListCategories.func105 (6 handlers)
[GIN-debug] POST   /asset-categories         --> github.com/mark3748/helpdesk-go/cmd/api.(*App).mountAPI.CreateCategory.func107 (7 handlers)
[GIN-debug] GET    /asset-categories/:id     --> github.com/mark3748/helpdesk-go/cmd/api.(*App).mountAPI.GetCategory.func108 (6 handlers)
[GIN-debug] GET    /assets                   --> github.com/mark3748/helpdesk-go/cmd/api.(*App).mountAPI.ListAssets.func109 (6 handlers)
[GIN-debug] POST   /assets                   --> github.com/mark3748/helpdesk-go/cmd/api.(*App).mountAPI.CreateAsset.func111 (7 handlers)
[GIN-debug] GET    /assets/:id               --> github.com/mark3748/helpdesk-go/cmd/api.(*App).mountAPI.GetAsset.func112 (6 handlers)
[GIN-debug] PATCH  /assets/:id               --> github.com/mark3748/helpdesk-go/cmd/api.(*App).mountAPI.UpdateAsset.func114 (7 handlers)
[GIN-debug] DELETE /assets/:id               --> github.com/mark3748/helpdesk-go/cmd/api.(*App).mountAPI.DeleteAsset.func116 (7 handlers)
[GIN-debug] POST   /assets/:id/assign        --> github.com/mark3748/helpdesk-go/cmd/api.(*App).mountAPI.AssignAsset.func118 (7 handlers)
[GIN-debug] GET    /assets/:id/history       --> github.com/mark3748/helpdesk-go/cmd/api.(*App).mountAPI.GetAssetHistory.func119 (6 handlers)
[GIN-debug] GET    /assets/:id/assignments   --> github.com/mark3748/helpdesk-go/cmd/api.(*App).mountAPI.GetAssetAssignments.func120 (6 handlers)
[GIN-debug] GET    /assets/:id/attachments   --> github.com/mark3748/helpdesk-go/cmd/api.(*App).mountAPI.ListAttachments.func121 (6 handlers)
[GIN-debug] POST   /assets/:id/attachments/presign --> github.com/mark3748/helpdesk-go/cmd/api.(*App).mountAPI.PresignAssetUpload.func123 (7 handlers)
[GIN-debug] POST   /assets/:id/attachments   --> github.com/mark3748/helpdesk-go/cmd/api.(*App).mountAPI.FinalizeAssetAttachment.func125 (7 handlers)
[GIN-debug] GET    /assets/:id/attachments/:attachmentID --> github.com/mark3748/helpdesk-go/cmd/api.(*App).mountAPI.GetAssetAttachment.func126 (6 handlers)
[GIN-debug] DELETE /assets/:id/attachments/:attachmentID --> github.com/mark3748/helpdesk-go/cmd/api.(*App).mountAPI.DeleteAssetAttachment.func128 (7 handlers)
[GIN-debug] PUT    /assets/attachments/upload/:objectKey --> github.com/mark3748/helpdesk-go/cmd/api.(*App).mountAPI.UploadAssetObject.func129 (6 handlers)
[GIN-debug] POST   /assets/:id/status-change --> github.com/mark3748/helpdesk-go/cmd/api.(*App).mountAPI.RequestStatusChange.func131 (7 handlers)
[GIN-debug] POST   /workflows/:id/approve    --> github.com/mark3748/helpdesk-go/cmd/api.(*App).mountAPI.ApproveWorkflow.func133 (7 handlers)
[GIN-debug] POST   /workflows/:id/reject     --> github.com/mark3748/helpdesk-go/cmd/api.(*App).mountAPI.RejectWorkflow.func135 (7 handlers)
[GIN-debug] POST   /assets/:id/checkout      --> github.com/mark3748/helpdesk-go/cmd/api.(*App).mountAPI.CheckoutAsset.func137 (7 handlers)
[GIN-debug] POST   /assets/checkin           --> github.com/mark3748/helpdesk-go/cmd/api.(*App).mountAPI.CheckinAsset.func139 (7 handlers)
[GIN-debug] GET    /assets/checkouts/active  --> github.com/mark3748/helpdesk-go/cmd/api.(*App).mountAPI.GetActiveCheckouts.func140 (6 handlers)
[GIN-debug] GET    /assets/checkouts/overdue --> github.com/mark3748/helpdesk-go/cmd/api.(*App).mountAPI.GetOverdueCheckouts.func141 (6 handlers)
[GIN-debug] POST   /assets/:id/relationships --> github.com/mark3748/helpdesk-go/cmd/api.(*App).mountAPI.CreateRelationship.func143 (7 handlers)
[GIN-debug] GET    /assets/:id/relationships/graph --> github.com/mark3748/helpdesk-go/cmd/api.(*App).mountAPI.GetRelationshipGraph.func144 (6 handlers)
[GIN-debug] GET    /assets/:id/impact-analysis --> github.com/mark3748/helpdesk-go/cmd/api.(*App).mountAPI.GetAssetImpactAnalysis.func145 (6 handlers)
[GIN-debug] POST   /assets/bulk/update       --> github.com/mark3748/helpdesk-go/cmd/api.(*App).mountAPI.BulkUpdateAssets.func147 (7 handlers)
[GIN-debug] POST   /assets/bulk/assign       --> github.com/mark3748/helpdesk-go/cmd/api.(*App).mountAPI.BulkAssignAssets.func149 (7 handlers)
[GIN-debug] GET    /assets/bulk/operations/:id --> github.com/mark3748/helpdesk-go/cmd/api.(*App).mountAPI.GetBulkOperation.func150 (6 handlers)
[GIN-debug] POST   /assets/import/preview    --> github.com/mark3748/helpdesk-go/cmd/api.(*App).mountAPI.ImportAssetsPreview.func152 (7 handlers)
[GIN-debug] POST   /assets/import            --> github.com/mark3748/helpdesk-go/cmd/api.(*App).mountAPI.ImportAssets.func154 (7 handlers)
[GIN-debug] POST   /assets/export            --> github.com/mark3748/helpdesk-go/cmd/api.(*App).mountAPI.ExportAssets.func156 (7 handlers)
[GIN-debug] GET    /assets/:id/audit         --> github.com/mark3748/helpdesk-go/cmd/api.(*App).mountAPI.GetAuditHistory.func157 (6 handlers)
[GIN-debug] GET    /assets/audit/summary     --> github.com/mark3748/helpdesk-go/cmd/api.(*App).mountAPI.GetAuditSummary.func159 (7 handlers)
[GIN-debug] GET    /assets/analytics         --> github.com/mark3748/helpdesk-go/cmd/api.(*App).mountAPI.GetAssetAnalytics.func161 (7 handlers)
[GIN-debug] GET    /problems                 --> github.com/mark3748/helpdesk-go/cmd/api.(*App).mountAPI.List.func162 (6 handlers)
[GIN-debug] POST   /problems                 --> github.com/mark3748/helpdesk-go/cmd/api.(*App).mountAPI.Create.func163 (6 handlers)
[GIN-debug] GET    /problems/:id             --> github.com/mark3748/helpdesk-go/cmd/api.(*App).mountAPI.Get.func164 (6 handlers)
[GIN-debug] PUT    /problems/:id             --> github.com/mark3748/helpdesk-go/cmd/api.(*App).mountAPI.Update.func165 (6 handlers)
[GIN-debug] DELETE /problems/:id             --> github.com/mark3748/helpdesk-go/cmd/api.(*App).mountAPI.Delete.func166 (6 handlers)
[GIN-debug] GET    /changes                  --> github.com/mark3748/helpdesk-go/cmd/api.(*App).mountAPI.List.func167 (6 handlers)
[GIN-debug] POST   /changes                  --> github.com/mark3748/helpdesk-go/cmd/api.(*App).mountAPI.Create.func168 (6 handlers)
[GIN-debug] GET    /changes/:id              --> github.com/mark3748/helpdesk-go/cmd/api.(*App).mountAPI.Get.func169 (6 handlers)
[GIN-debug] PUT    /changes/:id              --> github.com/mark3748/helpdesk-go/cmd/api.(*App).mountAPI.Update.func170 (6 handlers)
[GIN-debug] DELETE /changes/:id              --> github.com/mark3748/helpdesk-go/cmd/api.(*App).mountAPI.Delete.func171 (6 handlers)
[GIN-debug] GET    /releases                 --> github.com/mark3748/helpdesk-go/cmd/api.(*App).mountAPI.List.func172 (6 handlers)
[GIN-debug] POST   /releases                 --> github.com/mark3748/helpdesk-go/cmd/api.(*App).mountAPI.Create.func173 (6 handlers)
[GIN-debug] GET    /releases/:id             --> github.com/mark3748/helpdesk-go/cmd/api.(*App).mountAPI.Get.func174 (6 handlers)
[GIN-debug] PUT    /releases/:id             --> github.com/mark3748/helpdesk-go/cmd/api.(*App).mountAPI.Update.func175 (6 handlers)
[GIN-debug] DELETE /releases/:id             --> github.com/mark3748/helpdesk-go/cmd/api.(*App).mountAPI.Delete.func176 (6 handlers)
[GIN-debug] GET    /api/livez                --> github.com/mark3748/helpdesk-go/cmd/api.(*App).mountAPI.func1 (5 handlers)
[GIN-debug] GET    /api/readyz               --> github.com/mark3748/helpdesk-go/cmd/api.(*App).readyz-fm (5 handlers)
[GIN-debug] GET    /api/healthz              --> github.com/mark3748/helpdesk-go/cmd/api.(*App).mountAPI.func2 (5 handlers)
[GIN-debug] GET    /api/csat/:token          --> github.com/mark3748/helpdesk-go/cmd/api.(*App).csatForm-fm (5 handlers)
[GIN-debug] POST   /api/csat/:token          --> github.com/mark3748/helpdesk-go/cmd/api.(*App).submitCSAT-fm (5 handlers)
[GIN-debug] GET    /api/metrics              --> github.com/mark3748/helpdesk-go/cmd/api.(*App).mountAPI.WrapH.func9 (5 handlers)
[GIN-debug] GET    /api/swagger/*filepath    --> github.com/gin-gonic/gin.(*RouterGroup).createStaticHandler.func1 (5 handlers)
[GIN-debug] HEAD   /api/swagger/*filepath    --> github.com/gin-gonic/gin.(*RouterGroup).createStaticHandler.func1 (5 handlers)
[GIN-debug] GET    /api/docs                 --> github.com/mark3748/helpdesk-go/cmd/api.(*App).docsUI-fm (5 handlers)
[GIN-debug] GET    /api/openapi.yaml         --> github.com/mark3748/helpdesk-go/cmd/api.(*App).openapiSpec-fm (5 handlers)
[GIN-debug] POST   /api/webhooks/email-inbound --> github.com/mark3748/helpdesk-go/cmd/api.(*App).mountAPI.EmailInbound.func18 (5 handlers)
[GIN-debug] GET    /api/me                   --> github.com/mark3748/helpdesk-go/cmd/api/auth.Me (6 handlers)
[GIN-debug] GET    /api/me/profile           --> github.com/mark3748/helpdesk-go/cmd/api.(*App).getMyProfile-fm (6 handlers)
[GIN-debug] PATCH  /api/me/profile           --> github.com/mark3748/helpdesk-go/cmd/api.(*App).updateMyProfile-fm (6 handlers)
[GIN-debug] POST   /api/me/password          --> github.com/mark3748/helpdesk-go/cmd/api.(*App).changeMyPassword-fm (6 handlers)
[GIN-debug] GET    /api/events               --> github.com/mark3748/helpdesk-go/cmd/api.(*App).mountAPI.Events.func20 (6 handlers)
[GIN-debug] GET    /api/settings             --> github.com/mark3748/helpdesk-go/cmd/api/handlers.GetSettings (7 handlers)
[GIN-debug] GET    /api/features             --> github.com/mark3748/helpdesk-go/cmd/api.(*App).mountAPI.Features.func22 (6 handlers)
[GIN-debug] POST   /api/test-connection      --> github.com/mark3748/helpdesk-go/cmd/api/handlers.TestConnection (7 handlers)
[GIN-debug] POST   /api/settings/storage     --> github.com/mark3748/helpdesk-go/cmd/api/handlers.SaveStorageSettings (7 handlers)
[GIN-debug] POST   /api/settings/oidc        --> github.com/mark3748/helpdesk-go/cmd/api/handlers.SaveOIDCSettings (7 handlers)
[GIN-debug] POST   /api/settings/mail        --> github.com/mark3748/helpdesk-go/cmd/api/handlers.SaveMailSettings (7 handlers)
[GIN-debug] POST   /api/settings/mail/send-test --> github.com/mark3748/helpdesk-go/cmd/api/handlers.SendTestMail (7 handlers)
[GIN-debug] GET    /api/users/:id/roles      --> github.com/mark3748/helpdesk-go/cmd/api.(*App).mountAPI.ListUserRoles.func29 (7 handlers)
[GIN-debug] POST   /api/users/:id/roles      --> github.com/mark3748/helpdesk-go/cmd/api.(*App).mountAPI.AddUserRole.func31 (7 handlers)
[GIN-debug] DELETE /api/users/:id/roles/:role --> github.com/mark3748/helpdesk-go/cmd/api.(*App).mountAPI.RemoveUserRole.func33 (7 handlers)
[GIN-debug] GET    /api/users                --> github.com/mark3748/helpdesk-go/cmd/api.(*App).mountAPI.List.func35 (7 handlers)
[GIN-debug] GET    /api/users/:id            --> github.com/mark3748/helpdesk-go/cmd/api.(*App).mountAPI.Get.func37 (7 handlers)
[GIN-debug] POST   /api/users                --> github.com/mark3748/helpdesk-go/cmd/api.(*App).mountAPI.CreateLocal.func39 (7 handlers)
[GIN-debug] GET    /api/roles                --> github.com/mark3748/helpdesk-go/cmd/api.(*App).mountAPI.List.func41 (7 handlers)
[GIN-debug] GET    /api/requesters           --> github.com/mark3748/helpdesk-go/cmd/api.(*App).mountAPI.Search.func42 (6 handlers)
[GIN-debug] GET    /api/requesters/:id       --> github.com/mark3748/helpdesk-go/cmd/api.(*App).getRequester-fm (6 handlers)
[GIN-debug] POST   /api/requesters           --> github.com/mark3748/helpdesk-go/cmd/api.(*App).createRequester-fm (7 handlers)
[GIN-debug] PATCH  /api/requesters/:id       --> github.com/mark3748/helpdesk-go/cmd/api.(*App).updateRequester-fm (7 handlers)
[GIN-debug] GET    /api/teams                --> github.com/mark3748/helpdesk-go/cmd/api.(*App).mountAPI.List.func45 (6 handlers)
[GIN-debug] GET    /api/slas                 --> github.com/mark3748/helpdesk-go/cmd/api.(*App).mountAPI.List.func46 (6 handlers)
[GIN-debug] GET    /api/kb                   --> github.com/mark3748/helpdesk-go/cmd/api.(*App).mountAPI.Search.func47 (6 handlers)
[GIN-debug] GET    /api/kb/:slug             --> github.com/mark3748/helpdesk-go/cmd/api.(*App).mountAPI.Get.func48 (6 handlers)
[GIN-debug] POST   /api/kb                   --> github.com/mark3748/helpdesk-go/cmd/api.(*App).mountAPI.Create.func50 (7 handlers)
[GIN-debug] PUT    /api/kb/:slug             --> github.com/mark3748/helpdesk-go/cmd/api.(*App).mountAPI.Update.func52 (7 handlers)
[GIN-debug] DELETE /api/kb/:slug             --> github.com/mark3748/helpdesk-go/cmd/api.(*App).mountAPI.Delete.func54 (7 handlers)
[GIN-debug] GET    /api/tickets              --> github.com/mark3748/helpdesk-go/cmd/api.(*App).mountAPI.List.func55 (6 handlers)
[GIN-debug] POST   /api/tickets              --> github.com/mark3748/helpdesk-go/cmd/api.(*App).mountAPI.Create.func59 (6 handlers)
[GIN-debug] GET    /api/tickets/:id          --> github.com/mark3748/helpdesk-go/cmd/api.(*App).mountAPI.Get.func60 (6 handlers)
[GIN-debug] PATCH  /api/tickets/:id          --> github.com/mark3748/helpdesk-go/cmd/api.(*App).mountAPI.Update.func62 (7 handlers)
[GIN-debug] GET    /api/tickets/:id/comments --> github.com/mark3748/helpdesk-go/cmd/api.(*App).mountAPI.List.func63 (6 handlers)
[GIN-debug] POST   /api/tickets/:id/comments --> github.com/mark3748/helpdesk-go/cmd/api.(*App).mountAPI.Add.func64 (6 handlers)
[GIN-debug] GET    /api/tickets/:id/attachments --> github.com/mark3748/helpdesk-go/cmd/api.(*App).mountAPI.List.func65 (6 handlers)
[GIN-debug] POST   /api/tickets/:id/attachments/presign --> github.com/mark3748/helpdesk-go/cmd/api.(*App).mountAPI.Presign.func75 (6 handlers)
[GIN-debug] POST   /api/tickets/:id/attachments --> github.com/mark3748/helpdesk-go/cmd/api.(*App).mountAPI.Finalize.func76 (6 handlers)
[GIN-debug] GET    /api/tickets/:id/attachments/:attID --> github.com/mark3748/helpdesk-go/cmd/api.(*App).mountAPI.Get.func77 (6 handlers)
[GIN-debug] PUT    /api/attachments/upload/:objectKey --> github.com/mark3748/helpdesk-go/cmd/api.(*App).mountAPI.UploadObject.func78 (6 handlers)
[GIN-debug] DELETE /api/tickets/:id/attachments/:attID --> github.com/mark3748/helpdesk-go/cmd/api.(*App).mountAPI.Delete.func79 (6 handlers)
[GIN-debug] GET    /api/tickets/:id/watchers --> github.com/mark3748/helpdesk-go/cmd/api.(*App).mountAPI.List.func80 (6 handlers)
[GIN-debug] POST   /api/tickets/:id/watchers --> github.com/mark3748/helpdesk-go/cmd/api.(*App).mountAPI.Add.func81 (6 handlers)
[GIN-debug] DELETE /api/tickets/:id/watchers/:uid --> github.com/mark3748/helpdesk-go/cmd/api.(*App).mountAPI.Remove.func82 (6 handlers)
[GIN-debug] GET    /api/emails/outbound      --> github.com/mark3748/helpdesk-go/cmd/api.(*App).mountAPI.ListOutbound.func84 (7 handlers)
[GIN-debug] GET    /api/metrics/sla          --> github.com/mark3748/helpdesk-go/cmd/api.(*App).mountAPI.SLA.func86 (7 handlers)
[GIN-debug] GET    /api/metrics/resolution   --> github.com/mark3748/helpdesk-go/cmd/api.(*App).mountAPI.Resolution.func88 (7 handlers)
[GIN-debug] GET    /api/metrics/tickets      --> github.com/mark3748/helpdesk-go/cmd/api.(*App).mountAPI.TicketVolume.func90 (7 handlers)
[GIN-debug] GET    /api/metrics/dashboard    --> github.com/mark3748/helpdesk-go/cmd/api.(*App).mountAPI.Dashboard.func92 (7 handlers)
[GIN-debug] GET    /api/metrics/agent        --> github.com/mark3748/helpdesk-go/cmd/api.(*App).mountAPI.Agent.func94 (7 handlers)
[GIN-debug] GET    /api/metrics/manager      --> github.com/mark3748/helpdesk-go/cmd/api.(*App).mountAPI.Manager.func96 (7 handlers)
[GIN-debug] POST   /api/exports/tickets      --> github.com/mark3748/helpdesk-go/cmd/api.(*App).exportTicketsBridge-fm (7 handlers)
[GIN-debug] GET    /api/exports/tickets/:job_id --> github.com/mark3748/helpdesk-go/cmd/api.(*App).exportTicketsStatus-fm (7 handlers)
[GIN-debug] GET    /api/webhooks             --> github.com/mark3748/helpdesk-go/cmd/api.(*App).mountAPI.List.func100 (7 handlers)
[GIN-debug] POST   /api/webhooks             --> github.com/mark3748/helpdesk-go/cmd/api.(*App).mountAPI.Create.func102 (7 handlers)
[GIN-debug] DELETE /api/webhooks/:id         --> github.com/mark3748/helpdesk-go/cmd/api.(*App).mountAPI.Delete.func104 (7 handlers)
[GIN-debug] GET    /api/asset-categories     --> github.com/mark3748/helpdesk-go/cmd/api.(*App).mountAPI.ListCategories.func105 (6 handlers)
[GIN-debug] POST   /api/asset-categories     --> github.com/mark3748/helpdesk-go/cmd/api.(*App).mountAPI.CreateCategory.func107 (7 handlers)
[GIN-debug] GET    /api/asset-categories/:id --> github.com/mark3748/helpdesk-go/cmd/api.(*App).mountAPI.GetCategory.func108 (6 handlers)
[GIN-debug] GET    /api/assets               --> github.com/mark3748/helpdesk-go/cmd/api.(*App).mountAPI.ListAssets.func109 (6 handlers)
[GIN-debug] POST   /api/assets               --> github.com/mark3748/helpdesk-go/cmd/api.(*App).mountAPI.CreateAsset.func111 (7 handlers)
[GIN-debug] GET    /api/assets/:id           --> github.com/mark3748/helpdesk-go/cmd/api.(*App).mountAPI.GetAsset.func112 (6 handlers)
[GIN-debug] PATCH  /api/assets/:id           --> github.com/mark3748/helpdesk-go/cmd/api.(*App).mountAPI.UpdateAsset.func114 (7 handlers)
[GIN-debug] DELETE /api/assets/:id           --> github.com/mark3748/helpdesk-go/cmd/api.(*App).mountAPI.DeleteAsset.func116 (7 handlers)
[GIN-debug] POST   /api/assets/:id/assign    --> github.com/mark3748/helpdesk-go/cmd/api.(*App).mountAPI.AssignAsset.func118 (7 handlers)
[GIN-debug] GET    /api/assets/:id/history   --> github.com/mark3748/helpdesk-go/cmd/api.(*App).mountAPI.GetAssetHistory.func119 (6 handlers)
[GIN-debug] GET    /api/assets/:id/assignments --> github.com/mark3748/helpdesk-go/cmd/api.(*App).mountAPI.GetAssetAssignments.func120 (6 handlers)
[GIN-debug] GET    /api/assets/:id/attachments --> github.com/mark3748/helpdesk-go/cmd/api.(*App).mountAPI.ListAttachments.func121 (6 handlers)
[GIN-debug] POST   /api/assets/:id/attachments/presign --> github.com/mark3748/helpdesk-go/cmd/api.(*App).mountAPI.PresignAssetUpload.func123 (7 handlers)
[GIN-debug] POST   /api/assets/:id/attachments --> github.com/mark3748/helpdesk-go/cmd/api.(*App).mountAPI.FinalizeAssetAttachment.func125 (7 handlers)
[GIN-debug] GET    /api/assets/:id/attachments/:attachmentID --> github.com/mark3748/helpdesk-go/cmd/api.(*App).mountAPI.GetAssetAttachment.func126 (6 handlers)
[GIN-debug] DELETE /api/assets/:id/attachments/:attachmentID --> github.com/mark3748/helpdesk-go/cmd/api.(*App).mountAPI.DeleteAssetAttachment.func128 (7 handlers)
[GIN-debug] PUT    /api/assets/attachments/upload/:objectKey --> github.com/mark3748/helpdesk-go/cmd/api.(*App).mountAPI.UploadAssetObject.func129 (6 handlers)
[GIN-debug] POST   /api/assets/:id/status-change --> github.com/mark3748/helpdesk-go/cmd/api.(*App).mountAPI.RequestStatusChange.func131 (7 handlers)
[GIN-debug] POST   /api/workflows/:id/approve --> github.com/mark3748/helpdesk-go/cmd/api.(*App).mountAPI.ApproveWorkflow.func133 (7 handlers)
[GIN-debug] POST   /api/workflows/:id/reject --> github.com/mark3748/helpdesk-go/cmd/api.(*App).mountAPI.RejectWorkflow.func135 (7 handlers)
[GIN-debug] POST   /api/assets/:id/checkout  --> github.com/mark3748/helpdesk-go/cmd/api.(*App).mountAPI.CheckoutAsset.func137 (7 handlers)
[GIN-debug] POST   /api/assets/checkin       --> github.com/mark3748/helpdesk-go/cmd/api.(*App).mountAPI.CheckinAsset.func139 (7 handlers)
[GIN-debug] GET    /api/assets/checkouts/active --> github.com/mark3748/helpdesk-go/cmd/api.(*App).mountAPI.GetActiveCheckouts.func140 (6 handlers)
[GIN-debug] GET    /api/assets/checkouts/overdue --> github.com/mark3748/helpdesk-go/cmd/api.(*App).mountAPI.GetOverdueCheckouts.func141 (6 handlers)
[GIN-debug] POST   /api/assets/:id/relationships --> github.com/mark3748/helpdesk-go/cmd/api.(*App).mountAPI.CreateRelationship.func143 (7 handlers)
[GIN-debug] GET    /api/assets/:id/relationships/graph --> github.com/mark3748/helpdesk-go/cmd/api.(*App).mountAPI.GetRelationshipGraph.func144 (6 handlers)
[GIN-debug] GET    /api/assets/:id/impact-analysis --> github.com/mark3748/helpdesk-go/cmd/api.(*App).mountAPI.GetAssetImpactAnalysis.func145 (6 handlers)
[GIN-debug] POST   /api/assets/bulk/update   --> github.com/mark3748/helpdesk-go/cmd/api.(*App).mountAPI.BulkUpdateAssets.func147 (7 handlers)
[GIN-debug] POST   /api/assets/bulk/assign   --> github.com/mark3748/helpdesk-go/cmd/api.(*App).mountAPI.BulkAssignAssets.func149 (7 handlers)
[GIN-debug] GET    /api/assets/bulk/operations/:id --> github.com/mark3748/helpdesk-go/cmd/api.(*App).mountAPI.GetBulkOperation.func150 (6 handlers)
[GIN-debug] POST   /api/assets/import/preview --> github.com/mark3748/helpdesk-go/cmd/api.(*App).mountAPI.ImportAssetsPreview.func152 (7 handlers)
[GIN-debug] POST   /api/assets/import        --> github.com/mark3748/helpdesk-go/cmd/api.(*App).mountAPI.ImportAssets.func154 (7 handlers)
[GIN-debug] POST   /api/assets/export        --> github.com/mark3748/helpdesk-go/cmd/api.(*App).mountAPI.ExportAssets.func156 (7 handlers)
[GIN-debug] GET    /api/assets/:id/audit     --> github.com/mark3748/helpdesk-go/cmd/api.(*App).mountAPI.GetAuditHistory.func157 (6 handlers)
[GIN-debug] GET    /api/assets/audit/summary --> github.com/mark3748/helpdesk-go/cmd/api.(*App).mountAPI.GetAuditSummary.func159 (7 handlers)
[GIN-debug] GET    /api/assets/analytics     --> github.com/mark3748/helpdesk-go/cmd/api.(*App).mountAPI.GetAssetAnalytics.func161 (7 handlers)
[GIN-debug] GET    /api/problems             --> github.com/mark3748/helpdesk-go/cmd/api.(*App).mountAPI.List.func162 (6 handlers)
[GIN-debug] POST   /api/problems             --> github.com/mark3748/helpdesk-go/cmd/api.(*App).mountAPI.Create.func163 (6 handlers)
[GIN-debug] GET    /api/problems/:id         --> github.com/mark3748/helpdesk-go/cmd/api.(*App).mountAPI.Get.func164 (6 handlers)
[GIN-debug] PUT    /api/problems/:id         --> github.com/mark3748/helpdesk-go/cmd/api.(*App).mountAPI.Update.func165 (6 handlers)
[GIN-debug] DELETE /api/problems/:id         --> github.com/mark3748/helpdesk-go/cmd/api.(*App).mountAPI.Delete.func166 (6 handlers)
[GIN-debug] GET    /api/changes              --> github.com/mark3748/helpdesk-go/cmd/api.(*App).mountAPI.List.func167 (6 handlers)
[GIN-debug] POST   /api/changes              --> github.com/mark3748/helpdesk-go/cmd/api.(*App).mountAPI.Create.func168 (6 handlers)
[GIN-debug] GET    /api/changes/:id          --> github.com/mark3748/helpdesk-go/cmd/api.(*App).mountAPI.Get.func169 (6 handlers)
[GIN-debug] PUT    /api/changes/:id          --> github.com/mark3748/helpdesk-go/cmd/api.(*App).mountAPI.Update.func170 (6 handlers)
[GIN-debug] DELETE /api/changes/:id          --> github.com/mark3748/helpdesk-go/cmd/api.(*App).mountAPI.Delete.func171 (6 handlers)
[GIN-debug] GET    /api/releases             --> github.com/mark3748/helpdesk-go/cmd/api.(*App).mountAPI.List.func172 (6 handlers)
[GIN-debug] POST   /api/releases             --> github.com/mark3748/helpdesk-go/cmd/api.(*App).mountAPI.Create.func173 (6 handlers)
[GIN-debug] GET    /api/releases/:id         --> github.com/mark3748/helpdesk-go/cmd/api.(*App).mountAPI.Get.func174 (6 handlers)
[GIN-debug] PUT    /api/releases/:id         --> github.com/mark3748/helpdesk-go/cmd/api.(*App).mountAPI.Update.func175 (6 handlers)
[GIN-debug] DELETE /api/releases/:id         --> github.com/mark3748/helpdesk-go/cmd/api.(*App).mountAPI.Delete.func176 (6 handlers)
{"level":"info","request_id":"da9a3092-6499-462b-ba4e-ebcd53c43baf","method":"PATCH","path":"/tickets/1","status":200,"duration":0.029875,"time":"2025-12-20T00:53:51-07:00","message":"request"}
[GIN-debug] [WARNING] Running in "debug" mode. Switch to "release" mode in production.
 - using env:	export GIN_MODE=release
 - using code:	gin.SetMode(gin.ReleaseMode)

[GIN-debug] GET    /livez                    --> github.com/mark3748/helpdesk-go/cmd/api.(*App).mountAPI.func1 (5 handlers)
[GIN-debug] GET    /readyz                   --> github.com/mark3748/helpdesk-go/cmd/api.(*App).readyz-fm (5 handlers)
[GIN-debug] GET    /healthz                  --> github.com/mark3748/helpdesk-go/cmd/api.(*App).mountAPI.func2 (5 handlers)
[GIN-debug] GET    /csat/:token              --> github.com/mark3748/helpdesk-go/cmd/api.(*App).csatForm-fm (5 handlers)
[GIN-debug] POST   /csat/:token              --> github.com/mark3748/helpdesk-go/cmd/api.(*App).submitCSAT-fm (5 handlers)
[GIN-debug] GET    /metrics                  --> github.com/mark3748/helpdesk-go/cmd/api.(*App).mountAPI.WrapH.func9 (5 handlers)
[GIN-debug] GET    /swagger/*filepath        --> github.com/gin-gonic/gin.(*RouterGroup).createStaticHandler.func1 (5 handlers)
[GIN-debug] HEAD   /swagger/*filepath        --> github.com/gin-gonic/gin.(*RouterGroup).createStaticHandler.func1 (5 handlers)
[GIN-debug] GET    /docs                     --> github.com/mark3748/helpdesk-go/cmd/api.(*App).docsUI-fm (5 handlers)
[GIN-debug] GET    /openapi.yaml             --> github.com/mark3748/helpdesk-go/cmd/api.(*App).openapiSpec-fm (5 handlers)
[GIN-debug] POST   /webhooks/email-inbound   --> github.com/mark3748/helpdesk-go/cmd/api.(*App).mountAPI.EmailInbound.func18 (5 handlers)
[GIN-debug] GET    /me                       --> github.com/mark3748/helpdesk-go/cmd/api/auth.Me (6 handlers)
[GIN-debug] GET    /me/profile               --> github.com/mark3748/helpdesk-go/cmd/api.(*App).getMyProfile-fm (6 handlers)
[GIN-debug] PATCH  /me/profile               --> github.com/mark3748/helpdesk-go/cmd/api.(*App).updateMyProfile-fm (6 handlers)
[GIN-debug] POST   /me/password              --> github.com/mark3748/helpdesk-go/cmd/api.(*App).changeMyPassword-fm (6 handlers)
[GIN-debug] GET    /events                   --> github.com/mark3748/helpdesk-go/cmd/api.(*App).mountAPI.Events.func20 (6 handlers)
[GIN-debug] GET    /settings                 --> github.com/mark3748/helpdesk-go/cmd/api/handlers.GetSettings (7 handlers)
[GIN-debug] GET    /features                 --> github.com/mark3748/helpdesk-go/cmd/api.(*App).mountAPI.Features.func22 (6 handlers)
[GIN-debug] POST   /test-connection          --> github.com/mark3748/helpdesk-go/cmd/api/handlers.TestConnection (7 handlers)
[GIN-debug] POST   /settings/storage         --> github.com/mark3748/helpdesk-go/cmd/api/handlers.SaveStorageSettings (7 handlers)
[GIN-debug] POST   /settings/oidc            --> github.com/mark3748/helpdesk-go/cmd/api/handlers.SaveOIDCSettings (7 handlers)
[GIN-debug] POST   /settings/mail            --> github.com/mark3748/helpdesk-go/cmd/api/handlers.SaveMailSettings (7 handlers)
[GIN-debug] POST   /settings/mail/send-test  --> github.com/mark3748/helpdesk-go/cmd/api/handlers.SendTestMail (7 handlers)
[GIN-debug] GET    /users/:id/roles          --> github.com/mark3748/helpdesk-go/cmd/api.(*App).mountAPI.ListUserRoles.func29 (7 handlers)
[GIN-debug] POST   /users/:id/roles          --> github.com/mark3748/helpdesk-go/cmd/api.(*App).mountAPI.AddUserRole.func31 (7 handlers)
[GIN-debug] DELETE /users/:id/roles/:role    --> github.com/mark3748/helpdesk-go/cmd/api.(*App).mountAPI.RemoveUserRole.func33 (7 handlers)
[GIN-debug] GET    /users                    --> github.com/mark3748/helpdesk-go/cmd/api.(*App).mountAPI.List.func35 (7 handlers)
[GIN-debug] GET    /users/:id                --> github.com/mark3748/helpdesk-go/cmd/api.(*App).mountAPI.Get.func37 (7 handlers)
[GIN-debug] POST   /users                    --> github.com/mark3748/helpdesk-go/cmd/api.(*App).mountAPI.CreateLocal.func39 (7 handlers)
[GIN-debug] GET    /roles                    --> github.com/mark3748/helpdesk-go/cmd/api.(*App).mountAPI.List.func41 (7 handlers)
[GIN-debug] GET    /requesters               --> github.com/mark3748/helpdesk-go/cmd/api.(*App).mountAPI.Search.func42 (6 handlers)
[GIN-debug] GET    /requesters/:id           --> github.com/mark3748/helpdesk-go/cmd/api.(*App).getRequester-fm (6 handlers)
[GIN-debug] POST   /requesters               --> github.com/mark3748/helpdesk-go/cmd/api.(*App).createRequester-fm (7 handlers)
[GIN-debug] PATCH  /requesters/:id           --> github.com/mark3748/helpdesk-go/cmd/api.(*App).updateRequester-fm (7 handlers)
[GIN-debug] GET    /teams                    --> github.com/mark3748/helpdesk-go/cmd/api.(*App).mountAPI.List.func45 (6 handlers)
[GIN-debug] GET    /slas                     --> github.com/mark3748/helpdesk-go/cmd/api.(*App).mountAPI.List.func46 (6 handlers)
[GIN-debug] GET    /kb                       --> github.com/mark3748/helpdesk-go/cmd/api.(*App).mountAPI.Search.func47 (6 handlers)
[GIN-debug] GET    /kb/:slug                 --> github.com/mark3748/helpdesk-go/cmd/api.(*App).mountAPI.Get.func48 (6 handlers)
[GIN-debug] POST   /kb                       --> github.com/mark3748/helpdesk-go/cmd/api.(*App).mountAPI.Create.func50 (7 handlers)
[GIN-debug] PUT    /kb/:slug                 --> github.com/mark3748/helpdesk-go/cmd/api.(*App).mountAPI.Update.func52 (7 handlers)
[GIN-debug] DELETE /kb/:slug                 --> github.com/mark3748/helpdesk-go/cmd/api.(*App).mountAPI.Delete.func54 (7 handlers)
[GIN-debug] GET    /tickets                  --> github.com/mark3748/helpdesk-go/cmd/api.(*App).mountAPI.List.func55 (6 handlers)
[GIN-debug] POST   /tickets                  --> github.com/mark3748/helpdesk-go/cmd/api.(*App).mountAPI.Create.func59 (6 handlers)
[GIN-debug] GET    /tickets/:id              --> github.com/mark3748/helpdesk-go/cmd/api.(*App).mountAPI.Get.func60 (6 handlers)
[GIN-debug] PATCH  /tickets/:id              --> github.com/mark3748/helpdesk-go/cmd/api.(*App).mountAPI.Update.func62 (7 handlers)
[GIN-debug] GET    /tickets/:id/comments     --> github.com/mark3748/helpdesk-go/cmd/api.(*App).mountAPI.List.func63 (6 handlers)
[GIN-debug] POST   /tickets/:id/comments     --> github.com/mark3748/helpdesk-go/cmd/api.(*App).mountAPI.Add.func64 (6 handlers)
[GIN-debug] GET    /tickets/:id/attachments  --> github.com/mark3748/helpdesk-go/cmd/api.(*App).mountAPI.List.func65 (6 handlers)
[GIN-debug] POST   /tickets/:id/attachments/presign --> github.com/mark3748/helpdesk-go/cmd/api.(*App).mountAPI.Presign.func75 (6 handlers)
[GIN-debug] POST   /tickets/:id/attachments  --> github.com/mark3748/helpdesk-go/cmd/api.(*App).mountAPI.Finalize.func76 (6 handlers)
[GIN-debug] GET    /tickets/:id/attachments/:attID --> github.com/mark3748/helpdesk-go/cmd/api.(*App).mountAPI.Get.func77 (6 handlers)
[GIN-debug] PUT    /attachments/upload/:objectKey --> github.com/mark3748/helpdesk-go/cmd/api.(*App).mountAPI.UploadObject.func78 (6 handlers)
[GIN-debug] DELETE /tickets/:id/attachments/:attID --> github.com/mark3748/helpdesk-go/cmd/api.(*App).mountAPI.Delete.func79 (6 handlers)
[GIN-debug] GET    /tickets/:id/watchers     --> github.com/mark3748/helpdesk-go/cmd/api.(*App).mountAPI.List.func80 (6 handlers)
[GIN-debug] POST   /tickets/:id/watchers     --> github.com/mark3748/helpdesk-go/cmd/api.(*App).mountAPI.Add.func81 (6 handlers)
[GIN-debug] DELETE /tickets/:id/watchers/:uid --> github.com/mark3748/helpdesk-go/cmd/api.(*App).mountAPI.Remove.func82 (6 handlers)
[GIN-debug] GET    /emails/outbound          --> github.com/mark3748/helpdesk-go/cmd/api.(*App).mountAPI.ListOutbound.func84 (7 handlers)
[GIN-debug] GET    /metrics/sla              --> github.com/mark3748/helpdesk-go/cmd/api.(*App).mountAPI.SLA.func86 (7 handlers)
[GIN-debug] GET    /metrics/resolution       --> github.com/mark3748/helpdesk-go/cmd/api.(*App).mountAPI.Resolution.func88 (7 handlers)
[GIN-debug] GET    /metrics/tickets          --> github.com/mark3748/helpdesk-go/cmd/api.(*App).mountAPI.TicketVolume.func90 (7 handlers)
[GIN-debug] GET    /metrics/dashboard        --> github.com/mark3748/helpdesk-go/cmd/api.(*App).mountAPI.Dashboard.func92 (7 handlers)
[GIN-debug] GET    /metrics/agent            --> github.com/mark3748/helpdesk-go/cmd/api.(*App).mountAPI.Agent.func94 (7 handlers)
[GIN-debug] GET    /metrics/manager          --> github.com/mark3748/helpdesk-go/cmd/api.(*App).mountAPI.Manager.func96 (7 handlers)
[GIN-debug] POST   /exports/tickets          --> github.com/mark3748/helpdesk-go/cmd/api.(*App).exportTicketsBridge-fm (7 handlers)
[GIN-debug] GET    /exports/tickets/:job_id  --> github.com/mark3748/helpdesk-go/cmd/api.(*App).exportTicketsStatus-fm (7 handlers)
[GIN-debug] GET    /webhooks                 --> github.com/mark3748/helpdesk-go/cmd/api.(*App).mountAPI.List.func100 (7 handlers)
[GIN-debug] POST   /webhooks                 --> github.com/mark3748/helpdesk-go/cmd/api.(*App).mountAPI.Create.func102 (7 handlers)
[GIN-debug] DELETE /webhooks/:id             --> github.com/mark3748/helpdesk-go/cmd/api.(*App).mountAPI.Delete.func104 (7 handlers)
[GIN-debug] GET    /asset-categories         --> github.com/mark3748/helpdesk-go/cmd/api.(*App).mountAPI.ListCategories.func105 (6 handlers)
[GIN-debug] POST   /asset-categories         --> github.com/mark3748/helpdesk-go/cmd/api.(*App).mountAPI.CreateCategory.func107 (7 handlers)
[GIN-debug] GET    /asset-categories/:id     --> github.com/mark3748/helpdesk-go/cmd/api.(*App).mountAPI.GetCategory.func108 (6 handlers)
[GIN-debug] GET    /assets                   --> github.com/mark3748/helpdesk-go/cmd/api.(*App).mountAPI.ListAssets.func109 (6 handlers)
[GIN-debug] POST   /assets                   --> github.com/mark3748/helpdesk-go/cmd/api.(*App).mountAPI.CreateAsset.func111 (7 handlers)
[GIN-debug] GET    /assets/:id               --> github.com/mark3748/helpdesk-go/cmd/api.(*App).mountAPI.GetAsset.func112 (6 handlers)
[GIN-debug] PATCH  /assets/:id               --> github.com/mark3748/helpdesk-go/cmd/api.(*App).mountAPI.UpdateAsset.func114 (7 handlers)
[GIN-debug] DELETE /assets/:id               --> github.com/mark3748/helpdesk-go/cmd/api.(*App).mountAPI.DeleteAsset.func116 (7 handlers)
[GIN-debug] POST   /assets/:id/assign        --> github.com/mark3748/helpdesk-go/cmd/api.(*App).mountAPI.AssignAsset.func118 (7 handlers)
[GIN-debug] GET    /assets/:id/history       --> github.com/mark3748/helpdesk-go/cmd/api.(*App).mountAPI.GetAssetHistory.func119 (6 handlers)
[GIN-debug] GET    /assets/:id/assignments   --> github.com/mark3748/helpdesk-go/cmd/api.(*App).mountAPI.GetAssetAssignments.func120 (6 handlers)
[GIN-debug] GET    /assets/:id/attachments   --> github.com/mark3748/helpdesk-go/cmd/api.(*App).mountAPI.ListAttachments.func121 (6 handlers)
[GIN-debug] POST   /assets/:id/attachments/presign --> github.com/mark3748/helpdesk-go/cmd/api.(*App).mountAPI.PresignAssetUpload.func123 (7 handlers)
[GIN-debug] POST   /assets/:id/attachments   --> github.com/mark3748/helpdesk-go/cmd/api.(*App).mountAPI.FinalizeAssetAttachment.func125 (7 handlers)
[GIN-debug] GET    /assets/:id/attachments/:attachmentID --> github.com/mark3748/helpdesk-go/cmd/api.(*App).mountAPI.GetAssetAttachment.func126 (6 handlers)
[GIN-debug] DELETE /assets/:id/attachments/:attachmentID --> github.com/mark3748/helpdesk-go/cmd/api.(*App).mountAPI.DeleteAssetAttachment.func128 (7 handlers)
[GIN-debug] PUT    /assets/attachments/upload/:objectKey --> github.com/mark3748/helpdesk-go/cmd/api.(*App).mountAPI.UploadAssetObject.func129 (6 handlers)
[GIN-debug] POST   /assets/:id/status-change --> github.com/mark3748/helpdesk-go/cmd/api.(*App).mountAPI.RequestStatusChange.func131 (7 handlers)
[GIN-debug] POST   /workflows/:id/approve    --> github.com/mark3748/helpdesk-go/cmd/api.(*App).mountAPI.ApproveWorkflow.func133 (7 handlers)
[GIN-debug] POST   /workflows/:id/reject     --> github.com/mark3748/helpdesk-go/cmd/api.(*App).mountAPI.RejectWorkflow.func135 (7 handlers)
[GIN-debug] POST   /assets/:id/checkout      --> github.com/mark3748/helpdesk-go/cmd/api.(*App).mountAPI.CheckoutAsset.func137 (7 handlers)
[GIN-debug] POST   /assets/checkin           --> github.com/mark3748/helpdesk-go/cmd/api.(*App).mountAPI.CheckinAsset.func139 (7 handlers)
[GIN-debug] GET    /assets/checkouts/active  --> github.com/mark3748/helpdesk-go/cmd/api.(*App).mountAPI.GetActiveCheckouts.func140 (6 handlers)
[GIN-debug] GET    /assets/checkouts/overdue --> github.com/mark3748/helpdesk-go/cmd/api.(*App).mountAPI.GetOverdueCheckouts.func141 (6 handlers)
[GIN-debug] POST   /assets/:id/relationships --> github.com/mark3748/helpdesk-go/cmd/api.(*App).mountAPI.CreateRelationship.func143 (7 handlers)
[GIN-debug] GET    /assets/:id/relationships/graph --> github.com/mark3748/helpdesk-go/cmd/api.(*App).mountAPI.GetRelationshipGraph.func144 (6 handlers)
[GIN-debug] GET    /assets/:id/impact-analysis --> github.com/mark3748/helpdesk-go/cmd/api.(*App).mountAPI.GetAssetImpactAnalysis.func145 (6 handlers)
[GIN-debug] POST   /assets/bulk/update       --> github.com/mark3748/helpdesk-go/cmd/api.(*App).mountAPI.BulkUpdateAssets.func147 (7 handlers)
[GIN-debug] POST   /assets/bulk/assign       --> github.com/mark3748/helpdesk-go/cmd/api.(*App).mountAPI.BulkAssignAssets.func149 (7 handlers)
[GIN-debug] GET    /assets/bulk/operations/:id --> github.com/mark3748/helpdesk-go/cmd/api.(*App).mountAPI.GetBulkOperation.func150 (6 handlers)
[GIN-debug] POST   /assets/import/preview    --> github.com/mark3748/helpdesk-go/cmd/api.(*App).mountAPI.ImportAssetsPreview.func152 (7 handlers)
[GIN-debug] POST   /assets/import            --> github.com/mark3748/helpdesk-go/cmd/api.(*App).mountAPI.ImportAssets.func154 (7 handlers)
[GIN-debug] POST   /assets/export            --> github.com/mark3748/helpdesk-go/cmd/api.(*App).mountAPI.ExportAssets.func156 (7 handlers)
[GIN-debug] GET    /assets/:id/audit         --> github.com/mark3748/helpdesk-go/cmd/api.(*App).mountAPI.GetAuditHistory.func157 (6 handlers)
[GIN-debug] GET    /assets/audit/summary     --> github.com/mark3748/helpdesk-go/cmd/api.(*App).mountAPI.GetAuditSummary.func159 (7 handlers)
[GIN-debug] GET    /assets/analytics         --> github.com/mark3748/helpdesk-go/cmd/api.(*App).mountAPI.GetAssetAnalytics.func161 (7 handlers)
[GIN-debug] GET    /problems                 --> github.com/mark3748/helpdesk-go/cmd/api.(*App).mountAPI.List.func162 (6 handlers)
[GIN-debug] POST   /problems                 --> github.com/mark3748/helpdesk-go/cmd/api.(*App).mountAPI.Create.func163 (6 handlers)
[GIN-debug] GET    /problems/:id             --> github.com/mark3748/helpdesk-go/cmd/api.(*App).mountAPI.Get.func164 (6 handlers)
[GIN-debug] PUT    /problems/:id             --> github.com/mark3748/helpdesk-go/cmd/api.(*App).mountAPI.Update.func165 (6 handlers)
[GIN-debug] DELETE /problems/:id             --> github.com/mark3748/helpdesk-go/cmd/api.(*App).mountAPI.Delete.func166 (6 handlers)
[GIN-debug] GET    /changes                  --> github.com/mark3748/helpdesk-go/cmd/api.(*App).mountAPI.List.func167 (6 handlers)
[GIN-debug] POST   /changes                  --> github.com/mark3748/helpdesk-go/cmd/api.(*App).mountAPI.Create.func168 (6 handlers)
[GIN-debug] GET    /changes/:id              --> github.com/mark3748/helpdesk-go/cmd/api.(*App).mountAPI.Get.func169 (6 handlers)
[GIN-debug] PUT    /changes/:id              --> github.com/mark3748/helpdesk-go/cmd/api.(*App).mountAPI.Update.func170 (6 handlers)
[GIN-debug] DELETE /changes/:id              --> github.com/mark3748/helpdesk-go/cmd/api.(*App).mountAPI.Delete.func171 (6 handlers)
[GIN-debug] GET    /releases                 --> github.com/mark3748/helpdesk-go/cmd/api.(*App).mountAPI.List.func172 (6 handlers)
[GIN-debug] POST   /releases                 --> github.com/mark3748/helpdesk-go/cmd/api.(*App).mountAPI.Create.func173 (6 handlers)
[GIN-debug] GET    /releases/:id             --> github.com/mark3748/helpdesk-go/cmd/api.(*App).mountAPI.Get.func174 (6 handlers)
[GIN-debug] PUT    /releases/:id             --> github.com/mark3748/helpdesk-go/cmd/api.(*App).mountAPI.Update.func175 (6 handlers)
[GIN-debug] DELETE /releases/:id             --> github.com/mark3748/helpdesk-go/cmd/api.(*App).mountAPI.Delete.func176 (6 handlers)
[GIN-debug] GET    /api/livez                --> github.com/mark3748/helpdesk-go/cmd/api.(*App).mountAPI.func1 (5 handlers)
[GIN-debug] GET    /api/readyz               --> github.com/mark3748/helpdesk-go/cmd/api.(*App).readyz-fm (5 handlers)
[GIN-debug] GET    /api/healthz              --> github.com/mark3748/helpdesk-go/cmd/api.(*App).mountAPI.func2 (5 handlers)
[GIN-debug] GET    /api/csat/:token          --> github.com/mark3748/helpdesk-go/cmd/api.(*App).csatForm-fm (5 handlers)
[GIN-debug] POST   /api/csat/:token          --> github.com/mark3748/helpdesk-go/cmd/api.(*App).submitCSAT-fm (5 handlers)
[GIN-debug] GET    /api/metrics              --> github.com/mark3748/helpdesk-go/cmd/api.(*App).mountAPI.WrapH.func9 (5 handlers)
[GIN-debug] GET    /api/swagger/*filepath    --> github.com/gin-gonic/gin.(*RouterGroup).createStaticHandler.func1 (5 handlers)
[GIN-debug] HEAD   /api/swagger/*filepath    --> github.com/gin-gonic/gin.(*RouterGroup).createStaticHandler.func1 (5 handlers)
[GIN-debug] GET    /api/docs                 --> github.com/mark3748/helpdesk-go/cmd/api.(*App).docsUI-fm (5 handlers)
[GIN-debug] GET    /api/openapi.yaml         --> github.com/mark3748/helpdesk-go/cmd/api.(*App).openapiSpec-fm (5 handlers)
[GIN-debug] POST   /api/webhooks/email-inbound --> github.com/mark3748/helpdesk-go/cmd/api.(*App).mountAPI.EmailInbound.func18 (5 handlers)
[GIN-debug] GET    /api/me                   --> github.com/mark3748/helpdesk-go/cmd/api/auth.Me (6 handlers)
[GIN-debug] GET    /api/me/profile           --> github.com/mark3748/helpdesk-go/cmd/api.(*App).getMyProfile-fm (6 handlers)
[GIN-debug] PATCH  /api/me/profile           --> github.com/mark3748/helpdesk-go/cmd/api.(*App).updateMyProfile-fm (6 handlers)
[GIN-debug] POST   /api/me/password          --> github.com/mark3748/helpdesk-go/cmd/api.(*App).changeMyPassword-fm (6 handlers)
[GIN-debug] GET    /api/events               --> github.com/mark3748/helpdesk-go/cmd/api.(*App).mountAPI.Events.func20 (6 handlers)
[GIN-debug] GET    /api/settings             --> github.com/mark3748/helpdesk-go/cmd/api/handlers.GetSettings (7 handlers)
[GIN-debug] GET    /api/features             --> github.com/mark3748/helpdesk-go/cmd/api.(*App).mountAPI.Features.func22 (6 handlers)
[GIN-debug] POST   /api/test-connection      --> github.com/mark3748/helpdesk-go/cmd/api/handlers.TestConnection (7 handlers)
[GIN-debug] POST   /api/settings/storage     --> github.com/mark3748/helpdesk-go/cmd/api/handlers.SaveStorageSettings (7 handlers)
[GIN-debug] POST   /api/settings/oidc        --> github.com/mark3748/helpdesk-go/cmd/api/handlers.SaveOIDCSettings (7 handlers)
[GIN-debug] POST   /api/settings/mail        --> github.com/mark3748/helpdesk-go/cmd/api/handlers.SaveMailSettings (7 handlers)
[GIN-debug] POST   /api/settings/mail/send-test --> github.com/mark3748/helpdesk-go/cmd/api/handlers.SendTestMail (7 handlers)
[GIN-debug] GET    /api/users/:id/roles      --> github.com/mark3748/helpdesk-go/cmd/api.(*App).mountAPI.ListUserRoles.func29 (7 handlers)
[GIN-debug] POST   /api/users/:id/roles      --> github.com/mark3748/helpdesk-go/cmd/api.(*App).mountAPI.AddUserRole.func31 (7 handlers)
[GIN-debug] DELETE /api/users/:id/roles/:role --> github.com/mark3748/helpdesk-go/cmd/api.(*App).mountAPI.RemoveUserRole.func33 (7 handlers)
[GIN-debug] GET    /api/users                --> github.com/mark3748/helpdesk-go/cmd/api.(*App).mountAPI.List.func35 (7 handlers)
[GIN-debug] GET    /api/users/:id            --> github.com/mark3748/helpdesk-go/cmd/api.(*App).mountAPI.Get.func37 (7 handlers)
[GIN-debug] POST   /api/users                --> github.com/mark3748/helpdesk-go/cmd/api.(*App).mountAPI.CreateLocal.func39 (7 handlers)
[GIN-debug] GET    /api/roles                --> github.com/mark3748/helpdesk-go/cmd/api.(*App).mountAPI.List.func41 (7 handlers)
[GIN-debug] GET    /api/requesters           --> github.com/mark3748/helpdesk-go/cmd/api.(*App).mountAPI.Search.func42 (6 handlers)
[GIN-debug] GET    /api/requesters/:id       --> github.com/mark3748/helpdesk-go/cmd/api.(*App).getRequester-fm (6 handlers)
[GIN-debug] POST   /api/requesters           --> github.com/mark3748/helpdesk-go/cmd/api.(*App).createRequester-fm (7 handlers)
[GIN-debug] PATCH  /api/requesters/:id       --> github.com/mark3748/helpdesk-go/cmd/api.(*App).updateRequester-fm (7 handlers)
[GIN-debug] GET    /api/teams                --> github.com/mark3748/helpdesk-go/cmd/api.(*App).mountAPI.List.func45 (6 handlers)
[GIN-debug] GET    /api/slas                 --> github.com/mark3748/helpdesk-go/cmd/api.(*App).mountAPI.List.func46 (6 handlers)
[GIN-debug] GET    /api/kb                   --> github.com/mark3748/helpdesk-go/cmd/api.(*App).mountAPI.Search.func47 (6 handlers)
[GIN-debug] GET    /api/kb/:slug             --> github.com/mark3748/helpdesk-go/cmd/api.(*App).mountAPI.Get.func48 (6 handlers)
[GIN-debug] POST   /api/kb                   --> github.com/mark3748/helpdesk-go/cmd/api.(*App).mountAPI.Create.func50 (7 handlers)
[GIN-debug] PUT    /api/kb/:slug             --> github.com/mark3748/helpdesk-go/cmd/api.(*App).mountAPI.Update.func52 (7 handlers)
[GIN-debug] DELETE /api/kb/:slug             --> github.com/mark3748/helpdesk-go/cmd/api.(*App).mountAPI.Delete.func54 (7 handlers)
[GIN-debug] GET    /api/tickets              --> github.com/mark3748/helpdesk-go/cmd/api.(*App).mountAPI.List.func55 (6 handlers)
[GIN-debug] POST   /api/tickets              --> github.com/mark3748/helpdesk-go/cmd/api.(*App).mountAPI.Create.func59 (6 handlers)
[GIN-debug] GET    /api/tickets/:id          --> github.com/mark3748/helpdesk-go/cmd/api.(*App).mountAPI.Get.func60 (6 handlers)
[GIN-debug] PATCH  /api/tickets/:id          --> github.com/mark3748/helpdesk-go/cmd/api.(*App).mountAPI.Update.func62 (7 handlers)
[GIN-debug] GET    /api/tickets/:id/comments --> github.com/mark3748/helpdesk-go/cmd/api.(*App).mountAPI.List.func63 (6 handlers)
[GIN-debug] POST   /api/tickets/:id/comments --> github.com/mark3748/helpdesk-go/cmd/api.(*App).mountAPI.Add.func64 (6 handlers)
[GIN-debug] GET    /api/tickets/:id/attachments --> github.com/mark3748/helpdesk-go/cmd/api.(*App).mountAPI.List.func65 (6 handlers)
[GIN-debug] POST   /api/tickets/:id/attachments/presign --> github.com/mark3748/helpdesk-go/cmd/api.(*App).mountAPI.Presign.func75 (6 handlers)
[GIN-debug] POST   /api/tickets/:id/attachments --> github.com/mark3748/helpdesk-go/cmd/api.(*App).mountAPI.Finalize.func76 (6 handlers)
[GIN-debug] GET    /api/tickets/:id/attachments/:attID --> github.com/mark3748/helpdesk-go/cmd/api.(*App).mountAPI.Get.func77 (6 handlers)
[GIN-debug] PUT    /api/attachments/upload/:objectKey --> github.com/mark3748/helpdesk-go/cmd/api.(*App).mountAPI.UploadObject.func78 (6 handlers)
[GIN-debug] DELETE /api/tickets/:id/attachments/:attID --> github.com/mark3748/helpdesk-go/cmd/api.(*App).mountAPI.Delete.func79 (6 handlers)
[GIN-debug] GET    /api/tickets/:id/watchers --> github.com/mark3748/helpdesk-go/cmd/api.(*App).mountAPI.List.func80 (6 handlers)
[GIN-debug] POST   /api/tickets/:id/watchers --> github.com/mark3748/helpdesk-go/cmd/api.(*App).mountAPI.Add.func81 (6 handlers)
[GIN-debug] DELETE /api/tickets/:id/watchers/:uid --> github.com/mark3748/helpdesk-go/cmd/api.(*App).mountAPI.Remove.func82 (6 handlers)
[GIN-debug] GET    /api/emails/outbound      --> github.com/mark3748/helpdesk-go/cmd/api.(*App).mountAPI.ListOutbound.func84 (7 handlers)
[GIN-debug] GET    /api/metrics/sla          --> github.com/mark3748/helpdesk-go/cmd/api.(*App).mountAPI.SLA.func86 (7 handlers)
[GIN-debug] GET    /api/metrics/resolution   --> github.com/mark3748/helpdesk-go/cmd/api.(*App).mountAPI.Resolution.func88 (7 handlers)
[GIN-debug] GET    /api/metrics/tickets      --> github.com/mark3748/helpdesk-go/cmd/api.(*App).mountAPI.TicketVolume.func90 (7 handlers)
[GIN-debug] GET    /api/metrics/dashboard    --> github.com/mark3748/helpdesk-go/cmd/api.(*App).mountAPI.Dashboard.func92 (7 handlers)
[GIN-debug] GET    /api/metrics/agent        --> github.com/mark3748/helpdesk-go/cmd/api.(*App).mountAPI.Agent.func94 (7 handlers)
[GIN-debug] GET    /api/metrics/manager      --> github.com/mark3748/helpdesk-go/cmd/api.(*App).mountAPI.Manager.func96 (7 handlers)
[GIN-debug] POST   /api/exports/tickets      --> github.com/mark3748/helpdesk-go/cmd/api.(*App).exportTicketsBridge-fm (7 handlers)
[GIN-debug] GET    /api/exports/tickets/:job_id --> github.com/mark3748/helpdesk-go/cmd/api.(*App).exportTicketsStatus-fm (7 handlers)
[GIN-debug] GET    /api/webhooks             --> github.com/mark3748/helpdesk-go/cmd/api.(*App).mountAPI.List.func100 (7 handlers)
[GIN-debug] POST   /api/webhooks             --> github.com/mark3748/helpdesk-go/cmd/api.(*App).mountAPI.Create.func102 (7 handlers)
[GIN-debug] DELETE /api/webhooks/:id         --> github.com/mark3748/helpdesk-go/cmd/api.(*App).mountAPI.Delete.func104 (7 handlers)
[GIN-debug] GET    /api/asset-categories     --> github.com/mark3748/helpdesk-go/cmd/api.(*App).mountAPI.ListCategories.func105 (6 handlers)
[GIN-debug] POST   /api/asset-categories     --> github.com/mark3748/helpdesk-go/cmd/api.(*App).mountAPI.CreateCategory.func107 (7 handlers)
[GIN-debug] GET    /api/asset-categories/:id --> github.com/mark3748/helpdesk-go/cmd/api.(*App).mountAPI.GetCategory.func108 (6 handlers)
[GIN-debug] GET    /api/assets               --> github.com/mark3748/helpdesk-go/cmd/api.(*App).mountAPI.ListAssets.func109 (6 handlers)
[GIN-debug] POST   /api/assets               --> github.com/mark3748/helpdesk-go/cmd/api.(*App).mountAPI.CreateAsset.func111 (7 handlers)
[GIN-debug] GET    /api/assets/:id           --> github.com/mark3748/helpdesk-go/cmd/api.(*App).mountAPI.GetAsset.func112 (6 handlers)
[GIN-debug] PATCH  /api/assets/:id           --> github.com/mark3748/helpdesk-go/cmd/api.(*App).mountAPI.UpdateAsset.func114 (7 handlers)
[GIN-debug] DELETE /api/assets/:id           --> github.com/mark3748/helpdesk-go/cmd/api.(*App).mountAPI.DeleteAsset.func116 (7 handlers)
[GIN-debug] POST   /api/assets/:id/assign    --> github.com/mark3748/helpdesk-go/cmd/api.(*App).mountAPI.AssignAsset.func118 (7 handlers)
[GIN-debug] GET    /api/assets/:id/history   --> github.com/mark3748/helpdesk-go/cmd/api.(*App).mountAPI.GetAssetHistory.func119 (6 handlers)
[GIN-debug] GET    /api/assets/:id/assignments --> github.com/mark3748/helpdesk-go/cmd/api.(*App).mountAPI.GetAssetAssignments.func120 (6 handlers)
[GIN-debug] GET    /api/assets/:id/attachments --> github.com/mark3748/helpdesk-go/cmd/api.(*App).mountAPI.ListAttachments.func121 (6 handlers)
[GIN-debug] POST   /api/assets/:id/attachments/presign --> github.com/mark3748/helpdesk-go/cmd/api.(*App).mountAPI.PresignAssetUpload.func123 (7 handlers)
[GIN-debug] POST   /api/assets/:id/attachments --> github.com/mark3748/helpdesk-go/cmd/api.(*App).mountAPI.FinalizeAssetAttachment.func125 (7 handlers)
[GIN-debug] GET    /api/assets/:id/attachments/:attachmentID --> github.com/mark3748/helpdesk-go/cmd/api.(*App).mountAPI.GetAssetAttachment.func126 (6 handlers)
[GIN-debug] DELETE /api/assets/:id/attachments/:attachmentID --> github.com/mark3748/helpdesk-go/cmd/api.(*App).mountAPI.DeleteAssetAttachment.func128 (7 handlers)
[GIN-debug] PUT    /api/assets/attachments/upload/:objectKey --> github.com/mark3748/helpdesk-go/cmd/api.(*App).mountAPI.UploadAssetObject.func129 (6 handlers)
[GIN-debug] POST   /api/assets/:id/status-change --> github.com/mark3748/helpdesk-go/cmd/api.(*App).mountAPI.RequestStatusChange.func131 (7 handlers)
[GIN-debug] POST   /api/workflows/:id/approve --> github.com/mark3748/helpdesk-go/cmd/api.(*App).mountAPI.ApproveWorkflow.func133 (7 handlers)
[GIN-debug] POST   /api/workflows/:id/reject --> github.com/mark3748/helpdesk-go/cmd/api.(*App).mountAPI.RejectWorkflow.func135 (7 handlers)
[GIN-debug] POST   /api/assets/:id/checkout  --> github.com/mark3748/helpdesk-go/cmd/api.(*App).mountAPI.CheckoutAsset.func137 (7 handlers)
[GIN-debug] POST   /api/assets/checkin       --> github.com/mark3748/helpdesk-go/cmd/api.(*App).mountAPI.CheckinAsset.func139 (7 handlers)
[GIN-debug] GET    /api/assets/checkouts/active --> github.com/mark3748/helpdesk-go/cmd/api.(*App).mountAPI.GetActiveCheckouts.func140 (6 handlers)
[GIN-debug] GET    /api/assets/checkouts/overdue --> github.com/mark3748/helpdesk-go/cmd/api.(*App).mountAPI.GetOverdueCheckouts.func141 (6 handlers)
[GIN-debug] POST   /api/assets/:id/relationships --> github.com/mark3748/helpdesk-go/cmd/api.(*App).mountAPI.CreateRelationship.func143 (7 handlers)
[GIN-debug] GET    /api/assets/:id/relationships/graph --> github.com/mark3748/helpdesk-go/cmd/api.(*App).mountAPI.GetRelationshipGraph.func144 (6 handlers)
[GIN-debug] GET    /api/assets/:id/impact-analysis --> github.com/mark3748/helpdesk-go/cmd/api.(*App).mountAPI.GetAssetImpactAnalysis.func145 (6 handlers)
[GIN-debug] POST   /api/assets/bulk/update   --> github.com/mark3748/helpdesk-go/cmd/api.(*App).mountAPI.BulkUpdateAssets.func147 (7 handlers)
[GIN-debug] POST   /api/assets/bulk/assign   --> github.com/mark3748/helpdesk-go/cmd/api.(*App).mountAPI.BulkAssignAssets.func149 (7 handlers)
[GIN-debug] GET    /api/assets/bulk/operations/:id --> github.com/mark3748/helpdesk-go/cmd/api.(*App).mountAPI.GetBulkOperation.func150 (6 handlers)
[GIN-debug] POST   /api/assets/import/preview --> github.com/mark3748/helpdesk-go/cmd/api.(*App).mountAPI.ImportAssetsPreview.func152 (7 handlers)
[GIN-debug] POST   /api/assets/import        --> github.com/mark3748/helpdesk-go/cmd/api.(*App).mountAPI.ImportAssets.func154 (7 handlers)
[GIN-debug] POST   /api/assets/export        --> github.com/mark3748/helpdesk-go/cmd/api.(*App).mountAPI.ExportAssets.func156 (7 handlers)
[GIN-debug] GET    /api/assets/:id/audit     --> github.com/mark3748/helpdesk-go/cmd/api.(*App).mountAPI.GetAuditHistory.func157 (6 handlers)
[GIN-debug] GET    /api/assets/audit/summary --> github.com/mark3748/helpdesk-go/cmd/api.(*App).mountAPI.GetAuditSummary.func159 (7 handlers)
[GIN-debug] GET    /api/assets/analytics     --> github.com/mark3748/helpdesk-go/cmd/api.(*App).mountAPI.GetAssetAnalytics.func161 (7 handlers)
[GIN-debug] GET    /api/problems             --> github.com/mark3748/helpdesk-go/cmd/api.(*App).mountAPI.List.func162 (6 handlers)
[GIN-debug] POST   /api/problems             --> github.com/mark3748/helpdesk-go/cmd/api.(*App).mountAPI.Create.func163 (6 handlers)
[GIN-debug] GET    /api/problems/:id         --> github.com/mark3748/helpdesk-go/cmd/api.(*App).mountAPI.Get.func164 (6 handlers)
[GIN-debug] PUT    /api/problems/:id         --> github.com/mark3748/helpdesk-go/cmd/api.(*App).mountAPI.Update.func165 (6 handlers)
[GIN-debug] DELETE /api/problems/:id         --> github.com/mark3748/helpdesk-go/cmd/api.(*App).mountAPI.Delete.func166 (6 handlers)
[GIN-debug] GET    /api/changes              --> github.com/mark3748/helpdesk-go/cmd/api.(*App).mountAPI.List.func167 (6 handlers)
[GIN-debug] POST   /api/changes              --> github.com/mark3748/helpdesk-go/cmd/api.(*App).mountAPI.Create.func168 (6 handlers)
[GIN-debug] GET    /api/changes/:id          --> github.com/mark3748/helpdesk-go/cmd/api.(*App).mountAPI.Get.func169 (6 handlers)
[GIN-debug] PUT    /api/changes/:id          --> github.com/mark3748/helpdesk-go/cmd/api.(*App).mountAPI.Update.func170 (6 handlers)
[GIN-debug] DELETE /api/changes/:id          --> github.com/mark3748/helpdesk-go/cmd/api.(*App).mountAPI.Delete.func171 (6 handlers)
[GIN-debug] GET    /api/releases             --> github.com/mark3748/helpdesk-go/cmd/api.(*App).mountAPI.List.func172 (6 handlers)
[GIN-debug] POST   /api/releases             --> github.com/mark3748/helpdesk-go/cmd/api.(*App).mountAPI.Create.func173 (6 handlers)
[GIN-debug] GET    /api/releases/:id         --> github.com/mark3748/helpdesk-go/cmd/api.(*App).mountAPI.Get.func174 (6 handlers)
[GIN-debug] PUT    /api/releases/:id         --> github.com/mark3748/helpdesk-go/cmd/api.(*App).mountAPI.Update.func175 (6 handlers)
[GIN-debug] DELETE /api/releases/:id         --> github.com/mark3748/helpdesk-go/cmd/api.(*App).mountAPI.Delete.func176 (6 handlers)
{"level":"info","request_id":"0ee036f1-fabb-4199-b5af-d2465b584a11","method":"POST","path":"/tickets","status":400,"duration":0.036652,"time":"2025-12-20T00:53:51-07:00","message":"request"}
--- FAIL: TestCreateTicket_EventRecorded (0.00s)
    main_test.go:893: expected 201, got 400
[GIN-debug] [WARNING] Running in "debug" mode. Switch to "release" mode in production.
 - using env:	export GIN_MODE=release
 - using code:	gin.SetMode(gin.ReleaseMode)

[GIN-debug] GET    /livez                    --> github.com/mark3748/helpdesk-go/cmd/api.(*App).mountAPI.func1 (5 handlers)
[GIN-debug] GET    /readyz                   --> github.com/mark3748/helpdesk-go/cmd/api.(*App).readyz-fm (5 handlers)
[GIN-debug] GET    /healthz                  --> github.com/mark3748/helpdesk-go/cmd/api.(*App).mountAPI.func2 (5 handlers)
[GIN-debug] GET    /csat/:token              --> github.com/mark3748/helpdesk-go/cmd/api.(*App).csatForm-fm (5 handlers)
[GIN-debug] POST   /csat/:token              --> github.com/mark3748/helpdesk-go/cmd/api.(*App).submitCSAT-fm (5 handlers)
[GIN-debug] GET    /metrics                  --> github.com/mark3748/helpdesk-go/cmd/api.(*App).mountAPI.WrapH.func9 (5 handlers)
[GIN-debug] GET    /swagger/*filepath        --> github.com/gin-gonic/gin.(*RouterGroup).createStaticHandler.func1 (5 handlers)
[GIN-debug] HEAD   /swagger/*filepath        --> github.com/gin-gonic/gin.(*RouterGroup).createStaticHandler.func1 (5 handlers)
[GIN-debug] GET    /docs                     --> github.com/mark3748/helpdesk-go/cmd/api.(*App).docsUI-fm (5 handlers)
[GIN-debug] GET    /openapi.yaml             --> github.com/mark3748/helpdesk-go/cmd/api.(*App).openapiSpec-fm (5 handlers)
[GIN-debug] POST   /webhooks/email-inbound   --> github.com/mark3748/helpdesk-go/cmd/api.(*App).mountAPI.EmailInbound.func18 (5 handlers)
[GIN-debug] GET    /me                       --> github.com/mark3748/helpdesk-go/cmd/api/auth.Me (6 handlers)
[GIN-debug] GET    /me/profile               --> github.com/mark3748/helpdesk-go/cmd/api.(*App).getMyProfile-fm (6 handlers)
[GIN-debug] PATCH  /me/profile               --> github.com/mark3748/helpdesk-go/cmd/api.(*App).updateMyProfile-fm (6 handlers)
[GIN-debug] POST   /me/password              --> github.com/mark3748/helpdesk-go/cmd/api.(*App).changeMyPassword-fm (6 handlers)
[GIN-debug] GET    /events                   --> github.com/mark3748/helpdesk-go/cmd/api.(*App).mountAPI.Events.func20 (6 handlers)
[GIN-debug] GET    /settings                 --> github.com/mark3748/helpdesk-go/cmd/api/handlers.GetSettings (7 handlers)
[GIN-debug] GET    /features                 --> github.com/mark3748/helpdesk-go/cmd/api.(*App).mountAPI.Features.func22 (6 handlers)
[GIN-debug] POST   /test-connection          --> github.com/mark3748/helpdesk-go/cmd/api/handlers.TestConnection (7 handlers)
[GIN-debug] POST   /settings/storage         --> github.com/mark3748/helpdesk-go/cmd/api/handlers.SaveStorageSettings (7 handlers)
[GIN-debug] POST   /settings/oidc            --> github.com/mark3748/helpdesk-go/cmd/api/handlers.SaveOIDCSettings (7 handlers)
[GIN-debug] POST   /settings/mail            --> github.com/mark3748/helpdesk-go/cmd/api/handlers.SaveMailSettings (7 handlers)
[GIN-debug] POST   /settings/mail/send-test  --> github.com/mark3748/helpdesk-go/cmd/api/handlers.SendTestMail (7 handlers)
[GIN-debug] GET    /users/:id/roles          --> github.com/mark3748/helpdesk-go/cmd/api.(*App).mountAPI.ListUserRoles.func29 (7 handlers)
[GIN-debug] POST   /users/:id/roles          --> github.com/mark3748/helpdesk-go/cmd/api.(*App).mountAPI.AddUserRole.func31 (7 handlers)
[GIN-debug] DELETE /users/:id/roles/:role    --> github.com/mark3748/helpdesk-go/cmd/api.(*App).mountAPI.RemoveUserRole.func33 (7 handlers)
[GIN-debug] GET    /users                    --> github.com/mark3748/helpdesk-go/cmd/api.(*App).mountAPI.List.func35 (7 handlers)
[GIN-debug] GET    /users/:id                --> github.com/mark3748/helpdesk-go/cmd/api.(*App).mountAPI.Get.func37 (7 handlers)
[GIN-debug] POST   /users                    --> github.com/mark3748/helpdesk-go/cmd/api.(*App).mountAPI.CreateLocal.func39 (7 handlers)
[GIN-debug] GET    /roles                    --> github.com/mark3748/helpdesk-go/cmd/api.(*App).mountAPI.List.func41 (7 handlers)
[GIN-debug] GET    /requesters               --> github.com/mark3748/helpdesk-go/cmd/api.(*App).mountAPI.Search.func42 (6 handlers)
[GIN-debug] GET    /requesters/:id           --> github.com/mark3748/helpdesk-go/cmd/api.(*App).getRequester-fm (6 handlers)
[GIN-debug] POST   /requesters               --> github.com/mark3748/helpdesk-go/cmd/api.(*App).createRequester-fm (7 handlers)
[GIN-debug] PATCH  /requesters/:id           --> github.com/mark3748/helpdesk-go/cmd/api.(*App).updateRequester-fm (7 handlers)
[GIN-debug] GET    /teams                    --> github.com/mark3748/helpdesk-go/cmd/api.(*App).mountAPI.List.func45 (6 handlers)
[GIN-debug] GET    /slas                     --> github.com/mark3748/helpdesk-go/cmd/api.(*App).mountAPI.List.func46 (6 handlers)
[GIN-debug] GET    /kb                       --> github.com/mark3748/helpdesk-go/cmd/api.(*App).mountAPI.Search.func47 (6 handlers)
[GIN-debug] GET    /kb/:slug                 --> github.com/mark3748/helpdesk-go/cmd/api.(*App).mountAPI.Get.func48 (6 handlers)
[GIN-debug] POST   /kb                       --> github.com/mark3748/helpdesk-go/cmd/api.(*App).mountAPI.Create.func50 (7 handlers)
[GIN-debug] PUT    /kb/:slug                 --> github.com/mark3748/helpdesk-go/cmd/api.(*App).mountAPI.Update.func52 (7 handlers)
[GIN-debug] DELETE /kb/:slug                 --> github.com/mark3748/helpdesk-go/cmd/api.(*App).mountAPI.Delete.func54 (7 handlers)
[GIN-debug] GET    /tickets                  --> github.com/mark3748/helpdesk-go/cmd/api.(*App).mountAPI.List.func55 (6 handlers)
[GIN-debug] POST   /tickets                  --> github.com/mark3748/helpdesk-go/cmd/api.(*App).mountAPI.Create.func59 (6 handlers)
[GIN-debug] GET    /tickets/:id              --> github.com/mark3748/helpdesk-go/cmd/api.(*App).mountAPI.Get.func60 (6 handlers)
[GIN-debug] PATCH  /tickets/:id              --> github.com/mark3748/helpdesk-go/cmd/api.(*App).mountAPI.Update.func62 (7 handlers)
[GIN-debug] GET    /tickets/:id/comments     --> github.com/mark3748/helpdesk-go/cmd/api.(*App).mountAPI.List.func63 (6 handlers)
[GIN-debug] POST   /tickets/:id/comments     --> github.com/mark3748/helpdesk-go/cmd/api.(*App).mountAPI.Add.func64 (6 handlers)
[GIN-debug] GET    /tickets/:id/attachments  --> github.com/mark3748/helpdesk-go/cmd/api.(*App).mountAPI.List.func65 (6 handlers)
[GIN-debug] POST   /tickets/:id/attachments/presign --> github.com/mark3748/helpdesk-go/cmd/api.(*App).mountAPI.Presign.func75 (6 handlers)
[GIN-debug] POST   /tickets/:id/attachments  --> github.com/mark3748/helpdesk-go/cmd/api.(*App).mountAPI.Finalize.func76 (6 handlers)
[GIN-debug] GET    /tickets/:id/attachments/:attID --> github.com/mark3748/helpdesk-go/cmd/api.(*App).mountAPI.Get.func77 (6 handlers)
[GIN-debug] PUT    /attachments/upload/:objectKey --> github.com/mark3748/helpdesk-go/cmd/api.(*App).mountAPI.UploadObject.func78 (6 handlers)
[GIN-debug] DELETE /tickets/:id/attachments/:attID --> github.com/mark3748/helpdesk-go/cmd/api.(*App).mountAPI.Delete.func79 (6 handlers)
[GIN-debug] GET    /tickets/:id/watchers     --> github.com/mark3748/helpdesk-go/cmd/api.(*App).mountAPI.List.func80 (6 handlers)
[GIN-debug] POST   /tickets/:id/watchers     --> github.com/mark3748/helpdesk-go/cmd/api.(*App).mountAPI.Add.func81 (6 handlers)
[GIN-debug] DELETE /tickets/:id/watchers/:uid --> github.com/mark3748/helpdesk-go/cmd/api.(*App).mountAPI.Remove.func82 (6 handlers)
[GIN-debug] GET    /emails/outbound          --> github.com/mark3748/helpdesk-go/cmd/api.(*App).mountAPI.ListOutbound.func84 (7 handlers)
[GIN-debug] GET    /metrics/sla              --> github.com/mark3748/helpdesk-go/cmd/api.(*App).mountAPI.SLA.func86 (7 handlers)
[GIN-debug] GET    /metrics/resolution       --> github.com/mark3748/helpdesk-go/cmd/api.(*App).mountAPI.Resolution.func88 (7 handlers)
[GIN-debug] GET    /metrics/tickets          --> github.com/mark3748/helpdesk-go/cmd/api.(*App).mountAPI.TicketVolume.func90 (7 handlers)
[GIN-debug] GET    /metrics/dashboard        --> github.com/mark3748/helpdesk-go/cmd/api.(*App).mountAPI.Dashboard.func92 (7 handlers)
[GIN-debug] GET    /metrics/agent            --> github.com/mark3748/helpdesk-go/cmd/api.(*App).mountAPI.Agent.func94 (7 handlers)
[GIN-debug] GET    /metrics/manager          --> github.com/mark3748/helpdesk-go/cmd/api.(*App).mountAPI.Manager.func96 (7 handlers)
[GIN-debug] POST   /exports/tickets          --> github.com/mark3748/helpdesk-go/cmd/api.(*App).exportTicketsBridge-fm (7 handlers)
[GIN-debug] GET    /exports/tickets/:job_id  --> github.com/mark3748/helpdesk-go/cmd/api.(*App).exportTicketsStatus-fm (7 handlers)
[GIN-debug] GET    /webhooks                 --> github.com/mark3748/helpdesk-go/cmd/api.(*App).mountAPI.List.func100 (7 handlers)
[GIN-debug] POST   /webhooks                 --> github.com/mark3748/helpdesk-go/cmd/api.(*App).mountAPI.Create.func102 (7 handlers)
[GIN-debug] DELETE /webhooks/:id             --> github.com/mark3748/helpdesk-go/cmd/api.(*App).mountAPI.Delete.func104 (7 handlers)
[GIN-debug] GET    /asset-categories         --> github.com/mark3748/helpdesk-go/cmd/api.(*App).mountAPI.ListCategories.func105 (6 handlers)
[GIN-debug] POST   /asset-categories         --> github.com/mark3748/helpdesk-go/cmd/api.(*App).mountAPI.CreateCategory.func107 (7 handlers)
[GIN-debug] GET    /asset-categories/:id     --> github.com/mark3748/helpdesk-go/cmd/api.(*App).mountAPI.GetCategory.func108 (6 handlers)
[GIN-debug] GET    /assets                   --> github.com/mark3748/helpdesk-go/cmd/api.(*App).mountAPI.ListAssets.func109 (6 handlers)
[GIN-debug] POST   /assets                   --> github.com/mark3748/helpdesk-go/cmd/api.(*App).mountAPI.CreateAsset.func111 (7 handlers)
[GIN-debug] GET    /assets/:id               --> github.com/mark3748/helpdesk-go/cmd/api.(*App).mountAPI.GetAsset.func112 (6 handlers)
[GIN-debug] PATCH  /assets/:id               --> github.com/mark3748/helpdesk-go/cmd/api.(*App).mountAPI.UpdateAsset.func114 (7 handlers)
[GIN-debug] DELETE /assets/:id               --> github.com/mark3748/helpdesk-go/cmd/api.(*App).mountAPI.DeleteAsset.func116 (7 handlers)
[GIN-debug] POST   /assets/:id/assign        --> github.com/mark3748/helpdesk-go/cmd/api.(*App).mountAPI.AssignAsset.func118 (7 handlers)
[GIN-debug] GET    /assets/:id/history       --> github.com/mark3748/helpdesk-go/cmd/api.(*App).mountAPI.GetAssetHistory.func119 (6 handlers)
[GIN-debug] GET    /assets/:id/assignments   --> github.com/mark3748/helpdesk-go/cmd/api.(*App).mountAPI.GetAssetAssignments.func120 (6 handlers)
[GIN-debug] GET    /assets/:id/attachments   --> github.com/mark3748/helpdesk-go/cmd/api.(*App).mountAPI.ListAttachments.func121 (6 handlers)
[GIN-debug] POST   /assets/:id/attachments/presign --> github.com/mark3748/helpdesk-go/cmd/api.(*App).mountAPI.PresignAssetUpload.func123 (7 handlers)
[GIN-debug] POST   /assets/:id/attachments   --> github.com/mark3748/helpdesk-go/cmd/api.(*App).mountAPI.FinalizeAssetAttachment.func125 (7 handlers)
[GIN-debug] GET    /assets/:id/attachments/:attachmentID --> github.com/mark3748/helpdesk-go/cmd/api.(*App).mountAPI.GetAssetAttachment.func126 (6 handlers)
[GIN-debug] DELETE /assets/:id/attachments/:attachmentID --> github.com/mark3748/helpdesk-go/cmd/api.(*App).mountAPI.DeleteAssetAttachment.func128 (7 handlers)
[GIN-debug] PUT    /assets/attachments/upload/:objectKey --> github.com/mark3748/helpdesk-go/cmd/api.(*App).mountAPI.UploadAssetObject.func129 (6 handlers)
[GIN-debug] POST   /assets/:id/status-change --> github.com/mark3748/helpdesk-go/cmd/api.(*App).mountAPI.RequestStatusChange.func131 (7 handlers)
[GIN-debug] POST   /workflows/:id/approve    --> github.com/mark3748/helpdesk-go/cmd/api.(*App).mountAPI.ApproveWorkflow.func133 (7 handlers)
[GIN-debug] POST   /workflows/:id/reject     --> github.com/mark3748/helpdesk-go/cmd/api.(*App).mountAPI.RejectWorkflow.func135 (7 handlers)
[GIN-debug] POST   /assets/:id/checkout      --> github.com/mark3748/helpdesk-go/cmd/api.(*App).mountAPI.CheckoutAsset.func137 (7 handlers)
[GIN-debug] POST   /assets/checkin           --> github.com/mark3748/helpdesk-go/cmd/api.(*App).mountAPI.CheckinAsset.func139 (7 handlers)
[GIN-debug] GET    /assets/checkouts/active  --> github.com/mark3748/helpdesk-go/cmd/api.(*App).mountAPI.GetActiveCheckouts.func140 (6 handlers)
[GIN-debug] GET    /assets/checkouts/overdue --> github.com/mark3748/helpdesk-go/cmd/api.(*App).mountAPI.GetOverdueCheckouts.func141 (6 handlers)
[GIN-debug] POST   /assets/:id/relationships --> github.com/mark3748/helpdesk-go/cmd/api.(*App).mountAPI.CreateRelationship.func143 (7 handlers)
[GIN-debug] GET    /assets/:id/relationships/graph --> github.com/mark3748/helpdesk-go/cmd/api.(*App).mountAPI.GetRelationshipGraph.func144 (6 handlers)
[GIN-debug] GET    /assets/:id/impact-analysis --> github.com/mark3748/helpdesk-go/cmd/api.(*App).mountAPI.GetAssetImpactAnalysis.func145 (6 handlers)
[GIN-debug] POST   /assets/bulk/update       --> github.com/mark3748/helpdesk-go/cmd/api.(*App).mountAPI.BulkUpdateAssets.func147 (7 handlers)
[GIN-debug] POST   /assets/bulk/assign       --> github.com/mark3748/helpdesk-go/cmd/api.(*App).mountAPI.BulkAssignAssets.func149 (7 handlers)
[GIN-debug] GET    /assets/bulk/operations/:id --> github.com/mark3748/helpdesk-go/cmd/api.(*App).mountAPI.GetBulkOperation.func150 (6 handlers)
[GIN-debug] POST   /assets/import/preview    --> github.com/mark3748/helpdesk-go/cmd/api.(*App).mountAPI.ImportAssetsPreview.func152 (7 handlers)
[GIN-debug] POST   /assets/import            --> github.com/mark3748/helpdesk-go/cmd/api.(*App).mountAPI.ImportAssets.func154 (7 handlers)
[GIN-debug] POST   /assets/export            --> github.com/mark3748/helpdesk-go/cmd/api.(*App).mountAPI.ExportAssets.func156 (7 handlers)
[GIN-debug] GET    /assets/:id/audit         --> github.com/mark3748/helpdesk-go/cmd/api.(*App).mountAPI.GetAuditHistory.func157 (6 handlers)
[GIN-debug] GET    /assets/audit/summary     --> github.com/mark3748/helpdesk-go/cmd/api.(*App).mountAPI.GetAuditSummary.func159 (7 handlers)
[GIN-debug] GET    /assets/analytics         --> github.com/mark3748/helpdesk-go/cmd/api.(*App).mountAPI.GetAssetAnalytics.func161 (7 handlers)
[GIN-debug] GET    /problems                 --> github.com/mark3748/helpdesk-go/cmd/api.(*App).mountAPI.List.func162 (6 handlers)
[GIN-debug] POST   /problems                 --> github.com/mark3748/helpdesk-go/cmd/api.(*App).mountAPI.Create.func163 (6 handlers)
[GIN-debug] GET    /problems/:id             --> github.com/mark3748/helpdesk-go/cmd/api.(*App).mountAPI.Get.func164 (6 handlers)
[GIN-debug] PUT    /problems/:id             --> github.com/mark3748/helpdesk-go/cmd/api.(*App).mountAPI.Update.func165 (6 handlers)
[GIN-debug] DELETE /problems/:id             --> github.com/mark3748/helpdesk-go/cmd/api.(*App).mountAPI.Delete.func166 (6 handlers)
[GIN-debug] GET    /changes                  --> github.com/mark3748/helpdesk-go/cmd/api.(*App).mountAPI.List.func167 (6 handlers)
[GIN-debug] POST   /changes                  --> github.com/mark3748/helpdesk-go/cmd/api.(*App).mountAPI.Create.func168 (6 handlers)
[GIN-debug] GET    /changes/:id              --> github.com/mark3748/helpdesk-go/cmd/api.(*App).mountAPI.Get.func169 (6 handlers)
[GIN-debug] PUT    /changes/:id              --> github.com/mark3748/helpdesk-go/cmd/api.(*App).mountAPI.Update.func170 (6 handlers)
[GIN-debug] DELETE /changes/:id              --> github.com/mark3748/helpdesk-go/cmd/api.(*App).mountAPI.Delete.func171 (6 handlers)
[GIN-debug] GET    /releases                 --> github.com/mark3748/helpdesk-go/cmd/api.(*App).mountAPI.List.func172 (6 handlers)
[GIN-debug] POST   /releases                 --> github.com/mark3748/helpdesk-go/cmd/api.(*App).mountAPI.Create.func173 (6 handlers)
[GIN-debug] GET    /releases/:id             --> github.com/mark3748/helpdesk-go/cmd/api.(*App).mountAPI.Get.func174 (6 handlers)
[GIN-debug] PUT    /releases/:id             --> github.com/mark3748/helpdesk-go/cmd/api.(*App).mountAPI.Update.func175 (6 handlers)
[GIN-debug] DELETE /releases/:id             --> github.com/mark3748/helpdesk-go/cmd/api.(*App).mountAPI.Delete.func176 (6 handlers)
[GIN-debug] GET    /api/livez                --> github.com/mark3748/helpdesk-go/cmd/api.(*App).mountAPI.func1 (5 handlers)
[GIN-debug] GET    /api/readyz               --> github.com/mark3748/helpdesk-go/cmd/api.(*App).readyz-fm (5 handlers)
[GIN-debug] GET    /api/healthz              --> github.com/mark3748/helpdesk-go/cmd/api.(*App).mountAPI.func2 (5 handlers)
[GIN-debug] GET    /api/csat/:token          --> github.com/mark3748/helpdesk-go/cmd/api.(*App).csatForm-fm (5 handlers)
[GIN-debug] POST   /api/csat/:token          --> github.com/mark3748/helpdesk-go/cmd/api.(*App).submitCSAT-fm (5 handlers)
[GIN-debug] GET    /api/metrics              --> github.com/mark3748/helpdesk-go/cmd/api.(*App).mountAPI.WrapH.func9 (5 handlers)
[GIN-debug] GET    /api/swagger/*filepath    --> github.com/gin-gonic/gin.(*RouterGroup).createStaticHandler.func1 (5 handlers)
[GIN-debug] HEAD   /api/swagger/*filepath    --> github.com/gin-gonic/gin.(*RouterGroup).createStaticHandler.func1 (5 handlers)
[GIN-debug] GET    /api/docs                 --> github.com/mark3748/helpdesk-go/cmd/api.(*App).docsUI-fm (5 handlers)
[GIN-debug] GET    /api/openapi.yaml         --> github.com/mark3748/helpdesk-go/cmd/api.(*App).openapiSpec-fm (5 handlers)
[GIN-debug] POST   /api/webhooks/email-inbound --> github.com/mark3748/helpdesk-go/cmd/api.(*App).mountAPI.EmailInbound.func18 (5 handlers)
[GIN-debug] GET    /api/me                   --> github.com/mark3748/helpdesk-go/cmd/api/auth.Me (6 handlers)
[GIN-debug] GET    /api/me/profile           --> github.com/mark3748/helpdesk-go/cmd/api.(*App).getMyProfile-fm (6 handlers)
[GIN-debug] PATCH  /api/me/profile           --> github.com/mark3748/helpdesk-go/cmd/api.(*App).updateMyProfile-fm (6 handlers)
[GIN-debug] POST   /api/me/password          --> github.com/mark3748/helpdesk-go/cmd/api.(*App).changeMyPassword-fm (6 handlers)
[GIN-debug] GET    /api/events               --> github.com/mark3748/helpdesk-go/cmd/api.(*App).mountAPI.Events.func20 (6 handlers)
[GIN-debug] GET    /api/settings             --> github.com/mark3748/helpdesk-go/cmd/api/handlers.GetSettings (7 handlers)
[GIN-debug] GET    /api/features             --> github.com/mark3748/helpdesk-go/cmd/api.(*App).mountAPI.Features.func22 (6 handlers)
[GIN-debug] POST   /api/test-connection      --> github.com/mark3748/helpdesk-go/cmd/api/handlers.TestConnection (7 handlers)
[GIN-debug] POST   /api/settings/storage     --> github.com/mark3748/helpdesk-go/cmd/api/handlers.SaveStorageSettings (7 handlers)
[GIN-debug] POST   /api/settings/oidc        --> github.com/mark3748/helpdesk-go/cmd/api/handlers.SaveOIDCSettings (7 handlers)
[GIN-debug] POST   /api/settings/mail        --> github.com/mark3748/helpdesk-go/cmd/api/handlers.SaveMailSettings (7 handlers)
[GIN-debug] POST   /api/settings/mail/send-test --> github.com/mark3748/helpdesk-go/cmd/api/handlers.SendTestMail (7 handlers)
[GIN-debug] GET    /api/users/:id/roles      --> github.com/mark3748/helpdesk-go/cmd/api.(*App).mountAPI.ListUserRoles.func29 (7 handlers)
[GIN-debug] POST   /api/users/:id/roles      --> github.com/mark3748/helpdesk-go/cmd/api.(*App).mountAPI.AddUserRole.func31 (7 handlers)
[GIN-debug] DELETE /api/users/:id/roles/:role --> github.com/mark3748/helpdesk-go/cmd/api.(*App).mountAPI.RemoveUserRole.func33 (7 handlers)
[GIN-debug] GET    /api/users                --> github.com/mark3748/helpdesk-go/cmd/api.(*App).mountAPI.List.func35 (7 handlers)
[GIN-debug] GET    /api/users/:id            --> github.com/mark3748/helpdesk-go/cmd/api.(*App).mountAPI.Get.func37 (7 handlers)
[GIN-debug] POST   /api/users                --> github.com/mark3748/helpdesk-go/cmd/api.(*App).mountAPI.CreateLocal.func39 (7 handlers)
[GIN-debug] GET    /api/roles                --> github.com/mark3748/helpdesk-go/cmd/api.(*App).mountAPI.List.func41 (7 handlers)
[GIN-debug] GET    /api/requesters           --> github.com/mark3748/helpdesk-go/cmd/api.(*App).mountAPI.Search.func42 (6 handlers)
[GIN-debug] GET    /api/requesters/:id       --> github.com/mark3748/helpdesk-go/cmd/api.(*App).getRequester-fm (6 handlers)
[GIN-debug] POST   /api/requesters           --> github.com/mark3748/helpdesk-go/cmd/api.(*App).createRequester-fm (7 handlers)
[GIN-debug] PATCH  /api/requesters/:id       --> github.com/mark3748/helpdesk-go/cmd/api.(*App).updateRequester-fm (7 handlers)
[GIN-debug] GET    /api/teams                --> github.com/mark3748/helpdesk-go/cmd/api.(*App).mountAPI.List.func45 (6 handlers)
[GIN-debug] GET    /api/slas                 --> github.com/mark3748/helpdesk-go/cmd/api.(*App).mountAPI.List.func46 (6 handlers)
[GIN-debug] GET    /api/kb                   --> github.com/mark3748/helpdesk-go/cmd/api.(*App).mountAPI.Search.func47 (6 handlers)
[GIN-debug] GET    /api/kb/:slug             --> github.com/mark3748/helpdesk-go/cmd/api.(*App).mountAPI.Get.func48 (6 handlers)
[GIN-debug] POST   /api/kb                   --> github.com/mark3748/helpdesk-go/cmd/api.(*App).mountAPI.Create.func50 (7 handlers)
[GIN-debug] PUT    /api/kb/:slug             --> github.com/mark3748/helpdesk-go/cmd/api.(*App).mountAPI.Update.func52 (7 handlers)
[GIN-debug] DELETE /api/kb/:slug             --> github.com/mark3748/helpdesk-go/cmd/api.(*App).mountAPI.Delete.func54 (7 handlers)
[GIN-debug] GET    /api/tickets              --> github.com/mark3748/helpdesk-go/cmd/api.(*App).mountAPI.List.func55 (6 handlers)
[GIN-debug] POST   /api/tickets              --> github.com/mark3748/helpdesk-go/cmd/api.(*App).mountAPI.Create.func59 (6 handlers)
[GIN-debug] GET    /api/tickets/:id          --> github.com/mark3748/helpdesk-go/cmd/api.(*App).mountAPI.Get.func60 (6 handlers)
[GIN-debug] PATCH  /api/tickets/:id          --> github.com/mark3748/helpdesk-go/cmd/api.(*App).mountAPI.Update.func62 (7 handlers)
[GIN-debug] GET    /api/tickets/:id/comments --> github.com/mark3748/helpdesk-go/cmd/api.(*App).mountAPI.List.func63 (6 handlers)
[GIN-debug] POST   /api/tickets/:id/comments --> github.com/mark3748/helpdesk-go/cmd/api.(*App).mountAPI.Add.func64 (6 handlers)
[GIN-debug] GET    /api/tickets/:id/attachments --> github.com/mark3748/helpdesk-go/cmd/api.(*App).mountAPI.List.func65 (6 handlers)
[GIN-debug] POST   /api/tickets/:id/attachments/presign --> github.com/mark3748/helpdesk-go/cmd/api.(*App).mountAPI.Presign.func75 (6 handlers)
[GIN-debug] POST   /api/tickets/:id/attachments --> github.com/mark3748/helpdesk-go/cmd/api.(*App).mountAPI.Finalize.func76 (6 handlers)
[GIN-debug] GET    /api/tickets/:id/attachments/:attID --> github.com/mark3748/helpdesk-go/cmd/api.(*App).mountAPI.Get.func77 (6 handlers)
[GIN-debug] PUT    /api/attachments/upload/:objectKey --> github.com/mark3748/helpdesk-go/cmd/api.(*App).mountAPI.UploadObject.func78 (6 handlers)
[GIN-debug] DELETE /api/tickets/:id/attachments/:attID --> github.com/mark3748/helpdesk-go/cmd/api.(*App).mountAPI.Delete.func79 (6 handlers)
[GIN-debug] GET    /api/tickets/:id/watchers --> github.com/mark3748/helpdesk-go/cmd/api.(*App).mountAPI.List.func80 (6 handlers)
[GIN-debug] POST   /api/tickets/:id/watchers --> github.com/mark3748/helpdesk-go/cmd/api.(*App).mountAPI.Add.func81 (6 handlers)
[GIN-debug] DELETE /api/tickets/:id/watchers/:uid --> github.com/mark3748/helpdesk-go/cmd/api.(*App).mountAPI.Remove.func82 (6 handlers)
[GIN-debug] GET    /api/emails/outbound      --> github.com/mark3748/helpdesk-go/cmd/api.(*App).mountAPI.ListOutbound.func84 (7 handlers)
[GIN-debug] GET    /api/metrics/sla          --> github.com/mark3748/helpdesk-go/cmd/api.(*App).mountAPI.SLA.func86 (7 handlers)
[GIN-debug] GET    /api/metrics/resolution   --> github.com/mark3748/helpdesk-go/cmd/api.(*App).mountAPI.Resolution.func88 (7 handlers)
[GIN-debug] GET    /api/metrics/tickets      --> github.com/mark3748/helpdesk-go/cmd/api.(*App).mountAPI.TicketVolume.func90 (7 handlers)
[GIN-debug] GET    /api/metrics/dashboard    --> github.com/mark3748/helpdesk-go/cmd/api.(*App).mountAPI.Dashboard.func92 (7 handlers)
[GIN-debug] GET    /api/metrics/agent        --> github.com/mark3748/helpdesk-go/cmd/api.(*App).mountAPI.Agent.func94 (7 handlers)
[GIN-debug] GET    /api/metrics/manager      --> github.com/mark3748/helpdesk-go/cmd/api.(*App).mountAPI.Manager.func96 (7 handlers)
[GIN-debug] POST   /api/exports/tickets      --> github.com/mark3748/helpdesk-go/cmd/api.(*App).exportTicketsBridge-fm (7 handlers)
[GIN-debug] GET    /api/exports/tickets/:job_id --> github.com/mark3748/helpdesk-go/cmd/api.(*App).exportTicketsStatus-fm (7 handlers)
[GIN-debug] GET    /api/webhooks             --> github.com/mark3748/helpdesk-go/cmd/api.(*App).mountAPI.List.func100 (7 handlers)
[GIN-debug] POST   /api/webhooks             --> github.com/mark3748/helpdesk-go/cmd/api.(*App).mountAPI.Create.func102 (7 handlers)
[GIN-debug] DELETE /api/webhooks/:id         --> github.com/mark3748/helpdesk-go/cmd/api.(*App).mountAPI.Delete.func104 (7 handlers)
[GIN-debug] GET    /api/asset-categories     --> github.com/mark3748/helpdesk-go/cmd/api.(*App).mountAPI.ListCategories.func105 (6 handlers)
[GIN-debug] POST   /api/asset-categories     --> github.com/mark3748/helpdesk-go/cmd/api.(*App).mountAPI.CreateCategory.func107 (7 handlers)
[GIN-debug] GET    /api/asset-categories/:id --> github.com/mark3748/helpdesk-go/cmd/api.(*App).mountAPI.GetCategory.func108 (6 handlers)
[GIN-debug] GET    /api/assets               --> github.com/mark3748/helpdesk-go/cmd/api.(*App).mountAPI.ListAssets.func109 (6 handlers)
[GIN-debug] POST   /api/assets               --> github.com/mark3748/helpdesk-go/cmd/api.(*App).mountAPI.CreateAsset.func111 (7 handlers)
[GIN-debug] GET    /api/assets/:id           --> github.com/mark3748/helpdesk-go/cmd/api.(*App).mountAPI.GetAsset.func112 (6 handlers)
[GIN-debug] PATCH  /api/assets/:id           --> github.com/mark3748/helpdesk-go/cmd/api.(*App).mountAPI.UpdateAsset.func114 (7 handlers)
[GIN-debug] DELETE /api/assets/:id           --> github.com/mark3748/helpdesk-go/cmd/api.(*App).mountAPI.DeleteAsset.func116 (7 handlers)
[GIN-debug] POST   /api/assets/:id/assign    --> github.com/mark3748/helpdesk-go/cmd/api.(*App).mountAPI.AssignAsset.func118 (7 handlers)
[GIN-debug] GET    /api/assets/:id/history   --> github.com/mark3748/helpdesk-go/cmd/api.(*App).mountAPI.GetAssetHistory.func119 (6 handlers)
[GIN-debug] GET    /api/assets/:id/assignments --> github.com/mark3748/helpdesk-go/cmd/api.(*App).mountAPI.GetAssetAssignments.func120 (6 handlers)
[GIN-debug] GET    /api/assets/:id/attachments --> github.com/mark3748/helpdesk-go/cmd/api.(*App).mountAPI.ListAttachments.func121 (6 handlers)
[GIN-debug] POST   /api/assets/:id/attachments/presign --> github.com/mark3748/helpdesk-go/cmd/api.(*App).mountAPI.PresignAssetUpload.func123 (7 handlers)
[GIN-debug] POST   /api/assets/:id/attachments --> github.com/mark3748/helpdesk-go/cmd/api.(*App).mountAPI.FinalizeAssetAttachment.func125 (7 handlers)
[GIN-debug] GET    /api/assets/:id/attachments/:attachmentID --> github.com/mark3748/helpdesk-go/cmd/api.(*App).mountAPI.GetAssetAttachment.func126 (6 handlers)
[GIN-debug] DELETE /api/assets/:id/attachments/:attachmentID --> github.com/mark3748/helpdesk-go/cmd/api.(*App).mountAPI.DeleteAssetAttachment.func128 (7 handlers)
[GIN-debug] PUT    /api/assets/attachments/upload/:objectKey --> github.com/mark3748/helpdesk-go/cmd/api.(*App).mountAPI.UploadAssetObject.func129 (6 handlers)
[GIN-debug] POST   /api/assets/:id/status-change --> github.com/mark3748/helpdesk-go/cmd/api.(*App).mountAPI.RequestStatusChange.func131 (7 handlers)
[GIN-debug] POST   /api/workflows/:id/approve --> github.com/mark3748/helpdesk-go/cmd/api.(*App).mountAPI.ApproveWorkflow.func133 (7 handlers)
[GIN-debug] POST   /api/workflows/:id/reject --> github.com/mark3748/helpdesk-go/cmd/api.(*App).mountAPI.RejectWorkflow.func135 (7 handlers)
[GIN-debug] POST   /api/assets/:id/checkout  --> github.com/mark3748/helpdesk-go/cmd/api.(*App).mountAPI.CheckoutAsset.func137 (7 handlers)
[GIN-debug] POST   /api/assets/checkin       --> github.com/mark3748/helpdesk-go/cmd/api.(*App).mountAPI.CheckinAsset.func139 (7 handlers)
[GIN-debug] GET    /api/assets/checkouts/active --> github.com/mark3748/helpdesk-go/cmd/api.(*App).mountAPI.GetActiveCheckouts.func140 (6 handlers)
[GIN-debug] GET    /api/assets/checkouts/overdue --> github.com/mark3748/helpdesk-go/cmd/api.(*App).mountAPI.GetOverdueCheckouts.func141 (6 handlers)
[GIN-debug] POST   /api/assets/:id/relationships --> github.com/mark3748/helpdesk-go/cmd/api.(*App).mountAPI.CreateRelationship.func143 (7 handlers)
[GIN-debug] GET    /api/assets/:id/relationships/graph --> github.com/mark3748/helpdesk-go/cmd/api.(*App).mountAPI.GetRelationshipGraph.func144 (6 handlers)
[GIN-debug] GET    /api/assets/:id/impact-analysis --> github.com/mark3748/helpdesk-go/cmd/api.(*App).mountAPI.GetAssetImpactAnalysis.func145 (6 handlers)
[GIN-debug] POST   /api/assets/bulk/update   --> github.com/mark3748/helpdesk-go/cmd/api.(*App).mountAPI.BulkUpdateAssets.func147 (7 handlers)
[GIN-debug] POST   /api/assets/bulk/assign   --> github.com/mark3748/helpdesk-go/cmd/api.(*App).mountAPI.BulkAssignAssets.func149 (7 handlers)
[GIN-debug] GET    /api/assets/bulk/operations/:id --> github.com/mark3748/helpdesk-go/cmd/api.(*App).mountAPI.GetBulkOperation.func150 (6 handlers)
[GIN-debug] POST   /api/assets/import/preview --> github.com/mark3748/helpdesk-go/cmd/api.(*App).mountAPI.ImportAssetsPreview.func152 (7 handlers)
[GIN-debug] POST   /api/assets/import        --> github.com/mark3748/helpdesk-go/cmd/api.(*App).mountAPI.ImportAssets.func154 (7 handlers)
[GIN-debug] POST   /api/assets/export        --> github.com/mark3748/helpdesk-go/cmd/api.(*App).mountAPI.ExportAssets.func156 (7 handlers)
[GIN-debug] GET    /api/assets/:id/audit     --> github.com/mark3748/helpdesk-go/cmd/api.(*App).mountAPI.GetAuditHistory.func157 (6 handlers)
[GIN-debug] GET    /api/assets/audit/summary --> github.com/mark3748/helpdesk-go/cmd/api.(*App).mountAPI.GetAuditSummary.func159 (7 handlers)
[GIN-debug] GET    /api/assets/analytics     --> github.com/mark3748/helpdesk-go/cmd/api.(*App).mountAPI.GetAssetAnalytics.func161 (7 handlers)
[GIN-debug] GET    /api/problems             --> github.com/mark3748/helpdesk-go/cmd/api.(*App).mountAPI.List.func162 (6 handlers)
[GIN-debug] POST   /api/problems             --> github.com/mark3748/helpdesk-go/cmd/api.(*App).mountAPI.Create.func163 (6 handlers)
[GIN-debug] GET    /api/problems/:id         --> github.com/mark3748/helpdesk-go/cmd/api.(*App).mountAPI.Get.func164 (6 handlers)
[GIN-debug] PUT    /api/problems/:id         --> github.com/mark3748/helpdesk-go/cmd/api.(*App).mountAPI.Update.func165 (6 handlers)
[GIN-debug] DELETE /api/problems/:id         --> github.com/mark3748/helpdesk-go/cmd/api.(*App).mountAPI.Delete.func166 (6 handlers)
[GIN-debug] GET    /api/changes              --> github.com/mark3748/helpdesk-go/cmd/api.(*App).mountAPI.List.func167 (6 handlers)
[GIN-debug] POST   /api/changes              --> github.com/mark3748/helpdesk-go/cmd/api.(*App).mountAPI.Create.func168 (6 handlers)
[GIN-debug] GET    /api/changes/:id          --> github.com/mark3748/helpdesk-go/cmd/api.(*App).mountAPI.Get.func169 (6 handlers)
[GIN-debug] PUT    /api/changes/:id          --> github.com/mark3748/helpdesk-go/cmd/api.(*App).mountAPI.Update.func170 (6 handlers)
[GIN-debug] DELETE /api/changes/:id          --> github.com/mark3748/helpdesk-go/cmd/api.(*App).mountAPI.Delete.func171 (6 handlers)
[GIN-debug] GET    /api/releases             --> github.com/mark3748/helpdesk-go/cmd/api.(*App).mountAPI.List.func172 (6 handlers)
[GIN-debug] POST   /api/releases             --> github.com/mark3748/helpdesk-go/cmd/api.(*App).mountAPI.Create.func173 (6 handlers)
[GIN-debug] GET    /api/releases/:id         --> github.com/mark3748/helpdesk-go/cmd/api.(*App).mountAPI.Get.func174 (6 handlers)
[GIN-debug] PUT    /api/releases/:id         --> github.com/mark3748/helpdesk-go/cmd/api.(*App).mountAPI.Update.func175 (6 handlers)
[GIN-debug] DELETE /api/releases/:id         --> github.com/mark3748/helpdesk-go/cmd/api.(*App).mountAPI.Delete.func176 (6 handlers)
{"level":"info","request_id":"0746c8bb-08f7-4fe1-a458-34dbba762de4","method":"POST","path":"/tickets/1/watchers","status":201,"duration":0.054155,"time":"2025-12-20T00:53:51-07:00","message":"request"}
[GIN-debug] [WARNING] Running in "debug" mode. Switch to "release" mode in production.
 - using env:	export GIN_MODE=release
 - using code:	gin.SetMode(gin.ReleaseMode)

[GIN-debug] GET    /livez                    --> github.com/mark3748/helpdesk-go/cmd/api.(*App).mountAPI.func1 (5 handlers)
[GIN-debug] GET    /readyz                   --> github.com/mark3748/helpdesk-go/cmd/api.(*App).readyz-fm (5 handlers)
[GIN-debug] GET    /healthz                  --> github.com/mark3748/helpdesk-go/cmd/api.(*App).mountAPI.func2 (5 handlers)
[GIN-debug] GET    /csat/:token              --> github.com/mark3748/helpdesk-go/cmd/api.(*App).csatForm-fm (5 handlers)
[GIN-debug] POST   /csat/:token              --> github.com/mark3748/helpdesk-go/cmd/api.(*App).submitCSAT-fm (5 handlers)
[GIN-debug] GET    /metrics                  --> github.com/mark3748/helpdesk-go/cmd/api.(*App).mountAPI.WrapH.func9 (5 handlers)
[GIN-debug] GET    /swagger/*filepath        --> github.com/gin-gonic/gin.(*RouterGroup).createStaticHandler.func1 (5 handlers)
[GIN-debug] HEAD   /swagger/*filepath        --> github.com/gin-gonic/gin.(*RouterGroup).createStaticHandler.func1 (5 handlers)
[GIN-debug] GET    /docs                     --> github.com/mark3748/helpdesk-go/cmd/api.(*App).docsUI-fm (5 handlers)
[GIN-debug] GET    /openapi.yaml             --> github.com/mark3748/helpdesk-go/cmd/api.(*App).openapiSpec-fm (5 handlers)
[GIN-debug] POST   /webhooks/email-inbound   --> github.com/mark3748/helpdesk-go/cmd/api.(*App).mountAPI.EmailInbound.func18 (5 handlers)
[GIN-debug] GET    /me                       --> github.com/mark3748/helpdesk-go/cmd/api/auth.Me (6 handlers)
[GIN-debug] GET    /me/profile               --> github.com/mark3748/helpdesk-go/cmd/api.(*App).getMyProfile-fm (6 handlers)
[GIN-debug] PATCH  /me/profile               --> github.com/mark3748/helpdesk-go/cmd/api.(*App).updateMyProfile-fm (6 handlers)
[GIN-debug] POST   /me/password              --> github.com/mark3748/helpdesk-go/cmd/api.(*App).changeMyPassword-fm (6 handlers)
[GIN-debug] GET    /events                   --> github.com/mark3748/helpdesk-go/cmd/api.(*App).mountAPI.Events.func20 (6 handlers)
[GIN-debug] GET    /settings                 --> github.com/mark3748/helpdesk-go/cmd/api/handlers.GetSettings (7 handlers)
[GIN-debug] GET    /features                 --> github.com/mark3748/helpdesk-go/cmd/api.(*App).mountAPI.Features.func22 (6 handlers)
[GIN-debug] POST   /test-connection          --> github.com/mark3748/helpdesk-go/cmd/api/handlers.TestConnection (7 handlers)
[GIN-debug] POST   /settings/storage         --> github.com/mark3748/helpdesk-go/cmd/api/handlers.SaveStorageSettings (7 handlers)
[GIN-debug] POST   /settings/oidc            --> github.com/mark3748/helpdesk-go/cmd/api/handlers.SaveOIDCSettings (7 handlers)
[GIN-debug] POST   /settings/mail            --> github.com/mark3748/helpdesk-go/cmd/api/handlers.SaveMailSettings (7 handlers)
[GIN-debug] POST   /settings/mail/send-test  --> github.com/mark3748/helpdesk-go/cmd/api/handlers.SendTestMail (7 handlers)
[GIN-debug] GET    /users/:id/roles          --> github.com/mark3748/helpdesk-go/cmd/api.(*App).mountAPI.ListUserRoles.func29 (7 handlers)
[GIN-debug] POST   /users/:id/roles          --> github.com/mark3748/helpdesk-go/cmd/api.(*App).mountAPI.AddUserRole.func31 (7 handlers)
[GIN-debug] DELETE /users/:id/roles/:role    --> github.com/mark3748/helpdesk-go/cmd/api.(*App).mountAPI.RemoveUserRole.func33 (7 handlers)
[GIN-debug] GET    /users                    --> github.com/mark3748/helpdesk-go/cmd/api.(*App).mountAPI.List.func35 (7 handlers)
[GIN-debug] GET    /users/:id                --> github.com/mark3748/helpdesk-go/cmd/api.(*App).mountAPI.Get.func37 (7 handlers)
[GIN-debug] POST   /users                    --> github.com/mark3748/helpdesk-go/cmd/api.(*App).mountAPI.CreateLocal.func39 (7 handlers)
[GIN-debug] GET    /roles                    --> github.com/mark3748/helpdesk-go/cmd/api.(*App).mountAPI.List.func41 (7 handlers)
[GIN-debug] GET    /requesters               --> github.com/mark3748/helpdesk-go/cmd/api.(*App).mountAPI.Search.func42 (6 handlers)
[GIN-debug] GET    /requesters/:id           --> github.com/mark3748/helpdesk-go/cmd/api.(*App).getRequester-fm (6 handlers)
[GIN-debug] POST   /requesters               --> github.com/mark3748/helpdesk-go/cmd/api.(*App).createRequester-fm (7 handlers)
[GIN-debug] PATCH  /requesters/:id           --> github.com/mark3748/helpdesk-go/cmd/api.(*App).updateRequester-fm (7 handlers)
[GIN-debug] GET    /teams                    --> github.com/mark3748/helpdesk-go/cmd/api.(*App).mountAPI.List.func45 (6 handlers)
[GIN-debug] GET    /slas                     --> github.com/mark3748/helpdesk-go/cmd/api.(*App).mountAPI.List.func46 (6 handlers)
[GIN-debug] GET    /kb                       --> github.com/mark3748/helpdesk-go/cmd/api.(*App).mountAPI.Search.func47 (6 handlers)
[GIN-debug] GET    /kb/:slug                 --> github.com/mark3748/helpdesk-go/cmd/api.(*App).mountAPI.Get.func48 (6 handlers)
[GIN-debug] POST   /kb                       --> github.com/mark3748/helpdesk-go/cmd/api.(*App).mountAPI.Create.func50 (7 handlers)
[GIN-debug] PUT    /kb/:slug                 --> github.com/mark3748/helpdesk-go/cmd/api.(*App).mountAPI.Update.func52 (7 handlers)
[GIN-debug] DELETE /kb/:slug                 --> github.com/mark3748/helpdesk-go/cmd/api.(*App).mountAPI.Delete.func54 (7 handlers)
[GIN-debug] GET    /tickets                  --> github.com/mark3748/helpdesk-go/cmd/api.(*App).mountAPI.List.func55 (6 handlers)
[GIN-debug] POST   /tickets                  --> github.com/mark3748/helpdesk-go/cmd/api.(*App).mountAPI.Create.func59 (6 handlers)
[GIN-debug] GET    /tickets/:id              --> github.com/mark3748/helpdesk-go/cmd/api.(*App).mountAPI.Get.func60 (6 handlers)
[GIN-debug] PATCH  /tickets/:id              --> github.com/mark3748/helpdesk-go/cmd/api.(*App).mountAPI.Update.func62 (7 handlers)
[GIN-debug] GET    /tickets/:id/comments     --> github.com/mark3748/helpdesk-go/cmd/api.(*App).mountAPI.List.func63 (6 handlers)
[GIN-debug] POST   /tickets/:id/comments     --> github.com/mark3748/helpdesk-go/cmd/api.(*App).mountAPI.Add.func64 (6 handlers)
[GIN-debug] GET    /tickets/:id/attachments  --> github.com/mark3748/helpdesk-go/cmd/api.(*App).mountAPI.List.func65 (6 handlers)
[GIN-debug] POST   /tickets/:id/attachments/presign --> github.com/mark3748/helpdesk-go/cmd/api.(*App).mountAPI.Presign.func75 (6 handlers)
[GIN-debug] POST   /tickets/:id/attachments  --> github.com/mark3748/helpdesk-go/cmd/api.(*App).mountAPI.Finalize.func76 (6 handlers)
[GIN-debug] GET    /tickets/:id/attachments/:attID --> github.com/mark3748/helpdesk-go/cmd/api.(*App).mountAPI.Get.func77 (6 handlers)
[GIN-debug] PUT    /attachments/upload/:objectKey --> github.com/mark3748/helpdesk-go/cmd/api.(*App).mountAPI.UploadObject.func78 (6 handlers)
[GIN-debug] DELETE /tickets/:id/attachments/:attID --> github.com/mark3748/helpdesk-go/cmd/api.(*App).mountAPI.Delete.func79 (6 handlers)
[GIN-debug] GET    /tickets/:id/watchers     --> github.com/mark3748/helpdesk-go/cmd/api.(*App).mountAPI.List.func80 (6 handlers)
[GIN-debug] POST   /tickets/:id/watchers     --> github.com/mark3748/helpdesk-go/cmd/api.(*App).mountAPI.Add.func81 (6 handlers)
[GIN-debug] DELETE /tickets/:id/watchers/:uid --> github.com/mark3748/helpdesk-go/cmd/api.(*App).mountAPI.Remove.func82 (6 handlers)
[GIN-debug] GET    /emails/outbound          --> github.com/mark3748/helpdesk-go/cmd/api.(*App).mountAPI.ListOutbound.func84 (7 handlers)
[GIN-debug] GET    /metrics/sla              --> github.com/mark3748/helpdesk-go/cmd/api.(*App).mountAPI.SLA.func86 (7 handlers)
[GIN-debug] GET    /metrics/resolution       --> github.com/mark3748/helpdesk-go/cmd/api.(*App).mountAPI.Resolution.func88 (7 handlers)
[GIN-debug] GET    /metrics/tickets          --> github.com/mark3748/helpdesk-go/cmd/api.(*App).mountAPI.TicketVolume.func90 (7 handlers)
[GIN-debug] GET    /metrics/dashboard        --> github.com/mark3748/helpdesk-go/cmd/api.(*App).mountAPI.Dashboard.func92 (7 handlers)
[GIN-debug] GET    /metrics/agent            --> github.com/mark3748/helpdesk-go/cmd/api.(*App).mountAPI.Agent.func94 (7 handlers)
[GIN-debug] GET    /metrics/manager          --> github.com/mark3748/helpdesk-go/cmd/api.(*App).mountAPI.Manager.func96 (7 handlers)
[GIN-debug] POST   /exports/tickets          --> github.com/mark3748/helpdesk-go/cmd/api.(*App).exportTicketsBridge-fm (7 handlers)
[GIN-debug] GET    /exports/tickets/:job_id  --> github.com/mark3748/helpdesk-go/cmd/api.(*App).exportTicketsStatus-fm (7 handlers)
[GIN-debug] GET    /webhooks                 --> github.com/mark3748/helpdesk-go/cmd/api.(*App).mountAPI.List.func100 (7 handlers)
[GIN-debug] POST   /webhooks                 --> github.com/mark3748/helpdesk-go/cmd/api.(*App).mountAPI.Create.func102 (7 handlers)
[GIN-debug] DELETE /webhooks/:id             --> github.com/mark3748/helpdesk-go/cmd/api.(*App).mountAPI.Delete.func104 (7 handlers)
[GIN-debug] GET    /asset-categories         --> github.com/mark3748/helpdesk-go/cmd/api.(*App).mountAPI.ListCategories.func105 (6 handlers)
[GIN-debug] POST   /asset-categories         --> github.com/mark3748/helpdesk-go/cmd/api.(*App).mountAPI.CreateCategory.func107 (7 handlers)
[GIN-debug] GET    /asset-categories/:id     --> github.com/mark3748/helpdesk-go/cmd/api.(*App).mountAPI.GetCategory.func108 (6 handlers)
[GIN-debug] GET    /assets                   --> github.com/mark3748/helpdesk-go/cmd/api.(*App).mountAPI.ListAssets.func109 (6 handlers)
[GIN-debug] POST   /assets                   --> github.com/mark3748/helpdesk-go/cmd/api.(*App).mountAPI.CreateAsset.func111 (7 handlers)
[GIN-debug] GET    /assets/:id               --> github.com/mark3748/helpdesk-go/cmd/api.(*App).mountAPI.GetAsset.func112 (6 handlers)
[GIN-debug] PATCH  /assets/:id               --> github.com/mark3748/helpdesk-go/cmd/api.(*App).mountAPI.UpdateAsset.func114 (7 handlers)
[GIN-debug] DELETE /assets/:id               --> github.com/mark3748/helpdesk-go/cmd/api.(*App).mountAPI.DeleteAsset.func116 (7 handlers)
[GIN-debug] POST   /assets/:id/assign        --> github.com/mark3748/helpdesk-go/cmd/api.(*App).mountAPI.AssignAsset.func118 (7 handlers)
[GIN-debug] GET    /assets/:id/history       --> github.com/mark3748/helpdesk-go/cmd/api.(*App).mountAPI.GetAssetHistory.func119 (6 handlers)
[GIN-debug] GET    /assets/:id/assignments   --> github.com/mark3748/helpdesk-go/cmd/api.(*App).mountAPI.GetAssetAssignments.func120 (6 handlers)
[GIN-debug] GET    /assets/:id/attachments   --> github.com/mark3748/helpdesk-go/cmd/api.(*App).mountAPI.ListAttachments.func121 (6 handlers)
[GIN-debug] POST   /assets/:id/attachments/presign --> github.com/mark3748/helpdesk-go/cmd/api.(*App).mountAPI.PresignAssetUpload.func123 (7 handlers)
[GIN-debug] POST   /assets/:id/attachments   --> github.com/mark3748/helpdesk-go/cmd/api.(*App).mountAPI.FinalizeAssetAttachment.func125 (7 handlers)
[GIN-debug] GET    /assets/:id/attachments/:attachmentID --> github.com/mark3748/helpdesk-go/cmd/api.(*App).mountAPI.GetAssetAttachment.func126 (6 handlers)
[GIN-debug] DELETE /assets/:id/attachments/:attachmentID --> github.com/mark3748/helpdesk-go/cmd/api.(*App).mountAPI.DeleteAssetAttachment.func128 (7 handlers)
[GIN-debug] PUT    /assets/attachments/upload/:objectKey --> github.com/mark3748/helpdesk-go/cmd/api.(*App).mountAPI.UploadAssetObject.func129 (6 handlers)
[GIN-debug] POST   /assets/:id/status-change --> github.com/mark3748/helpdesk-go/cmd/api.(*App).mountAPI.RequestStatusChange.func131 (7 handlers)
[GIN-debug] POST   /workflows/:id/approve    --> github.com/mark3748/helpdesk-go/cmd/api.(*App).mountAPI.ApproveWorkflow.func133 (7 handlers)
[GIN-debug] POST   /workflows/:id/reject     --> github.com/mark3748/helpdesk-go/cmd/api.(*App).mountAPI.RejectWorkflow.func135 (7 handlers)
[GIN-debug] POST   /assets/:id/checkout      --> github.com/mark3748/helpdesk-go/cmd/api.(*App).mountAPI.CheckoutAsset.func137 (7 handlers)
[GIN-debug] POST   /assets/checkin           --> github.com/mark3748/helpdesk-go/cmd/api.(*App).mountAPI.CheckinAsset.func139 (7 handlers)
[GIN-debug] GET    /assets/checkouts/active  --> github.com/mark3748/helpdesk-go/cmd/api.(*App).mountAPI.GetActiveCheckouts.func140 (6 handlers)
[GIN-debug] GET    /assets/checkouts/overdue --> github.com/mark3748/helpdesk-go/cmd/api.(*App).mountAPI.GetOverdueCheckouts.func141 (6 handlers)
[GIN-debug] POST   /assets/:id/relationships --> github.com/mark3748/helpdesk-go/cmd/api.(*App).mountAPI.CreateRelationship.func143 (7 handlers)
[GIN-debug] GET    /assets/:id/relationships/graph --> github.com/mark3748/helpdesk-go/cmd/api.(*App).mountAPI.GetRelationshipGraph.func144 (6 handlers)
[GIN-debug] GET    /assets/:id/impact-analysis --> github.com/mark3748/helpdesk-go/cmd/api.(*App).mountAPI.GetAssetImpactAnalysis.func145 (6 handlers)
[GIN-debug] POST   /assets/bulk/update       --> github.com/mark3748/helpdesk-go/cmd/api.(*App).mountAPI.BulkUpdateAssets.func147 (7 handlers)
[GIN-debug] POST   /assets/bulk/assign       --> github.com/mark3748/helpdesk-go/cmd/api.(*App).mountAPI.BulkAssignAssets.func149 (7 handlers)
[GIN-debug] GET    /assets/bulk/operations/:id --> github.com/mark3748/helpdesk-go/cmd/api.(*App).mountAPI.GetBulkOperation.func150 (6 handlers)
[GIN-debug] POST   /assets/import/preview    --> github.com/mark3748/helpdesk-go/cmd/api.(*App).mountAPI.ImportAssetsPreview.func152 (7 handlers)
[GIN-debug] POST   /assets/import            --> github.com/mark3748/helpdesk-go/cmd/api.(*App).mountAPI.ImportAssets.func154 (7 handlers)
[GIN-debug] POST   /assets/export            --> github.com/mark3748/helpdesk-go/cmd/api.(*App).mountAPI.ExportAssets.func156 (7 handlers)
[GIN-debug] GET    /assets/:id/audit         --> github.com/mark3748/helpdesk-go/cmd/api.(*App).mountAPI.GetAuditHistory.func157 (6 handlers)
[GIN-debug] GET    /assets/audit/summary     --> github.com/mark3748/helpdesk-go/cmd/api.(*App).mountAPI.GetAuditSummary.func159 (7 handlers)
[GIN-debug] GET    /assets/analytics         --> github.com/mark3748/helpdesk-go/cmd/api.(*App).mountAPI.GetAssetAnalytics.func161 (7 handlers)
[GIN-debug] GET    /problems                 --> github.com/mark3748/helpdesk-go/cmd/api.(*App).mountAPI.List.func162 (6 handlers)
[GIN-debug] POST   /problems                 --> github.com/mark3748/helpdesk-go/cmd/api.(*App).mountAPI.Create.func163 (6 handlers)
[GIN-debug] GET    /problems/:id             --> github.com/mark3748/helpdesk-go/cmd/api.(*App).mountAPI.Get.func164 (6 handlers)
[GIN-debug] PUT    /problems/:id             --> github.com/mark3748/helpdesk-go/cmd/api.(*App).mountAPI.Update.func165 (6 handlers)
[GIN-debug] DELETE /problems/:id             --> github.com/mark3748/helpdesk-go/cmd/api.(*App).mountAPI.Delete.func166 (6 handlers)
[GIN-debug] GET    /changes                  --> github.com/mark3748/helpdesk-go/cmd/api.(*App).mountAPI.List.func167 (6 handlers)
[GIN-debug] POST   /changes                  --> github.com/mark3748/helpdesk-go/cmd/api.(*App).mountAPI.Create.func168 (6 handlers)
[GIN-debug] GET    /changes/:id              --> github.com/mark3748/helpdesk-go/cmd/api.(*App).mountAPI.Get.func169 (6 handlers)
[GIN-debug] PUT    /changes/:id              --> github.com/mark3748/helpdesk-go/cmd/api.(*App).mountAPI.Update.func170 (6 handlers)
[GIN-debug] DELETE /changes/:id              --> github.com/mark3748/helpdesk-go/cmd/api.(*App).mountAPI.Delete.func171 (6 handlers)
[GIN-debug] GET    /releases                 --> github.com/mark3748/helpdesk-go/cmd/api.(*App).mountAPI.List.func172 (6 handlers)
[GIN-debug] POST   /releases                 --> github.com/mark3748/helpdesk-go/cmd/api.(*App).mountAPI.Create.func173 (6 handlers)
[GIN-debug] GET    /releases/:id             --> github.com/mark3748/helpdesk-go/cmd/api.(*App).mountAPI.Get.func174 (6 handlers)
[GIN-debug] PUT    /releases/:id             --> github.com/mark3748/helpdesk-go/cmd/api.(*App).mountAPI.Update.func175 (6 handlers)
[GIN-debug] DELETE /releases/:id             --> github.com/mark3748/helpdesk-go/cmd/api.(*App).mountAPI.Delete.func176 (6 handlers)
[GIN-debug] GET    /api/livez                --> github.com/mark3748/helpdesk-go/cmd/api.(*App).mountAPI.func1 (5 handlers)
[GIN-debug] GET    /api/readyz               --> github.com/mark3748/helpdesk-go/cmd/api.(*App).readyz-fm (5 handlers)
[GIN-debug] GET    /api/healthz              --> github.com/mark3748/helpdesk-go/cmd/api.(*App).mountAPI.func2 (5 handlers)
[GIN-debug] GET    /api/csat/:token          --> github.com/mark3748/helpdesk-go/cmd/api.(*App).csatForm-fm (5 handlers)
[GIN-debug] POST   /api/csat/:token          --> github.com/mark3748/helpdesk-go/cmd/api.(*App).submitCSAT-fm (5 handlers)
[GIN-debug] GET    /api/metrics              --> github.com/mark3748/helpdesk-go/cmd/api.(*App).mountAPI.WrapH.func9 (5 handlers)
[GIN-debug] GET    /api/swagger/*filepath    --> github.com/gin-gonic/gin.(*RouterGroup).createStaticHandler.func1 (5 handlers)
[GIN-debug] HEAD   /api/swagger/*filepath    --> github.com/gin-gonic/gin.(*RouterGroup).createStaticHandler.func1 (5 handlers)
[GIN-debug] GET    /api/docs                 --> github.com/mark3748/helpdesk-go/cmd/api.(*App).docsUI-fm (5 handlers)
[GIN-debug] GET    /api/openapi.yaml         --> github.com/mark3748/helpdesk-go/cmd/api.(*App).openapiSpec-fm (5 handlers)
[GIN-debug] POST   /api/webhooks/email-inbound --> github.com/mark3748/helpdesk-go/cmd/api.(*App).mountAPI.EmailInbound.func18 (5 handlers)
[GIN-debug] GET    /api/me                   --> github.com/mark3748/helpdesk-go/cmd/api/auth.Me (6 handlers)
[GIN-debug] GET    /api/me/profile           --> github.com/mark3748/helpdesk-go/cmd/api.(*App).getMyProfile-fm (6 handlers)
[GIN-debug] PATCH  /api/me/profile           --> github.com/mark3748/helpdesk-go/cmd/api.(*App).updateMyProfile-fm (6 handlers)
[GIN-debug] POST   /api/me/password          --> github.com/mark3748/helpdesk-go/cmd/api.(*App).changeMyPassword-fm (6 handlers)
[GIN-debug] GET    /api/events               --> github.com/mark3748/helpdesk-go/cmd/api.(*App).mountAPI.Events.func20 (6 handlers)
[GIN-debug] GET    /api/settings             --> github.com/mark3748/helpdesk-go/cmd/api/handlers.GetSettings (7 handlers)
[GIN-debug] GET    /api/features             --> github.com/mark3748/helpdesk-go/cmd/api.(*App).mountAPI.Features.func22 (6 handlers)
[GIN-debug] POST   /api/test-connection      --> github.com/mark3748/helpdesk-go/cmd/api/handlers.TestConnection (7 handlers)
[GIN-debug] POST   /api/settings/storage     --> github.com/mark3748/helpdesk-go/cmd/api/handlers.SaveStorageSettings (7 handlers)
[GIN-debug] POST   /api/settings/oidc        --> github.com/mark3748/helpdesk-go/cmd/api/handlers.SaveOIDCSettings (7 handlers)
[GIN-debug] POST   /api/settings/mail        --> github.com/mark3748/helpdesk-go/cmd/api/handlers.SaveMailSettings (7 handlers)
[GIN-debug] POST   /api/settings/mail/send-test --> github.com/mark3748/helpdesk-go/cmd/api/handlers.SendTestMail (7 handlers)
[GIN-debug] GET    /api/users/:id/roles      --> github.com/mark3748/helpdesk-go/cmd/api.(*App).mountAPI.ListUserRoles.func29 (7 handlers)
[GIN-debug] POST   /api/users/:id/roles      --> github.com/mark3748/helpdesk-go/cmd/api.(*App).mountAPI.AddUserRole.func31 (7 handlers)
[GIN-debug] DELETE /api/users/:id/roles/:role --> github.com/mark3748/helpdesk-go/cmd/api.(*App).mountAPI.RemoveUserRole.func33 (7 handlers)
[GIN-debug] GET    /api/users                --> github.com/mark3748/helpdesk-go/cmd/api.(*App).mountAPI.List.func35 (7 handlers)
[GIN-debug] GET    /api/users/:id            --> github.com/mark3748/helpdesk-go/cmd/api.(*App).mountAPI.Get.func37 (7 handlers)
[GIN-debug] POST   /api/users                --> github.com/mark3748/helpdesk-go/cmd/api.(*App).mountAPI.CreateLocal.func39 (7 handlers)
[GIN-debug] GET    /api/roles                --> github.com/mark3748/helpdesk-go/cmd/api.(*App).mountAPI.List.func41 (7 handlers)
[GIN-debug] GET    /api/requesters           --> github.com/mark3748/helpdesk-go/cmd/api.(*App).mountAPI.Search.func42 (6 handlers)
[GIN-debug] GET    /api/requesters/:id       --> github.com/mark3748/helpdesk-go/cmd/api.(*App).getRequester-fm (6 handlers)
[GIN-debug] POST   /api/requesters           --> github.com/mark3748/helpdesk-go/cmd/api.(*App).createRequester-fm (7 handlers)
[GIN-debug] PATCH  /api/requesters/:id       --> github.com/mark3748/helpdesk-go/cmd/api.(*App).updateRequester-fm (7 handlers)
[GIN-debug] GET    /api/teams                --> github.com/mark3748/helpdesk-go/cmd/api.(*App).mountAPI.List.func45 (6 handlers)
[GIN-debug] GET    /api/slas                 --> github.com/mark3748/helpdesk-go/cmd/api.(*App).mountAPI.List.func46 (6 handlers)
[GIN-debug] GET    /api/kb                   --> github.com/mark3748/helpdesk-go/cmd/api.(*App).mountAPI.Search.func47 (6 handlers)
[GIN-debug] GET    /api/kb/:slug             --> github.com/mark3748/helpdesk-go/cmd/api.(*App).mountAPI.Get.func48 (6 handlers)
[GIN-debug] POST   /api/kb                   --> github.com/mark3748/helpdesk-go/cmd/api.(*App).mountAPI.Create.func50 (7 handlers)
[GIN-debug] PUT    /api/kb/:slug             --> github.com/mark3748/helpdesk-go/cmd/api.(*App).mountAPI.Update.func52 (7 handlers)
[GIN-debug] DELETE /api/kb/:slug             --> github.com/mark3748/helpdesk-go/cmd/api.(*App).mountAPI.Delete.func54 (7 handlers)
[GIN-debug] GET    /api/tickets              --> github.com/mark3748/helpdesk-go/cmd/api.(*App).mountAPI.List.func55 (6 handlers)
[GIN-debug] POST   /api/tickets              --> github.com/mark3748/helpdesk-go/cmd/api.(*App).mountAPI.Create.func59 (6 handlers)
[GIN-debug] GET    /api/tickets/:id          --> github.com/mark3748/helpdesk-go/cmd/api.(*App).mountAPI.Get.func60 (6 handlers)
[GIN-debug] PATCH  /api/tickets/:id          --> github.com/mark3748/helpdesk-go/cmd/api.(*App).mountAPI.Update.func62 (7 handlers)
[GIN-debug] GET    /api/tickets/:id/comments --> github.com/mark3748/helpdesk-go/cmd/api.(*App).mountAPI.List.func63 (6 handlers)
[GIN-debug] POST   /api/tickets/:id/comments --> github.com/mark3748/helpdesk-go/cmd/api.(*App).mountAPI.Add.func64 (6 handlers)
[GIN-debug] GET    /api/tickets/:id/attachments --> github.com/mark3748/helpdesk-go/cmd/api.(*App).mountAPI.List.func65 (6 handlers)
[GIN-debug] POST   /api/tickets/:id/attachments/presign --> github.com/mark3748/helpdesk-go/cmd/api.(*App).mountAPI.Presign.func75 (6 handlers)
[GIN-debug] POST   /api/tickets/:id/attachments --> github.com/mark3748/helpdesk-go/cmd/api.(*App).mountAPI.Finalize.func76 (6 handlers)
[GIN-debug] GET    /api/tickets/:id/attachments/:attID --> github.com/mark3748/helpdesk-go/cmd/api.(*App).mountAPI.Get.func77 (6 handlers)
[GIN-debug] PUT    /api/attachments/upload/:objectKey --> github.com/mark3748/helpdesk-go/cmd/api.(*App).mountAPI.UploadObject.func78 (6 handlers)
[GIN-debug] DELETE /api/tickets/:id/attachments/:attID --> github.com/mark3748/helpdesk-go/cmd/api.(*App).mountAPI.Delete.func79 (6 handlers)
[GIN-debug] GET    /api/tickets/:id/watchers --> github.com/mark3748/helpdesk-go/cmd/api.(*App).mountAPI.List.func80 (6 handlers)
[GIN-debug] POST   /api/tickets/:id/watchers --> github.com/mark3748/helpdesk-go/cmd/api.(*App).mountAPI.Add.func81 (6 handlers)
[GIN-debug] DELETE /api/tickets/:id/watchers/:uid --> github.com/mark3748/helpdesk-go/cmd/api.(*App).mountAPI.Remove.func82 (6 handlers)
[GIN-debug] GET    /api/emails/outbound      --> github.com/mark3748/helpdesk-go/cmd/api.(*App).mountAPI.ListOutbound.func84 (7 handlers)
[GIN-debug] GET    /api/metrics/sla          --> github.com/mark3748/helpdesk-go/cmd/api.(*App).mountAPI.SLA.func86 (7 handlers)
[GIN-debug] GET    /api/metrics/resolution   --> github.com/mark3748/helpdesk-go/cmd/api.(*App).mountAPI.Resolution.func88 (7 handlers)
[GIN-debug] GET    /api/metrics/tickets      --> github.com/mark3748/helpdesk-go/cmd/api.(*App).mountAPI.TicketVolume.func90 (7 handlers)
[GIN-debug] GET    /api/metrics/dashboard    --> github.com/mark3748/helpdesk-go/cmd/api.(*App).mountAPI.Dashboard.func92 (7 handlers)
[GIN-debug] GET    /api/metrics/agent        --> github.com/mark3748/helpdesk-go/cmd/api.(*App).mountAPI.Agent.func94 (7 handlers)
[GIN-debug] GET    /api/metrics/manager      --> github.com/mark3748/helpdesk-go/cmd/api.(*App).mountAPI.Manager.func96 (7 handlers)
[GIN-debug] POST   /api/exports/tickets      --> github.com/mark3748/helpdesk-go/cmd/api.(*App).exportTicketsBridge-fm (7 handlers)
[GIN-debug] GET    /api/exports/tickets/:job_id --> github.com/mark3748/helpdesk-go/cmd/api.(*App).exportTicketsStatus-fm (7 handlers)
[GIN-debug] GET    /api/webhooks             --> github.com/mark3748/helpdesk-go/cmd/api.(*App).mountAPI.List.func100 (7 handlers)
[GIN-debug] POST   /api/webhooks             --> github.com/mark3748/helpdesk-go/cmd/api.(*App).mountAPI.Create.func102 (7 handlers)
[GIN-debug] DELETE /api/webhooks/:id         --> github.com/mark3748/helpdesk-go/cmd/api.(*App).mountAPI.Delete.func104 (7 handlers)
[GIN-debug] GET    /api/asset-categories     --> github.com/mark3748/helpdesk-go/cmd/api.(*App).mountAPI.ListCategories.func105 (6 handlers)
[GIN-debug] POST   /api/asset-categories     --> github.com/mark3748/helpdesk-go/cmd/api.(*App).mountAPI.CreateCategory.func107 (7 handlers)
[GIN-debug] GET    /api/asset-categories/:id --> github.com/mark3748/helpdesk-go/cmd/api.(*App).mountAPI.GetCategory.func108 (6 handlers)
[GIN-debug] GET    /api/assets               --> github.com/mark3748/helpdesk-go/cmd/api.(*App).mountAPI.ListAssets.func109 (6 handlers)
[GIN-debug] POST   /api/assets               --> github.com/mark3748/helpdesk-go/cmd/api.(*App).mountAPI.CreateAsset.func111 (7 handlers)
[GIN-debug] GET    /api/assets/:id           --> github.com/mark3748/helpdesk-go/cmd/api.(*App).mountAPI.GetAsset.func112 (6 handlers)
[GIN-debug] PATCH  /api/assets/:id           --> github.com/mark3748/helpdesk-go/cmd/api.(*App).mountAPI.UpdateAsset.func114 (7 handlers)
[GIN-debug] DELETE /api/assets/:id           --> github.com/mark3748/helpdesk-go/cmd/api.(*App).mountAPI.DeleteAsset.func116 (7 handlers)
[GIN-debug] POST   /api/assets/:id/assign    --> github.com/mark3748/helpdesk-go/cmd/api.(*App).mountAPI.AssignAsset.func118 (7 handlers)
[GIN-debug] GET    /api/assets/:id/history   --> github.com/mark3748/helpdesk-go/cmd/api.(*App).mountAPI.GetAssetHistory.func119 (6 handlers)
[GIN-debug] GET    /api/assets/:id/assignments --> github.com/mark3748/helpdesk-go/cmd/api.(*App).mountAPI.GetAssetAssignments.func120 (6 handlers)
[GIN-debug] GET    /api/assets/:id/attachments --> github.com/mark3748/helpdesk-go/cmd/api.(*App).mountAPI.ListAttachments.func121 (6 handlers)
[GIN-debug] POST   /api/assets/:id/attachments/presign --> github.com/mark3748/helpdesk-go/cmd/api.(*App).mountAPI.PresignAssetUpload.func123 (7 handlers)
[GIN-debug] POST   /api/assets/:id/attachments --> github.com/mark3748/helpdesk-go/cmd/api.(*App).mountAPI.FinalizeAssetAttachment.func125 (7 handlers)
[GIN-debug] GET    /api/assets/:id/attachments/:attachmentID --> github.com/mark3748/helpdesk-go/cmd/api.(*App).mountAPI.GetAssetAttachment.func126 (6 handlers)
[GIN-debug] DELETE /api/assets/:id/attachments/:attachmentID --> github.com/mark3748/helpdesk-go/cmd/api.(*App).mountAPI.DeleteAssetAttachment.func128 (7 handlers)
[GIN-debug] PUT    /api/assets/attachments/upload/:objectKey --> github.com/mark3748/helpdesk-go/cmd/api.(*App).mountAPI.UploadAssetObject.func129 (6 handlers)
[GIN-debug] POST   /api/assets/:id/status-change --> github.com/mark3748/helpdesk-go/cmd/api.(*App).mountAPI.RequestStatusChange.func131 (7 handlers)
[GIN-debug] POST   /api/workflows/:id/approve --> github.com/mark3748/helpdesk-go/cmd/api.(*App).mountAPI.ApproveWorkflow.func133 (7 handlers)
[GIN-debug] POST   /api/workflows/:id/reject --> github.com/mark3748/helpdesk-go/cmd/api.(*App).mountAPI.RejectWorkflow.func135 (7 handlers)
[GIN-debug] POST   /api/assets/:id/checkout  --> github.com/mark3748/helpdesk-go/cmd/api.(*App).mountAPI.CheckoutAsset.func137 (7 handlers)
[GIN-debug] POST   /api/assets/checkin       --> github.com/mark3748/helpdesk-go/cmd/api.(*App).mountAPI.CheckinAsset.func139 (7 handlers)
[GIN-debug] GET    /api/assets/checkouts/active --> github.com/mark3748/helpdesk-go/cmd/api.(*App).mountAPI.GetActiveCheckouts.func140 (6 handlers)
[GIN-debug] GET    /api/assets/checkouts/overdue --> github.com/mark3748/helpdesk-go/cmd/api.(*App).mountAPI.GetOverdueCheckouts.func141 (6 handlers)
[GIN-debug] POST   /api/assets/:id/relationships --> github.com/mark3748/helpdesk-go/cmd/api.(*App).mountAPI.CreateRelationship.func143 (7 handlers)
[GIN-debug] GET    /api/assets/:id/relationships/graph --> github.com/mark3748/helpdesk-go/cmd/api.(*App).mountAPI.GetRelationshipGraph.func144 (6 handlers)
[GIN-debug] GET    /api/assets/:id/impact-analysis --> github.com/mark3748/helpdesk-go/cmd/api.(*App).mountAPI.GetAssetImpactAnalysis.func145 (6 handlers)
[GIN-debug] POST   /api/assets/bulk/update   --> github.com/mark3748/helpdesk-go/cmd/api.(*App).mountAPI.BulkUpdateAssets.func147 (7 handlers)
[GIN-debug] POST   /api/assets/bulk/assign   --> github.com/mark3748/helpdesk-go/cmd/api.(*App).mountAPI.BulkAssignAssets.func149 (7 handlers)
[GIN-debug] GET    /api/assets/bulk/operations/:id --> github.com/mark3748/helpdesk-go/cmd/api.(*App).mountAPI.GetBulkOperation.func150 (6 handlers)
[GIN-debug] POST   /api/assets/import/preview --> github.com/mark3748/helpdesk-go/cmd/api.(*App).mountAPI.ImportAssetsPreview.func152 (7 handlers)
[GIN-debug] POST   /api/assets/import        --> github.com/mark3748/helpdesk-go/cmd/api.(*App).mountAPI.ImportAssets.func154 (7 handlers)
[GIN-debug] POST   /api/assets/export        --> github.com/mark3748/helpdesk-go/cmd/api.(*App).mountAPI.ExportAssets.func156 (7 handlers)
[GIN-debug] GET    /api/assets/:id/audit     --> github.com/mark3748/helpdesk-go/cmd/api.(*App).mountAPI.GetAuditHistory.func157 (6 handlers)
[GIN-debug] GET    /api/assets/audit/summary --> github.com/mark3748/helpdesk-go/cmd/api.(*App).mountAPI.GetAuditSummary.func159 (7 handlers)
[GIN-debug] GET    /api/assets/analytics     --> github.com/mark3748/helpdesk-go/cmd/api.(*App).mountAPI.GetAssetAnalytics.func161 (7 handlers)
[GIN-debug] GET    /api/problems             --> github.com/mark3748/helpdesk-go/cmd/api.(*App).mountAPI.List.func162 (6 handlers)
[GIN-debug] POST   /api/problems             --> github.com/mark3748/helpdesk-go/cmd/api.(*App).mountAPI.Create.func163 (6 handlers)
[GIN-debug] GET    /api/problems/:id         --> github.com/mark3748/helpdesk-go/cmd/api.(*App).mountAPI.Get.func164 (6 handlers)
[GIN-debug] PUT    /api/problems/:id         --> github.com/mark3748/helpdesk-go/cmd/api.(*App).mountAPI.Update.func165 (6 handlers)
[GIN-debug] DELETE /api/problems/:id         --> github.com/mark3748/helpdesk-go/cmd/api.(*App).mountAPI.Delete.func166 (6 handlers)
[GIN-debug] GET    /api/changes              --> github.com/mark3748/helpdesk-go/cmd/api.(*App).mountAPI.List.func167 (6 handlers)
[GIN-debug] POST   /api/changes              --> github.com/mark3748/helpdesk-go/cmd/api.(*App).mountAPI.Create.func168 (6 handlers)
[GIN-debug] GET    /api/changes/:id          --> github.com/mark3748/helpdesk-go/cmd/api.(*App).mountAPI.Get.func169 (6 handlers)
[GIN-debug] PUT    /api/changes/:id          --> github.com/mark3748/helpdesk-go/cmd/api.(*App).mountAPI.Update.func170 (6 handlers)
[GIN-debug] DELETE /api/changes/:id          --> github.com/mark3748/helpdesk-go/cmd/api.(*App).mountAPI.Delete.func171 (6 handlers)
[GIN-debug] GET    /api/releases             --> github.com/mark3748/helpdesk-go/cmd/api.(*App).mountAPI.List.func172 (6 handlers)
[GIN-debug] POST   /api/releases             --> github.com/mark3748/helpdesk-go/cmd/api.(*App).mountAPI.Create.func173 (6 handlers)
[GIN-debug] GET    /api/releases/:id         --> github.com/mark3748/helpdesk-go/cmd/api.(*App).mountAPI.Get.func174 (6 handlers)
[GIN-debug] PUT    /api/releases/:id         --> github.com/mark3748/helpdesk-go/cmd/api.(*App).mountAPI.Update.func175 (6 handlers)
[GIN-debug] DELETE /api/releases/:id         --> github.com/mark3748/helpdesk-go/cmd/api.(*App).mountAPI.Delete.func176 (6 handlers)
{"level":"info","request_id":"de979a95-53b2-4931-a78f-9f041ca43d13","method":"POST","path":"/requesters","status":201,"duration":0.094247,"time":"2025-12-20T00:53:51-07:00","message":"request"}
[GIN-debug] [WARNING] Running in "debug" mode. Switch to "release" mode in production.
 - using env:	export GIN_MODE=release
 - using code:	gin.SetMode(gin.ReleaseMode)

[GIN-debug] GET    /livez                    --> github.com/mark3748/helpdesk-go/cmd/api.(*App).mountAPI.func1 (5 handlers)
[GIN-debug] GET    /readyz                   --> github.com/mark3748/helpdesk-go/cmd/api.(*App).readyz-fm (5 handlers)
[GIN-debug] GET    /healthz                  --> github.com/mark3748/helpdesk-go/cmd/api.(*App).mountAPI.func2 (5 handlers)
[GIN-debug] GET    /csat/:token              --> github.com/mark3748/helpdesk-go/cmd/api.(*App).csatForm-fm (5 handlers)
[GIN-debug] POST   /csat/:token              --> github.com/mark3748/helpdesk-go/cmd/api.(*App).submitCSAT-fm (5 handlers)
[GIN-debug] GET    /metrics                  --> github.com/mark3748/helpdesk-go/cmd/api.(*App).mountAPI.WrapH.func9 (5 handlers)
[GIN-debug] GET    /swagger/*filepath        --> github.com/gin-gonic/gin.(*RouterGroup).createStaticHandler.func1 (5 handlers)
[GIN-debug] HEAD   /swagger/*filepath        --> github.com/gin-gonic/gin.(*RouterGroup).createStaticHandler.func1 (5 handlers)
[GIN-debug] GET    /docs                     --> github.com/mark3748/helpdesk-go/cmd/api.(*App).docsUI-fm (5 handlers)
[GIN-debug] GET    /openapi.yaml             --> github.com/mark3748/helpdesk-go/cmd/api.(*App).openapiSpec-fm (5 handlers)
[GIN-debug] POST   /webhooks/email-inbound   --> github.com/mark3748/helpdesk-go/cmd/api.(*App).mountAPI.EmailInbound.func18 (5 handlers)
[GIN-debug] GET    /me                       --> github.com/mark3748/helpdesk-go/cmd/api/auth.Me (6 handlers)
[GIN-debug] GET    /me/profile               --> github.com/mark3748/helpdesk-go/cmd/api.(*App).getMyProfile-fm (6 handlers)
[GIN-debug] PATCH  /me/profile               --> github.com/mark3748/helpdesk-go/cmd/api.(*App).updateMyProfile-fm (6 handlers)
[GIN-debug] POST   /me/password              --> github.com/mark3748/helpdesk-go/cmd/api.(*App).changeMyPassword-fm (6 handlers)
[GIN-debug] GET    /events                   --> github.com/mark3748/helpdesk-go/cmd/api.(*App).mountAPI.Events.func20 (6 handlers)
[GIN-debug] GET    /settings                 --> github.com/mark3748/helpdesk-go/cmd/api/handlers.GetSettings (7 handlers)
[GIN-debug] GET    /features                 --> github.com/mark3748/helpdesk-go/cmd/api.(*App).mountAPI.Features.func22 (6 handlers)
[GIN-debug] POST   /test-connection          --> github.com/mark3748/helpdesk-go/cmd/api/handlers.TestConnection (7 handlers)
[GIN-debug] POST   /settings/storage         --> github.com/mark3748/helpdesk-go/cmd/api/handlers.SaveStorageSettings (7 handlers)
[GIN-debug] POST   /settings/oidc            --> github.com/mark3748/helpdesk-go/cmd/api/handlers.SaveOIDCSettings (7 handlers)
[GIN-debug] POST   /settings/mail            --> github.com/mark3748/helpdesk-go/cmd/api/handlers.SaveMailSettings (7 handlers)
[GIN-debug] POST   /settings/mail/send-test  --> github.com/mark3748/helpdesk-go/cmd/api/handlers.SendTestMail (7 handlers)
[GIN-debug] GET    /users/:id/roles          --> github.com/mark3748/helpdesk-go/cmd/api.(*App).mountAPI.ListUserRoles.func29 (7 handlers)
[GIN-debug] POST   /users/:id/roles          --> github.com/mark3748/helpdesk-go/cmd/api.(*App).mountAPI.AddUserRole.func31 (7 handlers)
[GIN-debug] DELETE /users/:id/roles/:role    --> github.com/mark3748/helpdesk-go/cmd/api.(*App).mountAPI.RemoveUserRole.func33 (7 handlers)
[GIN-debug] GET    /users                    --> github.com/mark3748/helpdesk-go/cmd/api.(*App).mountAPI.List.func35 (7 handlers)
[GIN-debug] GET    /users/:id                --> github.com/mark3748/helpdesk-go/cmd/api.(*App).mountAPI.Get.func37 (7 handlers)
[GIN-debug] POST   /users                    --> github.com/mark3748/helpdesk-go/cmd/api.(*App).mountAPI.CreateLocal.func39 (7 handlers)
[GIN-debug] GET    /roles                    --> github.com/mark3748/helpdesk-go/cmd/api.(*App).mountAPI.List.func41 (7 handlers)
[GIN-debug] GET    /requesters               --> github.com/mark3748/helpdesk-go/cmd/api.(*App).mountAPI.Search.func42 (6 handlers)
[GIN-debug] GET    /requesters/:id           --> github.com/mark3748/helpdesk-go/cmd/api.(*App).getRequester-fm (6 handlers)
[GIN-debug] POST   /requesters               --> github.com/mark3748/helpdesk-go/cmd/api.(*App).createRequester-fm (7 handlers)
[GIN-debug] PATCH  /requesters/:id           --> github.com/mark3748/helpdesk-go/cmd/api.(*App).updateRequester-fm (7 handlers)
[GIN-debug] GET    /teams                    --> github.com/mark3748/helpdesk-go/cmd/api.(*App).mountAPI.List.func45 (6 handlers)
[GIN-debug] GET    /slas                     --> github.com/mark3748/helpdesk-go/cmd/api.(*App).mountAPI.List.func46 (6 handlers)
[GIN-debug] GET    /kb                       --> github.com/mark3748/helpdesk-go/cmd/api.(*App).mountAPI.Search.func47 (6 handlers)
[GIN-debug] GET    /kb/:slug                 --> github.com/mark3748/helpdesk-go/cmd/api.(*App).mountAPI.Get.func48 (6 handlers)
[GIN-debug] POST   /kb                       --> github.com/mark3748/helpdesk-go/cmd/api.(*App).mountAPI.Create.func50 (7 handlers)
[GIN-debug] PUT    /kb/:slug                 --> github.com/mark3748/helpdesk-go/cmd/api.(*App).mountAPI.Update.func52 (7 handlers)
[GIN-debug] DELETE /kb/:slug                 --> github.com/mark3748/helpdesk-go/cmd/api.(*App).mountAPI.Delete.func54 (7 handlers)
[GIN-debug] GET    /tickets                  --> github.com/mark3748/helpdesk-go/cmd/api.(*App).mountAPI.List.func55 (6 handlers)
[GIN-debug] POST   /tickets                  --> github.com/mark3748/helpdesk-go/cmd/api.(*App).mountAPI.Create.func59 (6 handlers)
[GIN-debug] GET    /tickets/:id              --> github.com/mark3748/helpdesk-go/cmd/api.(*App).mountAPI.Get.func60 (6 handlers)
[GIN-debug] PATCH  /tickets/:id              --> github.com/mark3748/helpdesk-go/cmd/api.(*App).mountAPI.Update.func62 (7 handlers)
[GIN-debug] GET    /tickets/:id/comments     --> github.com/mark3748/helpdesk-go/cmd/api.(*App).mountAPI.List.func63 (6 handlers)
[GIN-debug] POST   /tickets/:id/comments     --> github.com/mark3748/helpdesk-go/cmd/api.(*App).mountAPI.Add.func64 (6 handlers)
[GIN-debug] GET    /tickets/:id/attachments  --> github.com/mark3748/helpdesk-go/cmd/api.(*App).mountAPI.List.func65 (6 handlers)
[GIN-debug] POST   /tickets/:id/attachments/presign --> github.com/mark3748/helpdesk-go/cmd/api.(*App).mountAPI.Presign.func75 (6 handlers)
[GIN-debug] POST   /tickets/:id/attachments  --> github.com/mark3748/helpdesk-go/cmd/api.(*App).mountAPI.Finalize.func76 (6 handlers)
[GIN-debug] GET    /tickets/:id/attachments/:attID --> github.com/mark3748/helpdesk-go/cmd/api.(*App).mountAPI.Get.func77 (6 handlers)
[GIN-debug] PUT    /attachments/upload/:objectKey --> github.com/mark3748/helpdesk-go/cmd/api.(*App).mountAPI.UploadObject.func78 (6 handlers)
[GIN-debug] DELETE /tickets/:id/attachments/:attID --> github.com/mark3748/helpdesk-go/cmd/api.(*App).mountAPI.Delete.func79 (6 handlers)
[GIN-debug] GET    /tickets/:id/watchers     --> github.com/mark3748/helpdesk-go/cmd/api.(*App).mountAPI.List.func80 (6 handlers)
[GIN-debug] POST   /tickets/:id/watchers     --> github.com/mark3748/helpdesk-go/cmd/api.(*App).mountAPI.Add.func81 (6 handlers)
[GIN-debug] DELETE /tickets/:id/watchers/:uid --> github.com/mark3748/helpdesk-go/cmd/api.(*App).mountAPI.Remove.func82 (6 handlers)
[GIN-debug] GET    /emails/outbound          --> github.com/mark3748/helpdesk-go/cmd/api.(*App).mountAPI.ListOutbound.func84 (7 handlers)
[GIN-debug] GET    /metrics/sla              --> github.com/mark3748/helpdesk-go/cmd/api.(*App).mountAPI.SLA.func86 (7 handlers)
[GIN-debug] GET    /metrics/resolution       --> github.com/mark3748/helpdesk-go/cmd/api.(*App).mountAPI.Resolution.func88 (7 handlers)
[GIN-debug] GET    /metrics/tickets          --> github.com/mark3748/helpdesk-go/cmd/api.(*App).mountAPI.TicketVolume.func90 (7 handlers)
[GIN-debug] GET    /metrics/dashboard        --> github.com/mark3748/helpdesk-go/cmd/api.(*App).mountAPI.Dashboard.func92 (7 handlers)
[GIN-debug] GET    /metrics/agent            --> github.com/mark3748/helpdesk-go/cmd/api.(*App).mountAPI.Agent.func94 (7 handlers)
[GIN-debug] GET    /metrics/manager          --> github.com/mark3748/helpdesk-go/cmd/api.(*App).mountAPI.Manager.func96 (7 handlers)
[GIN-debug] POST   /exports/tickets          --> github.com/mark3748/helpdesk-go/cmd/api.(*App).exportTicketsBridge-fm (7 handlers)
[GIN-debug] GET    /exports/tickets/:job_id  --> github.com/mark3748/helpdesk-go/cmd/api.(*App).exportTicketsStatus-fm (7 handlers)
[GIN-debug] GET    /webhooks                 --> github.com/mark3748/helpdesk-go/cmd/api.(*App).mountAPI.List.func100 (7 handlers)
[GIN-debug] POST   /webhooks                 --> github.com/mark3748/helpdesk-go/cmd/api.(*App).mountAPI.Create.func102 (7 handlers)
[GIN-debug] DELETE /webhooks/:id             --> github.com/mark3748/helpdesk-go/cmd/api.(*App).mountAPI.Delete.func104 (7 handlers)
[GIN-debug] GET    /asset-categories         --> github.com/mark3748/helpdesk-go/cmd/api.(*App).mountAPI.ListCategories.func105 (6 handlers)
[GIN-debug] POST   /asset-categories         --> github.com/mark3748/helpdesk-go/cmd/api.(*App).mountAPI.CreateCategory.func107 (7 handlers)
[GIN-debug] GET    /asset-categories/:id     --> github.com/mark3748/helpdesk-go/cmd/api.(*App).mountAPI.GetCategory.func108 (6 handlers)
[GIN-debug] GET    /assets                   --> github.com/mark3748/helpdesk-go/cmd/api.(*App).mountAPI.ListAssets.func109 (6 handlers)
[GIN-debug] POST   /assets                   --> github.com/mark3748/helpdesk-go/cmd/api.(*App).mountAPI.CreateAsset.func111 (7 handlers)
[GIN-debug] GET    /assets/:id               --> github.com/mark3748/helpdesk-go/cmd/api.(*App).mountAPI.GetAsset.func112 (6 handlers)
[GIN-debug] PATCH  /assets/:id               --> github.com/mark3748/helpdesk-go/cmd/api.(*App).mountAPI.UpdateAsset.func114 (7 handlers)
[GIN-debug] DELETE /assets/:id               --> github.com/mark3748/helpdesk-go/cmd/api.(*App).mountAPI.DeleteAsset.func116 (7 handlers)
[GIN-debug] POST   /assets/:id/assign        --> github.com/mark3748/helpdesk-go/cmd/api.(*App).mountAPI.AssignAsset.func118 (7 handlers)
[GIN-debug] GET    /assets/:id/history       --> github.com/mark3748/helpdesk-go/cmd/api.(*App).mountAPI.GetAssetHistory.func119 (6 handlers)
[GIN-debug] GET    /assets/:id/assignments   --> github.com/mark3748/helpdesk-go/cmd/api.(*App).mountAPI.GetAssetAssignments.func120 (6 handlers)
[GIN-debug] GET    /assets/:id/attachments   --> github.com/mark3748/helpdesk-go/cmd/api.(*App).mountAPI.ListAttachments.func121 (6 handlers)
[GIN-debug] POST   /assets/:id/attachments/presign --> github.com/mark3748/helpdesk-go/cmd/api.(*App).mountAPI.PresignAssetUpload.func123 (7 handlers)
[GIN-debug] POST   /assets/:id/attachments   --> github.com/mark3748/helpdesk-go/cmd/api.(*App).mountAPI.FinalizeAssetAttachment.func125 (7 handlers)
[GIN-debug] GET    /assets/:id/attachments/:attachmentID --> github.com/mark3748/helpdesk-go/cmd/api.(*App).mountAPI.GetAssetAttachment.func126 (6 handlers)
[GIN-debug] DELETE /assets/:id/attachments/:attachmentID --> github.com/mark3748/helpdesk-go/cmd/api.(*App).mountAPI.DeleteAssetAttachment.func128 (7 handlers)
[GIN-debug] PUT    /assets/attachments/upload/:objectKey --> github.com/mark3748/helpdesk-go/cmd/api.(*App).mountAPI.UploadAssetObject.func129 (6 handlers)
[GIN-debug] POST   /assets/:id/status-change --> github.com/mark3748/helpdesk-go/cmd/api.(*App).mountAPI.RequestStatusChange.func131 (7 handlers)
[GIN-debug] POST   /workflows/:id/approve    --> github.com/mark3748/helpdesk-go/cmd/api.(*App).mountAPI.ApproveWorkflow.func133 (7 handlers)
[GIN-debug] POST   /workflows/:id/reject     --> github.com/mark3748/helpdesk-go/cmd/api.(*App).mountAPI.RejectWorkflow.func135 (7 handlers)
[GIN-debug] POST   /assets/:id/checkout      --> github.com/mark3748/helpdesk-go/cmd/api.(*App).mountAPI.CheckoutAsset.func137 (7 handlers)
[GIN-debug] POST   /assets/checkin           --> github.com/mark3748/helpdesk-go/cmd/api.(*App).mountAPI.CheckinAsset.func139 (7 handlers)
[GIN-debug] GET    /assets/checkouts/active  --> github.com/mark3748/helpdesk-go/cmd/api.(*App).mountAPI.GetActiveCheckouts.func140 (6 handlers)
[GIN-debug] GET    /assets/checkouts/overdue --> github.com/mark3748/helpdesk-go/cmd/api.(*App).mountAPI.GetOverdueCheckouts.func141 (6 handlers)
[GIN-debug] POST   /assets/:id/relationships --> github.com/mark3748/helpdesk-go/cmd/api.(*App).mountAPI.CreateRelationship.func143 (7 handlers)
[GIN-debug] GET    /assets/:id/relationships/graph --> github.com/mark3748/helpdesk-go/cmd/api.(*App).mountAPI.GetRelationshipGraph.func144 (6 handlers)
[GIN-debug] GET    /assets/:id/impact-analysis --> github.com/mark3748/helpdesk-go/cmd/api.(*App).mountAPI.GetAssetImpactAnalysis.func145 (6 handlers)
[GIN-debug] POST   /assets/bulk/update       --> github.com/mark3748/helpdesk-go/cmd/api.(*App).mountAPI.BulkUpdateAssets.func147 (7 handlers)
[GIN-debug] POST   /assets/bulk/assign       --> github.com/mark3748/helpdesk-go/cmd/api.(*App).mountAPI.BulkAssignAssets.func149 (7 handlers)
[GIN-debug] GET    /assets/bulk/operations/:id --> github.com/mark3748/helpdesk-go/cmd/api.(*App).mountAPI.GetBulkOperation.func150 (6 handlers)
[GIN-debug] POST   /assets/import/preview    --> github.com/mark3748/helpdesk-go/cmd/api.(*App).mountAPI.ImportAssetsPreview.func152 (7 handlers)
[GIN-debug] POST   /assets/import            --> github.com/mark3748/helpdesk-go/cmd/api.(*App).mountAPI.ImportAssets.func154 (7 handlers)
[GIN-debug] POST   /assets/export            --> github.com/mark3748/helpdesk-go/cmd/api.(*App).mountAPI.ExportAssets.func156 (7 handlers)
[GIN-debug] GET    /assets/:id/audit         --> github.com/mark3748/helpdesk-go/cmd/api.(*App).mountAPI.GetAuditHistory.func157 (6 handlers)
[GIN-debug] GET    /assets/audit/summary     --> github.com/mark3748/helpdesk-go/cmd/api.(*App).mountAPI.GetAuditSummary.func159 (7 handlers)
[GIN-debug] GET    /assets/analytics         --> github.com/mark3748/helpdesk-go/cmd/api.(*App).mountAPI.GetAssetAnalytics.func161 (7 handlers)
[GIN-debug] GET    /problems                 --> github.com/mark3748/helpdesk-go/cmd/api.(*App).mountAPI.List.func162 (6 handlers)
[GIN-debug] POST   /problems                 --> github.com/mark3748/helpdesk-go/cmd/api.(*App).mountAPI.Create.func163 (6 handlers)
[GIN-debug] GET    /problems/:id             --> github.com/mark3748/helpdesk-go/cmd/api.(*App).mountAPI.Get.func164 (6 handlers)
[GIN-debug] PUT    /problems/:id             --> github.com/mark3748/helpdesk-go/cmd/api.(*App).mountAPI.Update.func165 (6 handlers)
[GIN-debug] DELETE /problems/:id             --> github.com/mark3748/helpdesk-go/cmd/api.(*App).mountAPI.Delete.func166 (6 handlers)
[GIN-debug] GET    /changes                  --> github.com/mark3748/helpdesk-go/cmd/api.(*App).mountAPI.List.func167 (6 handlers)
[GIN-debug] POST   /changes                  --> github.com/mark3748/helpdesk-go/cmd/api.(*App).mountAPI.Create.func168 (6 handlers)
[GIN-debug] GET    /changes/:id              --> github.com/mark3748/helpdesk-go/cmd/api.(*App).mountAPI.Get.func169 (6 handlers)
[GIN-debug] PUT    /changes/:id              --> github.com/mark3748/helpdesk-go/cmd/api.(*App).mountAPI.Update.func170 (6 handlers)
[GIN-debug] DELETE /changes/:id              --> github.com/mark3748/helpdesk-go/cmd/api.(*App).mountAPI.Delete.func171 (6 handlers)
[GIN-debug] GET    /releases                 --> github.com/mark3748/helpdesk-go/cmd/api.(*App).mountAPI.List.func172 (6 handlers)
[GIN-debug] POST   /releases                 --> github.com/mark3748/helpdesk-go/cmd/api.(*App).mountAPI.Create.func173 (6 handlers)
[GIN-debug] GET    /releases/:id             --> github.com/mark3748/helpdesk-go/cmd/api.(*App).mountAPI.Get.func174 (6 handlers)
[GIN-debug] PUT    /releases/:id             --> github.com/mark3748/helpdesk-go/cmd/api.(*App).mountAPI.Update.func175 (6 handlers)
[GIN-debug] DELETE /releases/:id             --> github.com/mark3748/helpdesk-go/cmd/api.(*App).mountAPI.Delete.func176 (6 handlers)
[GIN-debug] GET    /api/livez                --> github.com/mark3748/helpdesk-go/cmd/api.(*App).mountAPI.func1 (5 handlers)
[GIN-debug] GET    /api/readyz               --> github.com/mark3748/helpdesk-go/cmd/api.(*App).readyz-fm (5 handlers)
[GIN-debug] GET    /api/healthz              --> github.com/mark3748/helpdesk-go/cmd/api.(*App).mountAPI.func2 (5 handlers)
[GIN-debug] GET    /api/csat/:token          --> github.com/mark3748/helpdesk-go/cmd/api.(*App).csatForm-fm (5 handlers)
[GIN-debug] POST   /api/csat/:token          --> github.com/mark3748/helpdesk-go/cmd/api.(*App).submitCSAT-fm (5 handlers)
[GIN-debug] GET    /api/metrics              --> github.com/mark3748/helpdesk-go/cmd/api.(*App).mountAPI.WrapH.func9 (5 handlers)
[GIN-debug] GET    /api/swagger/*filepath    --> github.com/gin-gonic/gin.(*RouterGroup).createStaticHandler.func1 (5 handlers)
[GIN-debug] HEAD   /api/swagger/*filepath    --> github.com/gin-gonic/gin.(*RouterGroup).createStaticHandler.func1 (5 handlers)
[GIN-debug] GET    /api/docs                 --> github.com/mark3748/helpdesk-go/cmd/api.(*App).docsUI-fm (5 handlers)
[GIN-debug] GET    /api/openapi.yaml         --> github.com/mark3748/helpdesk-go/cmd/api.(*App).openapiSpec-fm (5 handlers)
[GIN-debug] POST   /api/webhooks/email-inbound --> github.com/mark3748/helpdesk-go/cmd/api.(*App).mountAPI.EmailInbound.func18 (5 handlers)
[GIN-debug] GET    /api/me                   --> github.com/mark3748/helpdesk-go/cmd/api/auth.Me (6 handlers)
[GIN-debug] GET    /api/me/profile           --> github.com/mark3748/helpdesk-go/cmd/api.(*App).getMyProfile-fm (6 handlers)
[GIN-debug] PATCH  /api/me/profile           --> github.com/mark3748/helpdesk-go/cmd/api.(*App).updateMyProfile-fm (6 handlers)
[GIN-debug] POST   /api/me/password          --> github.com/mark3748/helpdesk-go/cmd/api.(*App).changeMyPassword-fm (6 handlers)
[GIN-debug] GET    /api/events               --> github.com/mark3748/helpdesk-go/cmd/api.(*App).mountAPI.Events.func20 (6 handlers)
[GIN-debug] GET    /api/settings             --> github.com/mark3748/helpdesk-go/cmd/api/handlers.GetSettings (7 handlers)
[GIN-debug] GET    /api/features             --> github.com/mark3748/helpdesk-go/cmd/api.(*App).mountAPI.Features.func22 (6 handlers)
[GIN-debug] POST   /api/test-connection      --> github.com/mark3748/helpdesk-go/cmd/api/handlers.TestConnection (7 handlers)
[GIN-debug] POST   /api/settings/storage     --> github.com/mark3748/helpdesk-go/cmd/api/handlers.SaveStorageSettings (7 handlers)
[GIN-debug] POST   /api/settings/oidc        --> github.com/mark3748/helpdesk-go/cmd/api/handlers.SaveOIDCSettings (7 handlers)
[GIN-debug] POST   /api/settings/mail        --> github.com/mark3748/helpdesk-go/cmd/api/handlers.SaveMailSettings (7 handlers)
[GIN-debug] POST   /api/settings/mail/send-test --> github.com/mark3748/helpdesk-go/cmd/api/handlers.SendTestMail (7 handlers)
[GIN-debug] GET    /api/users/:id/roles      --> github.com/mark3748/helpdesk-go/cmd/api.(*App).mountAPI.ListUserRoles.func29 (7 handlers)
[GIN-debug] POST   /api/users/:id/roles      --> github.com/mark3748/helpdesk-go/cmd/api.(*App).mountAPI.AddUserRole.func31 (7 handlers)
[GIN-debug] DELETE /api/users/:id/roles/:role --> github.com/mark3748/helpdesk-go/cmd/api.(*App).mountAPI.RemoveUserRole.func33 (7 handlers)
[GIN-debug] GET    /api/users                --> github.com/mark3748/helpdesk-go/cmd/api.(*App).mountAPI.List.func35 (7 handlers)
[GIN-debug] GET    /api/users/:id            --> github.com/mark3748/helpdesk-go/cmd/api.(*App).mountAPI.Get.func37 (7 handlers)
[GIN-debug] POST   /api/users                --> github.com/mark3748/helpdesk-go/cmd/api.(*App).mountAPI.CreateLocal.func39 (7 handlers)
[GIN-debug] GET    /api/roles                --> github.com/mark3748/helpdesk-go/cmd/api.(*App).mountAPI.List.func41 (7 handlers)
[GIN-debug] GET    /api/requesters           --> github.com/mark3748/helpdesk-go/cmd/api.(*App).mountAPI.Search.func42 (6 handlers)
[GIN-debug] GET    /api/requesters/:id       --> github.com/mark3748/helpdesk-go/cmd/api.(*App).getRequester-fm (6 handlers)
[GIN-debug] POST   /api/requesters           --> github.com/mark3748/helpdesk-go/cmd/api.(*App).createRequester-fm (7 handlers)
[GIN-debug] PATCH  /api/requesters/:id       --> github.com/mark3748/helpdesk-go/cmd/api.(*App).updateRequester-fm (7 handlers)
[GIN-debug] GET    /api/teams                --> github.com/mark3748/helpdesk-go/cmd/api.(*App).mountAPI.List.func45 (6 handlers)
[GIN-debug] GET    /api/slas                 --> github.com/mark3748/helpdesk-go/cmd/api.(*App).mountAPI.List.func46 (6 handlers)
[GIN-debug] GET    /api/kb                   --> github.com/mark3748/helpdesk-go/cmd/api.(*App).mountAPI.Search.func47 (6 handlers)
[GIN-debug] GET    /api/kb/:slug             --> github.com/mark3748/helpdesk-go/cmd/api.(*App).mountAPI.Get.func48 (6 handlers)
[GIN-debug] POST   /api/kb                   --> github.com/mark3748/helpdesk-go/cmd/api.(*App).mountAPI.Create.func50 (7 handlers)
[GIN-debug] PUT    /api/kb/:slug             --> github.com/mark3748/helpdesk-go/cmd/api.(*App).mountAPI.Update.func52 (7 handlers)
[GIN-debug] DELETE /api/kb/:slug             --> github.com/mark3748/helpdesk-go/cmd/api.(*App).mountAPI.Delete.func54 (7 handlers)
[GIN-debug] GET    /api/tickets              --> github.com/mark3748/helpdesk-go/cmd/api.(*App).mountAPI.List.func55 (6 handlers)
[GIN-debug] POST   /api/tickets              --> github.com/mark3748/helpdesk-go/cmd/api.(*App).mountAPI.Create.func59 (6 handlers)
[GIN-debug] GET    /api/tickets/:id          --> github.com/mark3748/helpdesk-go/cmd/api.(*App).mountAPI.Get.func60 (6 handlers)
[GIN-debug] PATCH  /api/tickets/:id          --> github.com/mark3748/helpdesk-go/cmd/api.(*App).mountAPI.Update.func62 (7 handlers)
[GIN-debug] GET    /api/tickets/:id/comments --> github.com/mark3748/helpdesk-go/cmd/api.(*App).mountAPI.List.func63 (6 handlers)
[GIN-debug] POST   /api/tickets/:id/comments --> github.com/mark3748/helpdesk-go/cmd/api.(*App).mountAPI.Add.func64 (6 handlers)
[GIN-debug] GET    /api/tickets/:id/attachments --> github.com/mark3748/helpdesk-go/cmd/api.(*App).mountAPI.List.func65 (6 handlers)
[GIN-debug] POST   /api/tickets/:id/attachments/presign --> github.com/mark3748/helpdesk-go/cmd/api.(*App).mountAPI.Presign.func75 (6 handlers)
[GIN-debug] POST   /api/tickets/:id/attachments --> github.com/mark3748/helpdesk-go/cmd/api.(*App).mountAPI.Finalize.func76 (6 handlers)
[GIN-debug] GET    /api/tickets/:id/attachments/:attID --> github.com/mark3748/helpdesk-go/cmd/api.(*App).mountAPI.Get.func77 (6 handlers)
[GIN-debug] PUT    /api/attachments/upload/:objectKey --> github.com/mark3748/helpdesk-go/cmd/api.(*App).mountAPI.UploadObject.func78 (6 handlers)
[GIN-debug] DELETE /api/tickets/:id/attachments/:attID --> github.com/mark3748/helpdesk-go/cmd/api.(*App).mountAPI.Delete.func79 (6 handlers)
[GIN-debug] GET    /api/tickets/:id/watchers --> github.com/mark3748/helpdesk-go/cmd/api.(*App).mountAPI.List.func80 (6 handlers)
[GIN-debug] POST   /api/tickets/:id/watchers --> github.com/mark3748/helpdesk-go/cmd/api.(*App).mountAPI.Add.func81 (6 handlers)
[GIN-debug] DELETE /api/tickets/:id/watchers/:uid --> github.com/mark3748/helpdesk-go/cmd/api.(*App).mountAPI.Remove.func82 (6 handlers)
[GIN-debug] GET    /api/emails/outbound      --> github.com/mark3748/helpdesk-go/cmd/api.(*App).mountAPI.ListOutbound.func84 (7 handlers)
[GIN-debug] GET    /api/metrics/sla          --> github.com/mark3748/helpdesk-go/cmd/api.(*App).mountAPI.SLA.func86 (7 handlers)
[GIN-debug] GET    /api/metrics/resolution   --> github.com/mark3748/helpdesk-go/cmd/api.(*App).mountAPI.Resolution.func88 (7 handlers)
[GIN-debug] GET    /api/metrics/tickets      --> github.com/mark3748/helpdesk-go/cmd/api.(*App).mountAPI.TicketVolume.func90 (7 handlers)
[GIN-debug] GET    /api/metrics/dashboard    --> github.com/mark3748/helpdesk-go/cmd/api.(*App).mountAPI.Dashboard.func92 (7 handlers)
[GIN-debug] GET    /api/metrics/agent        --> github.com/mark3748/helpdesk-go/cmd/api.(*App).mountAPI.Agent.func94 (7 handlers)
[GIN-debug] GET    /api/metrics/manager      --> github.com/mark3748/helpdesk-go/cmd/api.(*App).mountAPI.Manager.func96 (7 handlers)
[GIN-debug] POST   /api/exports/tickets      --> github.com/mark3748/helpdesk-go/cmd/api.(*App).exportTicketsBridge-fm (7 handlers)
[GIN-debug] GET    /api/exports/tickets/:job_id --> github.com/mark3748/helpdesk-go/cmd/api.(*App).exportTicketsStatus-fm (7 handlers)
[GIN-debug] GET    /api/webhooks             --> github.com/mark3748/helpdesk-go/cmd/api.(*App).mountAPI.List.func100 (7 handlers)
[GIN-debug] POST   /api/webhooks             --> github.com/mark3748/helpdesk-go/cmd/api.(*App).mountAPI.Create.func102 (7 handlers)
[GIN-debug] DELETE /api/webhooks/:id         --> github.com/mark3748/helpdesk-go/cmd/api.(*App).mountAPI.Delete.func104 (7 handlers)
[GIN-debug] GET    /api/asset-categories     --> github.com/mark3748/helpdesk-go/cmd/api.(*App).mountAPI.ListCategories.func105 (6 handlers)
[GIN-debug] POST   /api/asset-categories     --> github.com/mark3748/helpdesk-go/cmd/api.(*App).mountAPI.CreateCategory.func107 (7 handlers)
[GIN-debug] GET    /api/asset-categories/:id --> github.com/mark3748/helpdesk-go/cmd/api.(*App).mountAPI.GetCategory.func108 (6 handlers)
[GIN-debug] GET    /api/assets               --> github.com/mark3748/helpdesk-go/cmd/api.(*App).mountAPI.ListAssets.func109 (6 handlers)
[GIN-debug] POST   /api/assets               --> github.com/mark3748/helpdesk-go/cmd/api.(*App).mountAPI.CreateAsset.func111 (7 handlers)
[GIN-debug] GET    /api/assets/:id           --> github.com/mark3748/helpdesk-go/cmd/api.(*App).mountAPI.GetAsset.func112 (6 handlers)
[GIN-debug] PATCH  /api/assets/:id           --> github.com/mark3748/helpdesk-go/cmd/api.(*App).mountAPI.UpdateAsset.func114 (7 handlers)
[GIN-debug] DELETE /api/assets/:id           --> github.com/mark3748/helpdesk-go/cmd/api.(*App).mountAPI.DeleteAsset.func116 (7 handlers)
[GIN-debug] POST   /api/assets/:id/assign    --> github.com/mark3748/helpdesk-go/cmd/api.(*App).mountAPI.AssignAsset.func118 (7 handlers)
[GIN-debug] GET    /api/assets/:id/history   --> github.com/mark3748/helpdesk-go/cmd/api.(*App).mountAPI.GetAssetHistory.func119 (6 handlers)
[GIN-debug] GET    /api/assets/:id/assignments --> github.com/mark3748/helpdesk-go/cmd/api.(*App).mountAPI.GetAssetAssignments.func120 (6 handlers)
[GIN-debug] GET    /api/assets/:id/attachments --> github.com/mark3748/helpdesk-go/cmd/api.(*App).mountAPI.ListAttachments.func121 (6 handlers)
[GIN-debug] POST   /api/assets/:id/attachments/presign --> github.com/mark3748/helpdesk-go/cmd/api.(*App).mountAPI.PresignAssetUpload.func123 (7 handlers)
[GIN-debug] POST   /api/assets/:id/attachments --> github.com/mark3748/helpdesk-go/cmd/api.(*App).mountAPI.FinalizeAssetAttachment.func125 (7 handlers)
[GIN-debug] GET    /api/assets/:id/attachments/:attachmentID --> github.com/mark3748/helpdesk-go/cmd/api.(*App).mountAPI.GetAssetAttachment.func126 (6 handlers)
[GIN-debug] DELETE /api/assets/:id/attachments/:attachmentID --> github.com/mark3748/helpdesk-go/cmd/api.(*App).mountAPI.DeleteAssetAttachment.func128 (7 handlers)
[GIN-debug] PUT    /api/assets/attachments/upload/:objectKey --> github.com/mark3748/helpdesk-go/cmd/api.(*App).mountAPI.UploadAssetObject.func129 (6 handlers)
[GIN-debug] POST   /api/assets/:id/status-change --> github.com/mark3748/helpdesk-go/cmd/api.(*App).mountAPI.RequestStatusChange.func131 (7 handlers)
[GIN-debug] POST   /api/workflows/:id/approve --> github.com/mark3748/helpdesk-go/cmd/api.(*App).mountAPI.ApproveWorkflow.func133 (7 handlers)
[GIN-debug] POST   /api/workflows/:id/reject --> github.com/mark3748/helpdesk-go/cmd/api.(*App).mountAPI.RejectWorkflow.func135 (7 handlers)
[GIN-debug] POST   /api/assets/:id/checkout  --> github.com/mark3748/helpdesk-go/cmd/api.(*App).mountAPI.CheckoutAsset.func137 (7 handlers)
[GIN-debug] POST   /api/assets/checkin       --> github.com/mark3748/helpdesk-go/cmd/api.(*App).mountAPI.CheckinAsset.func139 (7 handlers)
[GIN-debug] GET    /api/assets/checkouts/active --> github.com/mark3748/helpdesk-go/cmd/api.(*App).mountAPI.GetActiveCheckouts.func140 (6 handlers)
[GIN-debug] GET    /api/assets/checkouts/overdue --> github.com/mark3748/helpdesk-go/cmd/api.(*App).mountAPI.GetOverdueCheckouts.func141 (6 handlers)
[GIN-debug] POST   /api/assets/:id/relationships --> github.com/mark3748/helpdesk-go/cmd/api.(*App).mountAPI.CreateRelationship.func143 (7 handlers)
[GIN-debug] GET    /api/assets/:id/relationships/graph --> github.com/mark3748/helpdesk-go/cmd/api.(*App).mountAPI.GetRelationshipGraph.func144 (6 handlers)
[GIN-debug] GET    /api/assets/:id/impact-analysis --> github.com/mark3748/helpdesk-go/cmd/api.(*App).mountAPI.GetAssetImpactAnalysis.func145 (6 handlers)
[GIN-debug] POST   /api/assets/bulk/update   --> github.com/mark3748/helpdesk-go/cmd/api.(*App).mountAPI.BulkUpdateAssets.func147 (7 handlers)
[GIN-debug] POST   /api/assets/bulk/assign   --> github.com/mark3748/helpdesk-go/cmd/api.(*App).mountAPI.BulkAssignAssets.func149 (7 handlers)
[GIN-debug] GET    /api/assets/bulk/operations/:id --> github.com/mark3748/helpdesk-go/cmd/api.(*App).mountAPI.GetBulkOperation.func150 (6 handlers)
[GIN-debug] POST   /api/assets/import/preview --> github.com/mark3748/helpdesk-go/cmd/api.(*App).mountAPI.ImportAssetsPreview.func152 (7 handlers)
[GIN-debug] POST   /api/assets/import        --> github.com/mark3748/helpdesk-go/cmd/api.(*App).mountAPI.ImportAssets.func154 (7 handlers)
[GIN-debug] POST   /api/assets/export        --> github.com/mark3748/helpdesk-go/cmd/api.(*App).mountAPI.ExportAssets.func156 (7 handlers)
[GIN-debug] GET    /api/assets/:id/audit     --> github.com/mark3748/helpdesk-go/cmd/api.(*App).mountAPI.GetAuditHistory.func157 (6 handlers)
[GIN-debug] GET    /api/assets/audit/summary --> github.com/mark3748/helpdesk-go/cmd/api.(*App).mountAPI.GetAuditSummary.func159 (7 handlers)
[GIN-debug] GET    /api/assets/analytics     --> github.com/mark3748/helpdesk-go/cmd/api.(*App).mountAPI.GetAssetAnalytics.func161 (7 handlers)
[GIN-debug] GET    /api/problems             --> github.com/mark3748/helpdesk-go/cmd/api.(*App).mountAPI.List.func162 (6 handlers)
[GIN-debug] POST   /api/problems             --> github.com/mark3748/helpdesk-go/cmd/api.(*App).mountAPI.Create.func163 (6 handlers)
[GIN-debug] GET    /api/problems/:id         --> github.com/mark3748/helpdesk-go/cmd/api.(*App).mountAPI.Get.func164 (6 handlers)
[GIN-debug] PUT    /api/problems/:id         --> github.com/mark3748/helpdesk-go/cmd/api.(*App).mountAPI.Update.func165 (6 handlers)
[GIN-debug] DELETE /api/problems/:id         --> github.com/mark3748/helpdesk-go/cmd/api.(*App).mountAPI.Delete.func166 (6 handlers)
[GIN-debug] GET    /api/changes              --> github.com/mark3748/helpdesk-go/cmd/api.(*App).mountAPI.List.func167 (6 handlers)
[GIN-debug] POST   /api/changes              --> github.com/mark3748/helpdesk-go/cmd/api.(*App).mountAPI.Create.func168 (6 handlers)
[GIN-debug] GET    /api/changes/:id          --> github.com/mark3748/helpdesk-go/cmd/api.(*App).mountAPI.Get.func169 (6 handlers)
[GIN-debug] PUT    /api/changes/:id          --> github.com/mark3748/helpdesk-go/cmd/api.(*App).mountAPI.Update.func170 (6 handlers)
[GIN-debug] DELETE /api/changes/:id          --> github.com/mark3748/helpdesk-go/cmd/api.(*App).mountAPI.Delete.func171 (6 handlers)
[GIN-debug] GET    /api/releases             --> github.com/mark3748/helpdesk-go/cmd/api.(*App).mountAPI.List.func172 (6 handlers)
[GIN-debug] POST   /api/releases             --> github.com/mark3748/helpdesk-go/cmd/api.(*App).mountAPI.Create.func173 (6 handlers)
[GIN-debug] GET    /api/releases/:id         --> github.com/mark3748/helpdesk-go/cmd/api.(*App).mountAPI.Get.func174 (6 handlers)
[GIN-debug] PUT    /api/releases/:id         --> github.com/mark3748/helpdesk-go/cmd/api.(*App).mountAPI.Update.func175 (6 handlers)
[GIN-debug] DELETE /api/releases/:id         --> github.com/mark3748/helpdesk-go/cmd/api.(*App).mountAPI.Delete.func176 (6 handlers)
{"level":"info","request_id":"f7a528a5-5ed7-4ca8-83bc-b171472caeb0","method":"GET","path":"/requesters/req-1","status":200,"duration":0.020175,"time":"2025-12-20T00:53:51-07:00","message":"request"}
[GIN-debug] [WARNING] Running in "debug" mode. Switch to "release" mode in production.
 - using env:	export GIN_MODE=release
 - using code:	gin.SetMode(gin.ReleaseMode)

[GIN-debug] GET    /livez                    --> github.com/mark3748/helpdesk-go/cmd/api.(*App).mountAPI.func1 (5 handlers)
[GIN-debug] GET    /readyz                   --> github.com/mark3748/helpdesk-go/cmd/api.(*App).readyz-fm (5 handlers)
[GIN-debug] GET    /healthz                  --> github.com/mark3748/helpdesk-go/cmd/api.(*App).mountAPI.func2 (5 handlers)
[GIN-debug] GET    /csat/:token              --> github.com/mark3748/helpdesk-go/cmd/api.(*App).csatForm-fm (5 handlers)
[GIN-debug] POST   /csat/:token              --> github.com/mark3748/helpdesk-go/cmd/api.(*App).submitCSAT-fm (5 handlers)
[GIN-debug] GET    /metrics                  --> github.com/mark3748/helpdesk-go/cmd/api.(*App).mountAPI.WrapH.func9 (5 handlers)
[GIN-debug] GET    /swagger/*filepath        --> github.com/gin-gonic/gin.(*RouterGroup).createStaticHandler.func1 (5 handlers)
[GIN-debug] HEAD   /swagger/*filepath        --> github.com/gin-gonic/gin.(*RouterGroup).createStaticHandler.func1 (5 handlers)
[GIN-debug] GET    /docs                     --> github.com/mark3748/helpdesk-go/cmd/api.(*App).docsUI-fm (5 handlers)
[GIN-debug] GET    /openapi.yaml             --> github.com/mark3748/helpdesk-go/cmd/api.(*App).openapiSpec-fm (5 handlers)
[GIN-debug] POST   /webhooks/email-inbound   --> github.com/mark3748/helpdesk-go/cmd/api.(*App).mountAPI.EmailInbound.func18 (5 handlers)
[GIN-debug] GET    /me                       --> github.com/mark3748/helpdesk-go/cmd/api/auth.Me (6 handlers)
[GIN-debug] GET    /me/profile               --> github.com/mark3748/helpdesk-go/cmd/api.(*App).getMyProfile-fm (6 handlers)
[GIN-debug] PATCH  /me/profile               --> github.com/mark3748/helpdesk-go/cmd/api.(*App).updateMyProfile-fm (6 handlers)
[GIN-debug] POST   /me/password              --> github.com/mark3748/helpdesk-go/cmd/api.(*App).changeMyPassword-fm (6 handlers)
[GIN-debug] GET    /events                   --> github.com/mark3748/helpdesk-go/cmd/api.(*App).mountAPI.Events.func20 (6 handlers)
[GIN-debug] GET    /settings                 --> github.com/mark3748/helpdesk-go/cmd/api/handlers.GetSettings (7 handlers)
[GIN-debug] GET    /features                 --> github.com/mark3748/helpdesk-go/cmd/api.(*App).mountAPI.Features.func22 (6 handlers)
[GIN-debug] POST   /test-connection          --> github.com/mark3748/helpdesk-go/cmd/api/handlers.TestConnection (7 handlers)
[GIN-debug] POST   /settings/storage         --> github.com/mark3748/helpdesk-go/cmd/api/handlers.SaveStorageSettings (7 handlers)
[GIN-debug] POST   /settings/oidc            --> github.com/mark3748/helpdesk-go/cmd/api/handlers.SaveOIDCSettings (7 handlers)
[GIN-debug] POST   /settings/mail            --> github.com/mark3748/helpdesk-go/cmd/api/handlers.SaveMailSettings (7 handlers)
[GIN-debug] POST   /settings/mail/send-test  --> github.com/mark3748/helpdesk-go/cmd/api/handlers.SendTestMail (7 handlers)
[GIN-debug] GET    /users/:id/roles          --> github.com/mark3748/helpdesk-go/cmd/api.(*App).mountAPI.ListUserRoles.func29 (7 handlers)
[GIN-debug] POST   /users/:id/roles          --> github.com/mark3748/helpdesk-go/cmd/api.(*App).mountAPI.AddUserRole.func31 (7 handlers)
[GIN-debug] DELETE /users/:id/roles/:role    --> github.com/mark3748/helpdesk-go/cmd/api.(*App).mountAPI.RemoveUserRole.func33 (7 handlers)
[GIN-debug] GET    /users                    --> github.com/mark3748/helpdesk-go/cmd/api.(*App).mountAPI.List.func35 (7 handlers)
[GIN-debug] GET    /users/:id                --> github.com/mark3748/helpdesk-go/cmd/api.(*App).mountAPI.Get.func37 (7 handlers)
[GIN-debug] POST   /users                    --> github.com/mark3748/helpdesk-go/cmd/api.(*App).mountAPI.CreateLocal.func39 (7 handlers)
[GIN-debug] GET    /roles                    --> github.com/mark3748/helpdesk-go/cmd/api.(*App).mountAPI.List.func41 (7 handlers)
[GIN-debug] GET    /requesters               --> github.com/mark3748/helpdesk-go/cmd/api.(*App).mountAPI.Search.func42 (6 handlers)
[GIN-debug] GET    /requesters/:id           --> github.com/mark3748/helpdesk-go/cmd/api.(*App).getRequester-fm (6 handlers)
[GIN-debug] POST   /requesters               --> github.com/mark3748/helpdesk-go/cmd/api.(*App).createRequester-fm (7 handlers)
[GIN-debug] PATCH  /requesters/:id           --> github.com/mark3748/helpdesk-go/cmd/api.(*App).updateRequester-fm (7 handlers)
[GIN-debug] GET    /teams                    --> github.com/mark3748/helpdesk-go/cmd/api.(*App).mountAPI.List.func45 (6 handlers)
[GIN-debug] GET    /slas                     --> github.com/mark3748/helpdesk-go/cmd/api.(*App).mountAPI.List.func46 (6 handlers)
[GIN-debug] GET    /kb                       --> github.com/mark3748/helpdesk-go/cmd/api.(*App).mountAPI.Search.func47 (6 handlers)
[GIN-debug] GET    /kb/:slug                 --> github.com/mark3748/helpdesk-go/cmd/api.(*App).mountAPI.Get.func48 (6 handlers)
[GIN-debug] POST   /kb                       --> github.com/mark3748/helpdesk-go/cmd/api.(*App).mountAPI.Create.func50 (7 handlers)
[GIN-debug] PUT    /kb/:slug                 --> github.com/mark3748/helpdesk-go/cmd/api.(*App).mountAPI.Update.func52 (7 handlers)
[GIN-debug] DELETE /kb/:slug                 --> github.com/mark3748/helpdesk-go/cmd/api.(*App).mountAPI.Delete.func54 (7 handlers)
[GIN-debug] GET    /tickets                  --> github.com/mark3748/helpdesk-go/cmd/api.(*App).mountAPI.List.func55 (6 handlers)
[GIN-debug] POST   /tickets                  --> github.com/mark3748/helpdesk-go/cmd/api.(*App).mountAPI.Create.func59 (6 handlers)
[GIN-debug] GET    /tickets/:id              --> github.com/mark3748/helpdesk-go/cmd/api.(*App).mountAPI.Get.func60 (6 handlers)
[GIN-debug] PATCH  /tickets/:id              --> github.com/mark3748/helpdesk-go/cmd/api.(*App).mountAPI.Update.func62 (7 handlers)
[GIN-debug] GET    /tickets/:id/comments     --> github.com/mark3748/helpdesk-go/cmd/api.(*App).mountAPI.List.func63 (6 handlers)
[GIN-debug] POST   /tickets/:id/comments     --> github.com/mark3748/helpdesk-go/cmd/api.(*App).mountAPI.Add.func64 (6 handlers)
[GIN-debug] GET    /tickets/:id/attachments  --> github.com/mark3748/helpdesk-go/cmd/api.(*App).mountAPI.List.func65 (6 handlers)
[GIN-debug] POST   /tickets/:id/attachments/presign --> github.com/mark3748/helpdesk-go/cmd/api.(*App).mountAPI.Presign.func75 (6 handlers)
[GIN-debug] POST   /tickets/:id/attachments  --> github.com/mark3748/helpdesk-go/cmd/api.(*App).mountAPI.Finalize.func76 (6 handlers)
[GIN-debug] GET    /tickets/:id/attachments/:attID --> github.com/mark3748/helpdesk-go/cmd/api.(*App).mountAPI.Get.func77 (6 handlers)
[GIN-debug] PUT    /attachments/upload/:objectKey --> github.com/mark3748/helpdesk-go/cmd/api.(*App).mountAPI.UploadObject.func78 (6 handlers)
[GIN-debug] DELETE /tickets/:id/attachments/:attID --> github.com/mark3748/helpdesk-go/cmd/api.(*App).mountAPI.Delete.func79 (6 handlers)
[GIN-debug] GET    /tickets/:id/watchers     --> github.com/mark3748/helpdesk-go/cmd/api.(*App).mountAPI.List.func80 (6 handlers)
[GIN-debug] POST   /tickets/:id/watchers     --> github.com/mark3748/helpdesk-go/cmd/api.(*App).mountAPI.Add.func81 (6 handlers)
[GIN-debug] DELETE /tickets/:id/watchers/:uid --> github.com/mark3748/helpdesk-go/cmd/api.(*App).mountAPI.Remove.func82 (6 handlers)
[GIN-debug] GET    /emails/outbound          --> github.com/mark3748/helpdesk-go/cmd/api.(*App).mountAPI.ListOutbound.func84 (7 handlers)
[GIN-debug] GET    /metrics/sla              --> github.com/mark3748/helpdesk-go/cmd/api.(*App).mountAPI.SLA.func86 (7 handlers)
[GIN-debug] GET    /metrics/resolution       --> github.com/mark3748/helpdesk-go/cmd/api.(*App).mountAPI.Resolution.func88 (7 handlers)
[GIN-debug] GET    /metrics/tickets          --> github.com/mark3748/helpdesk-go/cmd/api.(*App).mountAPI.TicketVolume.func90 (7 handlers)
[GIN-debug] GET    /metrics/dashboard        --> github.com/mark3748/helpdesk-go/cmd/api.(*App).mountAPI.Dashboard.func92 (7 handlers)
[GIN-debug] GET    /metrics/agent            --> github.com/mark3748/helpdesk-go/cmd/api.(*App).mountAPI.Agent.func94 (7 handlers)
[GIN-debug] GET    /metrics/manager          --> github.com/mark3748/helpdesk-go/cmd/api.(*App).mountAPI.Manager.func96 (7 handlers)
[GIN-debug] POST   /exports/tickets          --> github.com/mark3748/helpdesk-go/cmd/api.(*App).exportTicketsBridge-fm (7 handlers)
[GIN-debug] GET    /exports/tickets/:job_id  --> github.com/mark3748/helpdesk-go/cmd/api.(*App).exportTicketsStatus-fm (7 handlers)
[GIN-debug] GET    /webhooks                 --> github.com/mark3748/helpdesk-go/cmd/api.(*App).mountAPI.List.func100 (7 handlers)
[GIN-debug] POST   /webhooks                 --> github.com/mark3748/helpdesk-go/cmd/api.(*App).mountAPI.Create.func102 (7 handlers)
[GIN-debug] DELETE /webhooks/:id             --> github.com/mark3748/helpdesk-go/cmd/api.(*App).mountAPI.Delete.func104 (7 handlers)
[GIN-debug] GET    /asset-categories         --> github.com/mark3748/helpdesk-go/cmd/api.(*App).mountAPI.ListCategories.func105 (6 handlers)
[GIN-debug] POST   /asset-categories         --> github.com/mark3748/helpdesk-go/cmd/api.(*App).mountAPI.CreateCategory.func107 (7 handlers)
[GIN-debug] GET    /asset-categories/:id     --> github.com/mark3748/helpdesk-go/cmd/api.(*App).mountAPI.GetCategory.func108 (6 handlers)
[GIN-debug] GET    /assets                   --> github.com/mark3748/helpdesk-go/cmd/api.(*App).mountAPI.ListAssets.func109 (6 handlers)
[GIN-debug] POST   /assets                   --> github.com/mark3748/helpdesk-go/cmd/api.(*App).mountAPI.CreateAsset.func111 (7 handlers)
[GIN-debug] GET    /assets/:id               --> github.com/mark3748/helpdesk-go/cmd/api.(*App).mountAPI.GetAsset.func112 (6 handlers)
[GIN-debug] PATCH  /assets/:id               --> github.com/mark3748/helpdesk-go/cmd/api.(*App).mountAPI.UpdateAsset.func114 (7 handlers)
[GIN-debug] DELETE /assets/:id               --> github.com/mark3748/helpdesk-go/cmd/api.(*App).mountAPI.DeleteAsset.func116 (7 handlers)
[GIN-debug] POST   /assets/:id/assign        --> github.com/mark3748/helpdesk-go/cmd/api.(*App).mountAPI.AssignAsset.func118 (7 handlers)
[GIN-debug] GET    /assets/:id/history       --> github.com/mark3748/helpdesk-go/cmd/api.(*App).mountAPI.GetAssetHistory.func119 (6 handlers)
[GIN-debug] GET    /assets/:id/assignments   --> github.com/mark3748/helpdesk-go/cmd/api.(*App).mountAPI.GetAssetAssignments.func120 (6 handlers)
[GIN-debug] GET    /assets/:id/attachments   --> github.com/mark3748/helpdesk-go/cmd/api.(*App).mountAPI.ListAttachments.func121 (6 handlers)
[GIN-debug] POST   /assets/:id/attachments/presign --> github.com/mark3748/helpdesk-go/cmd/api.(*App).mountAPI.PresignAssetUpload.func123 (7 handlers)
[GIN-debug] POST   /assets/:id/attachments   --> github.com/mark3748/helpdesk-go/cmd/api.(*App).mountAPI.FinalizeAssetAttachment.func125 (7 handlers)
[GIN-debug] GET    /assets/:id/attachments/:attachmentID --> github.com/mark3748/helpdesk-go/cmd/api.(*App).mountAPI.GetAssetAttachment.func126 (6 handlers)
[GIN-debug] DELETE /assets/:id/attachments/:attachmentID --> github.com/mark3748/helpdesk-go/cmd/api.(*App).mountAPI.DeleteAssetAttachment.func128 (7 handlers)
[GIN-debug] PUT    /assets/attachments/upload/:objectKey --> github.com/mark3748/helpdesk-go/cmd/api.(*App).mountAPI.UploadAssetObject.func129 (6 handlers)
[GIN-debug] POST   /assets/:id/status-change --> github.com/mark3748/helpdesk-go/cmd/api.(*App).mountAPI.RequestStatusChange.func131 (7 handlers)
[GIN-debug] POST   /workflows/:id/approve    --> github.com/mark3748/helpdesk-go/cmd/api.(*App).mountAPI.ApproveWorkflow.func133 (7 handlers)
[GIN-debug] POST   /workflows/:id/reject     --> github.com/mark3748/helpdesk-go/cmd/api.(*App).mountAPI.RejectWorkflow.func135 (7 handlers)
[GIN-debug] POST   /assets/:id/checkout      --> github.com/mark3748/helpdesk-go/cmd/api.(*App).mountAPI.CheckoutAsset.func137 (7 handlers)
[GIN-debug] POST   /assets/checkin           --> github.com/mark3748/helpdesk-go/cmd/api.(*App).mountAPI.CheckinAsset.func139 (7 handlers)
[GIN-debug] GET    /assets/checkouts/active  --> github.com/mark3748/helpdesk-go/cmd/api.(*App).mountAPI.GetActiveCheckouts.func140 (6 handlers)
[GIN-debug] GET    /assets/checkouts/overdue --> github.com/mark3748/helpdesk-go/cmd/api.(*App).mountAPI.GetOverdueCheckouts.func141 (6 handlers)
[GIN-debug] POST   /assets/:id/relationships --> github.com/mark3748/helpdesk-go/cmd/api.(*App).mountAPI.CreateRelationship.func143 (7 handlers)
[GIN-debug] GET    /assets/:id/relationships/graph --> github.com/mark3748/helpdesk-go/cmd/api.(*App).mountAPI.GetRelationshipGraph.func144 (6 handlers)
[GIN-debug] GET    /assets/:id/impact-analysis --> github.com/mark3748/helpdesk-go/cmd/api.(*App).mountAPI.GetAssetImpactAnalysis.func145 (6 handlers)
[GIN-debug] POST   /assets/bulk/update       --> github.com/mark3748/helpdesk-go/cmd/api.(*App).mountAPI.BulkUpdateAssets.func147 (7 handlers)
[GIN-debug] POST   /assets/bulk/assign       --> github.com/mark3748/helpdesk-go/cmd/api.(*App).mountAPI.BulkAssignAssets.func149 (7 handlers)
[GIN-debug] GET    /assets/bulk/operations/:id --> github.com/mark3748/helpdesk-go/cmd/api.(*App).mountAPI.GetBulkOperation.func150 (6 handlers)
[GIN-debug] POST   /assets/import/preview    --> github.com/mark3748/helpdesk-go/cmd/api.(*App).mountAPI.ImportAssetsPreview.func152 (7 handlers)
[GIN-debug] POST   /assets/import            --> github.com/mark3748/helpdesk-go/cmd/api.(*App).mountAPI.ImportAssets.func154 (7 handlers)
[GIN-debug] POST   /assets/export            --> github.com/mark3748/helpdesk-go/cmd/api.(*App).mountAPI.ExportAssets.func156 (7 handlers)
[GIN-debug] GET    /assets/:id/audit         --> github.com/mark3748/helpdesk-go/cmd/api.(*App).mountAPI.GetAuditHistory.func157 (6 handlers)
[GIN-debug] GET    /assets/audit/summary     --> github.com/mark3748/helpdesk-go/cmd/api.(*App).mountAPI.GetAuditSummary.func159 (7 handlers)
[GIN-debug] GET    /assets/analytics         --> github.com/mark3748/helpdesk-go/cmd/api.(*App).mountAPI.GetAssetAnalytics.func161 (7 handlers)
[GIN-debug] GET    /problems                 --> github.com/mark3748/helpdesk-go/cmd/api.(*App).mountAPI.List.func162 (6 handlers)
[GIN-debug] POST   /problems                 --> github.com/mark3748/helpdesk-go/cmd/api.(*App).mountAPI.Create.func163 (6 handlers)
[GIN-debug] GET    /problems/:id             --> github.com/mark3748/helpdesk-go/cmd/api.(*App).mountAPI.Get.func164 (6 handlers)
[GIN-debug] PUT    /problems/:id             --> github.com/mark3748/helpdesk-go/cmd/api.(*App).mountAPI.Update.func165 (6 handlers)
[GIN-debug] DELETE /problems/:id             --> github.com/mark3748/helpdesk-go/cmd/api.(*App).mountAPI.Delete.func166 (6 handlers)
[GIN-debug] GET    /changes                  --> github.com/mark3748/helpdesk-go/cmd/api.(*App).mountAPI.List.func167 (6 handlers)
[GIN-debug] POST   /changes                  --> github.com/mark3748/helpdesk-go/cmd/api.(*App).mountAPI.Create.func168 (6 handlers)
[GIN-debug] GET    /changes/:id              --> github.com/mark3748/helpdesk-go/cmd/api.(*App).mountAPI.Get.func169 (6 handlers)
[GIN-debug] PUT    /changes/:id              --> github.com/mark3748/helpdesk-go/cmd/api.(*App).mountAPI.Update.func170 (6 handlers)
[GIN-debug] DELETE /changes/:id              --> github.com/mark3748/helpdesk-go/cmd/api.(*App).mountAPI.Delete.func171 (6 handlers)
[GIN-debug] GET    /releases                 --> github.com/mark3748/helpdesk-go/cmd/api.(*App).mountAPI.List.func172 (6 handlers)
[GIN-debug] POST   /releases                 --> github.com/mark3748/helpdesk-go/cmd/api.(*App).mountAPI.Create.func173 (6 handlers)
[GIN-debug] GET    /releases/:id             --> github.com/mark3748/helpdesk-go/cmd/api.(*App).mountAPI.Get.func174 (6 handlers)
[GIN-debug] PUT    /releases/:id             --> github.com/mark3748/helpdesk-go/cmd/api.(*App).mountAPI.Update.func175 (6 handlers)
[GIN-debug] DELETE /releases/:id             --> github.com/mark3748/helpdesk-go/cmd/api.(*App).mountAPI.Delete.func176 (6 handlers)
[GIN-debug] GET    /api/livez                --> github.com/mark3748/helpdesk-go/cmd/api.(*App).mountAPI.func1 (5 handlers)
[GIN-debug] GET    /api/readyz               --> github.com/mark3748/helpdesk-go/cmd/api.(*App).readyz-fm (5 handlers)
[GIN-debug] GET    /api/healthz              --> github.com/mark3748/helpdesk-go/cmd/api.(*App).mountAPI.func2 (5 handlers)
[GIN-debug] GET    /api/csat/:token          --> github.com/mark3748/helpdesk-go/cmd/api.(*App).csatForm-fm (5 handlers)
[GIN-debug] POST   /api/csat/:token          --> github.com/mark3748/helpdesk-go/cmd/api.(*App).submitCSAT-fm (5 handlers)
[GIN-debug] GET    /api/metrics              --> github.com/mark3748/helpdesk-go/cmd/api.(*App).mountAPI.WrapH.func9 (5 handlers)
[GIN-debug] GET    /api/swagger/*filepath    --> github.com/gin-gonic/gin.(*RouterGroup).createStaticHandler.func1 (5 handlers)
[GIN-debug] HEAD   /api/swagger/*filepath    --> github.com/gin-gonic/gin.(*RouterGroup).createStaticHandler.func1 (5 handlers)
[GIN-debug] GET    /api/docs                 --> github.com/mark3748/helpdesk-go/cmd/api.(*App).docsUI-fm (5 handlers)
[GIN-debug] GET    /api/openapi.yaml         --> github.com/mark3748/helpdesk-go/cmd/api.(*App).openapiSpec-fm (5 handlers)
[GIN-debug] POST   /api/webhooks/email-inbound --> github.com/mark3748/helpdesk-go/cmd/api.(*App).mountAPI.EmailInbound.func18 (5 handlers)
[GIN-debug] GET    /api/me                   --> github.com/mark3748/helpdesk-go/cmd/api/auth.Me (6 handlers)
[GIN-debug] GET    /api/me/profile           --> github.com/mark3748/helpdesk-go/cmd/api.(*App).getMyProfile-fm (6 handlers)
[GIN-debug] PATCH  /api/me/profile           --> github.com/mark3748/helpdesk-go/cmd/api.(*App).updateMyProfile-fm (6 handlers)
[GIN-debug] POST   /api/me/password          --> github.com/mark3748/helpdesk-go/cmd/api.(*App).changeMyPassword-fm (6 handlers)
[GIN-debug] GET    /api/events               --> github.com/mark3748/helpdesk-go/cmd/api.(*App).mountAPI.Events.func20 (6 handlers)
[GIN-debug] GET    /api/settings             --> github.com/mark3748/helpdesk-go/cmd/api/handlers.GetSettings (7 handlers)
[GIN-debug] GET    /api/features             --> github.com/mark3748/helpdesk-go/cmd/api.(*App).mountAPI.Features.func22 (6 handlers)
[GIN-debug] POST   /api/test-connection      --> github.com/mark3748/helpdesk-go/cmd/api/handlers.TestConnection (7 handlers)
[GIN-debug] POST   /api/settings/storage     --> github.com/mark3748/helpdesk-go/cmd/api/handlers.SaveStorageSettings (7 handlers)
[GIN-debug] POST   /api/settings/oidc        --> github.com/mark3748/helpdesk-go/cmd/api/handlers.SaveOIDCSettings (7 handlers)
[GIN-debug] POST   /api/settings/mail        --> github.com/mark3748/helpdesk-go/cmd/api/handlers.SaveMailSettings (7 handlers)
[GIN-debug] POST   /api/settings/mail/send-test --> github.com/mark3748/helpdesk-go/cmd/api/handlers.SendTestMail (7 handlers)
[GIN-debug] GET    /api/users/:id/roles      --> github.com/mark3748/helpdesk-go/cmd/api.(*App).mountAPI.ListUserRoles.func29 (7 handlers)
[GIN-debug] POST   /api/users/:id/roles      --> github.com/mark3748/helpdesk-go/cmd/api.(*App).mountAPI.AddUserRole.func31 (7 handlers)
[GIN-debug] DELETE /api/users/:id/roles/:role --> github.com/mark3748/helpdesk-go/cmd/api.(*App).mountAPI.RemoveUserRole.func33 (7 handlers)
[GIN-debug] GET    /api/users                --> github.com/mark3748/helpdesk-go/cmd/api.(*App).mountAPI.List.func35 (7 handlers)
[GIN-debug] GET    /api/users/:id            --> github.com/mark3748/helpdesk-go/cmd/api.(*App).mountAPI.Get.func37 (7 handlers)
[GIN-debug] POST   /api/users                --> github.com/mark3748/helpdesk-go/cmd/api.(*App).mountAPI.CreateLocal.func39 (7 handlers)
[GIN-debug] GET    /api/roles                --> github.com/mark3748/helpdesk-go/cmd/api.(*App).mountAPI.List.func41 (7 handlers)
[GIN-debug] GET    /api/requesters           --> github.com/mark3748/helpdesk-go/cmd/api.(*App).mountAPI.Search.func42 (6 handlers)
[GIN-debug] GET    /api/requesters/:id       --> github.com/mark3748/helpdesk-go/cmd/api.(*App).getRequester-fm (6 handlers)
[GIN-debug] POST   /api/requesters           --> github.com/mark3748/helpdesk-go/cmd/api.(*App).createRequester-fm (7 handlers)
[GIN-debug] PATCH  /api/requesters/:id       --> github.com/mark3748/helpdesk-go/cmd/api.(*App).updateRequester-fm (7 handlers)
[GIN-debug] GET    /api/teams                --> github.com/mark3748/helpdesk-go/cmd/api.(*App).mountAPI.List.func45 (6 handlers)
[GIN-debug] GET    /api/slas                 --> github.com/mark3748/helpdesk-go/cmd/api.(*App).mountAPI.List.func46 (6 handlers)
[GIN-debug] GET    /api/kb                   --> github.com/mark3748/helpdesk-go/cmd/api.(*App).mountAPI.Search.func47 (6 handlers)
[GIN-debug] GET    /api/kb/:slug             --> github.com/mark3748/helpdesk-go/cmd/api.(*App).mountAPI.Get.func48 (6 handlers)
[GIN-debug] POST   /api/kb                   --> github.com/mark3748/helpdesk-go/cmd/api.(*App).mountAPI.Create.func50 (7 handlers)
[GIN-debug] PUT    /api/kb/:slug             --> github.com/mark3748/helpdesk-go/cmd/api.(*App).mountAPI.Update.func52 (7 handlers)
[GIN-debug] DELETE /api/kb/:slug             --> github.com/mark3748/helpdesk-go/cmd/api.(*App).mountAPI.Delete.func54 (7 handlers)
[GIN-debug] GET    /api/tickets              --> github.com/mark3748/helpdesk-go/cmd/api.(*App).mountAPI.List.func55 (6 handlers)
[GIN-debug] POST   /api/tickets              --> github.com/mark3748/helpdesk-go/cmd/api.(*App).mountAPI.Create.func59 (6 handlers)
[GIN-debug] GET    /api/tickets/:id          --> github.com/mark3748/helpdesk-go/cmd/api.(*App).mountAPI.Get.func60 (6 handlers)
[GIN-debug] PATCH  /api/tickets/:id          --> github.com/mark3748/helpdesk-go/cmd/api.(*App).mountAPI.Update.func62 (7 handlers)
[GIN-debug] GET    /api/tickets/:id/comments --> github.com/mark3748/helpdesk-go/cmd/api.(*App).mountAPI.List.func63 (6 handlers)
[GIN-debug] POST   /api/tickets/:id/comments --> github.com/mark3748/helpdesk-go/cmd/api.(*App).mountAPI.Add.func64 (6 handlers)
[GIN-debug] GET    /api/tickets/:id/attachments --> github.com/mark3748/helpdesk-go/cmd/api.(*App).mountAPI.List.func65 (6 handlers)
[GIN-debug] POST   /api/tickets/:id/attachments/presign --> github.com/mark3748/helpdesk-go/cmd/api.(*App).mountAPI.Presign.func75 (6 handlers)
[GIN-debug] POST   /api/tickets/:id/attachments --> github.com/mark3748/helpdesk-go/cmd/api.(*App).mountAPI.Finalize.func76 (6 handlers)
[GIN-debug] GET    /api/tickets/:id/attachments/:attID --> github.com/mark3748/helpdesk-go/cmd/api.(*App).mountAPI.Get.func77 (6 handlers)
[GIN-debug] PUT    /api/attachments/upload/:objectKey --> github.com/mark3748/helpdesk-go/cmd/api.(*App).mountAPI.UploadObject.func78 (6 handlers)
[GIN-debug] DELETE /api/tickets/:id/attachments/:attID --> github.com/mark3748/helpdesk-go/cmd/api.(*App).mountAPI.Delete.func79 (6 handlers)
[GIN-debug] GET    /api/tickets/:id/watchers --> github.com/mark3748/helpdesk-go/cmd/api.(*App).mountAPI.List.func80 (6 handlers)
[GIN-debug] POST   /api/tickets/:id/watchers --> github.com/mark3748/helpdesk-go/cmd/api.(*App).mountAPI.Add.func81 (6 handlers)
[GIN-debug] DELETE /api/tickets/:id/watchers/:uid --> github.com/mark3748/helpdesk-go/cmd/api.(*App).mountAPI.Remove.func82 (6 handlers)
[GIN-debug] GET    /api/emails/outbound      --> github.com/mark3748/helpdesk-go/cmd/api.(*App).mountAPI.ListOutbound.func84 (7 handlers)
[GIN-debug] GET    /api/metrics/sla          --> github.com/mark3748/helpdesk-go/cmd/api.(*App).mountAPI.SLA.func86 (7 handlers)
[GIN-debug] GET    /api/metrics/resolution   --> github.com/mark3748/helpdesk-go/cmd/api.(*App).mountAPI.Resolution.func88 (7 handlers)
[GIN-debug] GET    /api/metrics/tickets      --> github.com/mark3748/helpdesk-go/cmd/api.(*App).mountAPI.TicketVolume.func90 (7 handlers)
[GIN-debug] GET    /api/metrics/dashboard    --> github.com/mark3748/helpdesk-go/cmd/api.(*App).mountAPI.Dashboard.func92 (7 handlers)
[GIN-debug] GET    /api/metrics/agent        --> github.com/mark3748/helpdesk-go/cmd/api.(*App).mountAPI.Agent.func94 (7 handlers)
[GIN-debug] GET    /api/metrics/manager      --> github.com/mark3748/helpdesk-go/cmd/api.(*App).mountAPI.Manager.func96 (7 handlers)
[GIN-debug] POST   /api/exports/tickets      --> github.com/mark3748/helpdesk-go/cmd/api.(*App).exportTicketsBridge-fm (7 handlers)
[GIN-debug] GET    /api/exports/tickets/:job_id --> github.com/mark3748/helpdesk-go/cmd/api.(*App).exportTicketsStatus-fm (7 handlers)
[GIN-debug] GET    /api/webhooks             --> github.com/mark3748/helpdesk-go/cmd/api.(*App).mountAPI.List.func100 (7 handlers)
[GIN-debug] POST   /api/webhooks             --> github.com/mark3748/helpdesk-go/cmd/api.(*App).mountAPI.Create.func102 (7 handlers)
[GIN-debug] DELETE /api/webhooks/:id         --> github.com/mark3748/helpdesk-go/cmd/api.(*App).mountAPI.Delete.func104 (7 handlers)
[GIN-debug] GET    /api/asset-categories     --> github.com/mark3748/helpdesk-go/cmd/api.(*App).mountAPI.ListCategories.func105 (6 handlers)
[GIN-debug] POST   /api/asset-categories     --> github.com/mark3748/helpdesk-go/cmd/api.(*App).mountAPI.CreateCategory.func107 (7 handlers)
[GIN-debug] GET    /api/asset-categories/:id --> github.com/mark3748/helpdesk-go/cmd/api.(*App).mountAPI.GetCategory.func108 (6 handlers)
[GIN-debug] GET    /api/assets               --> github.com/mark3748/helpdesk-go/cmd/api.(*App).mountAPI.ListAssets.func109 (6 handlers)
[GIN-debug] POST   /api/assets               --> github.com/mark3748/helpdesk-go/cmd/api.(*App).mountAPI.CreateAsset.func111 (7 handlers)
[GIN-debug] GET    /api/assets/:id           --> github.com/mark3748/helpdesk-go/cmd/api.(*App).mountAPI.GetAsset.func112 (6 handlers)
[GIN-debug] PATCH  /api/assets/:id           --> github.com/mark3748/helpdesk-go/cmd/api.(*App).mountAPI.UpdateAsset.func114 (7 handlers)
[GIN-debug] DELETE /api/assets/:id           --> github.com/mark3748/helpdesk-go/cmd/api.(*App).mountAPI.DeleteAsset.func116 (7 handlers)
[GIN-debug] POST   /api/assets/:id/assign    --> github.com/mark3748/helpdesk-go/cmd/api.(*App).mountAPI.AssignAsset.func118 (7 handlers)
[GIN-debug] GET    /api/assets/:id/history   --> github.com/mark3748/helpdesk-go/cmd/api.(*App).mountAPI.GetAssetHistory.func119 (6 handlers)
[GIN-debug] GET    /api/assets/:id/assignments --> github.com/mark3748/helpdesk-go/cmd/api.(*App).mountAPI.GetAssetAssignments.func120 (6 handlers)
[GIN-debug] GET    /api/assets/:id/attachments --> github.com/mark3748/helpdesk-go/cmd/api.(*App).mountAPI.ListAttachments.func121 (6 handlers)
[GIN-debug] POST   /api/assets/:id/attachments/presign --> github.com/mark3748/helpdesk-go/cmd/api.(*App).mountAPI.PresignAssetUpload.func123 (7 handlers)
[GIN-debug] POST   /api/assets/:id/attachments --> github.com/mark3748/helpdesk-go/cmd/api.(*App).mountAPI.FinalizeAssetAttachment.func125 (7 handlers)
[GIN-debug] GET    /api/assets/:id/attachments/:attachmentID --> github.com/mark3748/helpdesk-go/cmd/api.(*App).mountAPI.GetAssetAttachment.func126 (6 handlers)
[GIN-debug] DELETE /api/assets/:id/attachments/:attachmentID --> github.com/mark3748/helpdesk-go/cmd/api.(*App).mountAPI.DeleteAssetAttachment.func128 (7 handlers)
[GIN-debug] PUT    /api/assets/attachments/upload/:objectKey --> github.com/mark3748/helpdesk-go/cmd/api.(*App).mountAPI.UploadAssetObject.func129 (6 handlers)
[GIN-debug] POST   /api/assets/:id/status-change --> github.com/mark3748/helpdesk-go/cmd/api.(*App).mountAPI.RequestStatusChange.func131 (7 handlers)
[GIN-debug] POST   /api/workflows/:id/approve --> github.com/mark3748/helpdesk-go/cmd/api.(*App).mountAPI.ApproveWorkflow.func133 (7 handlers)
[GIN-debug] POST   /api/workflows/:id/reject --> github.com/mark3748/helpdesk-go/cmd/api.(*App).mountAPI.RejectWorkflow.func135 (7 handlers)
[GIN-debug] POST   /api/assets/:id/checkout  --> github.com/mark3748/helpdesk-go/cmd/api.(*App).mountAPI.CheckoutAsset.func137 (7 handlers)
[GIN-debug] POST   /api/assets/checkin       --> github.com/mark3748/helpdesk-go/cmd/api.(*App).mountAPI.CheckinAsset.func139 (7 handlers)
[GIN-debug] GET    /api/assets/checkouts/active --> github.com/mark3748/helpdesk-go/cmd/api.(*App).mountAPI.GetActiveCheckouts.func140 (6 handlers)
[GIN-debug] GET    /api/assets/checkouts/overdue --> github.com/mark3748/helpdesk-go/cmd/api.(*App).mountAPI.GetOverdueCheckouts.func141 (6 handlers)
[GIN-debug] POST   /api/assets/:id/relationships --> github.com/mark3748/helpdesk-go/cmd/api.(*App).mountAPI.CreateRelationship.func143 (7 handlers)
[GIN-debug] GET    /api/assets/:id/relationships/graph --> github.com/mark3748/helpdesk-go/cmd/api.(*App).mountAPI.GetRelationshipGraph.func144 (6 handlers)
[GIN-debug] GET    /api/assets/:id/impact-analysis --> github.com/mark3748/helpdesk-go/cmd/api.(*App).mountAPI.GetAssetImpactAnalysis.func145 (6 handlers)
[GIN-debug] POST   /api/assets/bulk/update   --> github.com/mark3748/helpdesk-go/cmd/api.(*App).mountAPI.BulkUpdateAssets.func147 (7 handlers)
[GIN-debug] POST   /api/assets/bulk/assign   --> github.com/mark3748/helpdesk-go/cmd/api.(*App).mountAPI.BulkAssignAssets.func149 (7 handlers)
[GIN-debug] GET    /api/assets/bulk/operations/:id --> github.com/mark3748/helpdesk-go/cmd/api.(*App).mountAPI.GetBulkOperation.func150 (6 handlers)
[GIN-debug] POST   /api/assets/import/preview --> github.com/mark3748/helpdesk-go/cmd/api.(*App).mountAPI.ImportAssetsPreview.func152 (7 handlers)
[GIN-debug] POST   /api/assets/import        --> github.com/mark3748/helpdesk-go/cmd/api.(*App).mountAPI.ImportAssets.func154 (7 handlers)
[GIN-debug] POST   /api/assets/export        --> github.com/mark3748/helpdesk-go/cmd/api.(*App).mountAPI.ExportAssets.func156 (7 handlers)
[GIN-debug] GET    /api/assets/:id/audit     --> github.com/mark3748/helpdesk-go/cmd/api.(*App).mountAPI.GetAuditHistory.func157 (6 handlers)
[GIN-debug] GET    /api/assets/audit/summary --> github.com/mark3748/helpdesk-go/cmd/api.(*App).mountAPI.GetAuditSummary.func159 (7 handlers)
[GIN-debug] GET    /api/assets/analytics     --> github.com/mark3748/helpdesk-go/cmd/api.(*App).mountAPI.GetAssetAnalytics.func161 (7 handlers)
[GIN-debug] GET    /api/problems             --> github.com/mark3748/helpdesk-go/cmd/api.(*App).mountAPI.List.func162 (6 handlers)
[GIN-debug] POST   /api/problems             --> github.com/mark3748/helpdesk-go/cmd/api.(*App).mountAPI.Create.func163 (6 handlers)
[GIN-debug] GET    /api/problems/:id         --> github.com/mark3748/helpdesk-go/cmd/api.(*App).mountAPI.Get.func164 (6 handlers)
[GIN-debug] PUT    /api/problems/:id         --> github.com/mark3748/helpdesk-go/cmd/api.(*App).mountAPI.Update.func165 (6 handlers)
[GIN-debug] DELETE /api/problems/:id         --> github.com/mark3748/helpdesk-go/cmd/api.(*App).mountAPI.Delete.func166 (6 handlers)
[GIN-debug] GET    /api/changes              --> github.com/mark3748/helpdesk-go/cmd/api.(*App).mountAPI.List.func167 (6 handlers)
[GIN-debug] POST   /api/changes              --> github.com/mark3748/helpdesk-go/cmd/api.(*App).mountAPI.Create.func168 (6 handlers)
[GIN-debug] GET    /api/changes/:id          --> github.com/mark3748/helpdesk-go/cmd/api.(*App).mountAPI.Get.func169 (6 handlers)
[GIN-debug] PUT    /api/changes/:id          --> github.com/mark3748/helpdesk-go/cmd/api.(*App).mountAPI.Update.func170 (6 handlers)
[GIN-debug] DELETE /api/changes/:id          --> github.com/mark3748/helpdesk-go/cmd/api.(*App).mountAPI.Delete.func171 (6 handlers)
[GIN-debug] GET    /api/releases             --> github.com/mark3748/helpdesk-go/cmd/api.(*App).mountAPI.List.func172 (6 handlers)
[GIN-debug] POST   /api/releases             --> github.com/mark3748/helpdesk-go/cmd/api.(*App).mountAPI.Create.func173 (6 handlers)
[GIN-debug] GET    /api/releases/:id         --> github.com/mark3748/helpdesk-go/cmd/api.(*App).mountAPI.Get.func174 (6 handlers)
[GIN-debug] PUT    /api/releases/:id         --> github.com/mark3748/helpdesk-go/cmd/api.(*App).mountAPI.Update.func175 (6 handlers)
[GIN-debug] DELETE /api/releases/:id         --> github.com/mark3748/helpdesk-go/cmd/api.(*App).mountAPI.Delete.func176 (6 handlers)
{"level":"info","request_id":"513d87ac-c1f5-4b92-bd47-99c570dfb107","method":"PATCH","path":"/requesters/req-1","status":200,"duration":0.108312,"time":"2025-12-20T00:53:51-07:00","message":"request"}
[GIN-debug] [WARNING] Running in "debug" mode. Switch to "release" mode in production.
 - using env:	export GIN_MODE=release
 - using code:	gin.SetMode(gin.ReleaseMode)

[GIN-debug] GET    /livez                    --> github.com/mark3748/helpdesk-go/cmd/api.(*App).mountAPI.func1 (5 handlers)
[GIN-debug] GET    /readyz                   --> github.com/mark3748/helpdesk-go/cmd/api.(*App).readyz-fm (5 handlers)
[GIN-debug] GET    /healthz                  --> github.com/mark3748/helpdesk-go/cmd/api.(*App).mountAPI.func2 (5 handlers)
[GIN-debug] GET    /csat/:token              --> github.com/mark3748/helpdesk-go/cmd/api.(*App).csatForm-fm (5 handlers)
[GIN-debug] POST   /csat/:token              --> github.com/mark3748/helpdesk-go/cmd/api.(*App).submitCSAT-fm (5 handlers)
[GIN-debug] GET    /metrics                  --> github.com/mark3748/helpdesk-go/cmd/api.(*App).mountAPI.WrapH.func9 (5 handlers)
[GIN-debug] GET    /swagger/*filepath        --> github.com/gin-gonic/gin.(*RouterGroup).createStaticHandler.func1 (5 handlers)
[GIN-debug] HEAD   /swagger/*filepath        --> github.com/gin-gonic/gin.(*RouterGroup).createStaticHandler.func1 (5 handlers)
[GIN-debug] GET    /docs                     --> github.com/mark3748/helpdesk-go/cmd/api.(*App).docsUI-fm (5 handlers)
[GIN-debug] GET    /openapi.yaml             --> github.com/mark3748/helpdesk-go/cmd/api.(*App).openapiSpec-fm (5 handlers)
[GIN-debug] POST   /webhooks/email-inbound   --> github.com/mark3748/helpdesk-go/cmd/api.(*App).mountAPI.EmailInbound.func18 (5 handlers)
[GIN-debug] GET    /me                       --> github.com/mark3748/helpdesk-go/cmd/api/auth.Me (6 handlers)
[GIN-debug] GET    /me/profile               --> github.com/mark3748/helpdesk-go/cmd/api.(*App).getMyProfile-fm (6 handlers)
[GIN-debug] PATCH  /me/profile               --> github.com/mark3748/helpdesk-go/cmd/api.(*App).updateMyProfile-fm (6 handlers)
[GIN-debug] POST   /me/password              --> github.com/mark3748/helpdesk-go/cmd/api.(*App).changeMyPassword-fm (6 handlers)
[GIN-debug] GET    /events                   --> github.com/mark3748/helpdesk-go/cmd/api.(*App).mountAPI.Events.func20 (6 handlers)
[GIN-debug] GET    /settings                 --> github.com/mark3748/helpdesk-go/cmd/api/handlers.GetSettings (7 handlers)
[GIN-debug] GET    /features                 --> github.com/mark3748/helpdesk-go/cmd/api.(*App).mountAPI.Features.func22 (6 handlers)
[GIN-debug] POST   /test-connection          --> github.com/mark3748/helpdesk-go/cmd/api/handlers.TestConnection (7 handlers)
[GIN-debug] POST   /settings/storage         --> github.com/mark3748/helpdesk-go/cmd/api/handlers.SaveStorageSettings (7 handlers)
[GIN-debug] POST   /settings/oidc            --> github.com/mark3748/helpdesk-go/cmd/api/handlers.SaveOIDCSettings (7 handlers)
[GIN-debug] POST   /settings/mail            --> github.com/mark3748/helpdesk-go/cmd/api/handlers.SaveMailSettings (7 handlers)
[GIN-debug] POST   /settings/mail/send-test  --> github.com/mark3748/helpdesk-go/cmd/api/handlers.SendTestMail (7 handlers)
[GIN-debug] GET    /users/:id/roles          --> github.com/mark3748/helpdesk-go/cmd/api.(*App).mountAPI.ListUserRoles.func29 (7 handlers)
[GIN-debug] POST   /users/:id/roles          --> github.com/mark3748/helpdesk-go/cmd/api.(*App).mountAPI.AddUserRole.func31 (7 handlers)
[GIN-debug] DELETE /users/:id/roles/:role    --> github.com/mark3748/helpdesk-go/cmd/api.(*App).mountAPI.RemoveUserRole.func33 (7 handlers)
[GIN-debug] GET    /users                    --> github.com/mark3748/helpdesk-go/cmd/api.(*App).mountAPI.List.func35 (7 handlers)
[GIN-debug] GET    /users/:id                --> github.com/mark3748/helpdesk-go/cmd/api.(*App).mountAPI.Get.func37 (7 handlers)
[GIN-debug] POST   /users                    --> github.com/mark3748/helpdesk-go/cmd/api.(*App).mountAPI.CreateLocal.func39 (7 handlers)
[GIN-debug] GET    /roles                    --> github.com/mark3748/helpdesk-go/cmd/api.(*App).mountAPI.List.func41 (7 handlers)
[GIN-debug] GET    /requesters               --> github.com/mark3748/helpdesk-go/cmd/api.(*App).mountAPI.Search.func42 (6 handlers)
[GIN-debug] GET    /requesters/:id           --> github.com/mark3748/helpdesk-go/cmd/api.(*App).getRequester-fm (6 handlers)
[GIN-debug] POST   /requesters               --> github.com/mark3748/helpdesk-go/cmd/api.(*App).createRequester-fm (7 handlers)
[GIN-debug] PATCH  /requesters/:id           --> github.com/mark3748/helpdesk-go/cmd/api.(*App).updateRequester-fm (7 handlers)
[GIN-debug] GET    /teams                    --> github.com/mark3748/helpdesk-go/cmd/api.(*App).mountAPI.List.func45 (6 handlers)
[GIN-debug] GET    /slas                     --> github.com/mark3748/helpdesk-go/cmd/api.(*App).mountAPI.List.func46 (6 handlers)
[GIN-debug] GET    /kb                       --> github.com/mark3748/helpdesk-go/cmd/api.(*App).mountAPI.Search.func47 (6 handlers)
[GIN-debug] GET    /kb/:slug                 --> github.com/mark3748/helpdesk-go/cmd/api.(*App).mountAPI.Get.func48 (6 handlers)
[GIN-debug] POST   /kb                       --> github.com/mark3748/helpdesk-go/cmd/api.(*App).mountAPI.Create.func50 (7 handlers)
[GIN-debug] PUT    /kb/:slug                 --> github.com/mark3748/helpdesk-go/cmd/api.(*App).mountAPI.Update.func52 (7 handlers)
[GIN-debug] DELETE /kb/:slug                 --> github.com/mark3748/helpdesk-go/cmd/api.(*App).mountAPI.Delete.func54 (7 handlers)
[GIN-debug] GET    /tickets                  --> github.com/mark3748/helpdesk-go/cmd/api.(*App).mountAPI.List.func55 (6 handlers)
[GIN-debug] POST   /tickets                  --> github.com/mark3748/helpdesk-go/cmd/api.(*App).mountAPI.Create.func59 (6 handlers)
[GIN-debug] GET    /tickets/:id              --> github.com/mark3748/helpdesk-go/cmd/api.(*App).mountAPI.Get.func60 (6 handlers)
[GIN-debug] PATCH  /tickets/:id              --> github.com/mark3748/helpdesk-go/cmd/api.(*App).mountAPI.Update.func62 (7 handlers)
[GIN-debug] GET    /tickets/:id/comments     --> github.com/mark3748/helpdesk-go/cmd/api.(*App).mountAPI.List.func63 (6 handlers)
[GIN-debug] POST   /tickets/:id/comments     --> github.com/mark3748/helpdesk-go/cmd/api.(*App).mountAPI.Add.func64 (6 handlers)
[GIN-debug] GET    /tickets/:id/attachments  --> github.com/mark3748/helpdesk-go/cmd/api.(*App).mountAPI.List.func65 (6 handlers)
[GIN-debug] POST   /tickets/:id/attachments/presign --> github.com/mark3748/helpdesk-go/cmd/api.(*App).mountAPI.Presign.func75 (6 handlers)
[GIN-debug] POST   /tickets/:id/attachments  --> github.com/mark3748/helpdesk-go/cmd/api.(*App).mountAPI.Finalize.func76 (6 handlers)
[GIN-debug] GET    /tickets/:id/attachments/:attID --> github.com/mark3748/helpdesk-go/cmd/api.(*App).mountAPI.Get.func77 (6 handlers)
[GIN-debug] PUT    /attachments/upload/:objectKey --> github.com/mark3748/helpdesk-go/cmd/api.(*App).mountAPI.UploadObject.func78 (6 handlers)
[GIN-debug] DELETE /tickets/:id/attachments/:attID --> github.com/mark3748/helpdesk-go/cmd/api.(*App).mountAPI.Delete.func79 (6 handlers)
[GIN-debug] GET    /tickets/:id/watchers     --> github.com/mark3748/helpdesk-go/cmd/api.(*App).mountAPI.List.func80 (6 handlers)
[GIN-debug] POST   /tickets/:id/watchers     --> github.com/mark3748/helpdesk-go/cmd/api.(*App).mountAPI.Add.func81 (6 handlers)
[GIN-debug] DELETE /tickets/:id/watchers/:uid --> github.com/mark3748/helpdesk-go/cmd/api.(*App).mountAPI.Remove.func82 (6 handlers)
[GIN-debug] GET    /emails/outbound          --> github.com/mark3748/helpdesk-go/cmd/api.(*App).mountAPI.ListOutbound.func84 (7 handlers)
[GIN-debug] GET    /metrics/sla              --> github.com/mark3748/helpdesk-go/cmd/api.(*App).mountAPI.SLA.func86 (7 handlers)
[GIN-debug] GET    /metrics/resolution       --> github.com/mark3748/helpdesk-go/cmd/api.(*App).mountAPI.Resolution.func88 (7 handlers)
[GIN-debug] GET    /metrics/tickets          --> github.com/mark3748/helpdesk-go/cmd/api.(*App).mountAPI.TicketVolume.func90 (7 handlers)
[GIN-debug] GET    /metrics/dashboard        --> github.com/mark3748/helpdesk-go/cmd/api.(*App).mountAPI.Dashboard.func92 (7 handlers)
[GIN-debug] GET    /metrics/agent            --> github.com/mark3748/helpdesk-go/cmd/api.(*App).mountAPI.Agent.func94 (7 handlers)
[GIN-debug] GET    /metrics/manager          --> github.com/mark3748/helpdesk-go/cmd/api.(*App).mountAPI.Manager.func96 (7 handlers)
[GIN-debug] POST   /exports/tickets          --> github.com/mark3748/helpdesk-go/cmd/api.(*App).exportTicketsBridge-fm (7 handlers)
[GIN-debug] GET    /exports/tickets/:job_id  --> github.com/mark3748/helpdesk-go/cmd/api.(*App).exportTicketsStatus-fm (7 handlers)
[GIN-debug] GET    /webhooks                 --> github.com/mark3748/helpdesk-go/cmd/api.(*App).mountAPI.List.func100 (7 handlers)
[GIN-debug] POST   /webhooks                 --> github.com/mark3748/helpdesk-go/cmd/api.(*App).mountAPI.Create.func102 (7 handlers)
[GIN-debug] DELETE /webhooks/:id             --> github.com/mark3748/helpdesk-go/cmd/api.(*App).mountAPI.Delete.func104 (7 handlers)
[GIN-debug] GET    /asset-categories         --> github.com/mark3748/helpdesk-go/cmd/api.(*App).mountAPI.ListCategories.func105 (6 handlers)
[GIN-debug] POST   /asset-categories         --> github.com/mark3748/helpdesk-go/cmd/api.(*App).mountAPI.CreateCategory.func107 (7 handlers)
[GIN-debug] GET    /asset-categories/:id     --> github.com/mark3748/helpdesk-go/cmd/api.(*App).mountAPI.GetCategory.func108 (6 handlers)
[GIN-debug] GET    /assets                   --> github.com/mark3748/helpdesk-go/cmd/api.(*App).mountAPI.ListAssets.func109 (6 handlers)
[GIN-debug] POST   /assets                   --> github.com/mark3748/helpdesk-go/cmd/api.(*App).mountAPI.CreateAsset.func111 (7 handlers)
[GIN-debug] GET    /assets/:id               --> github.com/mark3748/helpdesk-go/cmd/api.(*App).mountAPI.GetAsset.func112 (6 handlers)
[GIN-debug] PATCH  /assets/:id               --> github.com/mark3748/helpdesk-go/cmd/api.(*App).mountAPI.UpdateAsset.func114 (7 handlers)
[GIN-debug] DELETE /assets/:id               --> github.com/mark3748/helpdesk-go/cmd/api.(*App).mountAPI.DeleteAsset.func116 (7 handlers)
[GIN-debug] POST   /assets/:id/assign        --> github.com/mark3748/helpdesk-go/cmd/api.(*App).mountAPI.AssignAsset.func118 (7 handlers)
[GIN-debug] GET    /assets/:id/history       --> github.com/mark3748/helpdesk-go/cmd/api.(*App).mountAPI.GetAssetHistory.func119 (6 handlers)
[GIN-debug] GET    /assets/:id/assignments   --> github.com/mark3748/helpdesk-go/cmd/api.(*App).mountAPI.GetAssetAssignments.func120 (6 handlers)
[GIN-debug] GET    /assets/:id/attachments   --> github.com/mark3748/helpdesk-go/cmd/api.(*App).mountAPI.ListAttachments.func121 (6 handlers)
[GIN-debug] POST   /assets/:id/attachments/presign --> github.com/mark3748/helpdesk-go/cmd/api.(*App).mountAPI.PresignAssetUpload.func123 (7 handlers)
[GIN-debug] POST   /assets/:id/attachments   --> github.com/mark3748/helpdesk-go/cmd/api.(*App).mountAPI.FinalizeAssetAttachment.func125 (7 handlers)
[GIN-debug] GET    /assets/:id/attachments/:attachmentID --> github.com/mark3748/helpdesk-go/cmd/api.(*App).mountAPI.GetAssetAttachment.func126 (6 handlers)
[GIN-debug] DELETE /assets/:id/attachments/:attachmentID --> github.com/mark3748/helpdesk-go/cmd/api.(*App).mountAPI.DeleteAssetAttachment.func128 (7 handlers)
[GIN-debug] PUT    /assets/attachments/upload/:objectKey --> github.com/mark3748/helpdesk-go/cmd/api.(*App).mountAPI.UploadAssetObject.func129 (6 handlers)
[GIN-debug] POST   /assets/:id/status-change --> github.com/mark3748/helpdesk-go/cmd/api.(*App).mountAPI.RequestStatusChange.func131 (7 handlers)
[GIN-debug] POST   /workflows/:id/approve    --> github.com/mark3748/helpdesk-go/cmd/api.(*App).mountAPI.ApproveWorkflow.func133 (7 handlers)
[GIN-debug] POST   /workflows/:id/reject     --> github.com/mark3748/helpdesk-go/cmd/api.(*App).mountAPI.RejectWorkflow.func135 (7 handlers)
[GIN-debug] POST   /assets/:id/checkout      --> github.com/mark3748/helpdesk-go/cmd/api.(*App).mountAPI.CheckoutAsset.func137 (7 handlers)
[GIN-debug] POST   /assets/checkin           --> github.com/mark3748/helpdesk-go/cmd/api.(*App).mountAPI.CheckinAsset.func139 (7 handlers)
[GIN-debug] GET    /assets/checkouts/active  --> github.com/mark3748/helpdesk-go/cmd/api.(*App).mountAPI.GetActiveCheckouts.func140 (6 handlers)
[GIN-debug] GET    /assets/checkouts/overdue --> github.com/mark3748/helpdesk-go/cmd/api.(*App).mountAPI.GetOverdueCheckouts.func141 (6 handlers)
[GIN-debug] POST   /assets/:id/relationships --> github.com/mark3748/helpdesk-go/cmd/api.(*App).mountAPI.CreateRelationship.func143 (7 handlers)
[GIN-debug] GET    /assets/:id/relationships/graph --> github.com/mark3748/helpdesk-go/cmd/api.(*App).mountAPI.GetRelationshipGraph.func144 (6 handlers)
[GIN-debug] GET    /assets/:id/impact-analysis --> github.com/mark3748/helpdesk-go/cmd/api.(*App).mountAPI.GetAssetImpactAnalysis.func145 (6 handlers)
[GIN-debug] POST   /assets/bulk/update       --> github.com/mark3748/helpdesk-go/cmd/api.(*App).mountAPI.BulkUpdateAssets.func147 (7 handlers)
[GIN-debug] POST   /assets/bulk/assign       --> github.com/mark3748/helpdesk-go/cmd/api.(*App).mountAPI.BulkAssignAssets.func149 (7 handlers)
[GIN-debug] GET    /assets/bulk/operations/:id --> github.com/mark3748/helpdesk-go/cmd/api.(*App).mountAPI.GetBulkOperation.func150 (6 handlers)
[GIN-debug] POST   /assets/import/preview    --> github.com/mark3748/helpdesk-go/cmd/api.(*App).mountAPI.ImportAssetsPreview.func152 (7 handlers)
[GIN-debug] POST   /assets/import            --> github.com/mark3748/helpdesk-go/cmd/api.(*App).mountAPI.ImportAssets.func154 (7 handlers)
[GIN-debug] POST   /assets/export            --> github.com/mark3748/helpdesk-go/cmd/api.(*App).mountAPI.ExportAssets.func156 (7 handlers)
[GIN-debug] GET    /assets/:id/audit         --> github.com/mark3748/helpdesk-go/cmd/api.(*App).mountAPI.GetAuditHistory.func157 (6 handlers)
[GIN-debug] GET    /assets/audit/summary     --> github.com/mark3748/helpdesk-go/cmd/api.(*App).mountAPI.GetAuditSummary.func159 (7 handlers)
[GIN-debug] GET    /assets/analytics         --> github.com/mark3748/helpdesk-go/cmd/api.(*App).mountAPI.GetAssetAnalytics.func161 (7 handlers)
[GIN-debug] GET    /problems                 --> github.com/mark3748/helpdesk-go/cmd/api.(*App).mountAPI.List.func162 (6 handlers)
[GIN-debug] POST   /problems                 --> github.com/mark3748/helpdesk-go/cmd/api.(*App).mountAPI.Create.func163 (6 handlers)
[GIN-debug] GET    /problems/:id             --> github.com/mark3748/helpdesk-go/cmd/api.(*App).mountAPI.Get.func164 (6 handlers)
[GIN-debug] PUT    /problems/:id             --> github.com/mark3748/helpdesk-go/cmd/api.(*App).mountAPI.Update.func165 (6 handlers)
[GIN-debug] DELETE /problems/:id             --> github.com/mark3748/helpdesk-go/cmd/api.(*App).mountAPI.Delete.func166 (6 handlers)
[GIN-debug] GET    /changes                  --> github.com/mark3748/helpdesk-go/cmd/api.(*App).mountAPI.List.func167 (6 handlers)
[GIN-debug] POST   /changes                  --> github.com/mark3748/helpdesk-go/cmd/api.(*App).mountAPI.Create.func168 (6 handlers)
[GIN-debug] GET    /changes/:id              --> github.com/mark3748/helpdesk-go/cmd/api.(*App).mountAPI.Get.func169 (6 handlers)
[GIN-debug] PUT    /changes/:id              --> github.com/mark3748/helpdesk-go/cmd/api.(*App).mountAPI.Update.func170 (6 handlers)
[GIN-debug] DELETE /changes/:id              --> github.com/mark3748/helpdesk-go/cmd/api.(*App).mountAPI.Delete.func171 (6 handlers)
[GIN-debug] GET    /releases                 --> github.com/mark3748/helpdesk-go/cmd/api.(*App).mountAPI.List.func172 (6 handlers)
[GIN-debug] POST   /releases                 --> github.com/mark3748/helpdesk-go/cmd/api.(*App).mountAPI.Create.func173 (6 handlers)
[GIN-debug] GET    /releases/:id             --> github.com/mark3748/helpdesk-go/cmd/api.(*App).mountAPI.Get.func174 (6 handlers)
[GIN-debug] PUT    /releases/:id             --> github.com/mark3748/helpdesk-go/cmd/api.(*App).mountAPI.Update.func175 (6 handlers)
[GIN-debug] DELETE /releases/:id             --> github.com/mark3748/helpdesk-go/cmd/api.(*App).mountAPI.Delete.func176 (6 handlers)
[GIN-debug] GET    /api/livez                --> github.com/mark3748/helpdesk-go/cmd/api.(*App).mountAPI.func1 (5 handlers)
[GIN-debug] GET    /api/readyz               --> github.com/mark3748/helpdesk-go/cmd/api.(*App).readyz-fm (5 handlers)
[GIN-debug] GET    /api/healthz              --> github.com/mark3748/helpdesk-go/cmd/api.(*App).mountAPI.func2 (5 handlers)
[GIN-debug] GET    /api/csat/:token          --> github.com/mark3748/helpdesk-go/cmd/api.(*App).csatForm-fm (5 handlers)
[GIN-debug] POST   /api/csat/:token          --> github.com/mark3748/helpdesk-go/cmd/api.(*App).submitCSAT-fm (5 handlers)
[GIN-debug] GET    /api/metrics              --> github.com/mark3748/helpdesk-go/cmd/api.(*App).mountAPI.WrapH.func9 (5 handlers)
[GIN-debug] GET    /api/swagger/*filepath    --> github.com/gin-gonic/gin.(*RouterGroup).createStaticHandler.func1 (5 handlers)
[GIN-debug] HEAD   /api/swagger/*filepath    --> github.com/gin-gonic/gin.(*RouterGroup).createStaticHandler.func1 (5 handlers)
[GIN-debug] GET    /api/docs                 --> github.com/mark3748/helpdesk-go/cmd/api.(*App).docsUI-fm (5 handlers)
[GIN-debug] GET    /api/openapi.yaml         --> github.com/mark3748/helpdesk-go/cmd/api.(*App).openapiSpec-fm (5 handlers)
[GIN-debug] POST   /api/webhooks/email-inbound --> github.com/mark3748/helpdesk-go/cmd/api.(*App).mountAPI.EmailInbound.func18 (5 handlers)
[GIN-debug] GET    /api/me                   --> github.com/mark3748/helpdesk-go/cmd/api/auth.Me (6 handlers)
[GIN-debug] GET    /api/me/profile           --> github.com/mark3748/helpdesk-go/cmd/api.(*App).getMyProfile-fm (6 handlers)
[GIN-debug] PATCH  /api/me/profile           --> github.com/mark3748/helpdesk-go/cmd/api.(*App).updateMyProfile-fm (6 handlers)
[GIN-debug] POST   /api/me/password          --> github.com/mark3748/helpdesk-go/cmd/api.(*App).changeMyPassword-fm (6 handlers)
[GIN-debug] GET    /api/events               --> github.com/mark3748/helpdesk-go/cmd/api.(*App).mountAPI.Events.func20 (6 handlers)
[GIN-debug] GET    /api/settings             --> github.com/mark3748/helpdesk-go/cmd/api/handlers.GetSettings (7 handlers)
[GIN-debug] GET    /api/features             --> github.com/mark3748/helpdesk-go/cmd/api.(*App).mountAPI.Features.func22 (6 handlers)
[GIN-debug] POST   /api/test-connection      --> github.com/mark3748/helpdesk-go/cmd/api/handlers.TestConnection (7 handlers)
[GIN-debug] POST   /api/settings/storage     --> github.com/mark3748/helpdesk-go/cmd/api/handlers.SaveStorageSettings (7 handlers)
[GIN-debug] POST   /api/settings/oidc        --> github.com/mark3748/helpdesk-go/cmd/api/handlers.SaveOIDCSettings (7 handlers)
[GIN-debug] POST   /api/settings/mail        --> github.com/mark3748/helpdesk-go/cmd/api/handlers.SaveMailSettings (7 handlers)
[GIN-debug] POST   /api/settings/mail/send-test --> github.com/mark3748/helpdesk-go/cmd/api/handlers.SendTestMail (7 handlers)
[GIN-debug] GET    /api/users/:id/roles      --> github.com/mark3748/helpdesk-go/cmd/api.(*App).mountAPI.ListUserRoles.func29 (7 handlers)
[GIN-debug] POST   /api/users/:id/roles      --> github.com/mark3748/helpdesk-go/cmd/api.(*App).mountAPI.AddUserRole.func31 (7 handlers)
[GIN-debug] DELETE /api/users/:id/roles/:role --> github.com/mark3748/helpdesk-go/cmd/api.(*App).mountAPI.RemoveUserRole.func33 (7 handlers)
[GIN-debug] GET    /api/users                --> github.com/mark3748/helpdesk-go/cmd/api.(*App).mountAPI.List.func35 (7 handlers)
[GIN-debug] GET    /api/users/:id            --> github.com/mark3748/helpdesk-go/cmd/api.(*App).mountAPI.Get.func37 (7 handlers)
[GIN-debug] POST   /api/users                --> github.com/mark3748/helpdesk-go/cmd/api.(*App).mountAPI.CreateLocal.func39 (7 handlers)
[GIN-debug] GET    /api/roles                --> github.com/mark3748/helpdesk-go/cmd/api.(*App).mountAPI.List.func41 (7 handlers)
[GIN-debug] GET    /api/requesters           --> github.com/mark3748/helpdesk-go/cmd/api.(*App).mountAPI.Search.func42 (6 handlers)
[GIN-debug] GET    /api/requesters/:id       --> github.com/mark3748/helpdesk-go/cmd/api.(*App).getRequester-fm (6 handlers)
[GIN-debug] POST   /api/requesters           --> github.com/mark3748/helpdesk-go/cmd/api.(*App).createRequester-fm (7 handlers)
[GIN-debug] PATCH  /api/requesters/:id       --> github.com/mark3748/helpdesk-go/cmd/api.(*App).updateRequester-fm (7 handlers)
[GIN-debug] GET    /api/teams                --> github.com/mark3748/helpdesk-go/cmd/api.(*App).mountAPI.List.func45 (6 handlers)
[GIN-debug] GET    /api/slas                 --> github.com/mark3748/helpdesk-go/cmd/api.(*App).mountAPI.List.func46 (6 handlers)
[GIN-debug] GET    /api/kb                   --> github.com/mark3748/helpdesk-go/cmd/api.(*App).mountAPI.Search.func47 (6 handlers)
[GIN-debug] GET    /api/kb/:slug             --> github.com/mark3748/helpdesk-go/cmd/api.(*App).mountAPI.Get.func48 (6 handlers)
[GIN-debug] POST   /api/kb                   --> github.com/mark3748/helpdesk-go/cmd/api.(*App).mountAPI.Create.func50 (7 handlers)
[GIN-debug] PUT    /api/kb/:slug             --> github.com/mark3748/helpdesk-go/cmd/api.(*App).mountAPI.Update.func52 (7 handlers)
[GIN-debug] DELETE /api/kb/:slug             --> github.com/mark3748/helpdesk-go/cmd/api.(*App).mountAPI.Delete.func54 (7 handlers)
[GIN-debug] GET    /api/tickets              --> github.com/mark3748/helpdesk-go/cmd/api.(*App).mountAPI.List.func55 (6 handlers)
[GIN-debug] POST   /api/tickets              --> github.com/mark3748/helpdesk-go/cmd/api.(*App).mountAPI.Create.func59 (6 handlers)
[GIN-debug] GET    /api/tickets/:id          --> github.com/mark3748/helpdesk-go/cmd/api.(*App).mountAPI.Get.func60 (6 handlers)
[GIN-debug] PATCH  /api/tickets/:id          --> github.com/mark3748/helpdesk-go/cmd/api.(*App).mountAPI.Update.func62 (7 handlers)
[GIN-debug] GET    /api/tickets/:id/comments --> github.com/mark3748/helpdesk-go/cmd/api.(*App).mountAPI.List.func63 (6 handlers)
[GIN-debug] POST   /api/tickets/:id/comments --> github.com/mark3748/helpdesk-go/cmd/api.(*App).mountAPI.Add.func64 (6 handlers)
[GIN-debug] GET    /api/tickets/:id/attachments --> github.com/mark3748/helpdesk-go/cmd/api.(*App).mountAPI.List.func65 (6 handlers)
[GIN-debug] POST   /api/tickets/:id/attachments/presign --> github.com/mark3748/helpdesk-go/cmd/api.(*App).mountAPI.Presign.func75 (6 handlers)
[GIN-debug] POST   /api/tickets/:id/attachments --> github.com/mark3748/helpdesk-go/cmd/api.(*App).mountAPI.Finalize.func76 (6 handlers)
[GIN-debug] GET    /api/tickets/:id/attachments/:attID --> github.com/mark3748/helpdesk-go/cmd/api.(*App).mountAPI.Get.func77 (6 handlers)
[GIN-debug] PUT    /api/attachments/upload/:objectKey --> github.com/mark3748/helpdesk-go/cmd/api.(*App).mountAPI.UploadObject.func78 (6 handlers)
[GIN-debug] DELETE /api/tickets/:id/attachments/:attID --> github.com/mark3748/helpdesk-go/cmd/api.(*App).mountAPI.Delete.func79 (6 handlers)
[GIN-debug] GET    /api/tickets/:id/watchers --> github.com/mark3748/helpdesk-go/cmd/api.(*App).mountAPI.List.func80 (6 handlers)
[GIN-debug] POST   /api/tickets/:id/watchers --> github.com/mark3748/helpdesk-go/cmd/api.(*App).mountAPI.Add.func81 (6 handlers)
[GIN-debug] DELETE /api/tickets/:id/watchers/:uid --> github.com/mark3748/helpdesk-go/cmd/api.(*App).mountAPI.Remove.func82 (6 handlers)
[GIN-debug] GET    /api/emails/outbound      --> github.com/mark3748/helpdesk-go/cmd/api.(*App).mountAPI.ListOutbound.func84 (7 handlers)
[GIN-debug] GET    /api/metrics/sla          --> github.com/mark3748/helpdesk-go/cmd/api.(*App).mountAPI.SLA.func86 (7 handlers)
[GIN-debug] GET    /api/metrics/resolution   --> github.com/mark3748/helpdesk-go/cmd/api.(*App).mountAPI.Resolution.func88 (7 handlers)
[GIN-debug] GET    /api/metrics/tickets      --> github.com/mark3748/helpdesk-go/cmd/api.(*App).mountAPI.TicketVolume.func90 (7 handlers)
[GIN-debug] GET    /api/metrics/dashboard    --> github.com/mark3748/helpdesk-go/cmd/api.(*App).mountAPI.Dashboard.func92 (7 handlers)
[GIN-debug] GET    /api/metrics/agent        --> github.com/mark3748/helpdesk-go/cmd/api.(*App).mountAPI.Agent.func94 (7 handlers)
[GIN-debug] GET    /api/metrics/manager      --> github.com/mark3748/helpdesk-go/cmd/api.(*App).mountAPI.Manager.func96 (7 handlers)
[GIN-debug] POST   /api/exports/tickets      --> github.com/mark3748/helpdesk-go/cmd/api.(*App).exportTicketsBridge-fm (7 handlers)
[GIN-debug] GET    /api/exports/tickets/:job_id --> github.com/mark3748/helpdesk-go/cmd/api.(*App).exportTicketsStatus-fm (7 handlers)
[GIN-debug] GET    /api/webhooks             --> github.com/mark3748/helpdesk-go/cmd/api.(*App).mountAPI.List.func100 (7 handlers)
[GIN-debug] POST   /api/webhooks             --> github.com/mark3748/helpdesk-go/cmd/api.(*App).mountAPI.Create.func102 (7 handlers)
[GIN-debug] DELETE /api/webhooks/:id         --> github.com/mark3748/helpdesk-go/cmd/api.(*App).mountAPI.Delete.func104 (7 handlers)
[GIN-debug] GET    /api/asset-categories     --> github.com/mark3748/helpdesk-go/cmd/api.(*App).mountAPI.ListCategories.func105 (6 handlers)
[GIN-debug] POST   /api/asset-categories     --> github.com/mark3748/helpdesk-go/cmd/api.(*App).mountAPI.CreateCategory.func107 (7 handlers)
[GIN-debug] GET    /api/asset-categories/:id --> github.com/mark3748/helpdesk-go/cmd/api.(*App).mountAPI.GetCategory.func108 (6 handlers)
[GIN-debug] GET    /api/assets               --> github.com/mark3748/helpdesk-go/cmd/api.(*App).mountAPI.ListAssets.func109 (6 handlers)
[GIN-debug] POST   /api/assets               --> github.com/mark3748/helpdesk-go/cmd/api.(*App).mountAPI.CreateAsset.func111 (7 handlers)
[GIN-debug] GET    /api/assets/:id           --> github.com/mark3748/helpdesk-go/cmd/api.(*App).mountAPI.GetAsset.func112 (6 handlers)
[GIN-debug] PATCH  /api/assets/:id           --> github.com/mark3748/helpdesk-go/cmd/api.(*App).mountAPI.UpdateAsset.func114 (7 handlers)
[GIN-debug] DELETE /api/assets/:id           --> github.com/mark3748/helpdesk-go/cmd/api.(*App).mountAPI.DeleteAsset.func116 (7 handlers)
[GIN-debug] POST   /api/assets/:id/assign    --> github.com/mark3748/helpdesk-go/cmd/api.(*App).mountAPI.AssignAsset.func118 (7 handlers)
[GIN-debug] GET    /api/assets/:id/history   --> github.com/mark3748/helpdesk-go/cmd/api.(*App).mountAPI.GetAssetHistory.func119 (6 handlers)
[GIN-debug] GET    /api/assets/:id/assignments --> github.com/mark3748/helpdesk-go/cmd/api.(*App).mountAPI.GetAssetAssignments.func120 (6 handlers)
[GIN-debug] GET    /api/assets/:id/attachments --> github.com/mark3748/helpdesk-go/cmd/api.(*App).mountAPI.ListAttachments.func121 (6 handlers)
[GIN-debug] POST   /api/assets/:id/attachments/presign --> github.com/mark3748/helpdesk-go/cmd/api.(*App).mountAPI.PresignAssetUpload.func123 (7 handlers)
[GIN-debug] POST   /api/assets/:id/attachments --> github.com/mark3748/helpdesk-go/cmd/api.(*App).mountAPI.FinalizeAssetAttachment.func125 (7 handlers)
[GIN-debug] GET    /api/assets/:id/attachments/:attachmentID --> github.com/mark3748/helpdesk-go/cmd/api.(*App).mountAPI.GetAssetAttachment.func126 (6 handlers)
[GIN-debug] DELETE /api/assets/:id/attachments/:attachmentID --> github.com/mark3748/helpdesk-go/cmd/api.(*App).mountAPI.DeleteAssetAttachment.func128 (7 handlers)
[GIN-debug] PUT    /api/assets/attachments/upload/:objectKey --> github.com/mark3748/helpdesk-go/cmd/api.(*App).mountAPI.UploadAssetObject.func129 (6 handlers)
[GIN-debug] POST   /api/assets/:id/status-change --> github.com/mark3748/helpdesk-go/cmd/api.(*App).mountAPI.RequestStatusChange.func131 (7 handlers)
[GIN-debug] POST   /api/workflows/:id/approve --> github.com/mark3748/helpdesk-go/cmd/api.(*App).mountAPI.ApproveWorkflow.func133 (7 handlers)
[GIN-debug] POST   /api/workflows/:id/reject --> github.com/mark3748/helpdesk-go/cmd/api.(*App).mountAPI.RejectWorkflow.func135 (7 handlers)
[GIN-debug] POST   /api/assets/:id/checkout  --> github.com/mark3748/helpdesk-go/cmd/api.(*App).mountAPI.CheckoutAsset.func137 (7 handlers)
[GIN-debug] POST   /api/assets/checkin       --> github.com/mark3748/helpdesk-go/cmd/api.(*App).mountAPI.CheckinAsset.func139 (7 handlers)
[GIN-debug] GET    /api/assets/checkouts/active --> github.com/mark3748/helpdesk-go/cmd/api.(*App).mountAPI.GetActiveCheckouts.func140 (6 handlers)
[GIN-debug] GET    /api/assets/checkouts/overdue --> github.com/mark3748/helpdesk-go/cmd/api.(*App).mountAPI.GetOverdueCheckouts.func141 (6 handlers)
[GIN-debug] POST   /api/assets/:id/relationships --> github.com/mark3748/helpdesk-go/cmd/api.(*App).mountAPI.CreateRelationship.func143 (7 handlers)
[GIN-debug] GET    /api/assets/:id/relationships/graph --> github.com/mark3748/helpdesk-go/cmd/api.(*App).mountAPI.GetRelationshipGraph.func144 (6 handlers)
[GIN-debug] GET    /api/assets/:id/impact-analysis --> github.com/mark3748/helpdesk-go/cmd/api.(*App).mountAPI.GetAssetImpactAnalysis.func145 (6 handlers)
[GIN-debug] POST   /api/assets/bulk/update   --> github.com/mark3748/helpdesk-go/cmd/api.(*App).mountAPI.BulkUpdateAssets.func147 (7 handlers)
[GIN-debug] POST   /api/assets/bulk/assign   --> github.com/mark3748/helpdesk-go/cmd/api.(*App).mountAPI.BulkAssignAssets.func149 (7 handlers)
[GIN-debug] GET    /api/assets/bulk/operations/:id --> github.com/mark3748/helpdesk-go/cmd/api.(*App).mountAPI.GetBulkOperation.func150 (6 handlers)
[GIN-debug] POST   /api/assets/import/preview --> github.com/mark3748/helpdesk-go/cmd/api.(*App).mountAPI.ImportAssetsPreview.func152 (7 handlers)
[GIN-debug] POST   /api/assets/import        --> github.com/mark3748/helpdesk-go/cmd/api.(*App).mountAPI.ImportAssets.func154 (7 handlers)
[GIN-debug] POST   /api/assets/export        --> github.com/mark3748/helpdesk-go/cmd/api.(*App).mountAPI.ExportAssets.func156 (7 handlers)
[GIN-debug] GET    /api/assets/:id/audit     --> github.com/mark3748/helpdesk-go/cmd/api.(*App).mountAPI.GetAuditHistory.func157 (6 handlers)
[GIN-debug] GET    /api/assets/audit/summary --> github.com/mark3748/helpdesk-go/cmd/api.(*App).mountAPI.GetAuditSummary.func159 (7 handlers)
[GIN-debug] GET    /api/assets/analytics     --> github.com/mark3748/helpdesk-go/cmd/api.(*App).mountAPI.GetAssetAnalytics.func161 (7 handlers)
[GIN-debug] GET    /api/problems             --> github.com/mark3748/helpdesk-go/cmd/api.(*App).mountAPI.List.func162 (6 handlers)
[GIN-debug] POST   /api/problems             --> github.com/mark3748/helpdesk-go/cmd/api.(*App).mountAPI.Create.func163 (6 handlers)
[GIN-debug] GET    /api/problems/:id         --> github.com/mark3748/helpdesk-go/cmd/api.(*App).mountAPI.Get.func164 (6 handlers)
[GIN-debug] PUT    /api/problems/:id         --> github.com/mark3748/helpdesk-go/cmd/api.(*App).mountAPI.Update.func165 (6 handlers)
[GIN-debug] DELETE /api/problems/:id         --> github.com/mark3748/helpdesk-go/cmd/api.(*App).mountAPI.Delete.func166 (6 handlers)
[GIN-debug] GET    /api/changes              --> github.com/mark3748/helpdesk-go/cmd/api.(*App).mountAPI.List.func167 (6 handlers)
[GIN-debug] POST   /api/changes              --> github.com/mark3748/helpdesk-go/cmd/api.(*App).mountAPI.Create.func168 (6 handlers)
[GIN-debug] GET    /api/changes/:id          --> github.com/mark3748/helpdesk-go/cmd/api.(*App).mountAPI.Get.func169 (6 handlers)
[GIN-debug] PUT    /api/changes/:id          --> github.com/mark3748/helpdesk-go/cmd/api.(*App).mountAPI.Update.func170 (6 handlers)
[GIN-debug] DELETE /api/changes/:id          --> github.com/mark3748/helpdesk-go/cmd/api.(*App).mountAPI.Delete.func171 (6 handlers)
[GIN-debug] GET    /api/releases             --> github.com/mark3748/helpdesk-go/cmd/api.(*App).mountAPI.List.func172 (6 handlers)
[GIN-debug] POST   /api/releases             --> github.com/mark3748/helpdesk-go/cmd/api.(*App).mountAPI.Create.func173 (6 handlers)
[GIN-debug] GET    /api/releases/:id         --> github.com/mark3748/helpdesk-go/cmd/api.(*App).mountAPI.Get.func174 (6 handlers)
[GIN-debug] PUT    /api/releases/:id         --> github.com/mark3748/helpdesk-go/cmd/api.(*App).mountAPI.Update.func175 (6 handlers)
[GIN-debug] DELETE /api/releases/:id         --> github.com/mark3748/helpdesk-go/cmd/api.(*App).mountAPI.Delete.func176 (6 handlers)
{"level":"info","request_id":"673ccc20-3228-449f-9787-bc3680c9c247","method":"PATCH","path":"/requesters/target-user","status":404,"duration":0.034039,"time":"2025-12-20T00:53:51-07:00","message":"request"}
FAIL
coverage: 34.9% of statements
FAIL	github.com/mark3748/helpdesk-go/cmd/api	0.847s
ok  	github.com/mark3748/helpdesk-go/cmd/api/app	(cached)	coverage: 29.2% of statements
	github.com/mark3748/helpdesk-go/cmd/api/assets		coverage: 0.0% of statements
ok  	github.com/mark3748/helpdesk-go/cmd/api/attachments	(cached)	coverage: 15.7% of statements
ok  	github.com/mark3748/helpdesk-go/cmd/api/auth	(cached)	coverage: 16.7% of statements
	github.com/mark3748/helpdesk-go/cmd/api/changes		coverage: 0.0% of statements
ok  	github.com/mark3748/helpdesk-go/cmd/api/comments	(cached)	coverage: 94.4% of statements
ok  	github.com/mark3748/helpdesk-go/cmd/api/emails	(cached)	coverage: 70.6% of statements
ok  	github.com/mark3748/helpdesk-go/cmd/api/events	(cached)	coverage: 71.4% of statements
	github.com/mark3748/helpdesk-go/cmd/api/exports		coverage: 0.0% of statements
ok  	github.com/mark3748/helpdesk-go/cmd/api/handlers	(cached)	coverage: 30.1% of statements
ok  	github.com/mark3748/helpdesk-go/cmd/api/kb	(cached)	coverage: 70.0% of statements
ok  	github.com/mark3748/helpdesk-go/cmd/api/metrics	(cached)	coverage: 25.6% of statements
	github.com/mark3748/helpdesk-go/cmd/api/migrations		coverage: 0.0% of statements
	github.com/mark3748/helpdesk-go/cmd/api/problems		coverage: 0.0% of statements
ok  	github.com/mark3748/helpdesk-go/cmd/api/queues	(cached)	coverage: 73.3% of statements
	github.com/mark3748/helpdesk-go/cmd/api/releases		coverage: 0.0% of statements
{"level":"info","request_id":"110ae656-e1aa-41d3-a50e-3b87321d34e8","method":"POST","path":"/requesters","status":201,"duration":0.142538,"time":"2025-12-20T00:53:52-07:00","message":"request"}
{"level":"info","request_id":"f177eaea-f935-4b7d-ab32-4c2c524f4d74","method":"GET","path":"/requesters/1","status":200,"duration":0.02449,"time":"2025-12-20T00:53:52-07:00","message":"request"}
{"level":"info","request_id":"a2e7384f-b463-4c5c-8ce1-83198c5b2431","method":"PATCH","path":"/requesters/1","status":400,"duration":0.031474,"time":"2025-12-20T00:53:52-07:00","message":"request"}
--- FAIL: TestRequesterHandlers (0.00s)
    --- FAIL: TestRequesterHandlers/update (0.00s)
        requesters_test.go:44: expected 200, got 400
FAIL
coverage: 24.0% of statements
FAIL	github.com/mark3748/helpdesk-go/cmd/api/requesters	0.483s
ok  	github.com/mark3748/helpdesk-go/cmd/api/roles	(cached)	coverage: 100.0% of statements
ok  	github.com/mark3748/helpdesk-go/cmd/api/slas	(cached)	coverage: 66.7% of statements
ok  	github.com/mark3748/helpdesk-go/cmd/api/teams	(cached)	coverage: 66.7% of statements
	github.com/mark3748/helpdesk-go/cmd/api/testutil		coverage: 0.0% of statements
ok  	github.com/mark3748/helpdesk-go/cmd/api/tickets	(cached)	coverage: 51.7% of statements
ok  	github.com/mark3748/helpdesk-go/cmd/api/users	(cached)	coverage: 41.2% of statements
ok  	github.com/mark3748/helpdesk-go/cmd/api/watchers	(cached)	coverage: 77.3% of statements
ok  	github.com/mark3748/helpdesk-go/cmd/api/webhooks	(cached)	coverage: 70.2% of statements
ok  	github.com/mark3748/helpdesk-go/cmd/api/ws	(cached)	coverage: 8.8% of statements
	github.com/mark3748/helpdesk-go/cmd/auditcli		coverage: 0.0% of statements
ok  	github.com/mark3748/helpdesk-go/cmd/worker	(cached)	coverage: 54.5% of statements
	github.com/mark3748/helpdesk-go/internal/kb		coverage: 0.0% of statements
ok  	github.com/mark3748/helpdesk-go/internal/ratelimit	(cached)	coverage: 85.0% of statements
ok  	github.com/mark3748/helpdesk-go/internal/s3	(cached)	coverage: 81.2% of statements
ok  	github.com/mark3748/helpdesk-go/internal/sla	(cached)	coverage: 75.4% of statements
	github.com/mark3748/helpdesk-go/internal/teams		coverage: 0.0% of statements
FAIL
